NOTE: PROCEDURE PRINTTO used (Total process time):
      real time           0.02 seconds
      cpu time            0.01 seconds
      

8          /*********************************************************
9          *
10         *  SAS PROGRAM - JOB HC338364b
11         *
12         **********************************************************
13         *
14         *  PROGRAM NAME: HC338364b.sas
15         *
16         *  PROGRAMMER: Alvaro Quijano (AQA)
17         *
18         *  MANUSCRIPT: MS1560
19         *
20         *  DESCRIPTION: [copy from job 64] Multinomial logistic (generalized logit) for BMIPCT_C3 with multiply-imputed
21         *               data. Only Model 4 (full covariate set from HC338365). Reference category:
22         *               Normal. Odds ratios with 95% Wald CIs for Overweight vs Normal, Obesity vs
23         *               Normal, and Obesity vs Overweight.
24         *				
25         *
26         *  JOB NUMBER: HC338364
27         *
28         *  LANGUAGE: SAS 9.4
29         *
2                                                          The SAS System                             14:19 Wednesday, June 24, 2026

30         *  VERSION CONTROL:
31         *       05may26: Initial version from HC338365 Model 4 + HC313953 OR method.
32         *       13may26: Use PROC LOGISTIC DESCENDING with BMIPCT_C3_V3 as unformatted numeric
33         *                outcome and UNEQUALSLOPES.
34         *		20may26: update input dataset to *_20may26
35         *                Initialize MODEL before %labels (fixes uninitialized MODEL error).
36         *                Replace cumulative logit / unequal slopes with multinomial logistic
37         *                (link=glogit; BMIPCT_C3 reference Normal).
38         *                Revise table footnotes to MS1560 abbreviation, model, and footer standards.
39         *
40         *		24jun26: updates formats for backgroud and marital status.
41         *		Correct marital collapse -- single/separated/other vs cohabiting.
42         *		Marital status reference = Single/separated/other (collapsed tables).
43         *                Revise table footnotes.
44         *
45         *  INPUT: HC338353_imputed_data_&datefile.
46         *
47         *  OUTPUT: &job._Table4_&sysdate..rtf
48         *
49         **********************************************************/
50         options orientation=portrait ps=59 ls=173 nodate nonumber
51                 formchar="|----|+|---+=|-/\<>*" mprint varinitchk=error
52                 validvarname=upcase;
53         ods escapechar '^';
54         
55         * Set libraries;
56         libname data "&homepath.\data";
NOTE: Libref DATA was successfully assigned as follows: 
      Engine:        V9 
      Physical Name: J:\HCHS\STATISTICS\GRAS\QAngarita\Manuscripts\MS1560\data
57         libname hchstyle 'J:\hchs\sc\styledef\sty904';
NOTE: Libref HCHSTYLE was successfully assigned as follows: 
      Engine:        V9 
      Physical Name: J:\hchs\sc\styledef\sty904
58         
59         * Define macro variables;
60         %let prg = AQA;
61         %let impdb = data.HC338353_imputed_data_&datefile.;
62         %let lf_margin = 0.6in;
63         %let rg_margin = 0.7in;
64         %let table_num = 4;
65         
66         * Includes required scripts for reporting;
67         %include "&homepath.\scripts\HC3383XX\HC3383XX.sas";
NOTE: Format BKGRD1_C7NOMISS_FMT has been output.
NOTE: Format BKGRD1_C3NOMISS_FMT has been output.
NOTE: Format PV has been output.
NOTE: Format CENTERNUM_FMT has been output.
NOTE: Format LANG_PREF_FMT has been output.
NOTE: Format MARITAL_STATUS_FMT has been output.
NOTE: Format MARITAL_STATUS_C2_FMT has been output.
NOTE: Format EDUCATION_C3_FMT has been output.
NOTE: Format N_HC_FMT has been output.
NOTE: Format INCOME_C2_FMT has been output.
NOTE: Format YRSUS_C3_FMT has been output.
NOTE: Format EMPLOYEDYN_FMT has been output.
NOTE: Format ALCOHOL_USE_FMT has been output.
                                                                               The SAS System

NOTE: Format CIGARETTE_USE_FMT has been output.
NOTE: Format SLPDUR_LT8HRS_FMT has been output.
NOTE: Format HEI2010_C3_FMT has been output.
NOTE: Format BMIPCT_C3_FMT has been output.
NOTE: Format CESD10_FMT has been output.
NOTE: Format STAI10_FMT has been output.
NOTE: Format $STAT has been output.
NOTE: Format PV is already on the library WORK.FORMATS.
NOTE: Format PV has been output.
NOTE: Format YN_FMT has been output.
NOTE: Format BMIPCT_C2_FMT has been output.
NOTE: Format BLANKDOT has been output.
NOTE: Format REFNUM has been output.
NOTE: Format PAREN has been output.
NOTE: Format PCT_BLANK has been output.
NOTE: Format AME_FMT has been output.

NOTE: PROCEDURE FORMAT used (Total process time):
      real time           0.02 seconds
      cpu time            0.01 seconds
      

221        %include "&homepath.\scripts\HC338391\HC3383_labels.sas";
334        
335        * Creates input dataset;
336        data logistic_input / view = logistic_input;
337        	set &impdb.(where = (keep_ms1560));
338        run;

NOTE: DATA STEP view saved on file WORK.LOGISTIC_INPUT.
NOTE: A stored DATA STEP view cannot run under a different operating system.
NOTE: DATA statement used (Total process time):
      real time           0.02 seconds
      cpu time            0.00 seconds
      

339        
340        * Model 4 only: multinomial logistic (generalized logit), reference = Normal;
341        title 'Model 4 (complete): Multinomial logistic (generalized logit)';
342        proc logistic data = logistic_input plots=none;
343        	by _imputation_;
344        	class bmipct_c3(ref='Normal') centernum(ref="BRONX") bkgrd1_c7nomiss(ref='MEXICAN')
345        		marital_status(ref='SINGLE_OTHER') employedyn(ref="NOT_EMPLOYED")
346        		education_c3(ref='N_HIGHSCHOOL_GED') n_hc(ref="NO") yrsus_c3(ref='US_BORN')
347        		cigarette_use(ref="NEVER") alcohol_use(ref="NEVER") pag2008yn(ref="YES")
348        		hei2010_c3(ref="LOW") cesd10(ref="NODEPRE") stai10(ref="NOANX") / param = ref;
349        	model BMIPCT_C3 = centernum yrs_btwn_v1flor bkgrd1_c7nomiss age n_hc education_c3 parity_v1
350        		employedyn marital_status yrsus_c3 cigarette_use hei2010_c3 alcohol_use pag2008yn slpdur
351        		cesd10 stai10 child_prs_bmi_a / link = glogit expb clodds = wald covb;
352        	format BMIPCT_C3 bmipct_c3_fmt. centernum centernum_fmt. n_hc n_hc_fmt.
353        		bkgrd1_c7nomiss bkgrd1_c3nomiss_fmt. marital_status marital_status_c2_fmt.
354        		employedyn employedyn_fmt. yrsus_c3 yrsus_c3_fmt. education_c3 education_c3_fmt.
355        		alcohol_use alcohol_use_fmt. cigarette_use cigarette_use_fmt. pag2008yn yn_fmt.
356        		hei2010_c3 hei2010_c3_fmt. cesd10 cesd10_fmt. stai10 stai10_fmt.;
357        	ods output ParameterEstimates = estimate_raw CovB = covb_raw;
358        run;

                                                                               The SAS System

NOTE: PROC LOGISTIC is fitting the generalized logit model. The logits modeled contrast each response category against the reference category (BMIPCT_C3='Normal').
NOTE: Convergence criterion (GCONV=1E-8) satisfied.
NOTE: Variable EDUCATION_C3AT_MOST_HIGHSCHOOL_G already exists on file WORK.COVB_RAW, using EDUCATION_C3AT_MOST_HIGHSCHOOL_2 instead.
NOTE: The above message was for the following BY group:
      Imputation Number=1
NOTE: PROC LOGISTIC is fitting the generalized logit model. The logits modeled contrast each response category against the reference category (BMIPCT_C3='Normal').
NOTE: Convergence criterion (GCONV=1E-8) satisfied.
NOTE: The above message was for the following BY group:
      Imputation Number=2
NOTE: PROC LOGISTIC is fitting the generalized logit model. The logits modeled contrast each response category against the reference category (BMIPCT_C3='Normal').
NOTE: Convergence criterion (GCONV=1E-8) satisfied.
NOTE: The above message was for the following BY group:
      Imputation Number=3
NOTE: PROC LOGISTIC is fitting the generalized logit model. The logits modeled contrast each response category against the reference category (BMIPCT_C3='Normal').
NOTE: Convergence criterion (GCONV=1E-8) satisfied.
NOTE: The above message was for the following BY group:
      Imputation Number=4
NOTE: PROC LOGISTIC is fitting the generalized logit model. The logits modeled contrast each response category against the reference category (BMIPCT_C3='Normal').
NOTE: Convergence criterion (GCONV=1E-8) satisfied.
NOTE: The above message was for the following BY group:
      Imputation Number=5
NOTE: PROC LOGISTIC is fitting the generalized logit model. The logits modeled contrast each response category against the reference category (BMIPCT_C3='Normal').
NOTE: Convergence criterion (GCONV=1E-8) satisfied.
NOTE: The above message was for the following BY group:
      Imputation Number=6
NOTE: PROC LOGISTIC is fitting the generalized logit model. The logits modeled contrast each response category against the reference category (BMIPCT_C3='Normal').
NOTE: Convergence criterion (GCONV=1E-8) satisfied.
NOTE: The above message was for the following BY group:
      Imputation Number=7
NOTE: PROC LOGISTIC is fitting the generalized logit model. The logits modeled contrast each response category against the reference category (BMIPCT_C3='Normal').
NOTE: Convergence criterion (GCONV=1E-8) satisfied.
NOTE: The above message was for the following BY group:
      Imputation Number=8
NOTE: PROC LOGISTIC is fitting the generalized logit model. The logits modeled contrast each response category against the reference category (BMIPCT_C3='Normal').
NOTE: Convergence criterion (GCONV=1E-8) satisfied.
NOTE: The above message was for the following BY group:
      Imputation Number=9
NOTE: PROC LOGISTIC is fitting the generalized logit model. The logits modeled contrast each response category against the reference category (BMIPCT_C3='Normal').
NOTE: Convergence criterion (GCONV=1E-8) satisfied.
NOTE: The above message was for the following BY group:
      Imputation Number=10
NOTE: View WORK.LOGISTIC_INPUT.VIEW used (Total process time):
      real time           0.29 seconds
      cpu time            0.12 seconds
      
NOTE: There were 2270 observations read from the data set DATA.HC338353_IMPUTED_DATA_20MAY26.
      WHERE keep_ms1560;
NOTE: The data set WORK.COVB_RAW has 540 observations and 56 variables.
NOTE: The data set WORK.ESTIMATE_RAW has 540 observations and 11 variables.
NOTE: There were 2270 observations read from the data set WORK.LOGISTIC_INPUT.
NOTE: The PROCEDURE LOGISTIC printed pages 1-130.
NOTE: PROCEDURE LOGISTIC used (Total process time):
      real time           0.30 seconds
      cpu time            0.12 seconds
      

359        
                                                                               The SAS System

360        data estimate_order;
361        	set estimate_raw;
362        	retain RowInImp last_imp;
363        	if _n_ = 1 | _Imputation_ ne last_imp then RowInImp = 0;
364        	RowInImp + 1;
365        	last_imp = _Imputation_;
366        	drop last_imp;
367        run;

NOTE: There were 540 observations read from the data set WORK.ESTIMATE_RAW.
NOTE: The data set WORK.ESTIMATE_ORDER has 540 observations and 12 variables.
NOTE: DATA statement used (Total process time):
      real time           0.00 seconds
      cpu time            0.00 seconds
      

368        
369        proc sort data = estimate_raw out = est_keys nodupkey;
370        	where DF >= 1 & ^missing(Estimate) & StdErr > 0
371        		& upcase(Variable) not in ('INTERCEPT');
372        	by Variable ClassVal0 Response;
373        run;

NOTE: There were 520 observations read from the data set WORK.ESTIMATE_RAW.
      WHERE (DF>=1) and (not MISSING(Estimate)) and (StdErr>0) and (UPCASE(Variable) not = 'INTERCEPT');
NOTE: 468 observations with duplicate key values were deleted.
NOTE: The data set WORK.EST_KEYS has 52 observations and 11 variables.
NOTE: PROCEDURE SORT used (Total process time):
      real time           0.01 seconds
      cpu time            0.00 seconds
      

374        
375        data parm_key;
376        	length parm $8 EffectKey $132 LabelBase $132;
377        	set est_keys;
378        	ParmNum = _n_;
379        	parm = cats('PARM', ParmNum);
380        	EffectKey = cats(Variable, ClassVal0, '_', Response);
381        	LabelBase = catx('_', Variable, ClassVal0);
382        	keep parm ParmNum EffectKey LabelBase Variable ClassVal0 Response;
383        run;

NOTE: There were 52 observations read from the data set WORK.EST_KEYS.
NOTE: The data set WORK.PARM_KEY has 52 observations and 7 variables.
NOTE: DATA statement used (Total process time):
      real time           0.00 seconds
      cpu time            0.00 seconds
      

384        
385        proc sort data = estimate_order;
386        	by Variable ClassVal0 Response;
387        run;

NOTE: There were 540 observations read from the data set WORK.ESTIMATE_ORDER.
NOTE: The data set WORK.ESTIMATE_ORDER has 540 observations and 12 variables.
                                                                               The SAS System

NOTE: PROCEDURE SORT used (Total process time):
      real time           0.00 seconds
      cpu time            0.00 seconds
      

388        
389        data estimate_covmap;
390        	merge estimate_order(in = a) parm_key(in = b);
391        	by Variable ClassVal0 Response;
392        	if a & b;
393        	keep _Imputation_ RowInImp parm EffectKey LabelBase Response;
394        run;

NOTE: There were 540 observations read from the data set WORK.ESTIMATE_ORDER.
NOTE: There were 52 observations read from the data set WORK.PARM_KEY.
NOTE: The data set WORK.ESTIMATE_COVMAP has 520 observations and 6 variables.
NOTE: DATA statement used (Total process time):
      real time           0.00 seconds
      cpu time            0.01 seconds
      

395        
396        proc sort data = estimate_raw;
397        	by Variable ClassVal0 Response;
398        run;

NOTE: There were 540 observations read from the data set WORK.ESTIMATE_RAW.
NOTE: The data set WORK.ESTIMATE_RAW has 540 observations and 11 variables.
NOTE: PROCEDURE SORT used (Total process time):
      real time           0.00 seconds
      cpu time            0.00 seconds
      

399        
400        proc sort data = parm_key;
401        	by Variable ClassVal0 Response;
402        run;

NOTE: There were 52 observations read from the data set WORK.PARM_KEY.
NOTE: The data set WORK.PARM_KEY has 52 observations and 7 variables.
NOTE: PROCEDURE SORT used (Total process time):
      real time           0.00 seconds
      cpu time            0.00 seconds
      

403        
404        data estimate;
405        	length Variable $32 EffectKey $132 LabelBase $132 RespLab $20;
406        	merge estimate_raw(in = a) parm_key(in = b);
407        	by Variable ClassVal0 Response;
408        	if a;
409        	if DF < 1 then delete;
410        	if upcase(Variable) = 'INTERCEPT' then delete;
411        	if missing(Estimate) | StdErr = 0 then delete;
412        	if ^b then delete;
413        	RespLab = strip(vvalue(Response));
414        	EffectKey = cats(Variable, ClassVal0, '_', Response);
                                                                               The SAS System

415        	LabelBase = catx('_', Variable, ClassVal0);
416        	Variable = parm;
417        	keep _Imputation_ Variable EffectKey LabelBase RespLab Estimate StdErr WaldChiSq ProbChiSq DF;
418        run;

NOTE: There were 540 observations read from the data set WORK.ESTIMATE_RAW.
NOTE: There were 52 observations read from the data set WORK.PARM_KEY.
NOTE: The data set WORK.ESTIMATE has 520 observations and 10 variables.
NOTE: DATA statement used (Total process time):
      real time           0.00 seconds
      cpu time            0.01 seconds
      

419        
420        proc sort data = estimate nodupkey;
421        	by _Imputation_ Variable;
422        run;

NOTE: There were 520 observations read from the data set WORK.ESTIMATE.
NOTE: 0 observations with duplicate key values were deleted.
NOTE: The data set WORK.ESTIMATE has 520 observations and 10 variables.
NOTE: PROCEDURE SORT used (Total process time):
      real time           0.00 seconds
      cpu time            0.00 seconds
      

423        
424        data estimate_covmap2;
425        	set estimate_covmap(rename = (parm = Variable));
426        run;

NOTE: There were 520 observations read from the data set WORK.ESTIMATE_COVMAP.
NOTE: The data set WORK.ESTIMATE_COVMAP2 has 520 observations and 6 variables.
NOTE: DATA statement used (Total process time):
      real time           0.00 seconds
      cpu time            0.00 seconds
      

427        
428        proc sort data = estimate_covmap2;
429        	by _Imputation_ Variable;
430        run;

NOTE: There were 520 observations read from the data set WORK.ESTIMATE_COVMAP2.
NOTE: The data set WORK.ESTIMATE_COVMAP2 has 520 observations and 6 variables.
NOTE: PROCEDURE SORT used (Total process time):
      real time           0.00 seconds
      cpu time            0.00 seconds
      

431        
432        data estimate_cov;
433        	length base $132 lr $80;
434        	merge estimate(in = a) estimate_covmap2(keep = _Imputation_ Variable RowInImp);
435        	by _Imputation_ Variable;
436        	if a;
437        	base = LabelBase;
                                                                               The SAS System

438        	lr = lowcase(strip(RespLab));
439        	if (lr in ('2', 'overweight') | lr =: 'overweight' | index(lr, 'overweight') > 0)
440        		& ^(lr in ('3', 'obese') | lr =: 'obese') then RespType = 2;
441        	else if lr in ('3', 'obese') | lr =: 'obese' then RespType = 3;
442        	else delete;
443        	keep _Imputation_ Variable base RespType Estimate RowInImp;
444        run;

NOTE: There were 520 observations read from the data set WORK.ESTIMATE.
NOTE: There were 520 observations read from the data set WORK.ESTIMATE_COVMAP2.
NOTE: The data set WORK.ESTIMATE_COV has 520 observations and 6 variables.
NOTE: DATA statement used (Total process time):
      real time           0.00 seconds
      cpu time            0.01 seconds
      

445        
446        proc sort data = estimate(keep = Variable EffectKey LabelBase RespLab) out = parm_xwalk nodupkey;
447        	by Variable EffectKey LabelBase RespLab;
448        run;

NOTE: There were 520 observations read from the data set WORK.ESTIMATE.
NOTE: 468 observations with duplicate key values were deleted.
NOTE: The data set WORK.PARM_XWALK has 52 observations and 4 variables.
NOTE: PROCEDURE SORT used (Total process time):
      real time           0.00 seconds
      cpu time            0.00 seconds
      

449        
450        data parm_xwalk;
451        	length Variable $ 32;
452        	set parm_xwalk;
453        run;

NOTE: There were 52 observations read from the data set WORK.PARM_XWALK.
NOTE: The data set WORK.PARM_XWALK has 52 observations and 4 variables.
NOTE: DATA statement used (Total process time):
      real time           0.00 seconds
      cpu time            0.00 seconds
      

454        
455        proc sql noprint;
456        	select parm into :model_var separated by ' '
457        	from parm_key
458        	order by ParmNum;
NOTE: The query as specified involves ordering by an item that doesn't appear in its SELECT clause.
459        quit;
NOTE: PROCEDURE SQL used (Total process time):
      real time           0.00 seconds
      cpu time            0.00 seconds
      

460        
461        * Refactor COVB to the same parameter names used by PROC MIANALYZE;
462        proc contents data = covb_raw out = covb_cols(keep = name type varnum) noprint;
                                                                               The SAS System

463        run;

NOTE: The data set WORK.COVB_COLS has 56 observations and 3 variables.
NOTE: PROCEDURE CONTENTS used (Total process time):
      real time           0.00 seconds
      cpu time            0.00 seconds
      

464        
465        proc sort data = covb_cols;
466        	by varnum;
467        run;

NOTE: There were 56 observations read from the data set WORK.COVB_COLS.
NOTE: The data set WORK.COVB_COLS has 56 observations and 3 variables.
NOTE: PROCEDURE SORT used (Total process time):
      real time           0.00 seconds
      cpu time            0.00 seconds
      

468        
469        data covb_cols;
470        	set covb_cols;
471        	where type = 1 & upcase(name) ne '_IMPUTATION_';
472        	RowInImp + 1;
473        	OldName = nliteral(name);
474        	keep RowInImp OldName;
475        run;

NOTE: There were 54 observations read from the data set WORK.COVB_COLS.
      WHERE (type=1) and (UPCASE(name) not = '_IMPUTATION_');
NOTE: The data set WORK.COVB_COLS has 54 observations and 2 variables.
NOTE: DATA statement used (Total process time):
      real time           0.00 seconds
      cpu time            0.00 seconds
      

476        
477        proc sort data = covb_cols;
478        	by RowInImp;
479        run;

NOTE: There were 54 observations read from the data set WORK.COVB_COLS.
NOTE: The data set WORK.COVB_COLS has 54 observations and 2 variables.
NOTE: PROCEDURE SORT used (Total process time):
      real time           0.00 seconds
      cpu time            0.00 seconds
      

480        
481        proc sort data = estimate_covmap2(keep = RowInImp Variable) out = covb_effects nodupkey;
482        	by RowInImp Variable;
483        run;

NOTE: There were 520 observations read from the data set WORK.ESTIMATE_COVMAP2.
NOTE: 468 observations with duplicate key values were deleted.
NOTE: The data set WORK.COVB_EFFECTS has 52 observations and 2 variables.
                                                                               The SAS System

NOTE: PROCEDURE SORT used (Total process time):
      real time           0.00 seconds
      cpu time            0.00 seconds
      

484        
485        proc sort data = covb_effects nodupkey;
486        	by RowInImp;
487        run;

NOTE: There were 52 observations read from the data set WORK.COVB_EFFECTS.
NOTE: 0 observations with duplicate key values were deleted.
NOTE: The data set WORK.COVB_EFFECTS has 52 observations and 2 variables.
NOTE: PROCEDURE SORT used (Total process time):
      real time           0.00 seconds
      cpu time            0.00 seconds
      

488        
489        data covb_colmap;
490        	merge covb_cols(in = a) covb_effects(in = b);
491        	by RowInImp;
492        	if a & b;
493        	RenamePair = catx('=', OldName, Variable);
494        run;

NOTE: There were 54 observations read from the data set WORK.COVB_COLS.
NOTE: There were 52 observations read from the data set WORK.COVB_EFFECTS.
NOTE: The data set WORK.COVB_COLMAP has 52 observations and 4 variables.
NOTE: DATA statement used (Total process time):
      real time           0.00 seconds
      cpu time            0.00 seconds
      

495        
496        proc sql noprint;
497        	select RenamePair into :covb_rename separated by ' '
498        	from covb_colmap;
499        quit;
NOTE: PROCEDURE SQL used (Total process time):
      real time           0.00 seconds
      cpu time            0.00 seconds
      

500        
501        data covb_rows;
502        	set estimate_covmap2(rename = (Variable = Effect));
503        	keep _Imputation_ RowInImp Effect;
504        run;

NOTE: There were 520 observations read from the data set WORK.ESTIMATE_COVMAP2.
NOTE: The data set WORK.COVB_ROWS has 520 observations and 3 variables.
NOTE: DATA statement used (Total process time):
      real time           0.00 seconds
      cpu time            0.00 seconds
      

                                                                               The SAS System

505        
506        proc sort data = covb_rows;
507        	by _Imputation_ RowInImp;
508        run;

NOTE: There were 520 observations read from the data set WORK.COVB_ROWS.
NOTE: The data set WORK.COVB_ROWS has 520 observations and 3 variables.
NOTE: PROCEDURE SORT used (Total process time):
      real time           0.00 seconds
      cpu time            0.01 seconds
      

509        
510        data covb_mi_pre;
511        	set covb_raw;
512        	retain RowInImp last_imp;
513        	if _n_ = 1 | _Imputation_ ne last_imp then RowInImp = 0;
514        	RowInImp + 1;
515        	last_imp = _Imputation_;
516        	drop last_imp;
517        	rename &covb_rename.;
518        run;

NOTE: There were 540 observations read from the data set WORK.COVB_RAW.
NOTE: The data set WORK.COVB_MI_PRE has 540 observations and 57 variables.
NOTE: DATA statement used (Total process time):
      real time           0.00 seconds
      cpu time            0.00 seconds
      

519        
520        proc sort data = covb_mi_pre;
521        	by _Imputation_ RowInImp;
522        run;

NOTE: There were 540 observations read from the data set WORK.COVB_MI_PRE.
NOTE: The data set WORK.COVB_MI_PRE has 540 observations and 57 variables.
NOTE: PROCEDURE SORT used (Total process time):
      real time           0.00 seconds
      cpu time            0.00 seconds
      

523        
524        data covb_mi;
525        	length Effect $32;
526        	merge covb_mi_pre(in = a) covb_rows(in = b);
527        	by _Imputation_ RowInImp;
528        	if a & b;
529        	keep _Imputation_ Effect &model_var.;
530        run;

NOTE: There were 540 observations read from the data set WORK.COVB_MI_PRE.
NOTE: There were 520 observations read from the data set WORK.COVB_ROWS.
NOTE: The data set WORK.COVB_MI has 520 observations and 54 variables.
NOTE: DATA statement used (Total process time):
      real time           0.00 seconds
      cpu time            0.00 seconds
                                                                               The SAS System

      

531        
532        proc sort data = covb_mi;
533        	by _Imputation_ Effect;
534        run;

NOTE: There were 520 observations read from the data set WORK.COVB_MI.
NOTE: The data set WORK.COVB_MI has 520 observations and 54 variables.
NOTE: PROCEDURE SORT used (Total process time):
      real time           0.01 seconds
      cpu time            0.01 seconds
      

535        
536        * Combine MI estimates using the refactored covariance matrix;
537        ods listing close;
538        ods select none;
539        proc mianalyze parms = estimate(rename = (Variable = Effect)) covb = covb_mi;
540        	modeleffects &model_var.;
541        	ods output ParameterEstimates = betas_mi;
542        run;

NOTE: The data set WORK.BETAS_MI has 52 observations and 12 variables.
NOTE: PROCEDURE MIANALYZE used (Total process time):
      real time           0.01 seconds
      cpu time            0.00 seconds
      

543        ods select all;
544        
545        * Recover EffectKey / LabelBase from pooled Parm (betas_mi keeps Estimate StdErr Probt from MIANALYZE only);
546        proc sort data = betas_mi; by Parm; run;

NOTE: There were 52 observations read from the data set WORK.BETAS_MI.
NOTE: The data set WORK.BETAS_MI has 52 observations and 12 variables.
NOTE: PROCEDURE SORT used (Total process time):
      real time           0.01 seconds
      cpu time            0.00 seconds
      

547        proc sort data = parm_xwalk; by Variable; run;

NOTE: There were 52 observations read from the data set WORK.PARM_XWALK.
NOTE: The data set WORK.PARM_XWALK has 52 observations and 4 variables.
NOTE: PROCEDURE SORT used (Total process time):
      real time           0.00 seconds
      cpu time            0.00 seconds
      

548        data betas_mx;
549        	length Variable $ 32 base $ 132;
550        	merge betas_mi(in = a rename = (Parm = Variable))
551        		parm_xwalk(in = b);
552        	by Variable;
553        	if a;
554        	base = LabelBase;
                                                                               The SAS System

555        run;

NOTE: There were 52 observations read from the data set WORK.BETAS_MI.
NOTE: There were 52 observations read from the data set WORK.PARM_XWALK.
NOTE: The data set WORK.BETAS_MX has 52 observations and 16 variables.
NOTE: DATA statement used (Total process time):
      real time           0.00 seconds
      cpu time            0.00 seconds
      

556        
557        * Rename on SET so KEEP sees Estimate2/3 (KEEP after RENAME statement does not apply to PDV names — estimates were dropped);
558        * Split pooled parms by multinomial logit (Overweight vs Normal, Obese vs Normal);
559        data betas_mi2;
560        	length base $132;
561        	length lr $80;
562        	set betas_mx(rename = (Estimate = Estimate2 StdErr = StdErr2 Probt = Probt2));
563        	lr = lowcase(strip(RespLab));
564        	if (lr in ('2', 'overweight') | lr =: 'overweight' | index(lr, 'overweight') > 0)
565        		& ^(lr in ('3', 'obese') | lr =: 'obese') then output;
566        	keep base Estimate2 StdErr2 Probt2 EffectKey RespLab;
567        run;

NOTE: There were 52 observations read from the data set WORK.BETAS_MX.
NOTE: The data set WORK.BETAS_MI2 has 26 observations and 6 variables.
NOTE: DATA statement used (Total process time):
      real time           0.00 seconds
      cpu time            0.00 seconds
      

568        
569        data betas_mi3;
570        	length base $132;
571        	length lr $80;
572        	set betas_mx(rename = (Estimate = Estimate3 StdErr = StdErr3 Probt = Probt3));
573        	lr = lowcase(strip(RespLab));
574        	if lr in ('3', 'obese') | lr =: 'obese' then output;
575        	keep base Estimate3 StdErr3 Probt3 EffectKey RespLab;
576        run;

NOTE: There were 52 observations read from the data set WORK.BETAS_MX.
NOTE: The data set WORK.BETAS_MI3 has 26 observations and 6 variables.
NOTE: DATA statement used (Total process time):
      real time           0.00 seconds
      cpu time            0.00 seconds
      

577        
578        * Rubin total covariance for the Obese vs Overweight contrast, using PROC LOGISTIC COVB directly;
579        proc iml;
NOTE: IML Ready
580        	
580      !  use covb_raw;
581        	
581      !  read all var {_Imputation_} into ImpCov;
582        	
582      !  read all var _NUM_ into CAll[colname = CovNames];
                                                                               The SAS System

583        	
583      !  close covb_raw;
584        	
584      !  keepCols = loc(upcase(CovNames) ^= '_IMPUTATION_');
585        	
585      !  CAll = CAll[, keepCols];
586        
587        	
587      !  use estimate_cov;
588        	
588      !  read all var {_Imputation_ RowInImp RespType Estimate} into E;
589        	
589      !  read all var {base} into Base;
590        	
590      !  close estimate_cov;
591        
592        	
592      !  UBase = unique(Base);
593        	
593      !  OutBase = t(UBase);
594        	
594      !  StdErr32 = j(nrow(OutBase), 1, .);
595        
596        	
596      !  do b = 1 to nrow(OutBase);
597        		
597      !   idxBase = loc(Base = OutBase[b]);
598        		
598      !   if ncol(idxBase) = 0 then continue;
599        		
599      !   ImpBase = unique(E[idxBase, 1]);
600        		
600      !   QDiff = j(ncol(ImpBase), 1, .);
601        		
601      !   WDiff = j(ncol(ImpBase), 1, .);
602        		
602      !   nUse = 0;
603        
604        		
604      !   do j = 1 to ncol(ImpBase);
605        			
605      !    imp = ImpBase[j];
606        			
606      !    idxOW = loc(Base = OutBase[b] & E[, 1] = imp & E[, 3] = 2);
607        			
607      !    idxOB = loc(Base = OutBase[b] & E[, 1] = imp & E[, 3] = 3);
608        			
608      !    idxCov = loc(ImpCov = imp);
609        			
609      !    if ncol(idxOW) = 1 & ncol(idxOB) = 1 & ncol(idxCov) > 0 then do;
610        				
610      !     rowOW = E[idxOW, 2];
611        				
611      !     rowOB = E[idxOB, 2];
612        				
612      !     nUse = nUse + 1;
613        				
                                                                               The SAS System

613      !     QDiff[nUse] = E[idxOB, 4] - E[idxOW, 4];
614        				
614      !     WDiff[nUse] = CAll[idxCov[rowOB], rowOB] + CAll[idxCov[rowOW], rowOW]
615        					- 2 * CAll[idxCov[rowOB], rowOW];
616        			
616      !    end;
617        		
617      !   end;
618        
619        		
619      !   if nUse > 0 then do;
620        			
620      !    QDiff = QDiff[1:nUse];
621        			
621      !    WDiff = WDiff[1:nUse];
622        			
622      !    Between = 0;
623        			
623      !    if nUse > 1 then Between = var(QDiff);
624        			
624      !    TotalVar = mean(WDiff) + (1 + 1 / nUse) * Between;
625        			
625      !    if TotalVar >= 0 then StdErr32[b] = sqrt(TotalVar);
626        		
626      !   end;
627        	
627      !  end;
628        
629        	
629      !  base = OutBase;
630        	
630      !  create contrast_cov var {'base' 'StdErr32'};
631        	
631      !  append;
632        	
632      !  close contrast_cov;
NOTE: The data set WORK.CONTRAST_COV has 26 observations and 2 variables.
633        quit;
NOTE: Exiting IML.
NOTE: PROCEDURE IML used (Total process time):
      real time           0.04 seconds
      cpu time            0.01 seconds
      

634        
635        proc sort data = betas_mi2;
636        	by base;
637        run;

NOTE: There were 26 observations read from the data set WORK.BETAS_MI2.
NOTE: The data set WORK.BETAS_MI2 has 26 observations and 6 variables.
NOTE: PROCEDURE SORT used (Total process time):
      real time           0.00 seconds
      cpu time            0.00 seconds
      

638        
                                                                               The SAS System

639        proc sort data = betas_mi3;
640        	by base;
641        run;

NOTE: There were 26 observations read from the data set WORK.BETAS_MI3.
NOTE: The data set WORK.BETAS_MI3 has 26 observations and 6 variables.
NOTE: PROCEDURE SORT used (Total process time):
      real time           0.00 seconds
      cpu time            0.00 seconds
      

642        
643        proc sort data = contrast_cov;
644        	by base;
645        run;

NOTE: There were 26 observations read from the data set WORK.CONTRAST_COV.
NOTE: The data set WORK.CONTRAST_COV has 26 observations and 2 variables.
NOTE: PROCEDURE SORT used (Total process time):
      real time           0.00 seconds
      cpu time            0.00 seconds
      

646        
647        data merged_core;
648        	merge betas_mi2 betas_mi3 contrast_cov;
649        	by base;
650        run;

NOTE: There were 26 observations read from the data set WORK.BETAS_MI2.
NOTE: There were 26 observations read from the data set WORK.BETAS_MI3.
NOTE: There were 26 observations read from the data set WORK.CONTRAST_COV.
NOTE: The data set WORK.MERGED_CORE has 26 observations and 10 variables.
NOTE: DATA statement used (Total process time):
      real time           0.00 seconds
      cpu time            0.00 seconds
      

651        
652        * Reference CLASS levels have no rows in ParameterEstimates insert stubs so %labels can emit section headers + ref titles;
653        data ref_pad;
654        	length base $132 EffectKey $132 RespLab $20;
655        	length Estimate2 StdErr2 Probt2 Estimate3 StdErr3 Probt3 StdErr32 8;
656        	call missing(Estimate2, StdErr2, Probt2, Estimate3, StdErr3, Probt3, StdErr32);
657        	EffectKey = '';
658        	RespLab = '';
659        	base = 'CENTERNUM_BRONX';
660        	output;
661        	base = 'BKGRD1_C7NOMISS_MEXICAN';
662        	output;
663        	base = 'N_HC_NO';
664        	output;
665        	base = 'EDUCATION_C3_N_HIGHSCHOOL_GED';
666        	output;
667        	base = 'EMPLOYEDYN_NOT_EMPLOYED';
668        	output;
669        	base = 'MARITAL_STATUS_SINGLE_OTHER';
                                                                               The SAS System

670        	output;
671        	base = 'YRSUS_C3_US_BORN';
672        	output;
673        	base = 'CIGARETTE_USE_NEVER';
674        	output;
675        	base = 'ALCOHOL_USE_NEVER';
676        	output;
677        	base = 'PAG2008YN_YES';
678        	output;
679        	base = 'HEI2010_C3_LOW';
680        	output;
681        	base = 'CESD10_NODEPRE';
682        	output;
683        	base = 'STAI10_NOANX';
684        	output;
685        run;

NOTE: The data set WORK.REF_PAD has 13 observations and 10 variables.
NOTE: DATA statement used (Total process time):
      real time           0.00 seconds
      cpu time            0.00 seconds
      

686        
687        data merged;
688        	set merged_core ref_pad;
689        run;

NOTE: There were 26 observations read from the data set WORK.MERGED_CORE.
NOTE: There were 13 observations read from the data set WORK.REF_PAD.
NOTE: The data set WORK.MERGED has 39 observations and 10 variables.
NOTE: DATA statement used (Total process time):
      real time           0.00 seconds
      cpu time            0.00 seconds
      

690        
691        proc sort data = merged nodupkey;
692        	by base;
693        run;

NOTE: There were 39 observations read from the data set WORK.MERGED.
NOTE: 0 observations with duplicate key values were deleted.
NOTE: The data set WORK.MERGED has 39 observations and 10 variables.
NOTE: PROCEDURE SORT used (Total process time):
      real time           0.00 seconds
      cpu time            0.00 seconds
      

694        
695        data prelabel;
696        	set merged;
697        	variable = upcase(base);
698        	estimate = Estimate2;
699        	stderr = StdErr2;
700        	probt = Probt2;
701        run;
                                                                               The SAS System


NOTE: There were 39 observations read from the data set WORK.MERGED.
NOTE: The data set WORK.PRELABEL has 39 observations and 14 variables.
NOTE: DATA statement used (Total process time):
      real time           0.00 seconds
      cpu time            0.00 seconds
      

702        
703        data labeled;
704        	set prelabel;
705        	length label $150 v $132 model $10;
706        	order = .;
707        	label = '';
708        	model = 'Model 4';
709        	%labels;
MPRINT(LABELS):   attrib label length = $ 150 model length = $ 10;
MPRINT(LABELS):   * categorize the p-value into 4 levels;
MPRINT(LABELS):   if probt <= 0.01 then pv = 1;
MPRINT(LABELS):   else if probt > 0.01 and probt <= 0.05 then pv = 2;
MPRINT(LABELS):   else if probt > 0.05 and probt <= 0.1 then pv = 3;
MPRINT(LABELS):   else if probt > 0.1 and probt <= 0.2 then pv = 4;
MPRINT(LABELS):   else if probt >= 0.2 then pv = 5;
MPRINT(LABELS):   * Sntadrd error negative to be formatted within parenthesis;
MPRINT(LABELS):   std = -1 * stderr;
MPRINT(LABELS):   * Model 1 variables;
MPRINT(LABELS):   if variable = 'AGE' then do;
MPRINT(LABELS):   label = "{\b Maternal age (years) \b0 \li250}";
MPRINT(LABELS):   order = 1;
MPRINT(LABELS):   end;
MPRINT(LABELS):   if variable = 'BKGRD1_C7NOMISS_MEXICAN' THEN DO;
MPRINT(LABELS):   LABEL = "{\b Hispanic/Latino Background \b0 \line \li250   Mexican}";
MPRINT(LABELS):   ORDER = 2;
MPRINT(LABELS):   ESTIMATE = 99;
MPRINT(LABELS):   STD = 99;
MPRINT(LABELS):   pv = 5;
MPRINT(LABELS):   END;
MPRINT(LABELS):   if variable = 'BKGRD1_C7NOMISS_P_RICAN' THEN DO;
MPRINT(LABELS):   LABEL = "^S={indent=2mm} Puerto Rican";
MPRINT(LABELS):   ORDER = 2.1;
MPRINT(LABELS):   END;
MPRINT(LABELS):   if variable = 'BKGRD1_C7NOMISS_CUBAN' THEN DO;
MPRINT(LABELS):   LABEL = "^S={indent=2mm} Cuban";
MPRINT(LABELS):   ORDER = 2.2;
MPRINT(LABELS):   END;
MPRINT(LABELS):   if variable = 'BKGRD1_C7NOMISS_DOMINICAN' THEN DO;
MPRINT(LABELS):   LABEL = "^S={indent=2mm} Dominican";
MPRINT(LABELS):   ORDER = 2.3;
MPRINT(LABELS):   END;
MPRINT(LABELS):   if variable = 'BKGRD1_C7NOMISS_C_AMERICAN' THEN DO;
MPRINT(LABELS):   LABEL = "^S={indent=2mm} Central American";
MPRINT(LABELS):   ORDER = 2.4;
MPRINT(LABELS):   END;
MPRINT(LABELS):   if variable = 'BKGRD1_C7NOMISS_SOUTH' THEN DO;
MPRINT(LABELS):   LABEL = "^S={indent=2mm} South American";
MPRINT(LABELS):   ORDER = 2.5;
MPRINT(LABELS):   END;
                                                                               The SAS System

MPRINT(LABELS):   if variable = 'BKGRD1_C7NOMISS_BK_OTHER' THEN DO;
MPRINT(LABELS):   LABEL = "^S={indent=2mm} Other heritage";
MPRINT(LABELS):   ORDER = 2.6;
MPRINT(LABELS):   END;
MPRINT(LABELS):   if variable = 'BKGRD1_C7NOMISS_CARIBBEAN' THEN DO;
MPRINT(LABELS):   LABEL = "^S={indent=2mm} Caribbean";
MPRINT(LABELS):   ORDER = 2.1;
MPRINT(LABELS):   END;
MPRINT(LABELS):   if variable = 'BKGRD1_C7NOMISS_SC_OTHER' THEN DO;
MPRINT(LABELS):   LABEL = "^S={indent=2mm} Central and South America/Other";
MPRINT(LABELS):   ORDER = 2.2;
MPRINT(LABELS):   END;
MPRINT(LABELS):   if variable = "N_HC_NO" THEN DO;
MPRINT(LABELS):   LABEL = "{\b Health Insurance \line \b0 \li250   No}";
MPRINT(LABELS):   ORDER=3;
MPRINT(LABELS):   ESTIMATE = 99;
MPRINT(LABELS):   STD=99;
MPRINT(LABELS):   pv = 5;
MPRINT(LABELS):   END;
MPRINT(LABELS):   if variable = "N_HC_YES" THEN DO;
MPRINT(LABELS):   LABEL = "^S={indent=2mm} Yes";
MPRINT(LABELS):   ORDER=3.1;
MPRINT(LABELS):   END;
MPRINT(LABELS):   if variable = 'EDUCATION_C3_N_HIGHSCHOOL_GED' then do;
MPRINT(LABELS):   label = "{\b Education \b0 \line \li250   Less than high school}";
MPRINT(LABELS):   order = 4;
MPRINT(LABELS):   ESTIMATE = 99;
MPRINT(LABELS):   STD = 99;
MPRINT(LABELS):   pv = 5;
MPRINT(LABELS):   end;
MPRINT(LABELS):   if variable = 'EDUCATION_C3_AT_MOST_HIGHSCHOOL_GED' then do;
MPRINT(LABELS):   label = "^S={indent=2mm} High school";
MPRINT(LABELS):   order = 4.1;
MPRINT(LABELS):   end;
MPRINT(LABELS):   if variable = 'EDUCATION_C3_G_HIGHSCHOOL' then do;
MPRINT(LABELS):   label = "^S={indent=2mm} Greater than high school";
MPRINT(LABELS):   order = 4.2;
MPRINT(LABELS):   end;
MPRINT(LABELS):   if variable = 'EMPLOYEDYN_NOT_EMPLOYED' then do;
MPRINT(LABELS):   label = "{\b Employment status \b0 \line \li250   Not employed}";
MPRINT(LABELS):   order = 5;
MPRINT(LABELS):   estimate=99;
MPRINT(LABELS):   std = 99;
MPRINT(LABELS):   pv = 5;
MPRINT(LABELS):   end;
MPRINT(LABELS):   if variable = 'EMPLOYEDYN_EMPLOYED' then do;
MPRINT(LABELS):   label = "^S={indent=2mm} Employed";
MPRINT(LABELS):   order = 5.1;
MPRINT(LABELS):   end;
MPRINT(LABELS):   if variable = 'INCOME_C2_>30' then do;
MPRINT(LABELS):   label = "{\b Income \b0 \line \li250   >=$30,000}";
MPRINT(LABELS):   order = 6;
MPRINT(LABELS):   ESTIMATE = 99;
MPRINT(LABELS):   std = 99;
MPRINT(LABELS):   pv = 5;
MPRINT(LABELS):   end;
MPRINT(LABELS):   if variable = 'INCOME_C2_<30' then do;
                                                                               The SAS System

MPRINT(LABELS):   label = "^S={indent=2mm} <$30,000";
MPRINT(LABELS):   order = 6.1;
MPRINT(LABELS):   end;
MPRINT(LABELS):   if variable = 'LANG_PREF_ENGLISH' then do;
MPRINT(LABELS):   label = "{\b Language preference \b0 \line \li250   English}";
MPRINT(LABELS):   order = 7;
MPRINT(LABELS):   ESTIMATE = 99;
MPRINT(LABELS):   std = 99;
MPRINT(LABELS):   pv = 5;
MPRINT(LABELS):   end;
MPRINT(LABELS):   if variable = 'LANG_PREF_SPANISH' then do;
MPRINT(LABELS):   label = "^S={indent=2mm} Spanish";
MPRINT(LABELS):   order = 7.1;
MPRINT(LABELS):   end;
MPRINT(LABELS):   if variable = 'MARITAL_STATUS_SINGLE' then do;
MPRINT(LABELS):   label = "{\b Marital status \b0 \line \li250   Single}";
MPRINT(LABELS):   order = 8;
MPRINT(LABELS):   estimate = 99;
MPRINT(LABELS):   std = 99;
MPRINT(LABELS):   pv = 5;
MPRINT(LABELS):   end;
MPRINT(LABELS):   if variable = 'MARITAL_STATUS_COHABITING' then do;
MPRINT(LABELS):   label = "^S={indent=2mm} Married or Living w/ partner";
MPRINT(LABELS):   order = 8.1;
MPRINT(LABELS):   end;
MPRINT(LABELS):   if variable = 'MARITAL_STATUS_SINGLE_OTHER' then do;
MPRINT(LABELS):   label = "{\b Marital status \b0 \line \li250   Single, separated, divorced or widowed}";
MPRINT(LABELS):   order = 8;
MPRINT(LABELS):   estimate = 99;
MPRINT(LABELS):   std = 99;
MPRINT(LABELS):   pv = 5;
MPRINT(LABELS):   end;
MPRINT(LABELS):   if variable = 'MARITAL_STATUS_SEPARATED' then do;
MPRINT(LABELS):   label = "^S={indent=2mm} Separated, divorced or widow(er)";
MPRINT(LABELS):   order = 8.2;
MPRINT(LABELS):   end;
MPRINT(LABELS):   if variable = 'PARITY_V1' then do;
MPRINT(LABELS):   label = "{\b Parity \b0 \li250}";
MPRINT(LABELS):   order = 9;
MPRINT(LABELS):   end;
MPRINT(LABELS):   if variable = 'POVPCT' then do;
MPRINT(LABELS):   label = "{\b Household income as % of poverty \b0 \li250}";
MPRINT(LABELS):   order = 10;
MPRINT(LABELS):   end;
MPRINT(LABELS):   if variable = 'YRSUS_C3_US_BORN' then do;
MPRINT(LABELS):   label = "{\b Years in the U.S. \b0 \line \li250   U.S.-born}";
MPRINT(LABELS):   order = 12;
MPRINT(LABELS):   ESTIMATE = 99;
MPRINT(LABELS):   std = 99;
MPRINT(LABELS):   pv = 5;
MPRINT(LABELS):   end;
MPRINT(LABELS):   if variable = 'YRSUS_C3_<10_Years' then do;
MPRINT(LABELS):   label = "^S={indent=2mm} <10 years";
MPRINT(LABELS):   order = 12.1;
MPRINT(LABELS):   end;
MPRINT(LABELS):   if variable = 'YRSUS_C3_10+_Years' then do;
MPRINT(LABELS):   label = "^S={indent=2mm} >=10 years";
                                                                               The SAS System

MPRINT(LABELS):   order = 12.2;
MPRINT(LABELS):   end;
MPRINT(LABELS):   if variable = 'YRSUS_C3_L10' then do;
MPRINT(LABELS):   label = "^S={indent=2mm} <10 years";
MPRINT(LABELS):   order = 12.1;
MPRINT(LABELS):   end;
MPRINT(LABELS):   if variable = 'YRSUS_C3_G10' then do;
MPRINT(LABELS):   label = "^S={indent=2mm} >=10 years";
MPRINT(LABELS):   order = 12.2;
MPRINT(LABELS):   end;
MPRINT(LABELS):   * model 2 variables;
MPRINT(LABELS):   if variable = 'AGG_MENT' then do;
MPRINT(LABELS):   label = "{\b SF-12v2 Health Survey \b0 \line \li250   Mental health summary score}";
MPRINT(LABELS):   order = 0.030;
MPRINT(LABELS):   end;
MPRINT(LABELS):   if variable = 'AGG_PHYS' then do;
MPRINT(LABELS):   label = "^S={indent=2mm} Physical health summary score";
MPRINT(LABELS):   order = 0.031;
MPRINT(LABELS):   end;
MPRINT(LABELS):   if variable = 'CESD10' then do;
MPRINT(LABELS):   label = "{\b Mental health \b0 \line \li250   Depression score (CESD-10)}";
MPRINT(LABELS):   order = 0.032;
MPRINT(LABELS):   end;
MPRINT(LABELS):   if variable = 'CESD10_NODEPRE' then do;
MPRINT(LABELS):   label = "{\b Depression symptoms (CESD-10) \b0 \line \li250   No (<10)}";
MPRINT(LABELS):   order = 0.0321;
MPRINT(LABELS):   ESTIMATE = 99;
MPRINT(LABELS):   std = 99;
MPRINT(LABELS):   pv = 5;
MPRINT(LABELS):   end;
MPRINT(LABELS):   if variable = 'CESD10_DEPRE' then do;
MPRINT(LABELS):   label = "^S={indent=2mm} Yes (>=10)";
MPRINT(LABELS):   order = 0.0322;
MPRINT(LABELS):   end;
MPRINT(LABELS):   if variable = 'STAI10' then do;
MPRINT(LABELS):   label = "^S={indent=2mm} Anxiety score (STAI-10)";
MPRINT(LABELS):   order = 0.033;
MPRINT(LABELS):   end;
MPRINT(LABELS):   if variable = 'STAI10_NOANX' then do;
MPRINT(LABELS):   label = "{\b Anxiety symptoms (STAI-10) \b0 \line \li250   No (<20)}";
MPRINT(LABELS):   order = 0.0331;
MPRINT(LABELS):   ESTIMATE = 99;
MPRINT(LABELS):   std = 99;
MPRINT(LABELS):   pv = 5;
MPRINT(LABELS):   end;
MPRINT(LABELS):   if variable = 'STAI10_ANX' then do;
MPRINT(LABELS):   label = "^S={indent=2mm} Yes (>=20)";
MPRINT(LABELS):   order = 0.0332;
MPRINT(LABELS):   end;
MPRINT(LABELS):   if variable = 'HEIGHT' then do;
MPRINT(LABELS):   label = "{\b Anthropometry \b0 \line \li250   Height (cm)}";
MPRINT(LABELS):   order = 0.034;
MPRINT(LABELS):   end;
MPRINT(LABELS):   if variable = 'HAZ' then do;
MPRINT(LABELS):   label = "{\b Height-for-age z score \b0 \li250}";
MPRINT(LABELS):   order = 0.034;
MPRINT(LABELS):   end;
                                                                               The SAS System

MPRINT(LABELS):   if variable = 'ANTA10A' then do;
MPRINT(LABELS):   label = "^S={indent=2mm} Waist circumference (cm)";
MPRINT(LABELS):   order = 0.035;
MPRINT(LABELS):   end;
MPRINT(LABELS):   if variable = 'BMI' then do;
MPRINT(LABELS):   label = "^S={indent=2mm} Body Mass Index (BMI)";
MPRINT(LABELS):   order = 0.036;
MPRINT(LABELS):   end;
MPRINT(LABELS):   * model 3 variables;
MPRINT(LABELS):   if variable = 'ALCOHOL_USE_NEVER' then do;
MPRINT(LABELS):   label = "{\b Alcohol use \b0 \line \li250   Never}";
MPRINT(LABELS):   order = 0.010;
MPRINT(LABELS):   estimate = 98;
MPRINT(LABELS):   std = 99;
MPRINT(LABELS):   pv = 5;
MPRINT(LABELS):   end;
MPRINT(LABELS):   if variable = 'ALCOHOL_USE_FORMER' then do;
MPRINT(LABELS):   label = "^S={indent=2mm} Former";
MPRINT(LABELS):   order = 0.011;
MPRINT(LABELS):   end;
MPRINT(LABELS):   if variable = 'ALCOHOL_USE_CURRENT' then do;
MPRINT(LABELS):   label = "^S={indent=2mm} Current";
MPRINT(LABELS):   order = 0.012;
MPRINT(LABELS):   end;
MPRINT(LABELS):   if variable = 'CURRENT_SMOKER_NO' then do;
MPRINT(LABELS):   label = "{\b Smoking status \b0 \line \li250   Not currently smoking}";
MPRINT(LABELS):   order = 0.013;
MPRINT(LABELS):   pv = 5;
MPRINT(LABELS):   estimate = 98;
MPRINT(LABELS):   std = 99;
MPRINT(LABELS):   end;
MPRINT(LABELS):   if variable = 'CURRENT_SMOKER_YES' then do;
MPRINT(LABELS):   label = "^S={indent=2mm} Current smoker";
MPRINT(LABELS):   order = 0.014;
MPRINT(LABELS):   end;
MPRINT(LABELS):   if variable = 'CURRENT_SMOKER' then do;
MPRINT(LABELS):   label = "^S={indent=2mm} Current smoker";
MPRINT(LABELS):   order = 0.015;
MPRINT(LABELS):   end;
MPRINT(LABELS):   if variable = 'CIGARETTE_USE_NEVER' then do;
MPRINT(LABELS):   label = "{\b Smoking status \b0 \line \li250   Never}";
MPRINT(LABELS):   order = 0.013;
MPRINT(LABELS):   pv = 5;
MPRINT(LABELS):   estimate = 98;
MPRINT(LABELS):   std = 99;
MPRINT(LABELS):   end;
MPRINT(LABELS):   if variable = 'CIGARETTE_USE_FORMER' then do;
MPRINT(LABELS):   label = "^S={indent=2mm} Former";
MPRINT(LABELS):   order = 0.014;
MPRINT(LABELS):   end;
MPRINT(LABELS):   if variable = 'CIGARETTE_USE_CURRENT' then do;
MPRINT(LABELS):   label = "^S={indent=2mm} Current";
MPRINT(LABELS):   order = 0.015;
MPRINT(LABELS):   end;
MPRINT(LABELS):   if variable = 'HEI2010' then do;
MPRINT(LABELS):   label = "{\b Healthy Eating Index (HEI-2010) \b0}";
MPRINT(LABELS):   order = 0.016;
                                                                               The SAS System

MPRINT(LABELS):   end;
MPRINT(LABELS):   if variable = 'HEI2010_C3_LOW' then do;
MPRINT(LABELS):   label = "{\b Healthy Eating Index (HEI-2010) \b0 \line \li250   Low (<=50.1)}";
MPRINT(LABELS):   order = 0.01601;
MPRINT(LABELS):   estimate = 98;
MPRINT(LABELS):   std = 99;
MPRINT(LABELS):   pv = 5;
MPRINT(LABELS):   end;
MPRINT(LABELS):   if variable = 'HEI2010_C3_MEDIUM' then do;
MPRINT(LABELS):   label = "^S={indent=2mm} Medium (>50.1-60.5)";
MPRINT(LABELS):   order = 0.01602;
MPRINT(LABELS):   end;
MPRINT(LABELS):   if variable = 'HEI2010_C3_HIGH' then do;
MPRINT(LABELS):   label = "^S={indent=2mm} High (>60.5)";
MPRINT(LABELS):   order = 0.01603;
MPRINT(LABELS):   end;
MPRINT(LABELS):   if variable = 'PCT_MVPA' then do;
MPRINT(LABELS):   label = "{\b % Time in MVPA \b0}";
MPRINT(LABELS):   order = 0.017;
MPRINT(LABELS):   end;
MPRINT(LABELS):   if variable = 'SLPDUR' then do;
MPRINT(LABELS):   label = "{\b Sleeping duration (>8 hrs/day) \b0}";
MPRINT(LABELS):   order = 0.018;
MPRINT(LABELS):   end;
MPRINT(LABELS):   if variable = "PAG2008YN_YES" then do;
MPRINT(LABELS):   label = "{\b Meets 2008 PA guidelines \b0 \line \li250   Yes}";
MPRINT(LABELS):   order = 0.019;
MPRINT(LABELS):   ESTIMATE = 99;
MPRINT(LABELS):   std = 99;
MPRINT(LABELS):   pv = 5;
MPRINT(LABELS):   end;
MPRINT(LABELS):   if variable = "PAG2008YN_NO" then do;
MPRINT(LABELS):   label = "^S={indent=2mm} No";
MPRINT(LABELS):   order = 0.020;
MPRINT(LABELS):   end;
MPRINT(LABELS):   if variable = 'SLPDUR_LT8HRS_<8_hours' then do;
MPRINT(LABELS):   label = "{\b Sleep duration \b0 \line \li250   Less than 8 hours}";
MPRINT(LABELS):   order = 0.021;
MPRINT(LABELS):   ESTIMATE = 99;
MPRINT(LABELS):   std = 99;
MPRINT(LABELS):   pv = 5;
MPRINT(LABELS):   end;
MPRINT(LABELS):   if variable = 'SLPDUR_LT8HRS_>=8_hours' then do;
MPRINT(LABELS):   label = "^S={indent=2mm} More than 8 hours";
MPRINT(LABELS):   order = 0.022;
MPRINT(LABELS):   end;
MPRINT(LABELS):   *model 5 variable;
MPRINT(LABELS):   if variable = 'CHILD_PRS_BMI_A' then do;
MPRINT(LABELS):   label = "{\b Child's obesity Poligenic Risk Score \b0 \li250}";
MPRINT(LABELS):   order = 0.04;
MPRINT(LABELS):   end;
MPRINT(LABELS):   * adjusted by these variables;
MPRINT(LABELS):   if variable = 'CENTERNUM_BRONX' then do;
MPRINT(LABELS):   label = "{\b Field center \line \b0 \li250   Bronx}";
MPRINT(LABELS):   order = 93;
MPRINT(LABELS):   ESTIMATE = 99;
MPRINT(LABELS):   std=99;
                                                                               The SAS System

MPRINT(LABELS):   pv = 5;
MPRINT(LABELS):   end;
MPRINT(LABELS):   if variable = 'CENTERNUM_CHICAGO' then do;
MPRINT(LABELS):   label = "^S={indent=2mm} Chicago";
MPRINT(LABELS):   order = 93.1;
MPRINT(LABELS):   end;
MPRINT(LABELS):   if variable = 'CENTERNUM_MIAMI' then do;
MPRINT(LABELS):   label = "^S={indent=2mm} Miami";
MPRINT(LABELS):   order = 93.2;
MPRINT(LABELS):   end;
MPRINT(LABELS):   if variable = 'CENTERNUM_SAN DIEGO' then do;
MPRINT(LABELS):   label = "^S={indent=2mm} Bronx";
MPRINT(LABELS):   order = 93.3;
MPRINT(LABELS):   end;
MPRINT(LABELS):   if variable = 'YRS_BTWN_V1FLOR' then do;
MPRINT(LABELS):   label = "{\b Years between baseline & FLOR \b0 \li250}";
MPRINT(LABELS):   order = 95;
MPRINT(LABELS):   end;
MPRINT(LABELS):   if variable = 'YRSV1BIRTH' then do;
MPRINT(LABELS):   label = "{\b Years between baseline & birth \b0 \li250}";
MPRINT(LABELS):   order = 95;
MPRINT(LABELS):   end;
710        	if label = '' then do;
711        		v = strip(upcase(variable));
712        		if v =: 'YRSUS_C3_' & index(v, 'US_BORN') = 0 then do;
713        			if index(v, '<10') > 0 | index(v, 'L10') > 0 then do;
714        				order = 12.1;
715        				label = "^S={indent=2mm} <10 years";
716        			end;
717        			else do;
718        				order = 12.2;
719        				label = "^S={indent=2mm} >=10 years";
720        			end;
721        		end;
722        	end;
723        	drop v;
724        	keep base order label Estimate2 StdErr2 Probt2 Estimate3 StdErr3 Probt3 StdErr32 variable;
725        run;

NOTE: Missing values were generated as a result of performing an operation on missing values.
      Each place is given by: (Number of times) at (Line):(Column).
      13 at 709:141   
NOTE: There were 39 observations read from the data set WORK.PRELABEL.
NOTE: The data set WORK.LABELED has 39 observations and 11 variables.
NOTE: DATA statement used (Total process time):
      real time           0.00 seconds
      cpu time            0.00 seconds
      

726        
727        proc sort data = labeled;
728        	by order label base;
729        run;

NOTE: There were 39 observations read from the data set WORK.LABELED.
NOTE: The data set WORK.LABELED has 39 observations and 11 variables.
NOTE: PROCEDURE SORT used (Total process time):
                                                                               The SAS System

      real time           0.00 seconds
      cpu time            0.00 seconds
      

730        
731        * Format odds ratios and 95% CIs without PROC IML;
732        data ORchars;
733        	length base $132 statsOW statsOB statsOBvsOW $168;
734        	set labeled(keep = base Estimate2 StdErr2 Estimate3 StdErr3 StdErr32);
735        
736        	statsOW = ' ';
737        	statsOB = ' ';
738        	statsOBvsOW = ' ';
739        
740        	if missing(Estimate2) & missing(Estimate3) then return;
741        	else if missing(Estimate2) | missing(Estimate3) then do;
742        		statsOW = '---';
743        		statsOB = '---';
744        		statsOBvsOW = '---';
745        		return;
746        	end;
747        
748        	if nmiss(Estimate2, StdErr2) = 0 then do;
749        		or2 = exp(Estimate2);
750        		lc2 = exp(Estimate2 - 1.96 * StdErr2);
751        		uc2 = exp(Estimate2 + 1.96 * StdErr2);
752        		statsOW = cats(put(or2, 8.2), ' (', put(lc2, 8.2), ', ', put(uc2, 8.2), ')');
753        	end;
754        	else statsOW = '---';
755        
756        	if nmiss(Estimate3, StdErr3) = 0 then do;
757        		or3 = exp(Estimate3);
758        		lc3 = exp(Estimate3 - 1.96 * StdErr3);
759        		uc3 = exp(Estimate3 + 1.96 * StdErr3);
760        		statsOB = cats(put(or3, 8.2), ' (', put(lc3, 8.2), ', ', put(uc3, 8.2), ')');
761        	end;
762        	else statsOB = '---';
763        
764        	if nmiss(Estimate2, Estimate3) = 0 then do;
765        		diff32 = Estimate3 - Estimate2;
766        		if missing(StdErr32) then se32 = sqrt(StdErr2 ** 2 + StdErr3 ** 2);
767        		else se32 = StdErr32;
768        		if nmiss(diff32, se32) = 0 then do;
769        			or32 = exp(diff32);
770        			lc32 = exp(diff32 - 1.96 * se32);
771        			uc32 = exp(diff32 + 1.96 * se32);
772        			statsOBvsOW = cats(put(or32, 8.2), ' (', put(lc32, 8.2), ', ', put(uc32, 8.2), ')');
773        		end;
774        		else statsOBvsOW = '---';
775        	end;
776        	else statsOBvsOW = '---';
777        
778        	keep base statsOW statsOB statsOBvsOW;
779        run;

NOTE: There were 39 observations read from the data set WORK.LABELED.
NOTE: The data set WORK.ORCHARS has 39 observations and 4 variables.
                                                                               The SAS System

NOTE: DATA statement used (Total process time):
      real time           0.00 seconds
      cpu time            0.00 seconds
      

780        
781        data ORchars;
782        	length base $132;
783        	set ORchars;
784        	base = strip(base);
785        run;

NOTE: There were 39 observations read from the data set WORK.ORCHARS.
NOTE: The data set WORK.ORCHARS has 39 observations and 4 variables.
NOTE: DATA statement used (Total process time):
      real time           0.00 seconds
      cpu time            0.00 seconds
      

786        
787        * MERGE BY base requires both sets sorted by base (labeled was PROC SORT order label base for %labels);
788        proc sort data = labeled;
789        	by base;
790        run;

NOTE: There were 39 observations read from the data set WORK.LABELED.
NOTE: The data set WORK.LABELED has 39 observations and 11 variables.
NOTE: PROCEDURE SORT used (Total process time):
      real time           0.00 seconds
      cpu time            0.00 seconds
      

791        
792        proc sort data = ORchars;
793        	by base;
794        run;

NOTE: There were 39 observations read from the data set WORK.ORCHARS.
NOTE: The data set WORK.ORCHARS has 39 observations and 4 variables.
NOTE: PROCEDURE SORT used (Total process time):
      real time           0.00 seconds
      cpu time            0.00 seconds
      

795        
796        data db_join;
797        	merge labeled(keep = order label base Estimate2 StdErr2 Estimate3 StdErr3 StdErr32)
798        		ORchars;
799        	by base;
800        run;

NOTE: There were 39 observations read from the data set WORK.LABELED.
NOTE: There were 39 observations read from the data set WORK.ORCHARS.
NOTE: The data set WORK.DB_JOIN has 39 observations and 11 variables.
NOTE: DATA statement used (Total process time):
      real time           0.00 seconds
      cpu time            0.00 seconds
                                                                               The SAS System

      

801        
802        * Significance: 95% Wald CI on OR scale excludes 1. Keep flags for PROC REPORT styling;
803        data db_join;
804        	length statsOW statsOB statsOBvsOW $168;
805        	length lc2 uc2 lc3 uc3 lc32 uc32 8;
806        	set db_join;
807        	call missing(lc2, uc2, lc3, uc3, lc32, uc32);
808        	sigOW = 0;
809        	sigOB = 0;
810        	sigOBvsOW = 0;
811        	if nmiss(Estimate2, StdErr2) = 0 then do;
812        		z = Estimate2 - 1.96 * StdErr2;
813        		if z > 709 then lc2 = .;
814        		else if z < -745 then lc2 = 0;
815        		else lc2 = exp(z);
816        		z = Estimate2 + 1.96 * StdErr2;
817        		if z > 709 then uc2 = .;
818        		else if z < -745 then uc2 = 0;
819        		else uc2 = exp(z);
820        	end;
821        	if nmiss(Estimate3, StdErr3) = 0 then do;
822        		z = Estimate3 - 1.96 * StdErr3;
823        		if z > 709 then lc3 = .;
824        		else if z < -745 then lc3 = 0;
825        		else lc3 = exp(z);
826        		z = Estimate3 + 1.96 * StdErr3;
827        		if z > 709 then uc3 = .;
828        		else if z < -745 then uc3 = 0;
829        		else uc3 = exp(z);
830        	end;
831        	if nmiss(Estimate2, StdErr2, Estimate3, StdErr3) = 0 then do;
832        		diff32 = Estimate3 - Estimate2;
833        		if missing(StdErr32) then se32 = sqrt(StdErr2 ** 2 + StdErr3 ** 2);
834        		else se32 = StdErr32;
835        		z = diff32 - 1.96 * se32;
836        		if z > 709 then lc32 = .;
837        		else if z < -745 then lc32 = 0;
838        		else lc32 = exp(z);
839        		z = diff32 + 1.96 * se32;
840        		if z > 709 then uc32 = .;
841        		else if z < -745 then uc32 = 0;
842        		else uc32 = exp(z);
843        	end;
844        	if nmiss(lc2, uc2) = 0 then sigOW = (lc2 > 1) | (uc2 < 1);
845        	if nmiss(lc3, uc3) = 0 then sigOB = (lc3 > 1) | (uc3 < 1);
846        	if nmiss(lc32, uc32) = 0 then sigOBvsOW = (lc32 > 1) | (uc32 < 1);
847        	drop lc2 uc2 lc3 uc3 lc32 uc32 z diff32 se32;
848        run;

NOTE: There were 39 observations read from the data set WORK.DB_JOIN.
NOTE: The data set WORK.DB_JOIN has 39 observations and 14 variables.
NOTE: DATA statement used (Total process time):
      real time           0.00 seconds
      cpu time            0.00 seconds
      
                                                                               The SAS System


849        
850        proc sort data = db_join;
851        	by order label base;
852        run;

NOTE: There were 39 observations read from the data set WORK.DB_JOIN.
NOTE: The data set WORK.DB_JOIN has 39 observations and 14 variables.
NOTE: PROCEDURE SORT used (Total process time):
      real time           0.00 seconds
      cpu time            0.00 seconds
      

853        
854        proc sql noprint;
855        	select count(distinct(id)) into :n_ids trimmed
856        	from &impdb.
857        	where keep_ms1560;
858        quit;
NOTE: PROCEDURE SQL used (Total process time):
      real time           0.00 seconds
      cpu time            0.00 seconds
      

859        
860        ods listing close;
861        ods path sashelp.tmplmst(read) hchstyle.hchs_stp(read);
862        ods rtf file = "&homepath.\scripts\&job.\&job._Table&table_num._&sysdate..rtf" style = manuscrt bodytitle;
NOTE: Writing RTF Body file: J:\HCHS\STATISTICS\GRAS\QAngarita\Manuscripts\MS1560\scripts\HC338364b\HC338364b_Table4_24JUN26.rtf
863        %let fs = 11pt;
864        %let fs_titles = 11pt;
865        %let rgt_mgn = 0.1in;
866        
867        * SPLIT must not be '^' — same as ODS ESCAPECHAR so inline ^S={...} breaks and prints verbatim (headers showed crude style text);
868        proc report data = db_join split = '#'
869        	style(header) = [fontsize = &fs]
870        	style(column) = [fontsize = &fs];
871        	title j = center height = &fs font = 'times roman' bold
872        		"^S={leftmargin=&lf_margin rightmargin=&rgt_mgn}Table &table_num.. Maternal preconception socio-behavioral factors and child BMI category, HCHS/SOL FLOR
872      ! Ancillary Study (n=%qtrim(&n_ids))";
873        	footnote1 j = left height = &fs_titles font = 'times roman'
874        		"^S={leftmargin=&lf_margin rightmargin=&rgt_mgn}Abbreviations: CI, confidence interval; FLOR, Family Lifestyle Outcomes Research; OR, odds ratios; PA, physical
874      ! activity.";
875        	footnote2 j = left height = &fs_titles font = 'times roman'
876        		"^S={leftmargin=&lf_margin rightmargin=&rgt_mgn}Odds ratios and 95% confidence intervals from multinomial logistic regression models (Overweight vs Normal and
876      ! Obese vs Normal) fit to multiply imputed data (10 imputations) and pooled using Rubin's rules. Obese vs Overweight odds ratios were derived from the corresponding
876      !  log-odds contrast.";
NOTE: The quoted string currently being processed has become more than 262 characters long.  You might have unbalanced quotation marks.
877        	footnote3 j = left height = &fs_titles font = 'times roman'
878        		"^S={leftmargin=&lf_margin rightmargin=&rgt_mgn}Bold odds ratio (95% CI) indicates the confidence interval excludes 1.00 (two-sided nominal alpha = 0.05).";
879        	footnote5 j = left height = 10pt font = 'times roman'
880        		"{\line \line Job &job run by &prg using FLOR analytic file (HC338353) on %sysfunc(today(), date9.) at %qtrim(%sysfunc(time(), timeampm.))}";
881        	column order label sigOW statsOW sigOB statsOB sigOBvsOW statsOBvsOW;
882        	define order / order order = internal group noprint;
883        	define label / display group 'Predictor' flow style(header) = [fontsize = &fs just = left]
884        		style(column) = [fontsize = &fs width = 2.8in cellwidth = 2.8in];
885        	define sigOW / display noprint;
                                                                               The SAS System

886        	define statsOW / display 'Overweight vs Normal#OR (95% CI)'
887        		style(header) = [fontsize = &fs vjust = bottom just = right]
888        		style(column) = [fontsize = &fs vjust = bottom just = right cellwidth = 1.35in font_weight = medium];
889        	define sigOB / display noprint;
890        	define statsOB / display 'Obesity vs Normal#OR (95% CI)'
891        		style(header) = [fontsize = &fs vjust = bottom just = right]
892        		style(column) = [fontsize = &fs vjust = bottom just = right cellwidth = 1.35in font_weight = medium];
893        	define sigOBvsOW / display noprint;
894        	define statsOBvsOW / display 'Obesity vs Overweight#OR (95% CI)'
895        		style(header) = [fontsize = &fs vjust = bottom just = right]
896        		style(column) = [fontsize = &fs vjust = bottom just = right cellwidth = 1.35in font_weight = medium];
897        	compute statsOW;
898        		if sigOW = 1 & strip(statsOW) not in ('' '---') then call define(_col_, 'style', 'style=[font_weight=bold]');
899        	endcomp;
900        	compute statsOB;
901        		if sigOB = 1 & strip(statsOB) not in ('' '---') then call define(_col_, 'style', 'style=[font_weight=bold]');
902        	endcomp;
903        	compute statsOBvsOW;
904        		if sigOBvsOW = 1 & strip(statsOBvsOW) not in ('' '---') then call define(_col_, 'style', 'style=[font_weight=bold]');
905        	endcomp;
906        run;

NOTE: Groups are not created because the usage of SIGOW is DISPLAY. To avoid this note, change all GROUP variables to ORDER variables.
NOTE: PROCEDURE REPORT used (Total process time):
      real time           0.03 seconds
      cpu time            0.03 seconds
      
NOTE: There were 39 observations read from the data set WORK.DB_JOIN.

907        
908        ods rtf close;
909        
910        proc printto;
911        run;

