NOTE: PROCEDURE PRINTTO used (Total process time):
      real time           0.02 seconds
      cpu time            0.00 seconds
      

8          
9          /*********************************************************
10         *                                                         *
11         *  SAS PROGRAM - JOB HC338357                             *
12         *                                                         *
13         **********************************************************
14         *                                                         *
15         *  PROGRAM NAME: HC338357.sas
16         *
17         *  PROGRAMMER:  Alvaro Quijano (AQA)
18         *
19         *  TITLE:        Inclusion/exclusion flow for analytic sample
20         *
21         *  DESCRIPTION:  Sequential inclusion/exclusion counts for FLOR
22         *                MS1560 analytic sample construction; missing-data
23         *                pattern for covariates on PRS-complete anthro subset.
24         *
25         *  MANUSCRIPT:   MS1560
26         *
27         * ---------------------------------------------------------
28         *
29         *  JOB NUMBER:   HC338357
2                                                          The SAS System                                11:24 Friday, June 26, 2026

30         *
31         *  PREVIOUS JOB:  HC338351
32         *
33         *  LANGUAGE:     SAS 9.4
34         *
35         *  DATE:          03nov25
36         *
37         *  VERSION CONTROL:
38         *       03nov25: Create the file
39         *                Exclude bmi, anta10a and height from covariate list
40         *       04nov25: Update input dataset
41         *                Drop agg_ment, agg_phys, povpct, income_c2
42         *                Use yrs_btwn_v1flor instead of yrsv1birth
43         *       20may26: Update input dataset to *_20may26
44         *
45         * ----------------------------------------------------------
46         *
47         *  INPUT:  HC338351_flor_&datefile..sas7bdat
48         *
49         *  OUTPUT: &job._Inclusion_&sysdate..rtf
50         *
51         **********************************************************/
52         options nodate formchar="|----|+|---+=|-/\<>*" nonumber ps=59 ls=173 orientation=landscape;
53         ods escapechar '^';
54         
55         * Set libraries;
56         libname data "&homepath.\data";
NOTE: Libref DATA was successfully assigned as follows: 
      Engine:        V9 
      Physical Name: J:\HCHS\STATISTICS\GRAS\QAngarita\Manuscripts\MS1560\data
57         libname hchstyle 'J:\hchs\sc\styledef\sty904';
NOTE: Libref HCHSTYLE was successfully assigned as follows: 
      Engine:        V9 
      Physical Name: J:\hchs\sc\styledef\sty904
58         
59         * Define macro variables;
60         %let prg = AQA;
61         %let db_in = data.hc338351_flor_&datefile.;
62         
63         * Set footnote;
64         footnote "&sysdate -- &job (&prg)";
65         %let lf_margin = 0.7in;
66         %let rg_margin = 0.7in;
67         
68         * Create datasets with indicators for inclusion or exclusion;
69         data indicators_df;
70         	set &db_in;	
71         	keep inclusion_flor inclusion_ant inclusion_prs inclusion_covs;
72         
73         	* flor participant;
74         	inclusion_flor = 1;
75         
76         	* missing child anthropometry;
77         	if ^missing(child_weight) or ^missing(child_height) then inclusion_ant = 1; else inclusion_ant = 0;
78         
79         	* If child_prs_bmi_a is missing;
80         	if ^missing(child_prs_bmi_a) then inclusion_prs = 1*inclusion_ant; else inclusion_prs = 0;
                                                                               The SAS System

81         
82         	* ;
83         	if nmiss(of yrs_btwn_v1flor slpdur hei2010 cesd10 stai10 parity_v1 pct_mvpa
84         		employedyn n_hc current_smoker alcohol_use yrsus_c3 education_c3 marital_status) = 0 then inclusion_covs = 1*inclusion_prs; else inclusion_covs = 0;
85         run;

NOTE: There were 291 observations read from the data set DATA.HC338351_FLOR_20MAY26.
NOTE: The data set WORK.INDICATORS_DF has 291 observations and 4 variables.
NOTE: DATA statement used (Total process time):
      real time           0.02 seconds
      cpu time            0.01 seconds
      

86         
87         * Calculate the frequency for each class;
88         proc means data = indicators_df sum noprint;
89         	var inclusion_flor inclusion_ant inclusion_prs inclusion_covs;
90         	output out = inclusion_tab sum= / autoname;
91         run;

NOTE: There were 291 observations read from the data set WORK.INDICATORS_DF.
NOTE: The data set WORK.INCLUSION_TAB has 1 observations and 6 variables.
NOTE: PROCEDURE MEANS used (Total process time):
      real time           0.02 seconds
      cpu time            0.00 seconds
      

92         
93         * Transpose data;
94         proc transpose data = inclusion_tab out=inclusion_tab_t(rename=(col1=Inclusion));
95         	var inclusion_flor_sum inclusion_ant_sum inclusion_prs_sum inclusion_covs_sum;
96         run;

NOTE: There were 1 observations read from the data set WORK.INCLUSION_TAB.
NOTE: The data set WORK.INCLUSION_TAB_T has 4 observations and 2 variables.
NOTE: PROCEDURE TRANSPOSE used (Total process time):
      real time           0.00 seconds
      cpu time            0.00 seconds
      

97         
98         * create dataset with inclusion/exclusions/;
99         data df_inclusions;
100        	set inclusion_tab_t;
101        	length label $ 50;
102        	drop type _name_ ;
103        		
104        	* Creates type variable;
105        	type = scan(_NAME_,2,'_');
106        
107        	* Define label;
108        	if type = 'flor' then label = "Participated in FLOR study";
109        	if type = 'ant' then label = "Child anthropometry measured";
110        	if type = 'prs' then label = "Child PRS BMI (A) measured";
111        	if type = 'covs' then label = "Non-missing covariates";
112        
113        	* creates variable for ordering;
                                                                               The SAS System

114        	Order = _N_;
115        run;

NOTE: There were 4 observations read from the data set WORK.INCLUSION_TAB_T.
NOTE: The data set WORK.DF_INCLUSIONS has 4 observations and 3 variables.
NOTE: DATA statement used (Total process time):
      real time           0.00 seconds
      cpu time            0.00 seconds
      

116        
117        * Sort data by order and creates the variables exclusions;
118        proc sort data = df_inclusions; by order; run;

NOTE: There were 4 observations read from the data set WORK.DF_INCLUSIONS.
NOTE: The data set WORK.DF_INCLUSIONS has 4 observations and 3 variables.
NOTE: PROCEDURE SORT used (Total process time):
      real time           0.00 seconds
      cpu time            0.00 seconds
      

119        data df_inclusions;
120        	set df_inclusions;
121        
122        	* Exclusion;
123        	Exclusion = lag(Inclusion) - Inclusion;
124        
125        	* Correct the first row values (missing);
126        	if Exclusion = . then Exclusion = 0;
127        
128        	* Calculate percentages;
129        	p1 = 100*Inclusion/(Inclusion+Exclusion);
130        	p2 = 100-p1;
131        run;

NOTE: Missing values were generated as a result of performing an operation on missing values.
      Each place is given by: (Number of times) at (Line):(Column).
      1 at 123:29   
NOTE: There were 4 observations read from the data set WORK.DF_INCLUSIONS.
NOTE: The data set WORK.DF_INCLUSIONS has 4 observations and 6 variables.
NOTE: DATA statement used (Total process time):
      real time           0.00 seconds
      cpu time            0.00 seconds
      

132        
133        * Create a dataset for the missingness pattern;
134        data db_MI;
135        	set &db_in;
136        
137        	* subset data;
138        	if ^missing(child_weight) and ^missing(child_prs_bmi_a);
139        run;

NOTE: There were 291 observations read from the data set DATA.HC338351_FLOR_20MAY26.
NOTE: The data set WORK.DB_MI has 201 observations and 271 variables.
NOTE: DATA statement used (Total process time):
                                                                               The SAS System

      real time           0.01 seconds
      cpu time            0.00 seconds
      

140        
141        * Write RTF file;
142        ods listing close;
143        ods path sashelp.tmplmst(read) hchstyle.hchs_stp(read);
144        ods rtf file = "&homepath.\scripts\&job.\&job._Inclusion_&sysdate..rtf" style = manuscrt bodytitle;
NOTE: Writing RTF Body file: J:\HCHS\STATISTICS\GRAS\QAngarita\Manuscripts\MS1560\scripts\HC338357\HC338357_Inclusion_26JUN26.rtf
145        footnote j=center HEIGHT=10pt FONT='times roman' "covariates: yrs_btwn_v1flor, slpdur, hei2010, cesd10, stai10, parity_v1, pct_mvpa, employedyn, n_hc,
145      ! current_smoker, alcohol_use, yrsus_c3, education_c3 and marital_status";
146        footnote2 j=left HEIGHT=10pt FONT='times roman' "{\line \line Job &job run by &PRG using FLOR data on %sysfunc(today(), date9.) at %sysfunc(time(), timeampm.) }";
147        * Print RTF report;
148        	
148      !  proc report data = df_inclusions;
149        		title 'Inclusion and Exclusion Criteria for Manuscript MS#1560';
150        		ods noproctitle;
151        		column order Label Inclusion p1 Exclusion p2;
152        		define order / order=internal noprint;
153        		define label / 'Inclusion criteria'  style=[width=3in just=left];
154        		define p1 / analysis '%';
155        		define p2 / analysis '%';
156        		format p1 p2 8.2;
157        	run;

NOTE: There were 4 observations read from the data set WORK.DF_INCLUSIONS.
NOTE: PROCEDURE REPORT used (Total process time):
      real time           0.02 seconds
      cpu time            0.00 seconds
      

158        
159        	* Print missingness pattern;
160        	title 'Missing data pattern';
161        	
161      !  proc mi data = db_mi nimpute=0 displaypattern=nomeans;
162        		ods select MissPattern;
163        		var yrs_btwn_v1flor slpdur hei2010 cesd10 stai10 parity_v1 pct_mvpa
164        		employedyn n_hc current_smoker alcohol_use yrsus_c3 education_c3 marital_status;
165        	run;

NOTE: PROCEDURE MI used (Total process time):
      real time           0.06 seconds
      cpu time            0.06 seconds
      

166        
167        * close rtf file;
168        ods rtf close;
169        
170        
171        proc printto; run;

