                                                                         Contents in imputed dataset

                                             Data Set Name        DATA.HC338353_IMPUTED_DATA_29APR26    Observations          0 
                                             Member Type          DATA                                  Variables             0 
                                             Engine               V9                                    Indexes               0 
                                             Created              04/29/2026 13:53:18                   Observation Length    0 
                                             Last Modified        04/29/2026 13:53:18                   Deleted Observations  0 
                                             Protection                                                 Compressed            NO
                                             Data Set Type                                              Sorted                NO
                                             Label                                                                              
                                             Data Representation  WINDOWS_32                                                    
                                             Encoding             wlatin1  Western (Windows)                                    


                                                                      Engine/Host Dependent Information

                            Data Set Page Size          65536                                                                                    
                            Number of Data Set Pages    1                                                                                        
                            First Data Page             1                                                                                        
                            Max Obs per Page            58232                                                                                    
                            Obs in First Data Page      0                                                                                        
                            Number of Data Set Repairs  0                                                                                        
                            ExtendObsCounter            YES                                                                                      
                            Filename                    J:\HCHS\STATISTICS\GRAS\QAngarita\FLOR\MS1560\data\hc338353_imputed_data_29apr26.sas7bdat
                            Release Created             9.0401M8                                                                                 
                            Host Created                W32_WIN+PRO                                                                              
                            Owner Name                  CSCC\acquijanoa                                                                          
                            File Size                   128KB                                                                                    
                            File Size (bytes)           131072                                                                                   
