NOTE: PROCEDURE PRINTTO used (Total process time):
      real time           0.05 seconds
      cpu time            0.01 seconds
      

5          
6          /*********************************************************
7          *                                                         *
8          *  SAS PROGRAM - QC DATASET JOB HC3383 					         *
9          *                                                        *
10         **********************************************************
11         *                                                        *
12         *  PROGRAM NAME: HC338353.sas
13         *
14         *  PROGRAMMER: Álvaro Quijano (AQ)
15         *
16         *  DESCRIPTION: Imputation model
17         				
18         *
19         * ---------------------------------------------------------
20         *
21         *  JOB NUMBER: HC338353
22         *
23         *  PREVIOUS JOB:
24         *
25         *  LANGUAGE: SAS 9.4
26         *
27         *  VERSION CONTROL:
28         					28apr25: Creates the file
29         					13may25: Update input file
2                                                          The SAS System                                 11:21 Monday, June 2, 2025

30         					02jun25: Insert child_prs_bmi_a in the imputation model
31         	
32         * ----------------------------------------------------------
33         *
34         *  INPUT:
35         *
36         *  OUTPUT:
37         *
38         **********************************************************/
39         options orientation = landscape nodate formchar = "|----|+|---+=|-/\<>*" nonumber PS=59 LS=173;
40         ods escapechar '^';
41         
42         
43         * Set libraries name;
44         libname data "&homepath.\data";
NOTE: Libref DATA was successfully assigned as follows: 
      Engine:        V9 
      Physical Name: J:\HCHS\STATISTICS\GRAS\QAngarita\FLOR\MS1560\data
45         libname hchstyle 'J:\hchs\sc\styledef\sty904';
NOTE: Libref HCHSTYLE was successfully assigned as follows: 
      Engine:        V9 
      Physical Name: J:\hchs\sc\styledef\sty904
46         
47         * Set macro variables;
48         %let job = HC338353;
49         %let prg = AQA;
50         %let data = data.HC338351_flor_02jun25;
51         %let lf_margin = 0.7in;
52         %let rg_margin = 0.7in;
53         
54         ods listing gpath = "&homepath.\code\&job.\gplot";
55         ods path sashelp.tmplmst(read) hchstyle.hchs_stp(read);
56         ods rtf file = "&homepath\code\&job.\&job._mi_&sysdate..rtf" bodytitle style=manuscrt;
NOTE: Writing RTF Body file: J:\HCHS\STATISTICS\GRAS\QAngarita\FLOR\MS1560\code\HC338353\HC338353_mi_02JUN25.rtf
57         
58         
59         * Transform variables to plot;
60         data db;
61         	set &data;
62         	
63         	log_bmi = log(bmi);
64         	log_anta10a = log(anta10a);
65         	agg_ment_sq = (agg_ment **2  - 1) / 2;
66         	agg_phys_cub = (agg_phys**3 - 1 )/ 3;
67         
68         run;

NOTE: Missing values were generated as a result of performing an operation on missing values.
      Each place is given by: (Number of times) at (Line):(Column).
      2 at 63:12   1 at 64:16   2 at 65:26   2 at 65:31   2 at 66:26   2 at 66:30   
NOTE: There were 291 observations read from the data set DATA.HC338351_FLOR_02JUN25.
NOTE: The data set WORK.DB has 291 observations and 266 variables.
NOTE: DATA statement used (Total process time):
      real time           0.02 seconds
      cpu time            0.00 seconds
      

                                                                               The SAS System

69         
70         
71         * Boxcox transformation ;
72         /*
73         proc transreg data = db;
74         	model boxcox(agg_ment / convenient lambda = -10 to 10 by 0.05) = identity(log_bmi log_anta10a waz height employedyn n_hc current_smoker education_c3 income_c2);
75         run;
76         proc transreg data = db;
77         	model boxcox(agg_phys / convenient lambda = -10 to 10 by 0.05) = identity(log_bmi log_anta10a waz height employedyn n_hc current_smoker education_c3 income_c2);
78         run;
79         */
80         
81         * Plot the continuous variables;
82         %macro histogram_density(var=);
83         	proc sgplot data = db;
84         		histogram &var.;
85         		density &var. / type = normal;
86         	run;
87         %mend histogram_density;
88         
89         title 'Variable: Weight-for-age (WAZ)';
90         %histogram_density(var = waz);

NOTE: PROCEDURE SGPLOT used (Total process time):
      real time           1.50 seconds
      cpu time            0.14 seconds
      
NOTE: Listing image output written to J:\HCHS\STATISTICS\GRAS\QAngarita\FLOR\MS1560\code\HC338353\gplot\SGPlot.png.
NOTE: There were 291 observations read from the data set WORK.DB.

91         
92         title 'Variable: Body Mass Index in log-scale (log_BMI)';
93         %histogram_density(var = log_bmi);

NOTE: PROCEDURE SGPLOT used (Total process time):
      real time           0.24 seconds
      cpu time            0.04 seconds
      
NOTE: Listing image output written to J:\HCHS\STATISTICS\GRAS\QAngarita\FLOR\MS1560\code\HC338353\gplot\SGPlot1.png.
NOTE: There were 291 observations read from the data set WORK.DB.

94         
95         title 'Variable: Waist girth in original scale (anta10a)';
96         %histogram_density(var = anta10a);

NOTE: PROCEDURE SGPLOT used (Total process time):
      real time           0.26 seconds
      cpu time            0.04 seconds
      
NOTE: Listing image output written to J:\HCHS\STATISTICS\GRAS\QAngarita\FLOR\MS1560\code\HC338353\gplot\SGPlot2.png.
NOTE: There were 291 observations read from the data set WORK.DB.

97         
98         title 'Variable: Waist girth in log scale (log_anta10a)';
99         %histogram_density(var = log_anta10a);

NOTE: PROCEDURE SGPLOT used (Total process time):
                                                                               The SAS System

      real time           1.00 seconds
      cpu time            0.06 seconds
      
NOTE: Listing image output written to J:\HCHS\STATISTICS\GRAS\QAngarita\FLOR\MS1560\code\HC338353\gplot\SGPlot3.png.
NOTE: There were 291 observations read from the data set WORK.DB.

100        
101        title 'Variable: height';
102        %histogram_density(var = height);

NOTE: PROCEDURE SGPLOT used (Total process time):
      real time           0.68 seconds
      cpu time            0.07 seconds
      
NOTE: Listing image output written to J:\HCHS\STATISTICS\GRAS\QAngarita\FLOR\MS1560\code\HC338353\gplot\SGPlot4.png.
NOTE: There were 291 observations read from the data set WORK.DB.

103        	
104        title 'Variable: agg_ment';
105        %histogram_density(var = agg_ment_sq);

NOTE: PROCEDURE SGPLOT used (Total process time):
      real time           0.36 seconds
      cpu time            0.06 seconds
      
NOTE: Listing image output written to J:\HCHS\STATISTICS\GRAS\QAngarita\FLOR\MS1560\code\HC338353\gplot\SGPlot5.png.
NOTE: There were 291 observations read from the data set WORK.DB.

106        
107        title 'Variable: agg_phys';
108        %histogram_density(var = agg_phys_cub);

NOTE: PROCEDURE SGPLOT used (Total process time):
      real time           0.53 seconds
      cpu time            0.03 seconds
      
NOTE: Listing image output written to J:\HCHS\STATISTICS\GRAS\QAngarita\FLOR\MS1560\code\HC338353\gplot\SGPlot6.png.
NOTE: There were 291 observations read from the data set WORK.DB.

109        
110        title 'Variable: hei2010';
111        %histogram_density(var = hei2010);

NOTE: PROCEDURE SGPLOT used (Total process time):
      real time           2.45 seconds
      cpu time            0.06 seconds
      
NOTE: Listing image output written to J:\HCHS\STATISTICS\GRAS\QAngarita\FLOR\MS1560\code\HC338353\gplot\SGPlot7.png.
NOTE: There were 291 observations read from the data set WORK.DB.

112        
113        title 'Variable: parity_v1';
114        %histogram_density(var = parity_v1);

NOTE: PROCEDURE SGPLOT used (Total process time):
      real time           0.24 seconds
      cpu time            0.06 seconds
                                                                               The SAS System

      
NOTE: Listing image output written to J:\HCHS\STATISTICS\GRAS\QAngarita\FLOR\MS1560\code\HC338353\gplot\SGPlot8.png.
NOTE: There were 291 observations read from the data set WORK.DB.

115        
116        title 'Variable: pct_mvpa';
117        %histogram_density(var = pct_mvpa);

NOTE: PROCEDURE SGPLOT used (Total process time):
      real time           0.58 seconds
      cpu time            0.09 seconds
      
NOTE: Listing image output written to J:\HCHS\STATISTICS\GRAS\QAngarita\FLOR\MS1560\code\HC338353\gplot\SGPlot9.png.
NOTE: There were 291 observations read from the data set WORK.DB.

118        
119        title 'Variable: child_prs_bmi_a';
120        %histogram_density(var = child_prs_bmi_a);

NOTE: PROCEDURE SGPLOT used (Total process time):
      real time           0.20 seconds
      cpu time            0.03 seconds
      
NOTE: Listing image output written to J:\HCHS\STATISTICS\GRAS\QAngarita\FLOR\MS1560\code\HC338353\gplot\SGPlot10.png.
NOTE: There were 291 observations read from the data set WORK.DB.

121        
122        * Impute variables of interest;
123        proc mi data=db out=data.imputed_data_&sysdate. nimpute=10 seed=3383
124        	minimum= . . . . . . . . . . . 0 . 0 . . 0 . . . .  . .
125        	maximum= . . . . . . . . . . . 100 . . . . . . . . . . .;
126          ods exclude modelinfo fcsmodel misspattern;
127           class centernum bkgrd1_c7nomiss lang_pref
128        			employedyn n_hc current_smoker income_c2 /* binary variables */
129        			alcohol_use yrsus_c3 education_c3 marital_status;
130           transform log(bmi) log(anta10a)
131        				boxcox(agg_ment / lambda = 2) boxcox(agg_phys / lambda = 3) power(povpct / lambda=0.5);
132           fcs reg(waz bmi anta10a agg_ment agg_phys height hei2010 povpct cesd10 stai10 pct_mvpa child_prs_bmi_a)
133        	   regpmm(parity_v1);
134           fcs logistic(employedyn n_hc current_smoker income_c2 / link=logit likelihood=augment)
135        			logistic(alcohol_use yrsus_c3 education_c3 marital_status);
136           var waz centernum bkgrd1_c7nomiss yrs_btwn_v1flor age lang_pref
137        		bmi anta10a agg_ment agg_phys height hei2010 povpct cesd10 stai10 parity_v1 pct_mvpa child_prs_bmi_a
138        		employedyn n_hc current_smoker income_c2 /* binary variables */
139        		alcohol_use yrsus_c3 education_c3 marital_status /* nominal/ordinal variables*/
140        		;
141        run;

WARNING: The maximum likelihood estimates for the FCS method logistic model for variable MARITAL_STATUS in an iteration process may not exist. The resulting posterior 
         predictive distribution of the parameters used in the imputation process is based on the maximum likelihood estimates in the last maximum likelihood iteration. The 
         LIKELIHOOD=AUGMENT option can be used to derive the maximum likelihood estimates by using an augmented data set.
NOTE: The data set DATA.IMPUTED_DATA_02JUN25 has 2910 observations and 267 variables.
NOTE: The PROCEDURE MI printed page 1.
NOTE: PROCEDURE MI used (Total process time):
      real time           16.91 seconds
      cpu time            15.76 seconds
      
                                                                               The SAS System


142        
143        %macro summary_imputation(vars=);
144        	proc means data = data.imputed_data_&sysdate. nmiss;
145        		by _imputation_;
146        		var &vars.;
147        		output out = a;
148        	run;
149        	proc transpose data = a out=b(drop=_label_ rename=(_name_= Variable));
150        		by _imputation_;
151        		id _stat_;
152        		var &vars.;
153        	run;
154        	proc sort data = b out=c; by Variable; run;
155        	proc print data = c; run;
156        %mend summary_imputation;
157        
158        * Summarize the imputated variables;
159        title 'Imputed variables';
160        %summary_imputation(vars=waz bmi anta10a agg_ment agg_phys height hei2010 povpct cesd10 stai10 parity_v1 pct_mvpa child_prs_bmi_a
161        				employedyn n_hc current_smoker income_c2
162        				alcohol_use yrsus_c3 education_c3 marital_status);

NOTE: There were 2910 observations read from the data set DATA.IMPUTED_DATA_02JUN25.
NOTE: The data set WORK.A has 50 observations and 25 variables.
NOTE: The PROCEDURE MEANS printed pages 2-7.
NOTE: PROCEDURE MEANS used (Total process time):
      real time           0.08 seconds
      cpu time            0.01 seconds
      


NOTE: There were 50 observations read from the data set WORK.A.
NOTE: The data set WORK.B has 210 observations and 7 variables.
NOTE: PROCEDURE TRANSPOSE used (Total process time):
      real time           0.01 seconds
      cpu time            0.01 seconds
      


NOTE: There were 210 observations read from the data set WORK.B.
NOTE: The data set WORK.C has 210 observations and 7 variables.
NOTE: PROCEDURE SORT used (Total process time):
      real time           0.00 seconds
      cpu time            0.00 seconds
      


NOTE: There were 210 observations read from the data set WORK.C.
NOTE: The PROCEDURE PRINT printed pages 8-11.
NOTE: PROCEDURE PRINT used (Total process time):
      real time           0.04 seconds
      cpu time            0.04 seconds
      

163        
164        proc freq data = db;
                                                                               The SAS System

165        	table accult_mesa * yrsus_c3 / nopercent nocum norow nocol;
166        run;

NOTE: There were 291 observations read from the data set WORK.DB.
NOTE: The PROCEDURE FREQ printed page 12.
NOTE: PROCEDURE FREQ used (Total process time):
      real time           0.02 seconds
      cpu time            0.00 seconds
      

167        
168        proc reg DATA = db plots=none;
169        	MODEL WAZ = accult_mesa centernum yrs_btwn_v1flor bkgrd1_c7nomiss age income_c2 lang_pref
170        				parity_v1 povpct  marital_status employedyn education_c3 yrsus_c3 n_hc
171        				bmi anta10a height agg_ment agg_phys cesd10 stai10
172        				current_smoker hei2010 alcohol_use pct_mvpa / vif collin;
173        quit;

NOTE: The PROCEDURE REG printed pages 13-16.
NOTE: PROCEDURE REG used (Total process time):
      real time           0.06 seconds
      cpu time            0.03 seconds
      

174        
175        proc means data = db;
176        	var waz centernum yrs_btwn_v1flor bkgrd1_c7nomiss age income_c3 lang_pref child_prs_bmi_a
177        				parity_v1 povpct accult_mesa marital_status employedyn education_c3 yrsus_c3 n_hc
178        				bmi anta10a height agg_ment agg_phys cesd10 stai10
179        				current_smoker hei2010 alcohol_use pct_mvpa;
180        run;

NOTE: There were 291 observations read from the data set WORK.DB.
NOTE: The PROCEDURE MEANS printed page 17.
NOTE: PROCEDURE MEANS used (Total process time):
      real time           0.02 seconds
      cpu time            0.00 seconds
      

181        ods startpage = off;
182        proc means data = data.imputed_data_&sysdate.;
183        	var waz centernum yrs_btwn_v1flor bkgrd1_c7nomiss age income_c3 lang_pref
184        				parity_v1 povpct accult_mesa marital_status employedyn education_c3 yrsus_c3 n_hc
185        				bmi anta10a height agg_ment agg_phys cesd10 stai10
186        				current_smoker hei2010 alcohol_use pct_mvpa child_prs_bmi_a;
187        run;

NOTE: There were 2910 observations read from the data set DATA.IMPUTED_DATA_02JUN25.
NOTE: The PROCEDURE MEANS printed page 18.
NOTE: PROCEDURE MEANS used (Total process time):
      real time           0.02 seconds
      cpu time            0.01 seconds
      

188        
189        ods rtf close;
190        
                                                                               The SAS System

191        proc printto; run;

