                                                                             Variable: pct_mvpa

                                                                              The MI Procedure

                                                                          Variable Transformations
 
                                                                Variable           _Transform_        Lambda

                                                                BMI                LOG                     .
                                                                ANTA10A            LOG                     .
                                                                AGG_MENT           BOXCOX            2.00000
                                                                AGG_PHYS           BOXCOX            3.00000
                                                                POVPCT             POWER             0.50000


                                                                    Variance Information (10 Imputations)
 
                                                                                                           Relative       Fraction
                                                 -----------------Variance-----------------                Increase        Missing       Relative
                              Variable                Between         Within          Total       DF    in Variance    Information     Efficiency

                              WAZ                    0.001959       0.005692       0.007846   75.973       0.378492       0.286425       0.972155
                            * BMI                 0.000000157       0.000159       0.000159    287.7       0.001086       0.001085       0.999892
                            * ANTA10A            5.5546037E-8    0.000075286    0.000075347   287.78       0.000812       0.000811       0.999919
                            * AGG_MENT               3.975222     847.014104     851.386847    286.3       0.005163       0.005142       0.999486
                            * AGG_PHYS            7977.000201         856956         865731   284.18       0.010239       0.010158       0.998985
                              HEIGHT                 0.001691       0.143818       0.145678   282.89       0.012933       0.012804       0.998721
                              HEI2010                0.002475       0.668658       0.671380    286.7       0.004071       0.004058       0.999594
                            * POVPCT                 0.005077       0.054478       0.060063   208.84       0.102505       0.094712       0.990618
                              CESD10                 0.000448       0.102658       0.103150   286.44       0.004797       0.004779       0.999522
                              STAI10                 0.001254       0.110655       0.112034   283.12       0.012469       0.012348       0.998767
                              PARITY_V1           0.000018370       0.004968       0.004988    286.7       0.004068       0.004055       0.999595
                              PCT_MVPA               0.002087       0.007072       0.009368   88.699       0.324679       0.254980       0.975136

                                                                           * Transformed Variables


                                                                     Parameter Estimates (10 Imputations)
 
                                                                                                                                              t for H0:
             Variable                   Mean      Std Error    95% Confidence Limits        DF        Minimum        Maximum            Mu0    Mean=Mu0   Pr > |t|

             WAZ                    0.712422       0.088579         0.54         0.89   75.973       0.649414       0.803072              0        8.04     <.0001
           * BMI                    3.305795       0.012613         3.28         3.33    287.7       3.305255       3.306311              0      262.09     <.0001
           * ANTA10A                4.509352       0.008680         4.49         4.53   287.78       4.509073       4.509749              0      519.49     <.0001
           * AGG_MENT            1181.053951      29.178534      1123.62      1238.49    286.3    1177.772167    1184.514847              0       40.48     <.0001
           * AGG_PHYS                  51488     930.446459     49656.99     53319.87   284.18          51357          51653              0       55.34     <.0001
             HEIGHT               158.235727       0.381677       157.48       158.99   282.89     158.166495     158.312962              0      414.58     <.0001
             HEI2010               56.223671       0.819378        54.61        57.84    286.7      56.150687      56.325404              0       68.62     <.0001
           * POVPCT                10.449261       0.245077         9.97        10.93   208.84      10.282200      10.548522              0       42.64     <.0001
             CESD10                 6.726226       0.321170         6.09         7.36   286.44       6.689071       6.756747              0       20.94     <.0001
             STAI10                17.520035       0.334715        16.86        18.18   283.12      17.449558      17.569270              0       52.34     <.0001
             PARITY_V1              1.195876       0.070626         1.06         1.33    286.7       1.192440       1.206186              0       16.93     <.0001
             PCT_MVPA               1.568927       0.096789         1.38         1.76   88.699       1.500198       1.663294              0       16.21     <.0001

                                                                           * Transformed Variables
                                                                              Imputed variables

---------------------------------------------------------------------------- Imputation Number=1 ----------------------------------------------------------------------------

                                                                             The MEANS Procedure

                                                                                                                                   N
                                        Variable          Label                                                                 Miss
                                        --------------------------------------------------------------------------------------------
                                        WAZ               Weight for age Z-Score - CDC (Child)                                     0
                                        BMI               BMI (kg/m2)                                                              0
                                        ANTA10A           Waist Girth (cm) (ANTA10A)                                               0
                                        AGG_MENT          Aggregate mental health score norm-based transformed                     0
                                        AGG_PHYS          Aggregate physical health score norm-based transformed                   0
                                        HEIGHT            Height (corrected)                                                       0
                                        HEI2010           HEI total score, 0-100                                                   0
                                        POVPCT            Household income, percent of poverty                                     0
                                        CESD10            10-item CESD10                                                           0
                                        STAI10            10-Item State Trait Anxiety Inventory                                    0
                                        PARITY_V1         Number of babies born alive by Visit 1                                   0
                                        PCT_MVPA          Percentage of time spent in moderate-to-vigorous physical activity       0
                                        EMPLOYEDYN        Employment Status (1-yes, 0-no)                                          0
                                        N_HC              Health Insurance Coverage - Current                                      0
                                        CURRENT_SMOKER    Current Smoker (from CIGARETTE_USE)                                      0
                                        INCOME_C2         2-level grouped yearly household income                                  0
                                        ALCOHOL_USE       Alcohol Use (1-Never,2=Former,3=Current)                                 0
                                        YRSUS_C3          Years lived in the US (50 States, 3-levels)                              0
                                        EDUCATION_C3      Education Status (3 levels)                                              0
                                        MARITAL_STATUS    Marital Status (collapsed categories)                                    0
                                        --------------------------------------------------------------------------------------------


---------------------------------------------------------------------------- Imputation Number=2 ----------------------------------------------------------------------------

                                                                                                                                   N
                                        Variable          Label                                                                 Miss
                                        --------------------------------------------------------------------------------------------
                                        WAZ               Weight for age Z-Score - CDC (Child)                                     0
                                        BMI               BMI (kg/m2)                                                              0
                                        ANTA10A           Waist Girth (cm) (ANTA10A)                                               0
                                        AGG_MENT          Aggregate mental health score norm-based transformed                     0
                                        AGG_PHYS          Aggregate physical health score norm-based transformed                   0
                                        HEIGHT            Height (corrected)                                                       0
                                        HEI2010           HEI total score, 0-100                                                   0
                                        POVPCT            Household income, percent of poverty                                     0
                                        CESD10            10-item CESD10                                                           0
                                        STAI10            10-Item State Trait Anxiety Inventory                                    0
                                        PARITY_V1         Number of babies born alive by Visit 1                                   0
                                        PCT_MVPA          Percentage of time spent in moderate-to-vigorous physical activity       0
                                        EMPLOYEDYN        Employment Status (1-yes, 0-no)                                          0
                                        N_HC              Health Insurance Coverage - Current                                      0
                                        CURRENT_SMOKER    Current Smoker (from CIGARETTE_USE)                                      0
                                        INCOME_C2         2-level grouped yearly household income                                  0
                                        ALCOHOL_USE       Alcohol Use (1-Never,2=Former,3=Current)                                 0
                                        YRSUS_C3          Years lived in the US (50 States, 3-levels)                              0
                                        EDUCATION_C3      Education Status (3 levels)                                              0
                                        MARITAL_STATUS    Marital Status (collapsed categories)                                    0
                                        --------------------------------------------------------------------------------------------
                                                                              Imputed variables

---------------------------------------------------------------------------- Imputation Number=3 ----------------------------------------------------------------------------

                                                                             The MEANS Procedure

                                                                                                                                   N
                                        Variable          Label                                                                 Miss
                                        --------------------------------------------------------------------------------------------
                                        WAZ               Weight for age Z-Score - CDC (Child)                                     0
                                        BMI               BMI (kg/m2)                                                              0
                                        ANTA10A           Waist Girth (cm) (ANTA10A)                                               0
                                        AGG_MENT          Aggregate mental health score norm-based transformed                     0
                                        AGG_PHYS          Aggregate physical health score norm-based transformed                   0
                                        HEIGHT            Height (corrected)                                                       0
                                        HEI2010           HEI total score, 0-100                                                   0
                                        POVPCT            Household income, percent of poverty                                     0
                                        CESD10            10-item CESD10                                                           0
                                        STAI10            10-Item State Trait Anxiety Inventory                                    0
                                        PARITY_V1         Number of babies born alive by Visit 1                                   0
                                        PCT_MVPA          Percentage of time spent in moderate-to-vigorous physical activity       0
                                        EMPLOYEDYN        Employment Status (1-yes, 0-no)                                          0
                                        N_HC              Health Insurance Coverage - Current                                      0
                                        CURRENT_SMOKER    Current Smoker (from CIGARETTE_USE)                                      0
                                        INCOME_C2         2-level grouped yearly household income                                  0
                                        ALCOHOL_USE       Alcohol Use (1-Never,2=Former,3=Current)                                 0
                                        YRSUS_C3          Years lived in the US (50 States, 3-levels)                              0
                                        EDUCATION_C3      Education Status (3 levels)                                              0
                                        MARITAL_STATUS    Marital Status (collapsed categories)                                    0
                                        --------------------------------------------------------------------------------------------


---------------------------------------------------------------------------- Imputation Number=4 ----------------------------------------------------------------------------

                                                                                                                                   N
                                        Variable          Label                                                                 Miss
                                        --------------------------------------------------------------------------------------------
                                        WAZ               Weight for age Z-Score - CDC (Child)                                     0
                                        BMI               BMI (kg/m2)                                                              0
                                        ANTA10A           Waist Girth (cm) (ANTA10A)                                               0
                                        AGG_MENT          Aggregate mental health score norm-based transformed                     0
                                        AGG_PHYS          Aggregate physical health score norm-based transformed                   0
                                        HEIGHT            Height (corrected)                                                       0
                                        HEI2010           HEI total score, 0-100                                                   0
                                        POVPCT            Household income, percent of poverty                                     0
                                        CESD10            10-item CESD10                                                           0
                                        STAI10            10-Item State Trait Anxiety Inventory                                    0
                                        PARITY_V1         Number of babies born alive by Visit 1                                   0
                                        PCT_MVPA          Percentage of time spent in moderate-to-vigorous physical activity       0
                                        EMPLOYEDYN        Employment Status (1-yes, 0-no)                                          0
                                        N_HC              Health Insurance Coverage - Current                                      0
                                        CURRENT_SMOKER    Current Smoker (from CIGARETTE_USE)                                      0
                                        INCOME_C2         2-level grouped yearly household income                                  0
                                        ALCOHOL_USE       Alcohol Use (1-Never,2=Former,3=Current)                                 0
                                        YRSUS_C3          Years lived in the US (50 States, 3-levels)                              0
                                        EDUCATION_C3      Education Status (3 levels)                                              0
                                        MARITAL_STATUS    Marital Status (collapsed categories)                                    0
                                        --------------------------------------------------------------------------------------------
                                                                              Imputed variables

---------------------------------------------------------------------------- Imputation Number=5 ----------------------------------------------------------------------------

                                                                             The MEANS Procedure

                                                                                                                                   N
                                        Variable          Label                                                                 Miss
                                        --------------------------------------------------------------------------------------------
                                        WAZ               Weight for age Z-Score - CDC (Child)                                     0
                                        BMI               BMI (kg/m2)                                                              0
                                        ANTA10A           Waist Girth (cm) (ANTA10A)                                               0
                                        AGG_MENT          Aggregate mental health score norm-based transformed                     0
                                        AGG_PHYS          Aggregate physical health score norm-based transformed                   0
                                        HEIGHT            Height (corrected)                                                       0
                                        HEI2010           HEI total score, 0-100                                                   0
                                        POVPCT            Household income, percent of poverty                                     0
                                        CESD10            10-item CESD10                                                           0
                                        STAI10            10-Item State Trait Anxiety Inventory                                    0
                                        PARITY_V1         Number of babies born alive by Visit 1                                   0
                                        PCT_MVPA          Percentage of time spent in moderate-to-vigorous physical activity       0
                                        EMPLOYEDYN        Employment Status (1-yes, 0-no)                                          0
                                        N_HC              Health Insurance Coverage - Current                                      0
                                        CURRENT_SMOKER    Current Smoker (from CIGARETTE_USE)                                      0
                                        INCOME_C2         2-level grouped yearly household income                                  0
                                        ALCOHOL_USE       Alcohol Use (1-Never,2=Former,3=Current)                                 0
                                        YRSUS_C3          Years lived in the US (50 States, 3-levels)                              0
                                        EDUCATION_C3      Education Status (3 levels)                                              0
                                        MARITAL_STATUS    Marital Status (collapsed categories)                                    0
                                        --------------------------------------------------------------------------------------------


---------------------------------------------------------------------------- Imputation Number=6 ----------------------------------------------------------------------------

                                                                                                                                   N
                                        Variable          Label                                                                 Miss
                                        --------------------------------------------------------------------------------------------
                                        WAZ               Weight for age Z-Score - CDC (Child)                                     0
                                        BMI               BMI (kg/m2)                                                              0
                                        ANTA10A           Waist Girth (cm) (ANTA10A)                                               0
                                        AGG_MENT          Aggregate mental health score norm-based transformed                     0
                                        AGG_PHYS          Aggregate physical health score norm-based transformed                   0
                                        HEIGHT            Height (corrected)                                                       0
                                        HEI2010           HEI total score, 0-100                                                   0
                                        POVPCT            Household income, percent of poverty                                     0
                                        CESD10            10-item CESD10                                                           0
                                        STAI10            10-Item State Trait Anxiety Inventory                                    0
                                        PARITY_V1         Number of babies born alive by Visit 1                                   0
                                        PCT_MVPA          Percentage of time spent in moderate-to-vigorous physical activity       0
                                        EMPLOYEDYN        Employment Status (1-yes, 0-no)                                          0
                                        N_HC              Health Insurance Coverage - Current                                      0
                                        CURRENT_SMOKER    Current Smoker (from CIGARETTE_USE)                                      0
                                        INCOME_C2         2-level grouped yearly household income                                  0
                                        ALCOHOL_USE       Alcohol Use (1-Never,2=Former,3=Current)                                 0
                                        YRSUS_C3          Years lived in the US (50 States, 3-levels)                              0
                                        EDUCATION_C3      Education Status (3 levels)                                              0
                                        MARITAL_STATUS    Marital Status (collapsed categories)                                    0
                                        --------------------------------------------------------------------------------------------
                                                                              Imputed variables

---------------------------------------------------------------------------- Imputation Number=7 ----------------------------------------------------------------------------

                                                                             The MEANS Procedure

                                                                                                                                   N
                                        Variable          Label                                                                 Miss
                                        --------------------------------------------------------------------------------------------
                                        WAZ               Weight for age Z-Score - CDC (Child)                                     0
                                        BMI               BMI (kg/m2)                                                              0
                                        ANTA10A           Waist Girth (cm) (ANTA10A)                                               0
                                        AGG_MENT          Aggregate mental health score norm-based transformed                     0
                                        AGG_PHYS          Aggregate physical health score norm-based transformed                   0
                                        HEIGHT            Height (corrected)                                                       0
                                        HEI2010           HEI total score, 0-100                                                   0
                                        POVPCT            Household income, percent of poverty                                     0
                                        CESD10            10-item CESD10                                                           0
                                        STAI10            10-Item State Trait Anxiety Inventory                                    0
                                        PARITY_V1         Number of babies born alive by Visit 1                                   0
                                        PCT_MVPA          Percentage of time spent in moderate-to-vigorous physical activity       0
                                        EMPLOYEDYN        Employment Status (1-yes, 0-no)                                          0
                                        N_HC              Health Insurance Coverage - Current                                      0
                                        CURRENT_SMOKER    Current Smoker (from CIGARETTE_USE)                                      0
                                        INCOME_C2         2-level grouped yearly household income                                  0
                                        ALCOHOL_USE       Alcohol Use (1-Never,2=Former,3=Current)                                 0
                                        YRSUS_C3          Years lived in the US (50 States, 3-levels)                              0
                                        EDUCATION_C3      Education Status (3 levels)                                              0
                                        MARITAL_STATUS    Marital Status (collapsed categories)                                    0
                                        --------------------------------------------------------------------------------------------


---------------------------------------------------------------------------- Imputation Number=8 ----------------------------------------------------------------------------

                                                                                                                                   N
                                        Variable          Label                                                                 Miss
                                        --------------------------------------------------------------------------------------------
                                        WAZ               Weight for age Z-Score - CDC (Child)                                     0
                                        BMI               BMI (kg/m2)                                                              0
                                        ANTA10A           Waist Girth (cm) (ANTA10A)                                               0
                                        AGG_MENT          Aggregate mental health score norm-based transformed                     0
                                        AGG_PHYS          Aggregate physical health score norm-based transformed                   0
                                        HEIGHT            Height (corrected)                                                       0
                                        HEI2010           HEI total score, 0-100                                                   0
                                        POVPCT            Household income, percent of poverty                                     0
                                        CESD10            10-item CESD10                                                           0
                                        STAI10            10-Item State Trait Anxiety Inventory                                    0
                                        PARITY_V1         Number of babies born alive by Visit 1                                   0
                                        PCT_MVPA          Percentage of time spent in moderate-to-vigorous physical activity       0
                                        EMPLOYEDYN        Employment Status (1-yes, 0-no)                                          0
                                        N_HC              Health Insurance Coverage - Current                                      0
                                        CURRENT_SMOKER    Current Smoker (from CIGARETTE_USE)                                      0
                                        INCOME_C2         2-level grouped yearly household income                                  0
                                        ALCOHOL_USE       Alcohol Use (1-Never,2=Former,3=Current)                                 0
                                        YRSUS_C3          Years lived in the US (50 States, 3-levels)                              0
                                        EDUCATION_C3      Education Status (3 levels)                                              0
                                        MARITAL_STATUS    Marital Status (collapsed categories)                                    0
                                        --------------------------------------------------------------------------------------------
                                                                              Imputed variables

---------------------------------------------------------------------------- Imputation Number=9 ----------------------------------------------------------------------------

                                                                             The MEANS Procedure

                                                                                                                                   N
                                        Variable          Label                                                                 Miss
                                        --------------------------------------------------------------------------------------------
                                        WAZ               Weight for age Z-Score - CDC (Child)                                     0
                                        BMI               BMI (kg/m2)                                                              0
                                        ANTA10A           Waist Girth (cm) (ANTA10A)                                               0
                                        AGG_MENT          Aggregate mental health score norm-based transformed                     0
                                        AGG_PHYS          Aggregate physical health score norm-based transformed                   0
                                        HEIGHT            Height (corrected)                                                       0
                                        HEI2010           HEI total score, 0-100                                                   0
                                        POVPCT            Household income, percent of poverty                                     0
                                        CESD10            10-item CESD10                                                           0
                                        STAI10            10-Item State Trait Anxiety Inventory                                    0
                                        PARITY_V1         Number of babies born alive by Visit 1                                   0
                                        PCT_MVPA          Percentage of time spent in moderate-to-vigorous physical activity       0
                                        EMPLOYEDYN        Employment Status (1-yes, 0-no)                                          0
                                        N_HC              Health Insurance Coverage - Current                                      0
                                        CURRENT_SMOKER    Current Smoker (from CIGARETTE_USE)                                      0
                                        INCOME_C2         2-level grouped yearly household income                                  0
                                        ALCOHOL_USE       Alcohol Use (1-Never,2=Former,3=Current)                                 0
                                        YRSUS_C3          Years lived in the US (50 States, 3-levels)                              0
                                        EDUCATION_C3      Education Status (3 levels)                                              0
                                        MARITAL_STATUS    Marital Status (collapsed categories)                                    0
                                        --------------------------------------------------------------------------------------------


--------------------------------------------------------------------------- Imputation Number=10 ----------------------------------------------------------------------------

                                                                                                                                   N
                                        Variable          Label                                                                 Miss
                                        --------------------------------------------------------------------------------------------
                                        WAZ               Weight for age Z-Score - CDC (Child)                                     0
                                        BMI               BMI (kg/m2)                                                              0
                                        ANTA10A           Waist Girth (cm) (ANTA10A)                                               0
                                        AGG_MENT          Aggregate mental health score norm-based transformed                     0
                                        AGG_PHYS          Aggregate physical health score norm-based transformed                   0
                                        HEIGHT            Height (corrected)                                                       0
                                        HEI2010           HEI total score, 0-100                                                   0
                                        POVPCT            Household income, percent of poverty                                     0
                                        CESD10            10-item CESD10                                                           0
                                        STAI10            10-Item State Trait Anxiety Inventory                                    0
                                        PARITY_V1         Number of babies born alive by Visit 1                                   0
                                        PCT_MVPA          Percentage of time spent in moderate-to-vigorous physical activity       0
                                        EMPLOYEDYN        Employment Status (1-yes, 0-no)                                          0
                                        N_HC              Health Insurance Coverage - Current                                      0
                                        CURRENT_SMOKER    Current Smoker (from CIGARETTE_USE)                                      0
                                        INCOME_C2         2-level grouped yearly household income                                  0
                                        ALCOHOL_USE       Alcohol Use (1-Never,2=Former,3=Current)                                 0
                                        YRSUS_C3          Years lived in the US (50 States, 3-levels)                              0
                                        EDUCATION_C3      Education Status (3 levels)                                              0
                                        MARITAL_STATUS    Marital Status (collapsed categories)                                    0
                                        --------------------------------------------------------------------------------------------
                                                                              Imputed variables

                                            Obs    _Imputation_    Variable        N       MIN        MAX        MEAN       STD

                                              1          1         AGG_MENT       291     9.2882     70.563    47.3150    11.1528
                                              2          2         AGG_MENT       291     9.2882     70.563    47.2738    11.1844
                                              3          3         AGG_MENT       291     9.2882     70.563    47.3910    11.1601
                                              4          4         AGG_MENT       291     9.2882     70.563    47.3116    11.1528
                                              5          5         AGG_MENT       291     9.2882     70.563    47.2921    11.1638
                                              6          6         AGG_MENT       291     9.2882     70.563    47.3158    11.1764
                                              7          7         AGG_MENT       291     9.2882     70.563    47.3214    11.1613
                                              8          8         AGG_MENT       291     9.2882     70.563    47.3273    11.1502
                                              9          9         AGG_MENT       291     9.2882     70.563    47.3775    11.1608
                                             10         10         AGG_MENT       291     9.2882     70.563    47.2271    11.2510
                                             11          1         AGG_PHYS       291    33.1724     65.029    53.0021     6.0078
                                             12          2         AGG_PHYS       291    33.1724     65.029    53.0564     6.0375
                                             13          3         AGG_PHYS       291    33.1724     65.029    52.9854     5.9992
                                             14          4         AGG_PHYS       291    33.1724     65.029    53.0457     6.0192
                                             15          5         AGG_PHYS       291    33.1724     65.029    52.9977     6.0245
                                             16          6         AGG_PHYS       291    33.1724     65.029    53.0050     6.0342
                                             17          7         AGG_PHYS       291    33.1724     65.029    52.9561     6.0204
                                             18          8         AGG_PHYS       291    33.1724     65.029    52.9698     6.0390
                                             19          9         AGG_PHYS       291    33.1724     65.029    53.0144     6.0081
                                             20         10         AGG_PHYS       291    33.1724     65.029    52.9952     5.9983
                                             21          1         ALCOHOL_USE    291     1.0000      3.000     2.2646     0.7892
                                             22          2         ALCOHOL_USE    291     1.0000      3.000     2.2715     0.7869
                                             23          3         ALCOHOL_USE    291     1.0000      3.000     2.2646     0.7892
                                             24          4         ALCOHOL_USE    291     1.0000      3.000     2.2646     0.7892
                                             25          5         ALCOHOL_USE    291     1.0000      3.000     2.2646     0.7892
                                             26          6         ALCOHOL_USE    291     1.0000      3.000     2.2715     0.7869
                                             27          7         ALCOHOL_USE    291     1.0000      3.000     2.2680     0.7859
                                             28          8         ALCOHOL_USE    291     1.0000      3.000     2.2715     0.7869
                                             29          9         ALCOHOL_USE    291     1.0000      3.000     2.2715     0.7869
                                             30         10         ALCOHOL_USE    291     1.0000      3.000     2.2715     0.7869
                                             31          1         ANTA10A        291    64.0000    146.000    91.8869    13.8867
                                             32          2         ANTA10A        291    64.0000    146.000    91.8646    13.8738
                                             33          3         ANTA10A        291    64.0000    146.000    91.8905    13.8897
                                             34          4         ANTA10A        291    64.0000    146.000    91.8501    13.8710
                                             35          5         ANTA10A        291    64.0000    146.000    91.8441    13.8712
                                             36          6         ANTA10A        291    64.0000    146.000    91.8678    13.8750
                                             37          7         ANTA10A        291    64.0000    146.000    91.8504    13.8710
                                             38          8         ANTA10A        291    64.0000    146.000    91.8949    13.8938
                                             39          9         ANTA10A        291    64.0000    146.000    91.8499    13.8710
                                             40         10         ANTA10A        291    64.0000    146.000    91.9119    13.9133
                                             41          1         BMI            291    17.1029     57.194    27.9322     6.2662
                                             42          2         BMI            291    17.1029     57.194    27.9105     6.2648
                                             43          3         BMI            291    17.1029     57.194    27.9348     6.2634
                                             44          4         BMI            291    17.1029     57.194    27.9218     6.2559
                                             45          5         BMI            291    17.1029     57.194    27.9267     6.2741
                                             46          6         BMI            291    17.1029     57.194    27.9026     6.2472
                                             47          7         BMI            291    17.1029     57.194    27.9286     6.2583
                                             48          8         BMI            291    17.1029     57.194    27.9093     6.2495
                                             49          9         BMI            291    17.1029     57.194    27.9050     6.2612
                                             50         10         BMI            291    17.1029     57.194    27.9248     6.2555
                                             51          1         CESD10         291     0.0000     26.000     6.6891     5.4702
                                             52          2         CESD10         291     0.0000     26.000     6.7251     5.4658
                                             53          3         CESD10         291     0.0000     26.000     6.7209     5.4457
                                             54          4         CESD10         291     0.0000     26.000     6.7118     5.4550
                                             55          5         CESD10         291     0.0000     26.000     6.7472     5.4949
                                                                              Imputed variables

                                          Obs    _Imputation_    Variable           N         MIN      MAX         MEAN      STD

                                           56          6         CESD10            291      0.000     26.000      6.746     5.4505
                                           57          7         CESD10            291      0.000     26.000      6.707     5.4779
                                           58          8         CESD10            291      0.000     26.000      6.718     5.4626
                                           59          9         CESD10            291      0.000     26.000      6.741     5.4717
                                           60         10         CESD10            291      0.000     26.000      6.757     5.4621
                                           61          1         CURRENT_SMOKER    291      0.000      1.000      0.113     0.3176
                                           62          2         CURRENT_SMOKER    291      0.000      1.000      0.113     0.3176
                                           63          3         CURRENT_SMOKER    291      0.000      1.000      0.113     0.3176
                                           64          4         CURRENT_SMOKER    291      0.000      1.000      0.117     0.3218
                                           65          5         CURRENT_SMOKER    291      0.000      1.000      0.117     0.3218
                                           66          6         CURRENT_SMOKER    291      0.000      1.000      0.117     0.3218
                                           67          7         CURRENT_SMOKER    291      0.000      1.000      0.113     0.3176
                                           68          8         CURRENT_SMOKER    291      0.000      1.000      0.113     0.3176
                                           69          9         CURRENT_SMOKER    291      0.000      1.000      0.113     0.3176
                                           70         10         CURRENT_SMOKER    291      0.000      1.000      0.117     0.3218
                                           71          1         EDUCATION_C3      291      1.000      3.000      2.124     0.8127
                                           72          2         EDUCATION_C3      291      1.000      3.000      2.127     0.8143
                                           73          3         EDUCATION_C3      291      1.000      3.000      2.127     0.8143
                                           74          4         EDUCATION_C3      291      1.000      3.000      2.124     0.8127
                                           75          5         EDUCATION_C3      291      1.000      3.000      2.127     0.8143
                                           76          6         EDUCATION_C3      291      1.000      3.000      2.124     0.8127
                                           77          7         EDUCATION_C3      291      1.000      3.000      2.127     0.8143
                                           78          8         EDUCATION_C3      291      1.000      3.000      2.127     0.8143
                                           79          9         EDUCATION_C3      291      1.000      3.000      2.127     0.8143
                                           80         10         EDUCATION_C3      291      1.000      3.000      2.127     0.8143
                                           81          1         EMPLOYEDYN        291      0.000      1.000      0.519     0.5005
                                           82          2         EMPLOYEDYN        291      0.000      1.000      0.519     0.5005
                                           83          3         EMPLOYEDYN        291      0.000      1.000      0.522     0.5004
                                           84          4         EMPLOYEDYN        291      0.000      1.000      0.522     0.5004
                                           85          5         EMPLOYEDYN        291      0.000      1.000      0.515     0.5006
                                           86          6         EMPLOYEDYN        291      0.000      1.000      0.519     0.5005
                                           87          7         EMPLOYEDYN        291      0.000      1.000      0.512     0.5007
                                           88          8         EMPLOYEDYN        291      0.000      1.000      0.519     0.5005
                                           89          9         EMPLOYEDYN        291      0.000      1.000      0.526     0.5002
                                           90         10         EMPLOYEDYN        291      0.000      1.000      0.515     0.5006
                                           91          1         HEI2010           291     13.519     95.894     56.151    13.9641
                                           92          2         HEI2010           291     13.519     95.894     56.236    13.9306
                                           93          3         HEI2010           291     13.519     95.894     56.209    13.9247
                                           94          4         HEI2010           291     13.519     95.894     56.241    13.9330
                                           95          5         HEI2010           291     13.519     95.894     56.216    13.9247
                                           96          6         HEI2010           291     13.519     95.894     56.190    13.9297
                                           97          7         HEI2010           291     13.519     95.894     56.279    13.9706
                                           98          8         HEI2010           291     13.519     95.894     56.202    13.9257
                                           99          9         HEI2010           291     13.519     95.894     56.325    14.0578
                                          100         10         HEI2010           291     13.519     95.894     56.188    13.9304
                                          101          1         HEIGHT            291    144.000    186.045    158.313     6.6348
                                          102          2         HEIGHT            291    144.000    177.000    158.269     6.4964
                                          103          3         HEIGHT            291    144.000    177.000    158.222     6.4470
                                          104          4         HEIGHT            291    144.000    177.000    158.166     6.4286
                                          105          5         HEIGHT            291    144.000    177.000    158.200     6.4241
                                          106          6         HEIGHT            291    144.000    177.000    158.206     6.4293
                                          107          7         HEIGHT            291    144.000    177.000    158.253     6.4600
                                          108          8         HEIGHT            291    144.000    177.000    158.231     6.4390
                                          109          9         HEIGHT            291    144.000    177.000    158.261     6.4901
                                          110         10         HEIGHT            291    144.000    177.000    158.237     6.4401
                                                                              Imputed variables

                                          Obs    _Imputation_    Variable           N       MIN        MAX         MEAN        STD

                                          111          1         INCOME_C2         291     1.0000      2.000      1.296      0.457
                                          112          2         INCOME_C2         291     1.0000      2.000      1.316      0.466
                                          113          3         INCOME_C2         291     1.0000      2.000      1.313      0.464
                                          114          4         INCOME_C2         291     1.0000      2.000      1.326      0.470
                                          115          5         INCOME_C2         291     1.0000      2.000      1.302      0.460
                                          116          6         INCOME_C2         291     1.0000      2.000      1.309      0.463
                                          117          7         INCOME_C2         291     1.0000      2.000      1.320      0.467
                                          118          8         INCOME_C2         291     1.0000      2.000      1.320      0.467
                                          119          9         INCOME_C2         291     1.0000      2.000      1.306      0.462
                                          120         10         INCOME_C2         291     1.0000      2.000      1.309      0.463
                                          121          1         MARITAL_STATUS    291     1.0000      3.000      1.598      0.593
                                          122          2         MARITAL_STATUS    291     1.0000      3.000      1.591      0.588
                                          123          3         MARITAL_STATUS    291     1.0000      3.000      1.591      0.588
                                          124          4         MARITAL_STATUS    291     1.0000      3.000      1.598      0.593
                                          125          5         MARITAL_STATUS    291     1.0000      3.000      1.598      0.593
                                          126          6         MARITAL_STATUS    291     1.0000      3.000      1.591      0.588
                                          127          7         MARITAL_STATUS    291     1.0000      3.000      1.591      0.588
                                          128          8         MARITAL_STATUS    291     1.0000      3.000      1.591      0.588
                                          129          9         MARITAL_STATUS    291     1.0000      3.000      1.591      0.588
                                          130         10         MARITAL_STATUS    291     1.0000      3.000      1.591      0.588
                                          131          1         N_HC              291     0.0000      1.000      0.474      0.500
                                          132          2         N_HC              291     0.0000      1.000      0.471      0.500
                                          133          3         N_HC              291     0.0000      1.000      0.471      0.500
                                          134          4         N_HC              291     0.0000      1.000      0.474      0.500
                                          135          5         N_HC              291     0.0000      1.000      0.474      0.500
                                          136          6         N_HC              291     0.0000      1.000      0.474      0.500
                                          137          7         N_HC              291     0.0000      1.000      0.474      0.500
                                          138          8         N_HC              291     0.0000      1.000      0.471      0.500
                                          139          9         N_HC              291     0.0000      1.000      0.474      0.500
                                          140         10         N_HC              291     0.0000      1.000      0.474      0.500
                                          141          1         PARITY_V1         291     0.0000      6.000      1.196      1.200
                                          142          2         PARITY_V1         291     0.0000      6.000      1.196      1.200
                                          143          3         PARITY_V1         291     0.0000      6.000      1.196      1.200
                                          144          4         PARITY_V1         291     0.0000      6.000      1.199      1.204
                                          145          5         PARITY_V1         291     0.0000      6.000      1.196      1.200
                                          146          6         PARITY_V1         291     0.0000      6.000      1.192      1.199
                                          147          7         PARITY_V1         291     0.0000      6.000      1.192      1.199
                                          148          8         PARITY_V1         291     0.0000      6.000      1.192      1.199
                                          149          9         PARITY_V1         291     0.0000      6.000      1.192      1.199
                                          150         10         PARITY_V1         291     0.0000      6.000      1.206      1.220
                                          151          1         PCT_MVPA          291     0.0224      9.448      1.500      1.376
                                          152          2         PCT_MVPA          291     0.0056      9.448      1.663      1.448
                                          153          3         PCT_MVPA          291     0.0249      9.448      1.595      1.443
                                          154          4         PCT_MVPA          291     0.0249      9.448      1.570      1.413
                                          155          5         PCT_MVPA          291     0.0249      9.448      1.577      1.468
                                          156          6         PCT_MVPA          291     0.0058      9.448      1.578      1.454
                                          157          7         PCT_MVPA          291     0.0249      9.448      1.527      1.435
                                          158          8         PCT_MVPA          291     0.0234      9.448      1.523      1.394
                                          159          9         PCT_MVPA          291     0.0032      9.448      1.591      1.445
                                          160         10         PCT_MVPA          291     0.0249      9.448      1.564      1.467
                                          161          1         POVPCT            291    14.9575    715.000    125.265    100.327
                                          162          2         POVPCT            291    11.1378    715.000    127.151     98.965
                                          163          3         POVPCT            291     7.1119    715.000    124.115     98.839
                                          164          4         POVPCT            291     1.0594    715.000    125.777     99.548
                                          165          5         POVPCT            291     0.0552    715.000    120.851     95.170
                                                                              Imputed variables

                                             Obs    _Imputation_    Variable     N        MIN        MAX         MEAN        STD

                                             166          6         POVPCT      291      9.4956    715.000    124.364     97.774
                                             167          7         POVPCT      291     10.5325    715.000    125.885     97.709
                                             168          8         POVPCT      291     15.0000    715.000    125.259     96.727
                                             169          9         POVPCT      291      7.1315    715.000    124.987     96.717
                                             170         10         POVPCT      291     13.1745    715.000    126.250    100.657
                                             171          1         STAI10      291      5.9899     33.000     17.569      5.674
                                             172          2         STAI10      291      8.0757     33.000     17.493      5.641
                                             173          3         STAI10      291      5.1957     33.000     17.532      5.662
                                             174          4         STAI10      291      9.1363     33.000     17.520      5.659
                                             175          5         STAI10      291      8.0506     33.000     17.567      5.690
                                             176          6         STAI10      291      5.7878     33.000     17.529      5.731
                                             177          7         STAI10      291      6.2968     33.000     17.450      5.680
                                             178          8         STAI10      291      9.5190     33.000     17.502      5.702
                                             179          9         STAI10      291     10.0000     33.000     17.505      5.638
                                             180         10         STAI10      291      8.4312     33.000     17.533      5.668
                                             181          1         WAZ         291     -2.2716      4.625      0.727      1.235
                                             182          2         WAZ         291     -2.2716      4.625      0.735      1.240
                                             183          3         WAZ         291     -2.2716      4.625      0.713      1.232
                                             184          4         WAZ         291     -2.5499      4.625      0.752      1.309
                                             185          5         WAZ         291     -2.2716      5.169      0.803      1.346
                                             186          6         WAZ         291     -3.8987      4.625      0.678      1.347
                                             187          7         WAZ         291     -3.0185      4.625      0.690      1.298
                                             188          8         WAZ         291     -3.3690      4.691      0.649      1.279
                                             189          9         WAZ         291     -3.3775      4.625      0.677      1.279
                                             190         10         WAZ         291     -2.6800      6.108      0.700      1.300
                                             191          1         YRSUS_C3    291      1.0000      3.000      1.790      0.793
                                             192          2         YRSUS_C3    291      1.0000      3.000      1.790      0.793
                                             193          3         YRSUS_C3    291      1.0000      3.000      1.794      0.796
                                             194          4         YRSUS_C3    291      1.0000      3.000      1.794      0.796
                                             195          5         YRSUS_C3    291      1.0000      3.000      1.794      0.796
                                             196          6         YRSUS_C3    291      1.0000      3.000      1.794      0.796
                                             197          7         YRSUS_C3    291      1.0000      3.000      1.790      0.793
                                             198          8         YRSUS_C3    291      1.0000      3.000      1.794      0.796
                                             199          9         YRSUS_C3    291      1.0000      3.000      1.797      0.794
                                             200         10         YRSUS_C3    291      1.0000      3.000      1.794      0.796
                                                                              Imputed variables

                                                                             The FREQ Procedure

                                                                      Table of ACCULT_MESA by YRSUS_C3

                                                                ACCULT_MESA(Acculturation Score - MESA)
                                                                          YRSUS_C3(Years lived in the US (50 States, 3-levels))

                                                                Frequency|       1|       2|       3|  Total
                                                                ---------+--------+--------+--------+
                                                                       0 |     95 |      0 |      0 |     95
                                                                ---------+--------+--------+--------+
                                                                     0.5 |     20 |      0 |      0 |     20
                                                                ---------+--------+--------+--------+
                                                                       1 |     11 |     36 |      0 |     47
                                                                ---------+--------+--------+--------+
                                                                     1.5 |      0 |     24 |      0 |     24
                                                                ---------+--------+--------+--------+
                                                                       2 |      0 |     19 |      0 |     19
                                                                ---------+--------+--------+--------+
                                                                     2.5 |      0 |      6 |      0 |      6
                                                                ---------+--------+--------+--------+
                                                                       3 |      0 |      8 |     11 |     19
                                                                ---------+--------+--------+--------+
                                                                     3.5 |      0 |      2 |      7 |      9
                                                                ---------+--------+--------+--------+
                                                                       4 |      0 |      0 |     26 |     26
                                                                ---------+--------+--------+--------+
                                                                     4.5 |      0 |      0 |     10 |     10
                                                                ---------+--------+--------+--------+
                                                                       5 |      0 |      0 |     12 |     12
                                                                ---------+--------+--------+--------+
                                                                Total         126       95       66      287

                                                                            Frequency Missing = 4
                                                                              Imputed variables

                                                                              The REG Procedure
                                                                                Model: MODEL1
                                                        Dependent Variable: WAZ Weight for age Z-Score - CDC (Child)

                                                           Number of Observations Read                        291
                                                           Number of Observations Used                        139
                                                           Number of Observations with Missing Values         152


                                                                            Analysis of Variance
 
                                                                                   Sum of           Mean
                                               Source                   DF        Squares         Square    F Value    Pr > F

                                               Model                    25       59.83589        2.39344       1.91    0.0116
                                               Error                   113      141.39789        1.25131                     
                                               Corrected Total         138      201.23379                                    


                                                            Root MSE              1.11862    R-Square     0.2973
                                                            Dependent Mean        0.67699    Adj R-Sq     0.1419
                                                            Coeff Var           165.23313                       


                                                                             Parameter Estimates
 
                                                                                      Parameter       Standard                              Variance
                         Variable           Label                             DF       Estimate          Error    t Value    Pr > |t|      Inflation

                         Intercept          Intercept                          1      -10.30793        3.13425      -3.29      0.0013              0
                         ACCULT_MESA        Acculturation Score - MESA         1       -0.25253        0.20292      -1.24      0.2159       10.84139
                         CENTERNUM          Participant's Field Center -       1       -0.01510        0.10373      -0.15      0.8845        1.51981
                                            numeric                             
                         YRS_BTWN_V1FLOR    Elapsed time in years between      1        0.08521        0.08729       0.98      0.3311        1.44197
                                            visit 1 and FLOR clinic date        
                         BKGRD1_C7NOMISS    7-Level Re-classification of       1       -0.00149        0.08777      -0.02      0.9865        1.53298
                                            Hispanic/Latino Background          
                                            (Combining Missing with             
                                            Mixed/Other)                        
                         AGE                Age                                1        0.01358        0.02493       0.54      0.5869        2.27852
                         INCOME_C2          2-level grouped yearly             1        0.04806        0.29223       0.16      0.8697        1.97276
                                            household income                    
                         LANG_PREF          Language preference - (1=Span,     1        0.02167        0.36046       0.06      0.9522        2.61313
                                            2=Eng)                              
                         PARITY_V1          Number of babies born alive by     1       -0.06164        0.12802      -0.48      0.6311        2.26798
                                            Visit 1                             
                         POVPCT             Household income, percent of       1       -0.00209        0.00176      -1.19      0.2368        2.38526
                                            poverty                             
                         MARITAL_STATUS     Marital Status (collapsed          1        0.05554        0.20265       0.27      0.7845        1.47375
                                            categories)                         
                         EMPLOYEDYN         Employment Status (1-yes,          1        0.09420        0.23566       0.40      0.6901        1.53835
                                            0-no)                               
                         EDUCATION_C3       Education Status (3 levels)        1       -0.16563        0.14620      -1.13      0.2597        1.48477
                         YRSUS_C3           Years lived in the US (50          1        0.64401        0.35188       1.83      0.0699        7.92473
                                            States, 3-levels)                   
                         N_HC               Health Insurance Coverage -        1        0.25353        0.23600       1.07      0.2850        1.53322
                                            Current                             
                                                                              Imputed variables

                                                                              The REG Procedure
                                                                                Model: MODEL1
                                                        Dependent Variable: WAZ Weight for age Z-Score - CDC (Child)

                                                                             Parameter Estimates
 
                                                                                      Parameter       Standard                              Variance
                         Variable           Label                             DF       Estimate          Error    t Value    Pr > |t|      Inflation

                         BMI                BMI (kg/m2)                        1        0.13522        0.04117       3.28      0.0014        7.49990
                         ANTA10A            Waist Girth (cm) (ANTA10A)         1       -0.03379        0.02002      -1.69      0.0942        7.96687
                         HEIGHT             Height (corrected)                 1        0.06044        0.01807       3.35      0.0011        1.47366
                         AGG_MENT           Aggregate mental health score      1       -0.00376        0.01235      -0.30      0.7612        2.19350
                                            norm-based transformed              
                         AGG_PHYS           Aggregate physical health          1       -0.01332        0.01908      -0.70      0.4864        1.43822
                                            score norm-based transformed        
                         CESD10             10-item CESD10                     1        0.02361        0.02963       0.80      0.4272        3.13128
                         STAI10             10-Item State Trait Anxiety        1       -0.02546        0.02871      -0.89      0.3771        3.20013
                                            Inventory                           
                         CURRENT_SMOKER     Current Smoker (from               1       -0.29029        0.36849      -0.79      0.4325        1.36621
                                            CIGARETTE_USE)                      
                         HEI2010            HEI total score, 0-100             1        0.00405        0.00820       0.49      0.6219        1.32864
                         ALCOHOL_USE        Alcohol Use                        1       -0.04694        0.13660      -0.34      0.7317        1.20312
                                            (1-Never,2=Former,3=Current)        
                         PCT_MVPA           Percentage of time spent in        1        0.07019        0.07400       0.95      0.3449        1.34773
                                            moderate-to-vigorous physical       
                                            activity                            


                                                                          Collinearity Diagnostics
 
                                        -----------------------------------------------------Proportion of Variation----------------------------------------------------
                             Condition                                           YRS_BTWN_      BKGRD1_
      Number   Eigenvalue        Index    Intercept  ACCULT_MESA    CENTERNUM       V1FLOR     C7NOMISS          AGE    INCOME_C2    LANG_PREF    PARITY_V1       POVPCT

           1     20.65185      1.00000   0.00000213   0.00006086   0.00021617   0.00002270   0.00025832   0.00003898   0.00011828   0.00008725   0.00025672   0.00023317
           2      1.03818      4.46009   0.00000204      0.00780      0.00135   0.00003316   0.00064928   0.00018159   0.00021164   0.00063679      0.00153      0.00101
           3      0.78528      5.12823   0.00000154      0.00759   0.00004328   0.00000911   0.00006343   0.00015789   0.00065482   0.00058671      0.01808      0.01538
           4      0.64340      5.66551  2.407249E-8      0.00694      0.00361   0.00001143      0.00441   0.00000160      0.00165   0.00084338      0.03163      0.02227
           5      0.60184      5.85787  3.404471E-8      0.00248      0.00108   0.00000111   0.00014078   0.00014553   0.00000339   0.00003612      0.09699      0.00153
           6      0.47045      6.62556   0.00000225      0.01919  2.592352E-9   0.00000442      0.00825   0.00008503      0.00163   0.00069934   0.00000139      0.00251
           7      0.40106      7.17590  5.010963E-7      0.00602      0.00789   0.00001148      0.03002   0.00001214   0.00048046   0.00043541      0.00598   0.00004484
           8      0.35689      7.60697  5.437391E-7   0.00074998      0.02613   0.00009444      0.00220   0.00033643      0.00364   0.00002705      0.07526      0.05385
           9      0.24317      9.21554   0.00002703      0.00467      0.02031   0.00005934      0.05541   0.00003665      0.01180   0.00023683      0.16195      0.25269
          10      0.14382     11.98323   0.00002206      0.00459      0.09473   0.00029957      0.54473   0.00045543      0.00999   0.00000638      0.00531      0.02009
          11      0.13149     12.53235   0.00004494   0.00005656      0.42633   0.00064572      0.03128   0.00008047      0.00326      0.00324      0.06317      0.00383
          12      0.09609     14.65999   0.00002786   0.00075980      0.00496   0.00000108      0.03236      0.00267      0.00303   0.00073727      0.06199   0.00000325
          13      0.08688     15.41814   0.00000282   0.00006188      0.03329   0.00000459      0.01518      0.00104      0.00774   0.00003841      0.02681      0.00427
          14      0.07197     16.93940   0.00004960      0.01312      0.02258      0.00276      0.03526      0.00659      0.11218      0.01673      0.00600      0.00642
          15      0.05737     18.97253   0.00000331      0.00144      0.01028      0.00161      0.03738   0.00097455      0.02842      0.11750      0.00198      0.03682
          16      0.04808     20.72591   0.00005471      0.00582      0.02883   0.00001564      0.03490      0.00372      0.58456      0.08980      0.00202      0.33201
          17      0.04389     21.69271   0.00000425      0.00254      0.11002   0.00021963      0.02869      0.00142      0.03172      0.30862      0.00225      0.05152
          18      0.03465     24.41225   0.00014716      0.00753      0.02160   0.00003684   0.00007662      0.00250      0.05810      0.11863      0.00690      0.08888
          19      0.02564     28.37877   0.00019387      0.00289      0.03146      0.02195      0.06060      0.07632      0.05593      0.11945      0.11290      0.01764
          20      0.02120     31.20828      0.00188      0.05898      0.08962      0.02497      0.00241      0.06740      0.01514      0.01612      0.01752      0.01022
          21      0.01669     35.18004   0.00005674      0.00976      0.00487      0.08717      0.00895      0.55605      0.03987   0.00070850      0.10361      0.00859
          22      0.01418     38.16663   0.00053414      0.59979      0.00155      0.16960      0.00850      0.03580      0.00118      0.11771      0.02367      0.01000
                                                                              Imputed variables

                                                                              The REG Procedure
                                                                                Model: MODEL1
                                                        Dependent Variable: WAZ Weight for age Z-Score - CDC (Child)

                                                                          Collinearity Diagnostics
 
                                        -----------------------------------------------------Proportion of Variation----------------------------------------------------
                             Condition                                           YRS_BTWN_      BKGRD1_
      Number   Eigenvalue        Index    Intercept  ACCULT_MESA    CENTERNUM       V1FLOR     C7NOMISS          AGE    INCOME_C2    LANG_PREF    PARITY_V1       POVPCT

          23      0.01045     44.44550   0.00014161      0.21301      0.00581      0.27383      0.00162      0.12390      0.00271      0.08580      0.03969      0.01040
          24      0.00317     80.72380      0.02477      0.00198      0.01752      0.25410      0.04338      0.03585      0.00421      0.00116      0.01862      0.00202
          25      0.00173    109.14024      0.12906      0.00161      0.02713      0.15647      0.00409      0.08357      0.01697   0.00014945      0.11249      0.02248
          26   0.00056972    190.39174      0.84298      0.02056      0.00880      0.00605      0.00918   0.00065246      0.00479   0.00000648      0.00340      0.02530

                                                                          Collinearity Diagnostics
 
              ------------------------------------------------------------------Proportion of Variation-----------------------------------------------------------------
                 MARITAL_                EDUCATION_
      Number       STATUS   EMPLOYEDYN           C3     YRSUS_C3         N_HC          BMI      ANTA10A       HEIGHT     AGG_MENT     AGG_PHYS       CESD10       STAI10

           1   0.00014151   0.00039240   0.00017056   0.00004024   0.00040808   0.00001415   0.00000587   0.00000256   0.00005546   0.00001990   0.00018202   0.00006488
           2      0.00143      0.00795   0.00003807   0.00054177      0.01459   0.00001092   0.00000480   0.00000163   0.00002023   0.00002432   0.00014910   0.00004998
           3   0.00036728      0.01080      0.00142   0.00067889      0.10897   0.00001864   0.00000590   0.00000153   0.00013503   0.00002073      0.02512      0.00149
           4   0.00007051      0.13492   0.00043543   0.00074882      0.02536   0.00000403  4.217094E-7  6.438974E-9   0.00008530  5.283172E-7      0.00317   0.00026913
           5      0.00131      0.01676   0.00000992   0.00021538      0.04812   0.00006359   0.00001459  1.558508E-7   0.00028666  1.670936E-7      0.01208   0.00053621
           6      0.00124      0.02418      0.00312      0.00155      0.06286   0.00003126   0.00000576   0.00000291   0.00097572   0.00005833      0.04305      0.00159
           7      0.00116      0.03557      0.00187      0.00116      0.31484   0.00003487   1.12092E-7  5.510268E-7      0.00116   0.00003729      0.09668      0.00295
           8   0.00004972      0.40414   0.00058447   0.00003344      0.00133   0.00004377   0.00000277   0.00000161   0.00001354   4.88472E-7      0.01703   0.00026353
           9   0.00000239      0.00300      0.00544   0.00009269      0.04170   0.00012184   0.00007118   0.00003143   0.00059615   0.00026574      0.00805   0.00000291
          10      0.01871      0.02638      0.00926      0.00371      0.08523   0.00066438   0.00014396   0.00002233      0.00452   0.00009244      0.01099   0.00000633
          11      0.04161      0.02803      0.06715   0.00001537      0.13077      0.00143   0.00024355   0.00005772      0.00479   0.00012935      0.01076      0.00200
          12      0.03642      0.00430      0.56247      0.00115      0.04176      0.00213   0.00037810   0.00003229      0.00657   0.00003775      0.03248      0.02308
          13      0.07723   0.00053017      0.00266      0.00154      0.00931   0.00002260  4.948656E-7   0.00000346      0.00646   0.00033086      0.00430      0.00179
          14      0.48874      0.01638      0.01256      0.00126      0.00200      0.00515   0.00080793   0.00003620      0.00777   0.00000517   0.00000830   0.00019424
          15   0.00010817      0.04740      0.00673   0.00073078      0.00121      0.03809      0.00584   0.00000703      0.00154      0.00434      0.01336      0.02684
          16      0.01275      0.00888      0.03309      0.00980   0.00007572   0.00000683   0.00001274   0.00008623      0.05413   0.00044389      0.01119      0.00476
          17      0.04434      0.01641      0.00203      0.02478      0.00745   0.00008312   0.00000702   0.00000251      0.01649   0.00004292      0.04713      0.01762
          18      0.00472   0.00088883      0.02775      0.00787      0.00522      0.01147      0.00214   0.00003201      0.28000  2.447073E-7      0.43417      0.16457
          19      0.01099   0.00024867      0.09528      0.00630      0.00784      0.01916   0.00053623   0.00033506      0.10094   0.00066737      0.05278      0.33879
          20      0.10779      0.02874      0.07374      0.08432      0.00810      0.00652   0.00008926      0.00276      0.10134      0.11923      0.00253      0.04801
          21      0.14016      0.15809   0.00001293      0.00746      0.00281      0.00198   0.00084297   0.00003267      0.04559      0.00702      0.08692      0.27624
          22   0.00002431   0.00000118      0.04802      0.62932      0.00851   0.00027913   0.00000189      0.00152      0.01442   0.00031093      0.02388      0.00258
          23      0.00759      0.00229      0.02800      0.18518      0.00566   0.00081447   0.00092854   0.00030096      0.01089      0.36374   0.00044963      0.01701
          24      0.00198      0.00534      0.00710      0.00281      0.01739      0.28348      0.18196      0.10795      0.16902      0.32005   0.00003169      0.06849
          25   0.00076640      0.00240      0.00959   0.00009657      0.04026      0.46337      0.66355      0.06410      0.10267      0.17043      0.02621   0.00045285
          26   0.00028201      0.01597      0.00147      0.02858      0.00821      0.16500      0.14242      0.82269      0.06954      0.01270      0.03730   0.00036898

                                                                          Collinearity Diagnostics
 
                                                               -----------------Proportion of Variation----------------
                                                                  CURRENT_
                                                       Number       SMOKER        HEI2010    ALCOHOL_USE       PCT_MVPA

                                                            1   0.00018522     0.00008387     0.00018069     0.00043698
                                                            2      0.38453     0.00040545     0.00005148        0.00502
                                                            3      0.11029     0.00019722     0.00053030        0.01632
                                                                              Imputed variables

                                                                              The REG Procedure
                                                                                Model: MODEL1
                                                        Dependent Variable: WAZ Weight for age Z-Score - CDC (Child)

                                                                          Collinearity Diagnostics
 
                                                               -----------------Proportion of Variation----------------
                                                                  CURRENT_
                                                       Number       SMOKER        HEI2010    ALCOHOL_USE       PCT_MVPA

                                                            4      0.17788     0.00001618     0.00026305        0.04278
                                                            5      0.04146     0.00017764     0.00005268        0.24825
                                                            6      0.02445     0.00027895     0.00003180        0.27561
                                                            7      0.00416     0.00008759     0.00002302        0.00455
                                                            8   0.00032172     0.00038581        0.00311        0.05905
                                                            9      0.01053        0.00182        0.00593        0.01945
                                                           10      0.03231        0.00294        0.00605        0.00444
                                                           11      0.00945     0.00035211        0.00237        0.10398
                                                           12      0.00205     0.00002143        0.01429     0.00023931
                                                           13      0.05129        0.00400        0.75319     0.00066260
                                                           14      0.01796        0.00479        0.07225     0.00001472
                                                           15      0.00540        0.10841        0.00420        0.05115
                                                           16   0.00006939        0.02153        0.05879     0.00019457
                                                           17      0.00803        0.34986        0.00129        0.00383
                                                           18   0.00010146        0.00636        0.00504        0.01432
                                                           19      0.00231        0.20718        0.04939     0.00023451
                                                           20      0.00110        0.21901     0.00000163        0.10312
                                                           21      0.02149        0.05291        0.00231        0.02882
                                                           22      0.01213     0.00006244     0.00093557        0.00303
                                                           23      0.01415        0.00394        0.00597        0.00109
                                                           24      0.00583        0.01423        0.00793        0.00173
                                                           25      0.01714     0.00025519        0.00450        0.00592
                                                           26      0.04539     0.00070250        0.00131        0.00575
                                                                              Imputed variables

                                                                             The MEANS Procedure

 Variable         Label                                                                                            N          Mean       Std Dev       Minimum       Maximum
 ---------------------------------------------------------------------------------------------------------------------------------------------------------------------------
 WAZ              Weight for age Z-Score - CDC (Child)                                                          2910     0.7124218     1.2856904    -3.8986582     6.1077241
 CENTERNUM        Participant's Field Center - numeric                                                          2910     2.3573883     1.1531588     1.0000000     4.0000000
 YRS_BTWN_V1FLOR  Elapsed time in years between visit 1 and FLOR clinic date                                    2910    10.9415808     1.2176781     6.0643395    13.8179329
 BKGRD1_C7NOMISS  7-Level Re-classification of Hispanic/Latino Background (Combining Missing with Mixed/Other)  2910     2.5189003     1.5047148             0     6.0000000
 AGE              Age                                                                                           2910    27.0068729     5.7970685    18.0000000    41.0000000
 INCOME_C3        3-level grouped yearly household income                                                       2910     1.4639175     0.6694511     1.0000000     3.0000000
 LANG_PREF        Language preference - (1=Span, 2=Eng)                                                         2910     1.2439863     0.4295583     1.0000000     2.0000000
 PARITY_V1        Number of babies born alive by Visit 1                                                        2910     1.1958763     1.2004855             0     6.0000000
 POVPCT           Household income, percent of poverty                                                          2910   124.9903288    98.1182327     0.0551734   715.0000000
 ACCULT_MESA      Acculturation Score - MESA                                                                    2870     1.5452962     1.5993977             0     5.0000000
 MARITAL_STATUS   Marital Status (collapsed categories)                                                         2910     1.5931271     0.5887284     1.0000000     3.0000000
 EMPLOYEDYN       Employment Status (1-yes, 0-no)                                                               2910     0.5189003     0.4997285             0     1.0000000
 EDUCATION_C3     Education Status (3 levels)                                                                   2910     2.1261168     0.8125678     1.0000000     3.0000000
 YRSUS_C3         Years lived in the US (50 States, 3-levels)                                                   2910     1.7931271     0.7934639     1.0000000     3.0000000
 N_HC             Health Insurance Coverage - Current                                                           2910     0.4731959     0.4993668             0     1.0000000
 BMI              BMI (kg/m2)                                                                                   2910    27.9196248     6.2499235    17.1029149    57.1940253
 ANTA10A          Waist Girth (cm) (ANTA10A)                                                                    2910    91.8711150    13.8601881    64.0000000   146.0000000
 HEIGHT           Height (corrected)                                                                            2910   158.2357269     6.4593326   144.0000000   186.0446205
 AGG_MENT         Aggregate mental health score norm-based transformed                                          2910    47.3152695    11.1541890     9.2881741    70.5632113
 AGG_PHYS         Aggregate physical health score norm-based transformed                                        2910    53.0027904     6.0096103    33.1724124    65.0294688
 CESD10           10-item CESD10                                                                                2910     6.7262259     5.4572376             0    26.0000000
 STAI10           10-Item State Trait Anxiety Inventory                                                         2910    17.5200355     5.6658599     5.1956594    33.0000000
 CURRENT_SMOKER   Current Smoker (from CIGARETTE_USE)                                                           2910     0.1147766     0.3188070             0     1.0000000
 HEI2010          HEI total score, 0-100                                                                        2910    56.2236713    13.9276610    13.5185602    95.8936012
 ALCOHOL_USE      Alcohol Use (1-Never,2=Former,3=Current)                                                      2910     2.2683849     0.7864859     1.0000000     3.0000000
 PCT_MVPA         Percentage of time spent in moderate-to-vigorous physical activity                            2910     1.5689270     1.4329940     0.0031983     9.4481949
 ---------------------------------------------------------------------------------------------------------------------------------------------------------------------------
