NOTE: PROCEDURE PRINTTO used (Total process time):
      real time           0.02 seconds
      cpu time            0.00 seconds
      

5          
6          /*********************************************************
7          *                                                         *
8          *  SAS PROGRAM - QC DATASET JOB HC3383 					         *
9          *                                                        *
10         **********************************************************
11         *                                                        *
12         *  PROGRAM NAME: HC338353.sas
13         *
14         *  PROGRAMMER: Álvaro Quijano (AQ)
15         *
16         *  DESCRIPTION: Imputation model
17         				
18         *
19         * ---------------------------------------------------------
20         *
21         *  JOB NUMBER: HC338353
22         *
23         *  PREVIOUS JOB:
24         *
25         *  LANGUAGE: SAS 9.4
26         *
27         *  VERSION CONTROL:
28         					28apr25: Creates the file
29         					13may25: Update input file
2                                                          The SAS System                                15:49 Monday, June 23, 2025

30         					02jun25: Insert child_prs_bmi_a in the imputation model
31         					23jun25: Add slpdur and birthwt_ga_z to the model
32         	
33         * ----------------------------------------------------------
34         *
35         *  INPUT:
36         *
37         *  OUTPUT:
38         *
39         **********************************************************/
40         options orientation = landscape nodate formchar = "|----|+|---+=|-/\<>*" nonumber PS=59 LS=173;
41         ods escapechar '^';
42         
43         
44         * Set libraries name;
45         libname data "&homepath.\data";
NOTE: Libref DATA was successfully assigned as follows: 
      Engine:        V9 
      Physical Name: J:\HCHS\STATISTICS\GRAS\QAngarita\FLOR\MS1560\data
46         libname hchstyle 'J:\hchs\sc\styledef\sty904';
NOTE: Libref HCHSTYLE was successfully assigned as follows: 
      Engine:        V9 
      Physical Name: J:\hchs\sc\styledef\sty904
47         
48         * Set macro variables;
49         %let job = HC338353;
50         %let prg = AQA;
51         %let data = data.HC338351_flor_23jun25;
52         %let lf_margin = 0.7in;
53         %let rg_margin = 0.7in;
54         
55         ods listing gpath = "&homepath.\code\&job.\gplot";
56         ods path sashelp.tmplmst(read) hchstyle.hchs_stp(read);
57         ods rtf file = "&homepath\code\&job.\&job._mi_&sysdate..rtf" bodytitle style=manuscrt;
NOTE: Writing RTF Body file: J:\HCHS\STATISTICS\GRAS\QAngarita\FLOR\MS1560\code\HC338353\HC338353_mi_23JUN25.rtf
58         
59         
60         * Transform variables to plot;
61         data db;
62         	set &data;
63         	
64         	log_bmi = log(bmi);
65         	log_anta10a = log(anta10a);
66         	agg_ment_sq = (agg_ment **2  - 1) / 2;
67         	agg_phys_cub = (agg_phys**3 - 1 )/ 3;
68         
69         run;

NOTE: Missing values were generated as a result of performing an operation on missing values.
      Each place is given by: (Number of times) at (Line):(Column).
      2 at 64:12   1 at 65:16   2 at 66:26   2 at 66:31   2 at 67:26   2 at 67:30   
NOTE: There were 291 observations read from the data set DATA.HC338351_FLOR_23JUN25.
NOTE: The data set WORK.DB has 291 observations and 270 variables.
NOTE: DATA statement used (Total process time):
      real time           0.02 seconds
      cpu time            0.00 seconds
      
                                                                               The SAS System


70         
71         
72         * Boxcox transformation ;
73         /*
74         proc transreg data = db;
75         	model boxcox(agg_ment / convenient lambda = -10 to 10 by 0.05) = identity(log_bmi log_anta10a waz height employedyn n_hc current_smoker education_c3 income_c2);
76         run;
77         proc transreg data = db;
78         	model boxcox(agg_phys / convenient lambda = -10 to 10 by 0.05) = identity(log_bmi log_anta10a waz height employedyn n_hc current_smoker education_c3 income_c2);
79         run;
80         */
81         
82         * Plot the continuous variables;
83         %macro histogram_density(var=);
84         	proc sgplot data = db;
85         		histogram &var.;
86         		density &var. / type = normal;
87         	run;
88         %mend histogram_density;
89         
90         title 'Variable: Weight-for-age (WAZ)';
91         %histogram_density(var = waz);

NOTE: PROCEDURE SGPLOT used (Total process time):
      real time           1.51 seconds
      cpu time            0.10 seconds
      
NOTE: Listing image output written to J:\HCHS\STATISTICS\GRAS\QAngarita\FLOR\MS1560\code\HC338353\gplot\SGPlot.png.
NOTE: There were 291 observations read from the data set WORK.DB.

92         
93         title 'Variable: Body Mass Index in log-scale (log_BMI)';
94         %histogram_density(var = log_bmi);

NOTE: PROCEDURE SGPLOT used (Total process time):
      real time           0.31 seconds
      cpu time            0.06 seconds
      
NOTE: Listing image output written to J:\HCHS\STATISTICS\GRAS\QAngarita\FLOR\MS1560\code\HC338353\gplot\SGPlot1.png.
NOTE: There were 291 observations read from the data set WORK.DB.

95         
96         title 'Variable: Waist girth in original scale (anta10a)';
97         %histogram_density(var = anta10a);

NOTE: PROCEDURE SGPLOT used (Total process time):
      real time           0.21 seconds
      cpu time            0.00 seconds
      
NOTE: Listing image output written to J:\HCHS\STATISTICS\GRAS\QAngarita\FLOR\MS1560\code\HC338353\gplot\SGPlot2.png.
NOTE: There were 291 observations read from the data set WORK.DB.

98         
99         title 'Variable: Waist girth in log scale (log_anta10a)';
100        %histogram_density(var = log_anta10a);

                                                                               The SAS System

NOTE: PROCEDURE SGPLOT used (Total process time):
      real time           0.21 seconds
      cpu time            0.03 seconds
      
NOTE: Listing image output written to J:\HCHS\STATISTICS\GRAS\QAngarita\FLOR\MS1560\code\HC338353\gplot\SGPlot3.png.
NOTE: There were 291 observations read from the data set WORK.DB.

101        
102        title 'Variable: height';
103        %histogram_density(var = height);

NOTE: PROCEDURE SGPLOT used (Total process time):
      real time           4.38 seconds
      cpu time            0.03 seconds
      
NOTE: Listing image output written to J:\HCHS\STATISTICS\GRAS\QAngarita\FLOR\MS1560\code\HC338353\gplot\SGPlot4.png.
NOTE: There were 291 observations read from the data set WORK.DB.

104        	
105        title 'Variable: agg_ment';
106        %histogram_density(var = agg_ment_sq);

NOTE: PROCEDURE SGPLOT used (Total process time):
      real time           0.18 seconds
      cpu time            0.01 seconds
      
NOTE: Listing image output written to J:\HCHS\STATISTICS\GRAS\QAngarita\FLOR\MS1560\code\HC338353\gplot\SGPlot5.png.
NOTE: There were 291 observations read from the data set WORK.DB.

107        
108        title 'Variable: agg_phys';
109        %histogram_density(var = agg_phys_cub);

NOTE: PROCEDURE SGPLOT used (Total process time):
      real time           0.22 seconds
      cpu time            0.04 seconds
      
NOTE: Listing image output written to J:\HCHS\STATISTICS\GRAS\QAngarita\FLOR\MS1560\code\HC338353\gplot\SGPlot6.png.
NOTE: There were 291 observations read from the data set WORK.DB.

110        
111        title 'Variable: hei2010';
112        %histogram_density(var = hei2010);

NOTE: PROCEDURE SGPLOT used (Total process time):
      real time           0.20 seconds
      cpu time            0.03 seconds
      
NOTE: Listing image output written to J:\HCHS\STATISTICS\GRAS\QAngarita\FLOR\MS1560\code\HC338353\gplot\SGPlot7.png.
NOTE: There were 291 observations read from the data set WORK.DB.

113        
114        title 'Variable: parity_v1';
115        %histogram_density(var = parity_v1);

NOTE: PROCEDURE SGPLOT used (Total process time):
      real time           0.17 seconds
                                                                               The SAS System

      cpu time            0.03 seconds
      
NOTE: Listing image output written to J:\HCHS\STATISTICS\GRAS\QAngarita\FLOR\MS1560\code\HC338353\gplot\SGPlot8.png.
NOTE: There were 291 observations read from the data set WORK.DB.

116        
117        title 'Variable: pct_mvpa';
118        %histogram_density(var = pct_mvpa);

NOTE: PROCEDURE SGPLOT used (Total process time):
      real time           0.21 seconds
      cpu time            0.06 seconds
      
NOTE: Listing image output written to J:\HCHS\STATISTICS\GRAS\QAngarita\FLOR\MS1560\code\HC338353\gplot\SGPlot9.png.
NOTE: There were 291 observations read from the data set WORK.DB.

119        
120        title 'Variable: child_prs_bmi_a';
121        %histogram_density(var = child_prs_bmi_a);

NOTE: PROCEDURE SGPLOT used (Total process time):
      real time           1.46 seconds
      cpu time            0.04 seconds
      
NOTE: Listing image output written to J:\HCHS\STATISTICS\GRAS\QAngarita\FLOR\MS1560\code\HC338353\gplot\SGPlot10.png.
NOTE: There were 291 observations read from the data set WORK.DB.

122        
123        title 'Variable: sleep duration';
124        %histogram_density(var=slpdur);

NOTE: PROCEDURE SGPLOT used (Total process time):
      real time           0.20 seconds
      cpu time            0.06 seconds
      
NOTE: Listing image output written to J:\HCHS\STATISTICS\GRAS\QAngarita\FLOR\MS1560\code\HC338353\gplot\SGPlot11.png.
NOTE: There were 291 observations read from the data set WORK.DB.

125        
126        title 'Variable: birthwt_ga_z';
127        %histogram_density(var=birthwt_ga_z);

NOTE: PROCEDURE SGPLOT used (Total process time):
      real time           0.18 seconds
      cpu time            0.06 seconds
      
NOTE: Listing image output written to J:\HCHS\STATISTICS\GRAS\QAngarita\FLOR\MS1560\code\HC338353\gplot\SGPlot12.png.
NOTE: There were 291 observations read from the data set WORK.DB.

128        
129        * Impute variables of interest;
130        proc mi data=db out=data.&job._imputed_data_&sysdate. nimpute=10 seed=3383
131        	minimum= . . . . . . . . . . . . . 0 . 0 . . 0 . . . .  . .
132        	maximum= . . . . . . . . . . . . . 100 . . . . . . . . . . .;
133          ods exclude modelinfo fcsmodel misspattern;
134           class centernum bkgrd1_c7nomiss lang_pref
135        			employedyn n_hc current_smoker income_c2 /* binary variables */
                                                                               The SAS System

136        			alcohol_use yrsus_c3 education_c3 marital_status;
137           transform log(bmi) log(anta10a)
138        				boxcox(agg_ment / lambda = 2) boxcox(agg_phys / lambda = 3) power(povpct / lambda=0.5);
139           fcs reg(waz bmi anta10a agg_ment agg_phys height hei2010 povpct cesd10 stai10 pct_mvpa child_prs_bmi_a slpdur birthwt_ga_z)
140        	   regpmm(parity_v1);
141           fcs logistic(employedyn n_hc current_smoker income_c2 / link=logit likelihood=augment)
142        			logistic(alcohol_use yrsus_c3 education_c3 marital_status);
143           var waz centernum bkgrd1_c7nomiss yrs_btwn_v1flor age lang_pref
144        		birthwt_ga_z slpdur bmi anta10a agg_ment agg_phys height hei2010 povpct cesd10 stai10 parity_v1 pct_mvpa child_prs_bmi_a
145        		employedyn n_hc current_smoker income_c2 /* binary variables */
146        		alcohol_use yrsus_c3 education_c3 marital_status /* nominal/ordinal variables*/
147        		;
148        run;

WARNING: The maximum likelihood estimates for the FCS method logistic model for variable MARITAL_STATUS in an iteration process may not exist. The resulting posterior 
         predictive distribution of the parameters used in the imputation process is based on the maximum likelihood estimates in the last maximum likelihood iteration. The 
         LIKELIHOOD=AUGMENT option can be used to derive the maximum likelihood estimates by using an augmented data set.
NOTE: The data set DATA.HC338353_IMPUTED_DATA_23JUN25 has 2910 observations and 271 variables.
NOTE: The PROCEDURE MI printed pages 1-2.
NOTE: PROCEDURE MI used (Total process time):
      real time           20.57 seconds
      cpu time            17.00 seconds
      

149        
150        %macro summary_imputation(vars=);
151        	proc means data = data.&job._imputed_data_&sysdate. nmiss;
152        		by _imputation_;
153        		var &vars.;
154        		output out = a;
155        	run;
156        	proc transpose data = a out=b(drop=_label_ rename=(_name_= Variable));
157        		by _imputation_;
158        		id _stat_;
159        		var &vars.;
160        	run;
161        	proc sort data = b out=c; by Variable; run;
162        	proc print data = c; run;
163        %mend summary_imputation;
164        
165        * Summarize the imputated variables;
166        title 'Imputed variables';
167        %summary_imputation(vars=waz birthwt_ga_z slpdur bmi anta10a agg_ment agg_phys height hei2010 povpct cesd10 stai10 parity_v1 pct_mvpa child_prs_bmi_a
168        				employedyn n_hc current_smoker income_c2
169        				alcohol_use yrsus_c3 education_c3 marital_status);

NOTE: There were 2910 observations read from the data set DATA.HC338353_IMPUTED_DATA_23JUN25.
NOTE: The data set WORK.A has 50 observations and 27 variables.
NOTE: The PROCEDURE MEANS printed pages 3-9.
NOTE: PROCEDURE MEANS used (Total process time):
      real time           0.08 seconds
      cpu time            0.03 seconds
      


NOTE: There were 50 observations read from the data set WORK.A.
NOTE: The data set WORK.B has 230 observations and 7 variables.
                                                                               The SAS System

NOTE: PROCEDURE TRANSPOSE used (Total process time):
      real time           0.01 seconds
      cpu time            0.01 seconds
      


NOTE: There were 230 observations read from the data set WORK.B.
NOTE: The data set WORK.C has 230 observations and 7 variables.
NOTE: PROCEDURE SORT used (Total process time):
      real time           0.00 seconds
      cpu time            0.00 seconds
      


NOTE: There were 230 observations read from the data set WORK.C.
NOTE: The PROCEDURE PRINT printed pages 10-14.
NOTE: PROCEDURE PRINT used (Total process time):
      real time           0.04 seconds
      cpu time            0.03 seconds
      

170        
171        proc reg DATA = db plots=none;
172        	MODEL WAZ = accult_mesa centernum yrs_btwn_v1flor bkgrd1_c7nomiss age income_c2 lang_pref
173        				parity_v1 povpct  marital_status employedyn education_c3 yrsus_c3 n_hc
174        				bmi anta10a height agg_ment agg_phys cesd10 stai10
175        				current_smoker hei2010 alcohol_use pct_mvpa birthwt_ga_z slpdur / vif collin;
176        quit;

NOTE: The PROCEDURE REG printed pages 15-18.
NOTE: PROCEDURE REG used (Total process time):
      real time           0.03 seconds
      cpu time            0.01 seconds
      

177        
178        proc means data = db;
179        	var waz centernum yrs_btwn_v1flor bkgrd1_c7nomiss age income_c3 lang_pref child_prs_bmi_a
180        				parity_v1 povpct accult_mesa marital_status employedyn education_c3 yrsus_c3 n_hc
181        				bmi anta10a height agg_ment agg_phys cesd10 stai10
182        				current_smoker hei2010 alcohol_use pct_mvpa birthwt_ga_z slpdur;
183        run;

NOTE: There were 291 observations read from the data set WORK.DB.
NOTE: The PROCEDURE MEANS printed page 19.
NOTE: PROCEDURE MEANS used (Total process time):
      real time           0.02 seconds
      cpu time            0.00 seconds
      

184        ods startpage = off;
185        proc means data = data.&job._imputed_data_&sysdate.;
186        	var waz centernum yrs_btwn_v1flor bkgrd1_c7nomiss age income_c3 lang_pref
187        				parity_v1 povpct accult_mesa marital_status employedyn education_c3 yrsus_c3 n_hc birthwt_ga_z slpdur
188        				bmi anta10a height agg_ment agg_phys cesd10 stai10
189        				current_smoker hei2010 alcohol_use pct_mvpa child_prs_bmi_a;
190        run;
                                                                               The SAS System


NOTE: There were 2910 observations read from the data set DATA.HC338353_IMPUTED_DATA_23JUN25.
NOTE: The PROCEDURE MEANS printed page 20.
NOTE: PROCEDURE MEANS used (Total process time):
      real time           0.01 seconds
      cpu time            0.01 seconds
      

191        
192        ods rtf close;
193        
194        proc printto; run;

