NOTE: PROCEDURE PRINTTO used (Total process time):
      real time           0.76 seconds
      cpu time            0.01 seconds
      

5          
6          /*********************************************************
7          *                                                         *
8          *  SAS PROGRAM - QC DATASET JOB HC3383 					         *
9          *                                                        *
10         **********************************************************
11         *                                                        *
12         *  PROGRAM NAME: HC338353.sas
13         *
14         *  PROGRAMMER: Álvaro Quijano (AQ)
15         *
16         *  DESCRIPTION: Imputation model
17         				
18         *
19         * ---------------------------------------------------------
20         *
21         *  JOB NUMBER: HC338353
22         *
2                                                          The SAS System                             11:01 Tuesday, August 19, 2025

23         *  PREVIOUS JOB:
24         *
25         *  LANGUAGE: SAS 9.4
26         *
27         *  VERSION CONTROL:
28         					28apr25: Creates the file
29         					13may25: Update input file
30         					02jun25: Insert child_prs_bmi_a in the imputation model
31         					23jun25: Add slpdur and birthwt_ga_z to the model
32         					19aug25: Update input dataset (&data)
33         	
34         * ----------------------------------------------------------
35         *
36         *  INPUT:
37         *
38         *  OUTPUT:
39         *
40         **********************************************************/
41         options orientation = landscape nodate formchar = "|----|+|---+=|-/\<>*" nonumber PS=59 LS=173;
42         ods escapechar '^';
43         
44         
45         * Set libraries name;
46         libname data "&homepath.\data";
NOTE: Libref DATA was successfully assigned as follows: 
      Engine:        V9 
      Physical Name: J:\HCHS\STATISTICS\GRAS\QAngarita\FLOR\MS1560\data
47         libname hchstyle 'J:\hchs\sc\styledef\sty904';
NOTE: Libref HCHSTYLE was successfully assigned as follows: 
      Engine:        V9 
      Physical Name: J:\hchs\sc\styledef\sty904
48         
49         * Set macro variables;
50         %let job = HC338353;
51         %let prg = AQA;
52         %let data = data.HC338351_flor_19aug25;
53         %let lf_margin = 0.7in;
54         %let rg_margin = 0.7in;
55         
56         ods listing gpath = "&homepath.\code\&job.\gplot";
57         ods path sashelp.tmplmst(read) hchstyle.hchs_stp(read);
58         ods rtf file = "&homepath\code\&job.\&job._mi_&sysdate..rtf" bodytitle style=manuscrt;
NOTE: Writing RTF Body file: J:\HCHS\STATISTICS\GRAS\QAngarita\FLOR\MS1560\code\HC338353\HC338353_mi_19AUG25.rtf
59         
60         
61         * Transform variables to plot;
62         data db;
63         	set &data;
64         	
65         	log_bmi = log(bmi);
66         	log_anta10a = log(anta10a);
67         	agg_ment_sq = (agg_ment **2  - 1) / 2;
68         	agg_phys_cub = (agg_phys**3 - 1 )/ 3;
69         
70         run;

NOTE: Missing values were generated as a result of performing an operation on missing values.
                                                                               The SAS System

      Each place is given by: (Number of times) at (Line):(Column).
      2 at 65:12   1 at 66:16   2 at 67:26   2 at 67:31   2 at 68:26   2 at 68:30   
NOTE: There were 291 observations read from the data set DATA.HC338351_FLOR_19AUG25.
NOTE: The data set WORK.DB has 291 observations and 270 variables.
NOTE: DATA statement used (Total process time):
      real time           0.01 seconds
      cpu time            0.00 seconds
      

71         
72         
73         * Boxcox transformation ;
74         /*
75         proc transreg data = db;
76         	model boxcox(agg_ment / convenient lambda = -10 to 10 by 0.05) = identity(log_bmi log_anta10a waz height employedyn n_hc current_smoker education_c3 income_c2);
77         run;
78         proc transreg data = db;
79         	model boxcox(agg_phys / convenient lambda = -10 to 10 by 0.05) = identity(log_bmi log_anta10a waz height employedyn n_hc current_smoker education_c3 income_c2);
80         run;
81         */
82         
83         * Plot the continuous variables;
84         %macro histogram_density(var=);
85         	proc sgplot data = db;
86         		histogram &var.;
87         		density &var. / type = normal;
88         	run;
89         %mend histogram_density;
90         
91         title 'Variable: Weight-for-age (WAZ)';
92         %histogram_density(var = waz);

NOTE: PROCEDURE SGPLOT used (Total process time):
      real time           4.87 seconds
      cpu time            0.04 seconds
      
NOTE: Listing image output written to J:\HCHS\STATISTICS\GRAS\QAngarita\FLOR\MS1560\code\HC338353\gplot\SGPlot.png.
NOTE: This SAS session is using a registry in WORK.  All changes will be lost at the end of this session.
NOTE: There were 291 observations read from the data set WORK.DB.

93         
94         title 'Variable: Body Mass Index in log-scale (log_BMI)';
95         %histogram_density(var = log_bmi);

NOTE: PROCEDURE SGPLOT used (Total process time):
      real time           2.46 seconds
      cpu time            0.03 seconds
      
NOTE: Listing image output written to J:\HCHS\STATISTICS\GRAS\QAngarita\FLOR\MS1560\code\HC338353\gplot\SGPlot1.png.
NOTE: There were 291 observations read from the data set WORK.DB.

96         
97         title 'Variable: Waist girth in original scale (anta10a)';
98         %histogram_density(var = anta10a);

NOTE: PROCEDURE SGPLOT used (Total process time):
      real time           0.18 seconds
                                                                               The SAS System

      cpu time            0.01 seconds
      
NOTE: Listing image output written to J:\HCHS\STATISTICS\GRAS\QAngarita\FLOR\MS1560\code\HC338353\gplot\SGPlot2.png.
NOTE: There were 291 observations read from the data set WORK.DB.

99         
100        title 'Variable: Waist girth in log scale (log_anta10a)';
101        %histogram_density(var = log_anta10a);

NOTE: PROCEDURE SGPLOT used (Total process time):
      real time           0.16 seconds
      cpu time            0.01 seconds
      
NOTE: Listing image output written to J:\HCHS\STATISTICS\GRAS\QAngarita\FLOR\MS1560\code\HC338353\gplot\SGPlot3.png.
NOTE: There were 291 observations read from the data set WORK.DB.

102        
103        title 'Variable: height';
104        %histogram_density(var = height);

NOTE: PROCEDURE SGPLOT used (Total process time):
      real time           1.95 seconds
      cpu time            0.03 seconds
      
NOTE: Listing image output written to J:\HCHS\STATISTICS\GRAS\QAngarita\FLOR\MS1560\code\HC338353\gplot\SGPlot4.png.
NOTE: There were 291 observations read from the data set WORK.DB.

105        	
106        title 'Variable: agg_ment';
107        %histogram_density(var = agg_ment_sq);

NOTE: PROCEDURE SGPLOT used (Total process time):
      real time           0.14 seconds
      cpu time            0.00 seconds
      
NOTE: Listing image output written to J:\HCHS\STATISTICS\GRAS\QAngarita\FLOR\MS1560\code\HC338353\gplot\SGPlot5.png.
NOTE: There were 291 observations read from the data set WORK.DB.

108        
109        title 'Variable: agg_phys';
110        %histogram_density(var = agg_phys_cub);

NOTE: PROCEDURE SGPLOT used (Total process time):
      real time           0.27 seconds
      cpu time            0.06 seconds
      
NOTE: Listing image output written to J:\HCHS\STATISTICS\GRAS\QAngarita\FLOR\MS1560\code\HC338353\gplot\SGPlot6.png.
NOTE: There were 291 observations read from the data set WORK.DB.

111        
112        title 'Variable: hei2010';
113        %histogram_density(var = hei2010);

NOTE: PROCEDURE SGPLOT used (Total process time):
      real time           0.15 seconds
      cpu time            0.01 seconds
      
                                                                               The SAS System

NOTE: Listing image output written to J:\HCHS\STATISTICS\GRAS\QAngarita\FLOR\MS1560\code\HC338353\gplot\SGPlot7.png.
NOTE: There were 291 observations read from the data set WORK.DB.

114        
115        title 'Variable: parity_v1';
116        %histogram_density(var = parity_v1);

NOTE: PROCEDURE SGPLOT used (Total process time):
      real time           1.09 seconds
      cpu time            0.03 seconds
      
NOTE: Listing image output written to J:\HCHS\STATISTICS\GRAS\QAngarita\FLOR\MS1560\code\HC338353\gplot\SGPlot8.png.
NOTE: There were 291 observations read from the data set WORK.DB.

117        
118        title 'Variable: pct_mvpa';
119        %histogram_density(var = pct_mvpa);

NOTE: PROCEDURE SGPLOT used (Total process time):
      real time           0.72 seconds
      cpu time            0.00 seconds
      
NOTE: Listing image output written to J:\HCHS\STATISTICS\GRAS\QAngarita\FLOR\MS1560\code\HC338353\gplot\SGPlot9.png.
NOTE: There were 291 observations read from the data set WORK.DB.

120        
121        title 'Variable: child_prs_bmi_a';
122        %histogram_density(var = child_prs_bmi_a);

NOTE: PROCEDURE SGPLOT used (Total process time):
      real time           1.19 seconds
      cpu time            0.01 seconds
      
NOTE: Listing image output written to J:\HCHS\STATISTICS\GRAS\QAngarita\FLOR\MS1560\code\HC338353\gplot\SGPlot10.png.
NOTE: There were 291 observations read from the data set WORK.DB.

123        
124        title 'Variable: sleep duration';
125        %histogram_density(var=slpdur);

NOTE: PROCEDURE SGPLOT used (Total process time):
      real time           0.13 seconds
      cpu time            0.03 seconds
      
NOTE: Listing image output written to J:\HCHS\STATISTICS\GRAS\QAngarita\FLOR\MS1560\code\HC338353\gplot\SGPlot11.png.
NOTE: There were 291 observations read from the data set WORK.DB.

126        
127        title 'Variable: birthwt_ga_z';
128        %histogram_density(var=birthwt_ga_z);

NOTE: PROCEDURE SGPLOT used (Total process time):
      real time           0.21 seconds
      cpu time            0.07 seconds
      
NOTE: Listing image output written to J:\HCHS\STATISTICS\GRAS\QAngarita\FLOR\MS1560\code\HC338353\gplot\SGPlot12.png.
NOTE: There were 291 observations read from the data set WORK.DB.
                                                                               The SAS System


129        
130        * Impute variables of interest;
131        proc mi data=db out=data.&job._imputed_data_&sysdate. nimpute=10 seed=3383
132        	minimum= . . . . . . . . . . . . . 0 . 0 . . 0 . . . .  . .
133        	maximum= . . . . . . . . . . . . . 100 . . . . . . . . . . .;
134          ods exclude modelinfo fcsmodel misspattern;
135           class centernum bkgrd1_c7nomiss lang_pref
136        			employedyn n_hc current_smoker income_c2 /* binary variables */
137        			alcohol_use yrsus_c3 education_c3 marital_status;
138           transform log(bmi) log(anta10a)
139        				boxcox(agg_ment / lambda = 2) boxcox(agg_phys / lambda = 3) power(povpct / lambda=0.5);
140           fcs reg(waz bmi anta10a agg_ment agg_phys height hei2010 povpct cesd10 stai10 pct_mvpa child_prs_bmi_a slpdur birthwt_ga_z)
141        	   regpmm(parity_v1);
142           fcs logistic(employedyn n_hc current_smoker income_c2 / link=logit likelihood=augment)
143        			logistic(alcohol_use yrsus_c3 education_c3 marital_status);
144           var waz centernum bkgrd1_c7nomiss yrs_btwn_v1flor age lang_pref
145        		birthwt_ga_z slpdur bmi anta10a agg_ment agg_phys height hei2010 povpct cesd10 stai10 parity_v1 pct_mvpa child_prs_bmi_a
146        		employedyn n_hc current_smoker income_c2 /* binary variables */
147        		alcohol_use yrsus_c3 education_c3 marital_status /* nominal/ordinal variables*/
148        		;
149        run;

WARNING: The maximum likelihood estimates for the FCS method logistic model for variable MARITAL_STATUS in an iteration process may not exist. The resulting posterior 
         predictive distribution of the parameters used in the imputation process is based on the maximum likelihood estimates in the last maximum likelihood iteration. The 
         LIKELIHOOD=AUGMENT option can be used to derive the maximum likelihood estimates by using an augmented data set.
NOTE: The data set DATA.HC338353_IMPUTED_DATA_19AUG25 has 2910 observations and 271 variables.
NOTE: The PROCEDURE MI printed pages 1-2.
NOTE: PROCEDURE MI used (Total process time):
      real time           23.19 seconds
      cpu time            16.71 seconds
      

150        
151        %macro summary_imputation(vars=);
152        	proc means data = data.&job._imputed_data_&sysdate. nmiss;
153        		by _imputation_;
154        		var &vars.;
155        		output out = a;
156        	run;
157        	proc transpose data = a out=b(drop=_label_ rename=(_name_= Variable));
158        		by _imputation_;
159        		id _stat_;
160        		var &vars.;
161        	run;
162        	proc sort data = b out=c; by Variable; run;
163        	proc print data = c; run;
164        %mend summary_imputation;
165        
166        * Summarize the imputated variables;
167        title 'Imputed variables';
168        %summary_imputation(vars=waz birthwt_ga_z slpdur bmi anta10a agg_ment agg_phys height hei2010 povpct cesd10 stai10 parity_v1 pct_mvpa child_prs_bmi_a
169        				employedyn n_hc current_smoker income_c2
170        				alcohol_use yrsus_c3 education_c3 marital_status);

NOTE: There were 2910 observations read from the data set DATA.HC338353_IMPUTED_DATA_19AUG25.
NOTE: The data set WORK.A has 50 observations and 27 variables.
                                                                               The SAS System

NOTE: The PROCEDURE MEANS printed pages 3-9.
NOTE: PROCEDURE MEANS used (Total process time):
      real time           0.36 seconds
      cpu time            0.00 seconds
      


NOTE: There were 50 observations read from the data set WORK.A.
NOTE: The data set WORK.B has 230 observations and 7 variables.
NOTE: PROCEDURE TRANSPOSE used (Total process time):
      real time           0.33 seconds
      cpu time            0.00 seconds
      


NOTE: There were 230 observations read from the data set WORK.B.
NOTE: The data set WORK.C has 230 observations and 7 variables.
NOTE: PROCEDURE SORT used (Total process time):
      real time           0.01 seconds
      cpu time            0.00 seconds
      


NOTE: There were 230 observations read from the data set WORK.C.
NOTE: The PROCEDURE PRINT printed pages 10-14.
NOTE: PROCEDURE PRINT used (Total process time):
      real time           0.22 seconds
      cpu time            0.01 seconds
      

171        
172        proc reg DATA = db plots=none;
173        	MODEL WAZ = accult_mesa centernum yrs_btwn_v1flor bkgrd1_c7nomiss age income_c2 lang_pref
174        				parity_v1 povpct  marital_status employedyn education_c3 yrsus_c3 n_hc
175        				bmi anta10a height agg_ment agg_phys cesd10 stai10
176        				current_smoker hei2010 alcohol_use pct_mvpa birthwt_ga_z slpdur / vif collin;
177        quit;

NOTE: The PROCEDURE REG printed pages 15-18.
NOTE: PROCEDURE REG used (Total process time):
      real time           2.40 seconds
      cpu time            0.00 seconds
      

178        
179        proc means data = db;
180        	var waz centernum yrs_btwn_v1flor bkgrd1_c7nomiss age income_c3 lang_pref child_prs_bmi_a
181        				parity_v1 povpct accult_mesa marital_status employedyn education_c3 yrsus_c3 n_hc
182        				bmi anta10a height agg_ment agg_phys cesd10 stai10
183        				current_smoker hei2010 alcohol_use pct_mvpa birthwt_ga_z slpdur;
184        run;

NOTE: There were 291 observations read from the data set WORK.DB.
NOTE: The PROCEDURE MEANS printed page 19.
NOTE: PROCEDURE MEANS used (Total process time):
      real time           0.01 seconds
      cpu time            0.00 seconds
                                                                               The SAS System

      

185        ods startpage = off;
186        proc means data = data.&job._imputed_data_&sysdate.;
187        	var waz centernum yrs_btwn_v1flor bkgrd1_c7nomiss age income_c3 lang_pref
188        				parity_v1 povpct accult_mesa marital_status employedyn education_c3 yrsus_c3 n_hc birthwt_ga_z slpdur
189        				bmi anta10a height agg_ment agg_phys cesd10 stai10
190        				current_smoker hei2010 alcohol_use pct_mvpa child_prs_bmi_a;
191        run;

NOTE: There were 2910 observations read from the data set DATA.HC338353_IMPUTED_DATA_19AUG25.
NOTE: The PROCEDURE MEANS printed page 20.
NOTE: PROCEDURE MEANS used (Total process time):
      real time           0.01 seconds
      cpu time            0.00 seconds
      

192        
193        ods rtf close;
194        
195        proc printto; run;

