NOTE: PROCEDURE PRINTTO used (Total process time):
      real time           0.02 seconds
      cpu time            0.00 seconds
      

5          
6          /*********************************************************
7          *                                                         *
8          *  SAS PROGRAM - QC DATASET JOB HC3383 					         *
9          *                                                        *
10         **********************************************************
11         *                                                        *
12         *  PROGRAM NAME: HC338352.sas
13         *
14         *  PROGRAMMER: Álvaro Quijano (AQ)
15         *
16         *  DESCRIPTION: Imputation model
17         				
18         *
19         * ---------------------------------------------------------
20         *
21         *  JOB NUMBER: HC338352
22         *
2                                                          The SAS System                            11:41 Tuesday, November 4, 2025

23         *  PREVIOUS JOB:
24         *
25         *  LANGUAGE: SAS 9.4
26         *
27         *  VERSION CONTROL:
28         					22apr25: (HC338351) Creates the file
29         					23apr25: update input dataset to 0423
30         					12may25: updated to use the SC dataset from HC3383
31         					13may25: income_c2 included in the 1st output table
32         					23jun25: update input dataset (*_23jun25)
33         								include slpdur variable in missing pattern table
34         					19aug25: update input dataset to *_19aug25
35         					02sep25: update response to be birthwt_ga_z and not WAZ
36         					04nov25: update input dataset to *_04nov25
37         							 add slpdur_lt8hrs and pag2008yn to table
38         							 drop slpdur and pct_mvpar from table
39         							 drop anthropometrics (bmi, anta10a and height) from analysis
40         							 drop income_c2, povpct, agg_ment and agg_phys from table
41         							 response is set back to WAZ
42         							 update hei2010 to hei2010_c3
43         				
44         * ----------------------------------------------------------
45         *
46         *  INPUT: hc338351_flor_23jun25
47         *
48         *  OUTPUT: &job._missing_pattern_&sysdate..rtf file
49         *
50         **********************************************************/
51         options orientation = landscape nodate formchar = "|----|+|---+=|-/\<>*" nonumber PS=59 LS=173;
52         ods escapechar '^';
53         
54         * Set libraries name;
55         libname data "&homepath.\data";
NOTE: Libref DATA was successfully assigned as follows: 
      Engine:        V9 
      Physical Name: J:\HCHS\STATISTICS\GRAS\QAngarita\FLOR\MS1560\data
56         libname hchstyle 'J:\hchs\sc\styledef\sty904';
NOTE: Libref HCHSTYLE was successfully assigned as follows: 
      Engine:        V9 
      Physical Name: J:\hchs\sc\styledef\sty904
57         libname hc3383 'J:\HCHS\SC\Review\HC3383';
NOTE: Libref HC3383 was successfully assigned as follows: 
      Engine:        V9 
      Physical Name: J:\HCHS\SC\Review\HC3383
58         
59         * Set macro variables;
60         %let job = HC338352;
61         %let prg = AQA;
62         %let data = data.hc338351_flor_04nov25;
63         %let lf_margin = 0.7in;
64         %let rg_margin = 0.7in;
65         
66         ods path sashelp.tmplmst(read) hchstyle.hchs_stp(read);
67         ods rtf file = "&homepath\code\&job.\&job._misspattern_&sysdate..rtf" bodytitle style=manuscrt;
NOTE: Writing RTF Body file: J:\HCHS\STATISTICS\GRAS\QAngarita\FLOR\MS1560\code\HC338352\HC338352_misspattern_04NOV25.rtf
68         ods noproctitle;
69         * Maternal socio-demographic and acu;
                                                                               The SAS System

70          title1 J=center height=12pt bold font='TIMES ROMAN' "MS#1560 SOL/FLOR preconceptional factors and child weight" ;
71                  title3 J=center height=11pt bold font='TIMES ROMAN' 'Confidential/Not for distribution';
72                  title5 J=center height=12pt bold font='TIMES ROMAN' "^S={leftmargin=&lf_margin rightmargin=&rg_margin} Table 0.  Missing patterns of sociodemographic and
72       !  acculturation factors and child weight among Hispanic/Latina mother-child dyads in the HCHS/SOL Study";
73                  footnote1 J=left height=10pt font='TIMES ROMAN' "^S={leftmargin=&lf_margin rightmargin=&rg_margin} Variables BKGRD1_C7, AGE and LANG_PREF are not
73       ! included since have no missing data";
74         		 footnote2 J=left height=10pt font='TIMES ROMAN' "^S={leftmargin=&lf_margin rightmargin=&rg_margin} Abbrev: weight-for-age z-score (WAZ), health coverage
74       ! (N_HC), years in the US (YRSUS).";
75         		 footnote3 J=center height=10pt font='TIMES ROMAN' "&sysdate, &systime -- &job (&prg) using V1 and FLOR inv_use data";
76         	
76       !  proc mi data = &data nimpute = 0 displaypattern=nomeans;
77         		ods noproctitle;
78         		ods select MissPattern;
79         		var waz parity_v1 marital_status employedyn education_c3 yrsus_c3 n_hc;
80         	run;

NOTE: PROCEDURE MI used (Total process time):
      real time           0.36 seconds
      cpu time            0.03 seconds
      
NOTE: The PROCEDURE MI printed page 1.

81         
82         * Physical and mental health, anthropometry;
83          title1 J=center height=12pt bold font='TIMES ROMAN' "MS#1560 SOL/FLOR preconceptional factors and child weight" ;
84                  title3 J=center height=11pt bold font='TIMES ROMAN' 'Confidential/Not for distribution';
85                  title5 J=center height=12pt bold font='TIMES ROMAN' "^S={leftmargin=&lf_margin rightmargin=&rg_margin} Table 0.  Missing patterns of anthropometry and
85       ! physical and mental health factors and child weight among Hispanic/Latina mother-child dyads in the HCHS/SOL Study";
86                  footnote1 J=left height=10pt font='TIMES ROMAN' "^S={leftmargin=&lf_margin rightmargin=&rg_margin} The variable STAI10 was not updated for participants
86       ! born after Visit 2, since it was not measured at that visit.";
87         		 footnote2 J=left height=10pt font='TIMES ROMAN' "^S={leftmargin=&lf_margin rightmargin=&rg_margin} Abbrev: weight-for-age z-score (WAZ), 10-items state-trait
87       ! anxiety inventory (STAI10), Center for Epidemiologic Studies Depression Scale (CESD-10)";
88         		 footnote3 J=center height=10pt font='TIMES ROMAN' "&sysdate, &systime -- &job (&prg) using V1 and FLOR inv_use data";
89         	
89       !  proc mi data = &data nimpute = 0 displaypattern=nomeans;
90         		ods noproctitle;
91         		ods select MissPattern;
92         		var waz cesd10 stai10;
93         	run;

NOTE: PROCEDURE MI used (Total process time):
      real time           0.29 seconds
      cpu time            0.03 seconds
      
NOTE: The PROCEDURE MI printed page 2.

94         
95         * Maternal Health behaviors;
96          title1 J=center height=12pt bold font='TIMES ROMAN' "MS#1560 SOL/FLOR preconceptional factors and child weight" ;
97                  title3 J=center height=11pt bold font='TIMES ROMAN' 'Confidential/Not for distribution';
98                  title5 J=center height=12pt bold font='TIMES ROMAN' "^S={leftmargin=&lf_margin rightmargin=&rg_margin} Table 0.  Missing patterns of maternal health
98       ! behaviors factors and child weight among Hispanic/Latina mother-child dyads in the HCHS/SOL Study";
99                  footnote1 J=left height=10pt font='TIMES ROMAN' "^S={leftmargin=&lf_margin rightmargin=&rg_margin} Abbrev: weight-for-age z-score (WAZ), health eating
99       ! index 2010 (HEI2010), sleep duration (SLPDUR) and Physical actitivity meets 2008 guidelines (PAG2008).";
100        		 footnote2 J=center height=10pt font='TIMES ROMAN' "&sysdate, &systime -- &job (&prg) using V1 and FLOR inv_use data";
101        	
101      !  proc mi data = &data nimpute = 0 displaypattern=nomeans;
                                                                               The SAS System

102        		ods noproctitle;
103        		ods select MissPattern;
104        		var waz current_smoker hei2010_c3 alcohol_use pag2008yn slpdur_lt8hrs;
105        	run;

NOTE: PROCEDURE MI used (Total process time):
      real time           0.51 seconds
      cpu time            0.00 seconds
      
NOTE: The PROCEDURE MI printed page 3.

106        
107        ods rtf close;
108        proc printto; run;

