                                                          MS#1560 SOL/FLOR preconceptional factors and child weight
                                                                                      
                                                                      Confidential/Not for distribution
                                                                                      
^S={leftmargin=0.7in rightmargin=0.7in} Table 0.  Missing patterns of sociodemographic and acculturation factors and child weight among Hispanic/Latina mother-child dyads in

                                                                              The MI Procedure

                                                                            Missing Data Patterns
 
                     BIRTHWT_                           ACCULT_    MARITAL_                  EDUCATION_
            Group    GA_Z        PARITY_V1    POVPCT    MESA       STATUS      EMPLOYEDYN    C3            YRSUS_C3    INCOME_C2    N_HC        Freq     Percent

                1    X           X            X         X          X           X             X             X           X            X            225       77.32
                2    X           X            X         X          X           X             X             X           X            .              1        0.34
                3    X           X            X         X          X           .             X             X           X            X              1        0.34
                4    X           X            X         X          X           .             X             X           X            .              3        1.03
                5    X           X            .         X          X           X             X             X           X            X             10        3.44
                6    X           X            .         X          X           X             X             X           .            X             24        8.25
                7    X           X            .         .          X           X             X             .           .            X              2        0.69
                8    X           X            .         .          .           .             .             .           .            .              1        0.34
                9    X           .            X         X          X           X             X             X           X            X              2        0.69
               10    .           X            X         X          X           X             X             X           X            X             17        5.84
               11    .           X            X         X          X           X             X             X           X            .              1        0.34
               12    .           X            .         X          X           X             X             X           X            X              1        0.34
               13    .           X            .         X          X           X             X             X           .            X              1        0.34
               14    .           X            .         .          X           .             X             X           .            .              1        0.34
               15    .           .            X         X          X           X             X             X           X            X              1        0.34
 
 
 
 
 
 
 
 
 
 
 
 
 
 
 
 
 
 
 
 
 
 
 
 
 
 
 
 
                         ^S={leftmargin=0.7in rightmargin=0.7in} Variables BKGRD1_C7, AGE and LANG_PREF are not included since have no missing data
                       ^S={leftmargin=0.7in rightmargin=0.7in} Abbrev: weight-for-age z-score (WAZ), health coverage (N_HC), years in the US (YRSUS).
                                                       03NOV25, 15:32 -- HC338352 (AQA) using V1 and FLOR inv_use data
                                                          MS#1560 SOL/FLOR preconceptional factors and child weight
                                                                                      
                                                                      Confidential/Not for distribution
                                                                                      
^S={leftmargin=0.7in rightmargin=0.7in} Table 0.  Missing patterns of anthropometry and physical and mental health factors and child weight among Hispanic/Latina mother-chil

                                                                              The MI Procedure

                                                                            Missing Data Patterns
 
                                                     BIRTHWT_
                                            Group    GA_Z        AGG_MENT    AGG_PHYS    CESD10    STAI10        Freq     Percent

                                                1    X           X           X           X         X              263       90.38
                                                2    X           X           X           .         .                4        1.37
                                                3    X           .           .           X         X                1        0.34
                                                4    X           .           .           .         .                1        0.34
                                                5    .           X           X           X         X               21        7.22
                                                6    .           X           X           .         .                1        0.34
 
 
 
 
 
 
 
 
 
 
 
 
 
 
 
 
 
 
 
 
 
 
 
 
 
 
 
 
 
 
 
 
 
 
 
 
 
          ^S={leftmargin=0.7in rightmargin=0.7in} The variable STAI10 was not updated for participants born after Visit 2, since it was not measured at that visit.
^S={leftmargin=0.7in rightmargin=0.7in} Abbrev: weight-for-age z-score (WAZ), 10-items state-trait anxiety inventory (STAI10), waist girth (ANTA10a), Center for Epidemiologi
                                                       03NOV25, 15:32 -- HC338352 (AQA) using V1 and FLOR inv_use data
                                                          MS#1560 SOL/FLOR preconceptional factors and child weight
                                                                                      
                                                                      Confidential/Not for distribution
                                                                                      
^S={leftmargin=0.7in rightmargin=0.7in} Table 0.  Missing patterns of maternal health behaviors factors and child weight among Hispanic/Latina mother-child dyads in the HCHS

                                                                              The MI Procedure

                                                                            Missing Data Patterns
 
                                               BIRTHWT_    CURRENT_               ALCOHOL_    MVPA_    SLPDUR_
                                      Group    GA_Z        SMOKER      HEI2010    USE         LT1P5    LT8HRS         Freq     Percent

                                          1    X           X           X          X           X        X               185       63.57
                                          2    X           X           X          X           X        .                13        4.47
                                          3    X           X           X          X           .        X                66       22.68
                                          4    X           X           X          X           .        .                 4        1.37
                                          5    X           .           .          .           .        .                 1        0.34
                                          6    .           X           X          X           X        X                18        6.19
                                          7    .           X           X          X           .        X                 4        1.37
 
 
 
 
 
 
 
 
 
 
 
 
 
 
 
 
 
 
 
 
 
 
 
 
 
 
 
 
 
 
 
 
 
 
 
 
 
                 ^S={leftmargin=0.7in rightmargin=0.7in} Abbrev: weight-for-age z-score (WAZ), health eating index 2010 (HEI2010), sleep duration (SLPDUR).
                                                       03NOV25, 15:32 -- HC338352 (AQA) using V1 and FLOR inv_use data
