NOTE: PROCEDURE PRINTTO used (Total process time):
      real time           0.05 seconds
      cpu time            0.01 seconds
      

5          
6          /*********************************************************
7          *                                                         *
8          *  SAS PROGRAM - QC DATASET JOB HC3383 					         *
9          *                                                        *
10         **********************************************************
11         *                                                        *
12         *  PROGRAM NAME: HC338352.sas
13         *
14         *  PROGRAMMER: Álvaro Quijano (AQ)
15         *
16         *  DESCRIPTION: Imputation model
17         				
18         *
19         * ---------------------------------------------------------
20         *
21         *  JOB NUMBER: HC338352
22         *
23         *  PREVIOUS JOB:
24         *
25         *  LANGUAGE: SAS 9.4
26         *
27         *  VERSION CONTROL:
28         					22apr25: (HC338351) Creates the file
29         					23apr25: update input dataset to 0423
2                                                          The SAS System                             15:32 Monday, November 3, 2025

30         					12may25: updated to use the SC dataset from HC3383
31         					13may25: income_c2 included in the 1st output table
32         					23jun25: update input dataset (*_23jun25)
33         								include slpdur variable in missing pattern table
34         					19aug25: update input dataset to *_19aug25
35         					02sep25: update response to be birthwt_ga_z and not WAZ
36         					03nov25: update input dataset to *_03nov25
37         							 add slpdur_lt8hrs and mvpa_lt1p5 to tables
38         							 drop slpdur and pct_mvpar from tables
39         							 drop anthropometrics (bmi, anta10a and height) from analysis
40         
41         * ----------------------------------------------------------
42         *
43         *  INPUT: hc338351_flor_23jun25
44         *
45         *  OUTPUT: &job._missing_pattern_&sysdate..rtf file
46         *
47         **********************************************************/
48         options orientation = landscape nodate formchar = "|----|+|---+=|-/\<>*" nonumber PS=59 LS=173;
49         ods escapechar '^';
50         
51         * Set libraries name;
52         libname data "&homepath.\data";
NOTE: Libref DATA was successfully assigned as follows: 
      Engine:        V9 
      Physical Name: J:\HCHS\STATISTICS\GRAS\QAngarita\FLOR\MS1560\data
53         libname hchstyle 'J:\hchs\sc\styledef\sty904';
NOTE: Libref HCHSTYLE was successfully assigned as follows: 
      Engine:        V9 
      Physical Name: J:\hchs\sc\styledef\sty904
54         libname hc3383 'J:\HCHS\SC\Review\HC3383';
NOTE: Libref HC3383 was successfully assigned as follows: 
      Engine:        V9 
      Physical Name: J:\HCHS\SC\Review\HC3383
55         
56         * Set macro variables;
57         %let job = HC338352;
58         %let prg = AQA;
59         %let data = data.hc338351_flor_03nov25;
60         %let lf_margin = 0.7in;
61         %let rg_margin = 0.7in;
62         
63         ods path sashelp.tmplmst(read) hchstyle.hchs_stp(read);
64         ods rtf file = "&homepath\code\&job.\&job._missing_pattern_&sysdate..rtf" bodytitle style=manuscrt;
NOTE: Writing RTF Body file: J:\HCHS\STATISTICS\GRAS\QAngarita\FLOR\MS1560\code\HC338352\HC338352_missing_pattern_03NOV25.rtf
65         ods noproctitle;
66         * Maternal socio-demographic and acu;
67          title1 J=center height=12pt bold font='TIMES ROMAN' "MS#1560 SOL/FLOR preconceptional factors and child weight" ;
68                  title3 J=center height=11pt bold font='TIMES ROMAN' 'Confidential/Not for distribution';
69                  title5 J=center height=12pt bold font='TIMES ROMAN' "^S={leftmargin=&lf_margin rightmargin=&rg_margin} Table 0.  Missing patterns of sociodemographic and
69       !  acculturation factors and child weight among Hispanic/Latina mother-child dyads in the HCHS/SOL Study";
70                  footnote1 J=left height=10pt font='TIMES ROMAN' "^S={leftmargin=&lf_margin rightmargin=&rg_margin} Variables BKGRD1_C7, AGE and LANG_PREF are not
70       ! included since have no missing data";
71         		 footnote2 J=left height=10pt font='TIMES ROMAN' "^S={leftmargin=&lf_margin rightmargin=&rg_margin} Abbrev: weight-for-age z-score (WAZ), health coverage
71       ! (N_HC), years in the US (YRSUS).";
72         		 footnote3 J=center height=10pt font='TIMES ROMAN' "&sysdate, &systime -- &job (&prg) using V1 and FLOR inv_use data";
73         proc mi data = &data nimpute = 0 displaypattern=nomeans;
                                                                               The SAS System

74         	ods select MissPattern;
75         	var birthwt_ga_z parity_v1 povpct accult_mesa marital_status employedyn education_c3 yrsus_c3 income_c2 n_hc;
76         run;

NOTE: PROCEDURE MI used (Total process time):
      real time           0.10 seconds
      cpu time            0.01 seconds
      
NOTE: The PROCEDURE MI printed page 1.

77         
78         * Physical and mental health, anthropometry;
79          title1 J=center height=12pt bold font='TIMES ROMAN' "MS#1560 SOL/FLOR preconceptional factors and child weight" ;
80                  title3 J=center height=11pt bold font='TIMES ROMAN' 'Confidential/Not for distribution';
81                  title5 J=center height=12pt bold font='TIMES ROMAN' "^S={leftmargin=&lf_margin rightmargin=&rg_margin} Table 0.  Missing patterns of anthropometry and
81       ! physical and mental health factors and child weight among Hispanic/Latina mother-child dyads in the HCHS/SOL Study";
82                  footnote1 J=left height=10pt font='TIMES ROMAN' "^S={leftmargin=&lf_margin rightmargin=&rg_margin} The variable STAI10 was not updated for participants
82       ! born after Visit 2, since it was not measured at that visit.";
83         		 footnote2 J=left height=10pt font='TIMES ROMAN' "^S={leftmargin=&lf_margin rightmargin=&rg_margin} Abbrev: weight-for-age z-score (WAZ), 10-items state-trait
83       ! anxiety inventory (STAI10), waist girth (ANTA10a), Center for Epidemiologic Studies Depression Scale (CESD-10)";
84         		 footnote3 J=center height=10pt font='TIMES ROMAN' "&sysdate, &systime -- &job (&prg) using V1 and FLOR inv_use data";
85         proc mi data = &data nimpute = 0 displaypattern=nomeans;
86         	ods select MissPattern;
87         	var birthwt_ga_z agg_ment agg_phys cesd10 stai10;
88         run;

NOTE: PROCEDURE MI used (Total process time):
      real time           0.04 seconds
      cpu time            0.00 seconds
      
NOTE: The PROCEDURE MI printed page 2.

89         
90         * Maternal Health behaviors;
91          title1 J=center height=12pt bold font='TIMES ROMAN' "MS#1560 SOL/FLOR preconceptional factors and child weight" ;
92                  title3 J=center height=11pt bold font='TIMES ROMAN' 'Confidential/Not for distribution';
93                  title5 J=center height=12pt bold font='TIMES ROMAN' "^S={leftmargin=&lf_margin rightmargin=&rg_margin} Table 0.  Missing patterns of maternal health
93       ! behaviors factors and child weight among Hispanic/Latina mother-child dyads in the HCHS/SOL Study";
94                  footnote1 J=left height=10pt font='TIMES ROMAN' "^S={leftmargin=&lf_margin rightmargin=&rg_margin} Abbrev: weight-for-age z-score (WAZ), health eating
94       ! index 2010 (HEI2010), sleep duration (SLPDUR).";
95         		 footnote2 J=center height=10pt font='TIMES ROMAN' "&sysdate, &systime -- &job (&prg) using V1 and FLOR inv_use data";
96         proc mi data = &data nimpute = 0 displaypattern=nomeans;
97         	ods select MissPattern;
98         	var birthwt_ga_z current_smoker hei2010 alcohol_use mvpa_lt1p5 slpdur_lt8hrs;
99         run;

NOTE: PROCEDURE MI used (Total process time):
      real time           0.05 seconds
      cpu time            0.00 seconds
      
NOTE: The PROCEDURE MI printed page 3.

100        
101        ods rtf close;
102        
103        proc printto; run;

