NOTE: PROCEDURE PRINTTO used (Total process time):
      real time           0.04 seconds
      cpu time            0.00 seconds
      

5          
6          /*********************************************************
7          *                                                        *
8          *  SAS PROGRAM - QC DATASET JOB HC3383 			         *
9          *                                                        *
10         **********************************************************
11         *                                                        *
12         *  PROGRAM NAME: HC338354c.sas
13         *
14         *  PROGRAMMER: Álvaro Quijano (AQ)
15         *
16         *  DESCRIPTION: Generates Table 2.1
17         *
18         * ---------------------------------------------------------
19         *
20         *  JOB NUMBER: HC338354c
21         *
22         *  PREVIOUS JOB: HC338358
2                                                          The SAS System                            14:39 Tuesday, November 4, 2025

23         *
24         *  LANGUAGE: SAS 9.4
25         *
26         *  VERSION CONTROL:
27         *					04nov25: cc'ed HC338358
28         							 update job
29         
30         * ----------------------------------------------------------
31         *
32         *  INPUT:
33         *
34         *  OUTPUT:
35         *
36         **********************************************************/
37         options orientation = landscape nodate formchar = "|----|+|---+=|-/\<>*" nonumber PS=59 LS=173;
38         ods escapechar '^';
39         
40         * Set libraries name;
41         libname data "&homepath.\data";
NOTE: Libref DATA was successfully assigned as follows: 
      Engine:        V9 
      Physical Name: J:\HCHS\STATISTICS\GRAS\QAngarita\FLOR\MS1560\data
42         libname hchstyle 'J:\hchs\sc\styledef\sty904';
NOTE: Libref HCHSTYLE was successfully assigned as follows: 
      Engine:        V9 
      Physical Name: J:\hchs\sc\styledef\sty904
43         
44         * Set macro variables;
45         %let job = HC338354c;
46         %let prg = AQA;
47         %let impdb = data.HC338353c_imputed_data_04nov25;
48         %let lf_margin = 0.7in;
49         %let rg_margin = 0.7in;
50         
51         * Include sas scripts with formats and macros;
52         %include "&homepath.\code\HC338390\HC338390.sas";
NOTE: Format BKGRD1_C7NOMISS_FMT has been output.
NOTE: Format PV has been output.
NOTE: Format CENTERNUM_FMT has been output.
NOTE: Format LANG_PREF_FMT has been output.
NOTE: Format MARITAL_STATUS_FMT has been output.
NOTE: Format EDUCATION_C3_FMT has been output.
NOTE: Format N_HC_FMT has been output.
NOTE: Format INCOME_C2_FMT has been output.
NOTE: Format YRSUS_C3_FMT has been output.
NOTE: Format EMPLOYEDYN_FMT has been output.
NOTE: Format ALCOHOL_USE_FMT has been output.
NOTE: Format SLPDUR_LT8HRS_FMT has been output.
NOTE: Format HEI2010_C3_FMT has been output.
NOTE: Format $STAT has been output.
NOTE: Format PV is already on the library WORK.FORMATS.
NOTE: Format PV has been output.
NOTE: Format YN_FMT has been output.
NOTE: Format BLANKDOT has been output.
NOTE: Format REFNUM has been output.
NOTE: The NEGPAREN (in)format was specified on the right-hand side of an equal sign, but without a length specification. PROC FORMAT will assume a default length of at 
      least 40 for the format being generated. If this is an insufficient width, you can rerun PROC FORMAT with an explicit width for the NEGPAREN (in)format, or provide a 
                                                                               The SAS System

      sufficient DEFAULT= option.
NOTE: Format PAREN has been output.

NOTE: PROCEDURE FORMAT used (Total process time):
      real time           0.02 seconds
      cpu time            0.00 seconds
      

140        %include "&homepath.\code\HC338391\HC3383_labels.sas";
237        %include "&homepath.\code\HC338391\HC3383_process_imputed.sas";
281        
282        * Fit the models using the imputed data;
283        title 'Model 1 - Sociodemographics';
284        proc genmod data = &impdb;
285        	by _imputation_;
286        	class centernum(ref="BRONX") bkgrd1_c7nomiss(ref='MEXICAN') marital_status(ref='SINGLE') employedyn(ref="NOT_EMPLOYED")
287        			education_c3(ref='N_HIGHSCHOOL_GED') n_hc(ref="YES") yrsus_c3(ref='US_BORN');
288        	model waz = centernum yrs_btwn_v1flor age bkgrd1_c7nomiss n_hc education_c3 parity_v1 employedyn marital_status yrsus_c3 / d=normal;
289        	format centernum centernum_fmt. n_hc n_hc_fmt. bkgrd1_c7nomiss bkgrd1_c7nomiss_fmt. marital_status marital_status_fmt.
290        			employedyn employedyn_fmt. yrsus_c3 yrsus_c3_fmt. education_c3 education_c3_fmt.;
291        	ods output ParameterEstimates=genmod_results_1;
292        run;

NOTE: Algorithm converged.
NOTE: The scale parameter was estimated by maximum likelihood.
NOTE: The above message was for the following BY group:
      Imputation Number=1
NOTE: Algorithm converged.
NOTE: The scale parameter was estimated by maximum likelihood.
NOTE: The above message was for the following BY group:
      Imputation Number=2
NOTE: Algorithm converged.
NOTE: The scale parameter was estimated by maximum likelihood.
NOTE: The above message was for the following BY group:
      Imputation Number=3
NOTE: Algorithm converged.
NOTE: The scale parameter was estimated by maximum likelihood.
NOTE: The above message was for the following BY group:
      Imputation Number=4
NOTE: Algorithm converged.
NOTE: The scale parameter was estimated by maximum likelihood.
NOTE: The above message was for the following BY group:
      Imputation Number=5
NOTE: Algorithm converged.
NOTE: The scale parameter was estimated by maximum likelihood.
NOTE: The above message was for the following BY group:
      Imputation Number=6
NOTE: Algorithm converged.
NOTE: The scale parameter was estimated by maximum likelihood.
NOTE: The above message was for the following BY group:
      Imputation Number=7
NOTE: Algorithm converged.
NOTE: The scale parameter was estimated by maximum likelihood.
NOTE: The above message was for the following BY group:
      Imputation Number=8
NOTE: Algorithm converged.
NOTE: The scale parameter was estimated by maximum likelihood.
                                                                               The SAS System

NOTE: The above message was for the following BY group:
      Imputation Number=9
NOTE: Algorithm converged.
NOTE: The scale parameter was estimated by maximum likelihood.
NOTE: The above message was for the following BY group:
      Imputation Number=10
NOTE: The data set WORK.GENMOD_RESULTS_1 has 290 observations and 10 variables.
NOTE: The PROCEDURE GENMOD printed pages 1-20.
NOTE: PROCEDURE GENMOD used (Total process time):
      real time           1.17 seconds
      cpu time            0.07 seconds
      

293        
294        title 'Model 2: Model 1 + (diet, alcohol, smoke, pa, slpdur) ';
295        proc genmod data = &impdb;
296        	by _imputation_;
297        	class centernum(ref="BRONX") bkgrd1_c7nomiss(ref='MEXICAN') marital_status(ref='SINGLE') employedyn(ref="NOT_EMPLOYED")
298        			education_c3(ref='N_HIGHSCHOOL_GED') n_hc(ref="YES") yrsus_c3(ref='US_BORN')
299        			current_smoker(REF="NO") alcohol_use(REF="NEVER") pag2008yn(ref="YES") slpdur_lt8hrs(ref="<8_hours") hei2010_c3(ref="HIGH");
300        	model waz = centernum yrs_btwn_v1flor age bkgrd1_c7nomiss n_hc education_c3 parity_v1 employedyn marital_status yrsus_c3
301        			current_smoker hei2010_c3 alcohol_use pag2008yn slpdur_lt8hrs / dist = normal;
302        	format centernum centernum_fmt. n_hc n_hc_fmt. bkgrd1_c7nomiss bkgrd1_c7nomiss_fmt. marital_status marital_status_fmt.
303        			employedyn employedyn_fmt. yrsus_c3 yrsus_c3_fmt. education_c3 education_c3_fmt.
304        			alcohol_use alcohol_use_fmt. current_smoker yn_fmt.
305        			slpdur_lt8hrs slpdur_lt8hrs_fmt. pag2008yn yn_fmt. hei2010_c3 hei2010_c3_fmt.;
306        	ods output ParameterEstimates=genmod_results_2;
307        run;

NOTE: Algorithm converged.
NOTE: The scale parameter was estimated by maximum likelihood.
NOTE: The above message was for the following BY group:
      Imputation Number=1
NOTE: Algorithm converged.
NOTE: The scale parameter was estimated by maximum likelihood.
NOTE: The above message was for the following BY group:
      Imputation Number=2
NOTE: Algorithm converged.
NOTE: The scale parameter was estimated by maximum likelihood.
NOTE: The above message was for the following BY group:
      Imputation Number=3
NOTE: Algorithm converged.
NOTE: The scale parameter was estimated by maximum likelihood.
NOTE: The above message was for the following BY group:
      Imputation Number=4
NOTE: Algorithm converged.
NOTE: The scale parameter was estimated by maximum likelihood.
NOTE: The above message was for the following BY group:
      Imputation Number=5
NOTE: Algorithm converged.
NOTE: The scale parameter was estimated by maximum likelihood.
NOTE: The above message was for the following BY group:
      Imputation Number=6
NOTE: Algorithm converged.
NOTE: The scale parameter was estimated by maximum likelihood.
NOTE: The above message was for the following BY group:
      Imputation Number=7
                                                                               The SAS System

NOTE: Algorithm converged.
NOTE: The scale parameter was estimated by maximum likelihood.
NOTE: The above message was for the following BY group:
      Imputation Number=8
NOTE: Algorithm converged.
NOTE: The scale parameter was estimated by maximum likelihood.
NOTE: The above message was for the following BY group:
      Imputation Number=9
NOTE: Algorithm converged.
NOTE: The scale parameter was estimated by maximum likelihood.
NOTE: The above message was for the following BY group:
      Imputation Number=10
NOTE: The data set WORK.GENMOD_RESULTS_2 has 410 observations and 10 variables.
NOTE: The PROCEDURE GENMOD printed pages 21-40.
NOTE: PROCEDURE GENMOD used (Total process time):
      real time           0.07 seconds
      cpu time            0.03 seconds
      

308        
309        title 'Model 3: Model 2 + mental health';
310        proc genmod data = &impdb;
311        	by _imputation_;
312        	class centernum(ref="BRONX") bkgrd1_c7nomiss(ref='MEXICAN') marital_status(ref='SINGLE') employedyn(ref="NOT_EMPLOYED")
313        			education_c3(ref='N_HIGHSCHOOL_GED') n_hc(ref="YES") yrsus_c3(ref='US_BORN')
314        			current_smoker(REF="NO") alcohol_use(REF="NEVER") pag2008yn(ref="YES") slpdur_lt8hrs(ref="<8_hours") hei2010_c3(ref="HIGH");
315        	model waz = centernum yrs_btwn_v1flor age bkgrd1_c7nomiss n_hc education_c3 parity_v1 employedyn marital_status yrsus_c3
316        			current_smoker hei2010_c3 alcohol_use pag2008yn slpdur_lt8hrs
317        			cesd10 stai10/ dist = normal;
318        	format centernum centernum_fmt. n_hc n_hc_fmt. bkgrd1_c7nomiss bkgrd1_c7nomiss_fmt. marital_status marital_status_fmt.
319        			employedyn employedyn_fmt. yrsus_c3 yrsus_c3_fmt. education_c3 education_c3_fmt.
320        			alcohol_use alcohol_use_fmt. current_smoker yn_fmt.
321        			slpdur_lt8hrs slpdur_lt8hrs_fmt. pag2008yn yn_fmt. hei2010_c3 hei2010_c3_fmt.;
322        	ods output ParameterEstimates=genmod_results_3;
323        run;

NOTE: Algorithm converged.
NOTE: The scale parameter was estimated by maximum likelihood.
NOTE: The above message was for the following BY group:
      Imputation Number=1
NOTE: Algorithm converged.
NOTE: The scale parameter was estimated by maximum likelihood.
NOTE: The above message was for the following BY group:
      Imputation Number=2
NOTE: Algorithm converged.
NOTE: The scale parameter was estimated by maximum likelihood.
NOTE: The above message was for the following BY group:
      Imputation Number=3
NOTE: Algorithm converged.
NOTE: The scale parameter was estimated by maximum likelihood.
NOTE: The above message was for the following BY group:
      Imputation Number=4
NOTE: Algorithm converged.
NOTE: The scale parameter was estimated by maximum likelihood.
NOTE: The above message was for the following BY group:
      Imputation Number=5
NOTE: Algorithm converged.
                                                                               The SAS System

NOTE: The scale parameter was estimated by maximum likelihood.
NOTE: The above message was for the following BY group:
      Imputation Number=6
NOTE: Algorithm converged.
NOTE: The scale parameter was estimated by maximum likelihood.
NOTE: The above message was for the following BY group:
      Imputation Number=7
NOTE: Algorithm converged.
NOTE: The scale parameter was estimated by maximum likelihood.
NOTE: The above message was for the following BY group:
      Imputation Number=8
NOTE: Algorithm converged.
NOTE: The scale parameter was estimated by maximum likelihood.
NOTE: The above message was for the following BY group:
      Imputation Number=9
NOTE: Algorithm converged.
NOTE: The scale parameter was estimated by maximum likelihood.
NOTE: The above message was for the following BY group:
      Imputation Number=10
NOTE: The data set WORK.GENMOD_RESULTS_3 has 430 observations and 10 variables.
NOTE: The PROCEDURE GENMOD printed pages 41-60.
NOTE: PROCEDURE GENMOD used (Total process time):
      real time           0.08 seconds
      cpu time            0.07 seconds
      

324        
325        title 'Model 4: Model 3 + PRS';
326        proc genmod data = &impdb;
327        	by _imputation_;
328        	class centernum(ref="BRONX") bkgrd1_c7nomiss(ref='MEXICAN') marital_status(ref='SINGLE') employedyn(ref="NOT_EMPLOYED")
329        			education_c3(ref='N_HIGHSCHOOL_GED') n_hc(ref="YES") yrsus_c3(ref='US_BORN')
330        			current_smoker(REF="NO") alcohol_use(REF="NEVER") pag2008yn(ref="YES") slpdur_lt8hrs(ref="<8_hours") hei2010_c3(ref="HIGH");
331        	model waz = centernum yrs_btwn_v1flor age bkgrd1_c7nomiss n_hc education_c3 parity_v1 employedyn marital_status yrsus_c3
332        			current_smoker hei2010_c3 alcohol_use pag2008yn slpdur_lt8hrs
333        			cesd10 stai10
334        			child_prs_bmi_a/ dist = normal;
335        	format centernum centernum_fmt. n_hc n_hc_fmt. bkgrd1_c7nomiss bkgrd1_c7nomiss_fmt. marital_status marital_status_fmt.
336        			employedyn employedyn_fmt. yrsus_c3 yrsus_c3_fmt. education_c3 education_c3_fmt.
337        			alcohol_use alcohol_use_fmt. current_smoker yn_fmt.
338        			slpdur_lt8hrs slpdur_lt8hrs_fmt. pag2008yn yn_fmt. hei2010_c3 hei2010_c3_fmt.;
339        	ods output ParameterEstimates=genmod_results_4;
340        run;

NOTE: Algorithm converged.
NOTE: The scale parameter was estimated by maximum likelihood.
NOTE: The above message was for the following BY group:
      Imputation Number=1
NOTE: Algorithm converged.
NOTE: The scale parameter was estimated by maximum likelihood.
NOTE: The above message was for the following BY group:
      Imputation Number=2
NOTE: Algorithm converged.
NOTE: The scale parameter was estimated by maximum likelihood.
NOTE: The above message was for the following BY group:
      Imputation Number=3
NOTE: Algorithm converged.
                                                                               The SAS System

NOTE: The scale parameter was estimated by maximum likelihood.
NOTE: The above message was for the following BY group:
      Imputation Number=4
NOTE: Algorithm converged.
NOTE: The scale parameter was estimated by maximum likelihood.
NOTE: The above message was for the following BY group:
      Imputation Number=5
NOTE: Algorithm converged.
NOTE: The scale parameter was estimated by maximum likelihood.
NOTE: The above message was for the following BY group:
      Imputation Number=6
NOTE: Algorithm converged.
NOTE: The scale parameter was estimated by maximum likelihood.
NOTE: The above message was for the following BY group:
      Imputation Number=7
NOTE: Algorithm converged.
NOTE: The scale parameter was estimated by maximum likelihood.
NOTE: The above message was for the following BY group:
      Imputation Number=8
NOTE: Algorithm converged.
NOTE: The scale parameter was estimated by maximum likelihood.
NOTE: The above message was for the following BY group:
      Imputation Number=9
NOTE: Algorithm converged.
NOTE: The scale parameter was estimated by maximum likelihood.
NOTE: The above message was for the following BY group:
      Imputation Number=10
NOTE: The data set WORK.GENMOD_RESULTS_4 has 440 observations and 10 variables.
NOTE: The PROCEDURE GENMOD printed pages 61-80.
NOTE: PROCEDURE GENMOD used (Total process time):
      real time           0.06 seconds
      cpu time            0.06 seconds
      

341        
342        * Process the imputed estimates;
343        %process_imputed(in_db = genmod_results_1, out_db = mianalize_1, model = 1);

NOTE: There were 290 observations read from the data set WORK.GENMOD_RESULTS_1.
NOTE: The data set WORK.GENMOD_RESULTS_1 has 290 observations and 11 variables.
NOTE: DATA statement used (Total process time):
      real time           0.01 seconds
      cpu time            0.00 seconds
      


NOTE: There were 290 observations read from the data set WORK.GENMOD_RESULTS_1.
NOTE: The data set WORK.GENMOD_RESULTS_1 has 290 observations and 11 variables.
NOTE: PROCEDURE SORT used (Total process time):
      real time           0.00 seconds
      cpu time            0.00 seconds
      


WARNING: Within-imputation StdErr is zero for variable Estimate in _Imputation_= 1 in the input DATA= data set.
WARNING: Within-imputation StdErr is zero for variable Estimate in _Imputation_= 2 in the input DATA= data set.
WARNING: Within-imputation StdErr is zero for variable Estimate in _Imputation_= 3 in the input DATA= data set.
                                                                               The SAS System

WARNING: Within-imputation StdErr is zero for variable Estimate in _Imputation_= 4 in the input DATA= data set.
WARNING: Within-imputation StdErr is zero for variable Estimate in _Imputation_= 5 in the input DATA= data set.
WARNING: Within-imputation StdErr is zero for variable Estimate in _Imputation_= 6 in the input DATA= data set.
WARNING: Within-imputation StdErr is zero for variable Estimate in _Imputation_= 7 in the input DATA= data set.
WARNING: Within-imputation StdErr is zero for variable Estimate in _Imputation_= 8 in the input DATA= data set.
WARNING: Within-imputation StdErr is zero for variable Estimate in _Imputation_= 9 in the input DATA= data set.
WARNING: Within-imputation StdErr is zero for variable Estimate in _Imputation_= 10 in the input DATA= data set.
NOTE: The above message was for the following BY group:
      EffectName=BKGRD1_C7NOMISS_MEXICAN
WARNING: Within-imputation StdErr is zero for variable Estimate in _Imputation_= 1 in the input DATA= data set.
WARNING: Within-imputation StdErr is zero for variable Estimate in _Imputation_= 2 in the input DATA= data set.
WARNING: Within-imputation StdErr is zero for variable Estimate in _Imputation_= 3 in the input DATA= data set.
WARNING: Within-imputation StdErr is zero for variable Estimate in _Imputation_= 4 in the input DATA= data set.
WARNING: Within-imputation StdErr is zero for variable Estimate in _Imputation_= 5 in the input DATA= data set.
WARNING: Within-imputation StdErr is zero for variable Estimate in _Imputation_= 6 in the input DATA= data set.
WARNING: Within-imputation StdErr is zero for variable Estimate in _Imputation_= 7 in the input DATA= data set.
WARNING: Within-imputation StdErr is zero for variable Estimate in _Imputation_= 8 in the input DATA= data set.
WARNING: Within-imputation StdErr is zero for variable Estimate in _Imputation_= 9 in the input DATA= data set.
WARNING: Within-imputation StdErr is zero for variable Estimate in _Imputation_= 10 in the input DATA= data set.
NOTE: The above message was for the following BY group:
      EffectName=CENTERNUM_BRONX
WARNING: Within-imputation StdErr is zero for variable Estimate in _Imputation_= 1 in the input DATA= data set.
WARNING: Within-imputation StdErr is zero for variable Estimate in _Imputation_= 2 in the input DATA= data set.
WARNING: Within-imputation StdErr is zero for variable Estimate in _Imputation_= 3 in the input DATA= data set.
WARNING: Within-imputation StdErr is zero for variable Estimate in _Imputation_= 4 in the input DATA= data set.
WARNING: Within-imputation StdErr is zero for variable Estimate in _Imputation_= 5 in the input DATA= data set.
WARNING: Within-imputation StdErr is zero for variable Estimate in _Imputation_= 6 in the input DATA= data set.
WARNING: Within-imputation StdErr is zero for variable Estimate in _Imputation_= 7 in the input DATA= data set.
WARNING: Within-imputation StdErr is zero for variable Estimate in _Imputation_= 8 in the input DATA= data set.
WARNING: Within-imputation StdErr is zero for variable Estimate in _Imputation_= 9 in the input DATA= data set.
WARNING: Within-imputation StdErr is zero for variable Estimate in _Imputation_= 10 in the input DATA= data set.
NOTE: The above message was for the following BY group:
      EffectName=EDUCATION_C3_N_HIGHSCHOOL_GED
WARNING: Within-imputation StdErr is zero for variable Estimate in _Imputation_= 1 in the input DATA= data set.
WARNING: Within-imputation StdErr is zero for variable Estimate in _Imputation_= 2 in the input DATA= data set.
WARNING: Within-imputation StdErr is zero for variable Estimate in _Imputation_= 3 in the input DATA= data set.
WARNING: Within-imputation StdErr is zero for variable Estimate in _Imputation_= 4 in the input DATA= data set.
WARNING: Within-imputation StdErr is zero for variable Estimate in _Imputation_= 5 in the input DATA= data set.
WARNING: Within-imputation StdErr is zero for variable Estimate in _Imputation_= 6 in the input DATA= data set.
WARNING: Within-imputation StdErr is zero for variable Estimate in _Imputation_= 7 in the input DATA= data set.
WARNING: Within-imputation StdErr is zero for variable Estimate in _Imputation_= 8 in the input DATA= data set.
WARNING: Within-imputation StdErr is zero for variable Estimate in _Imputation_= 9 in the input DATA= data set.
WARNING: Within-imputation StdErr is zero for variable Estimate in _Imputation_= 10 in the input DATA= data set.
NOTE: The above message was for the following BY group:
      EffectName=EMPLOYEDYN_NOT_EMPLOYED
WARNING: Within-imputation StdErr is zero for variable Estimate in _Imputation_= 1 in the input DATA= data set.
WARNING: Within-imputation StdErr is zero for variable Estimate in _Imputation_= 2 in the input DATA= data set.
WARNING: Within-imputation StdErr is zero for variable Estimate in _Imputation_= 3 in the input DATA= data set.
WARNING: Within-imputation StdErr is zero for variable Estimate in _Imputation_= 4 in the input DATA= data set.
WARNING: Within-imputation StdErr is zero for variable Estimate in _Imputation_= 5 in the input DATA= data set.
WARNING: Within-imputation StdErr is zero for variable Estimate in _Imputation_= 6 in the input DATA= data set.
WARNING: Within-imputation StdErr is zero for variable Estimate in _Imputation_= 7 in the input DATA= data set.
WARNING: Within-imputation StdErr is zero for variable Estimate in _Imputation_= 8 in the input DATA= data set.
WARNING: Within-imputation StdErr is zero for variable Estimate in _Imputation_= 9 in the input DATA= data set.
WARNING: Within-imputation StdErr is zero for variable Estimate in _Imputation_= 10 in the input DATA= data set.
NOTE: The above message was for the following BY group:
      EffectName=MARITAL_STATUS_SINGLE
                                                                               The SAS System

WARNING: Within-imputation StdErr is zero for variable Estimate in _Imputation_= 1 in the input DATA= data set.
WARNING: Within-imputation StdErr is zero for variable Estimate in _Imputation_= 2 in the input DATA= data set.
WARNING: Within-imputation StdErr is zero for variable Estimate in _Imputation_= 3 in the input DATA= data set.
WARNING: Within-imputation StdErr is zero for variable Estimate in _Imputation_= 4 in the input DATA= data set.
WARNING: Within-imputation StdErr is zero for variable Estimate in _Imputation_= 5 in the input DATA= data set.
WARNING: Within-imputation StdErr is zero for variable Estimate in _Imputation_= 6 in the input DATA= data set.
WARNING: Within-imputation StdErr is zero for variable Estimate in _Imputation_= 7 in the input DATA= data set.
WARNING: Within-imputation StdErr is zero for variable Estimate in _Imputation_= 8 in the input DATA= data set.
WARNING: Within-imputation StdErr is zero for variable Estimate in _Imputation_= 9 in the input DATA= data set.
WARNING: Within-imputation StdErr is zero for variable Estimate in _Imputation_= 10 in the input DATA= data set.
NOTE: The above message was for the following BY group:
      EffectName=N_HC_YES
WARNING: Within-imputation StdErr is zero for variable Estimate in _Imputation_= 1 in the input DATA= data set.
WARNING: Within-imputation StdErr is zero for variable Estimate in _Imputation_= 2 in the input DATA= data set.
WARNING: Within-imputation StdErr is zero for variable Estimate in _Imputation_= 3 in the input DATA= data set.
WARNING: Within-imputation StdErr is zero for variable Estimate in _Imputation_= 4 in the input DATA= data set.
WARNING: Within-imputation StdErr is zero for variable Estimate in _Imputation_= 5 in the input DATA= data set.
WARNING: Within-imputation StdErr is zero for variable Estimate in _Imputation_= 6 in the input DATA= data set.
WARNING: Within-imputation StdErr is zero for variable Estimate in _Imputation_= 7 in the input DATA= data set.
WARNING: Within-imputation StdErr is zero for variable Estimate in _Imputation_= 8 in the input DATA= data set.
WARNING: Within-imputation StdErr is zero for variable Estimate in _Imputation_= 9 in the input DATA= data set.
WARNING: Within-imputation StdErr is zero for variable Estimate in _Imputation_= 10 in the input DATA= data set.
NOTE: The above message was for the following BY group:
      EffectName=YRSUS_C3_US_BORN
NOTE: The data set WORK.MIANALIZE_1_P has 29 observations and 13 variables.
NOTE: The PROCEDURE MIANALYZE printed pages 81-109.
NOTE: PROCEDURE MIANALYZE used (Total process time):
      real time           0.03 seconds
      cpu time            0.01 seconds
      

WARNING: Length of character variable model has already been set. 
         Use the LENGTH statement as the very first statement in the DATA STEP to declare the length of a character variable.

NOTE: There were 29 observations read from the data set WORK.MIANALIZE_1_P.
NOTE: The data set WORK.MIANALIZE_1 has 27 observations and 9 variables.
NOTE: DATA statement used (Total process time):
      real time           0.01 seconds
      cpu time            0.00 seconds
      

344        %process_imputed(in_db = genmod_results_2, out_db = mianalize_2, model = 2);

NOTE: There were 410 observations read from the data set WORK.GENMOD_RESULTS_2.
NOTE: The data set WORK.GENMOD_RESULTS_2 has 410 observations and 11 variables.
NOTE: DATA statement used (Total process time):
      real time           0.00 seconds
      cpu time            0.00 seconds
      


NOTE: There were 410 observations read from the data set WORK.GENMOD_RESULTS_2.
NOTE: The data set WORK.GENMOD_RESULTS_2 has 410 observations and 11 variables.
NOTE: PROCEDURE SORT used (Total process time):
      real time           0.01 seconds
      cpu time            0.00 seconds
      
                                                                               The SAS System



WARNING: Within-imputation StdErr is zero for variable Estimate in _Imputation_= 1 in the input DATA= data set.
WARNING: Within-imputation StdErr is zero for variable Estimate in _Imputation_= 2 in the input DATA= data set.
WARNING: Within-imputation StdErr is zero for variable Estimate in _Imputation_= 3 in the input DATA= data set.
WARNING: Within-imputation StdErr is zero for variable Estimate in _Imputation_= 4 in the input DATA= data set.
WARNING: Within-imputation StdErr is zero for variable Estimate in _Imputation_= 5 in the input DATA= data set.
WARNING: Within-imputation StdErr is zero for variable Estimate in _Imputation_= 6 in the input DATA= data set.
WARNING: Within-imputation StdErr is zero for variable Estimate in _Imputation_= 7 in the input DATA= data set.
WARNING: Within-imputation StdErr is zero for variable Estimate in _Imputation_= 8 in the input DATA= data set.
WARNING: Within-imputation StdErr is zero for variable Estimate in _Imputation_= 9 in the input DATA= data set.
WARNING: Within-imputation StdErr is zero for variable Estimate in _Imputation_= 10 in the input DATA= data set.
NOTE: The above message was for the following BY group:
      EffectName=ALCOHOL_USE_NEVER
WARNING: Within-imputation StdErr is zero for variable Estimate in _Imputation_= 1 in the input DATA= data set.
WARNING: Within-imputation StdErr is zero for variable Estimate in _Imputation_= 2 in the input DATA= data set.
WARNING: Within-imputation StdErr is zero for variable Estimate in _Imputation_= 3 in the input DATA= data set.
WARNING: Within-imputation StdErr is zero for variable Estimate in _Imputation_= 4 in the input DATA= data set.
WARNING: Within-imputation StdErr is zero for variable Estimate in _Imputation_= 5 in the input DATA= data set.
WARNING: Within-imputation StdErr is zero for variable Estimate in _Imputation_= 6 in the input DATA= data set.
WARNING: Within-imputation StdErr is zero for variable Estimate in _Imputation_= 7 in the input DATA= data set.
WARNING: Within-imputation StdErr is zero for variable Estimate in _Imputation_= 8 in the input DATA= data set.
WARNING: Within-imputation StdErr is zero for variable Estimate in _Imputation_= 9 in the input DATA= data set.
WARNING: Within-imputation StdErr is zero for variable Estimate in _Imputation_= 10 in the input DATA= data set.
NOTE: The above message was for the following BY group:
      EffectName=BKGRD1_C7NOMISS_MEXICAN
WARNING: Within-imputation StdErr is zero for variable Estimate in _Imputation_= 1 in the input DATA= data set.
WARNING: Within-imputation StdErr is zero for variable Estimate in _Imputation_= 2 in the input DATA= data set.
WARNING: Within-imputation StdErr is zero for variable Estimate in _Imputation_= 3 in the input DATA= data set.
WARNING: Within-imputation StdErr is zero for variable Estimate in _Imputation_= 4 in the input DATA= data set.
WARNING: Within-imputation StdErr is zero for variable Estimate in _Imputation_= 5 in the input DATA= data set.
WARNING: Within-imputation StdErr is zero for variable Estimate in _Imputation_= 6 in the input DATA= data set.
WARNING: Within-imputation StdErr is zero for variable Estimate in _Imputation_= 7 in the input DATA= data set.
WARNING: Within-imputation StdErr is zero for variable Estimate in _Imputation_= 8 in the input DATA= data set.
WARNING: Within-imputation StdErr is zero for variable Estimate in _Imputation_= 9 in the input DATA= data set.
WARNING: Within-imputation StdErr is zero for variable Estimate in _Imputation_= 10 in the input DATA= data set.
NOTE: The above message was for the following BY group:
      EffectName=CENTERNUM_BRONX
WARNING: Within-imputation StdErr is zero for variable Estimate in _Imputation_= 1 in the input DATA= data set.
WARNING: Within-imputation StdErr is zero for variable Estimate in _Imputation_= 2 in the input DATA= data set.
WARNING: Within-imputation StdErr is zero for variable Estimate in _Imputation_= 3 in the input DATA= data set.
WARNING: Within-imputation StdErr is zero for variable Estimate in _Imputation_= 4 in the input DATA= data set.
WARNING: Within-imputation StdErr is zero for variable Estimate in _Imputation_= 5 in the input DATA= data set.
WARNING: Within-imputation StdErr is zero for variable Estimate in _Imputation_= 6 in the input DATA= data set.
WARNING: Within-imputation StdErr is zero for variable Estimate in _Imputation_= 7 in the input DATA= data set.
WARNING: Within-imputation StdErr is zero for variable Estimate in _Imputation_= 8 in the input DATA= data set.
WARNING: Within-imputation StdErr is zero for variable Estimate in _Imputation_= 9 in the input DATA= data set.
WARNING: Within-imputation StdErr is zero for variable Estimate in _Imputation_= 10 in the input DATA= data set.
NOTE: The above message was for the following BY group:
      EffectName=CURRENT_SMOKER_NO
WARNING: Within-imputation StdErr is zero for variable Estimate in _Imputation_= 1 in the input DATA= data set.
WARNING: Within-imputation StdErr is zero for variable Estimate in _Imputation_= 2 in the input DATA= data set.
WARNING: Within-imputation StdErr is zero for variable Estimate in _Imputation_= 3 in the input DATA= data set.
WARNING: Within-imputation StdErr is zero for variable Estimate in _Imputation_= 4 in the input DATA= data set.
WARNING: Within-imputation StdErr is zero for variable Estimate in _Imputation_= 5 in the input DATA= data set.
WARNING: Within-imputation StdErr is zero for variable Estimate in _Imputation_= 6 in the input DATA= data set.
WARNING: Within-imputation StdErr is zero for variable Estimate in _Imputation_= 7 in the input DATA= data set.
                                                                               The SAS System

WARNING: Within-imputation StdErr is zero for variable Estimate in _Imputation_= 8 in the input DATA= data set.
WARNING: Within-imputation StdErr is zero for variable Estimate in _Imputation_= 9 in the input DATA= data set.
WARNING: Within-imputation StdErr is zero for variable Estimate in _Imputation_= 10 in the input DATA= data set.
NOTE: The above message was for the following BY group:
      EffectName=EDUCATION_C3_N_HIGHSCHOOL_GED
WARNING: Within-imputation StdErr is zero for variable Estimate in _Imputation_= 1 in the input DATA= data set.
WARNING: Within-imputation StdErr is zero for variable Estimate in _Imputation_= 2 in the input DATA= data set.
WARNING: Within-imputation StdErr is zero for variable Estimate in _Imputation_= 3 in the input DATA= data set.
WARNING: Within-imputation StdErr is zero for variable Estimate in _Imputation_= 4 in the input DATA= data set.
WARNING: Within-imputation StdErr is zero for variable Estimate in _Imputation_= 5 in the input DATA= data set.
WARNING: Within-imputation StdErr is zero for variable Estimate in _Imputation_= 6 in the input DATA= data set.
WARNING: Within-imputation StdErr is zero for variable Estimate in _Imputation_= 7 in the input DATA= data set.
WARNING: Within-imputation StdErr is zero for variable Estimate in _Imputation_= 8 in the input DATA= data set.
WARNING: Within-imputation StdErr is zero for variable Estimate in _Imputation_= 9 in the input DATA= data set.
WARNING: Within-imputation StdErr is zero for variable Estimate in _Imputation_= 10 in the input DATA= data set.
NOTE: The above message was for the following BY group:
      EffectName=EMPLOYEDYN_NOT_EMPLOYED
WARNING: Within-imputation StdErr is zero for variable Estimate in _Imputation_= 1 in the input DATA= data set.
WARNING: Within-imputation StdErr is zero for variable Estimate in _Imputation_= 2 in the input DATA= data set.
WARNING: Within-imputation StdErr is zero for variable Estimate in _Imputation_= 3 in the input DATA= data set.
WARNING: Within-imputation StdErr is zero for variable Estimate in _Imputation_= 4 in the input DATA= data set.
WARNING: Within-imputation StdErr is zero for variable Estimate in _Imputation_= 5 in the input DATA= data set.
WARNING: Within-imputation StdErr is zero for variable Estimate in _Imputation_= 6 in the input DATA= data set.
WARNING: Within-imputation StdErr is zero for variable Estimate in _Imputation_= 7 in the input DATA= data set.
WARNING: Within-imputation StdErr is zero for variable Estimate in _Imputation_= 8 in the input DATA= data set.
WARNING: Within-imputation StdErr is zero for variable Estimate in _Imputation_= 9 in the input DATA= data set.
WARNING: Within-imputation StdErr is zero for variable Estimate in _Imputation_= 10 in the input DATA= data set.
NOTE: The above message was for the following BY group:
      EffectName=HEI2010_C3_HIGH
WARNING: Within-imputation StdErr is zero for variable Estimate in _Imputation_= 1 in the input DATA= data set.
WARNING: Within-imputation StdErr is zero for variable Estimate in _Imputation_= 2 in the input DATA= data set.
WARNING: Within-imputation StdErr is zero for variable Estimate in _Imputation_= 3 in the input DATA= data set.
WARNING: Within-imputation StdErr is zero for variable Estimate in _Imputation_= 4 in the input DATA= data set.
WARNING: Within-imputation StdErr is zero for variable Estimate in _Imputation_= 5 in the input DATA= data set.
WARNING: Within-imputation StdErr is zero for variable Estimate in _Imputation_= 6 in the input DATA= data set.
WARNING: Within-imputation StdErr is zero for variable Estimate in _Imputation_= 7 in the input DATA= data set.
WARNING: Within-imputation StdErr is zero for variable Estimate in _Imputation_= 8 in the input DATA= data set.
WARNING: Within-imputation StdErr is zero for variable Estimate in _Imputation_= 9 in the input DATA= data set.
WARNING: Within-imputation StdErr is zero for variable Estimate in _Imputation_= 10 in the input DATA= data set.
NOTE: The above message was for the following BY group:
      EffectName=MARITAL_STATUS_SINGLE
WARNING: Within-imputation StdErr is zero for variable Estimate in _Imputation_= 1 in the input DATA= data set.
WARNING: Within-imputation StdErr is zero for variable Estimate in _Imputation_= 2 in the input DATA= data set.
WARNING: Within-imputation StdErr is zero for variable Estimate in _Imputation_= 3 in the input DATA= data set.
WARNING: Within-imputation StdErr is zero for variable Estimate in _Imputation_= 4 in the input DATA= data set.
WARNING: Within-imputation StdErr is zero for variable Estimate in _Imputation_= 5 in the input DATA= data set.
WARNING: Within-imputation StdErr is zero for variable Estimate in _Imputation_= 6 in the input DATA= data set.
WARNING: Within-imputation StdErr is zero for variable Estimate in _Imputation_= 7 in the input DATA= data set.
WARNING: Within-imputation StdErr is zero for variable Estimate in _Imputation_= 8 in the input DATA= data set.
WARNING: Within-imputation StdErr is zero for variable Estimate in _Imputation_= 9 in the input DATA= data set.
WARNING: Within-imputation StdErr is zero for variable Estimate in _Imputation_= 10 in the input DATA= data set.
NOTE: The above message was for the following BY group:
      EffectName=N_HC_YES
WARNING: Within-imputation StdErr is zero for variable Estimate in _Imputation_= 1 in the input DATA= data set.
WARNING: Within-imputation StdErr is zero for variable Estimate in _Imputation_= 2 in the input DATA= data set.
WARNING: Within-imputation StdErr is zero for variable Estimate in _Imputation_= 3 in the input DATA= data set.
WARNING: Within-imputation StdErr is zero for variable Estimate in _Imputation_= 4 in the input DATA= data set.
                                                                               The SAS System

WARNING: Within-imputation StdErr is zero for variable Estimate in _Imputation_= 5 in the input DATA= data set.
WARNING: Within-imputation StdErr is zero for variable Estimate in _Imputation_= 6 in the input DATA= data set.
WARNING: Within-imputation StdErr is zero for variable Estimate in _Imputation_= 7 in the input DATA= data set.
WARNING: Within-imputation StdErr is zero for variable Estimate in _Imputation_= 8 in the input DATA= data set.
WARNING: Within-imputation StdErr is zero for variable Estimate in _Imputation_= 9 in the input DATA= data set.
WARNING: Within-imputation StdErr is zero for variable Estimate in _Imputation_= 10 in the input DATA= data set.
NOTE: The above message was for the following BY group:
      EffectName=PAG2008YN_YES
WARNING: Within-imputation StdErr is zero for variable Estimate in _Imputation_= 1 in the input DATA= data set.
WARNING: Within-imputation StdErr is zero for variable Estimate in _Imputation_= 2 in the input DATA= data set.
WARNING: Within-imputation StdErr is zero for variable Estimate in _Imputation_= 3 in the input DATA= data set.
WARNING: Within-imputation StdErr is zero for variable Estimate in _Imputation_= 4 in the input DATA= data set.
WARNING: Within-imputation StdErr is zero for variable Estimate in _Imputation_= 5 in the input DATA= data set.
WARNING: Within-imputation StdErr is zero for variable Estimate in _Imputation_= 6 in the input DATA= data set.
WARNING: Within-imputation StdErr is zero for variable Estimate in _Imputation_= 7 in the input DATA= data set.
WARNING: Within-imputation StdErr is zero for variable Estimate in _Imputation_= 8 in the input DATA= data set.
WARNING: Within-imputation StdErr is zero for variable Estimate in _Imputation_= 9 in the input DATA= data set.
WARNING: Within-imputation StdErr is zero for variable Estimate in _Imputation_= 10 in the input DATA= data set.
NOTE: The above message was for the following BY group:
      EffectName=SLPDUR_LT8HRS_<8_hours
WARNING: Within-imputation StdErr is zero for variable Estimate in _Imputation_= 1 in the input DATA= data set.
WARNING: Within-imputation StdErr is zero for variable Estimate in _Imputation_= 2 in the input DATA= data set.
WARNING: Within-imputation StdErr is zero for variable Estimate in _Imputation_= 3 in the input DATA= data set.
WARNING: Within-imputation StdErr is zero for variable Estimate in _Imputation_= 4 in the input DATA= data set.
WARNING: Within-imputation StdErr is zero for variable Estimate in _Imputation_= 5 in the input DATA= data set.
WARNING: Within-imputation StdErr is zero for variable Estimate in _Imputation_= 6 in the input DATA= data set.
WARNING: Within-imputation StdErr is zero for variable Estimate in _Imputation_= 7 in the input DATA= data set.
WARNING: Within-imputation StdErr is zero for variable Estimate in _Imputation_= 8 in the input DATA= data set.
WARNING: Within-imputation StdErr is zero for variable Estimate in _Imputation_= 9 in the input DATA= data set.
WARNING: Within-imputation StdErr is zero for variable Estimate in _Imputation_= 10 in the input DATA= data set.
NOTE: The above message was for the following BY group:
      EffectName=YRSUS_C3_US_BORN
NOTE: The data set WORK.MIANALIZE_2_P has 41 observations and 13 variables.
NOTE: The PROCEDURE MIANALYZE printed pages 110-150.
NOTE: PROCEDURE MIANALYZE used (Total process time):
      real time           0.22 seconds
      cpu time            0.00 seconds
      

WARNING: Length of character variable model has already been set. 
         Use the LENGTH statement as the very first statement in the DATA STEP to declare the length of a character variable.

NOTE: There were 41 observations read from the data set WORK.MIANALIZE_2_P.
NOTE: The data set WORK.MIANALIZE_2 has 39 observations and 9 variables.
NOTE: DATA statement used (Total process time):
      real time           0.01 seconds
      cpu time            0.00 seconds
      

345        %process_imputed(in_db = genmod_results_3, out_db = mianalize_3, model = 3);

NOTE: There were 430 observations read from the data set WORK.GENMOD_RESULTS_3.
NOTE: The data set WORK.GENMOD_RESULTS_3 has 430 observations and 11 variables.
NOTE: DATA statement used (Total process time):
      real time           0.00 seconds
      cpu time            0.00 seconds
      
                                                                               The SAS System



NOTE: There were 430 observations read from the data set WORK.GENMOD_RESULTS_3.
NOTE: The data set WORK.GENMOD_RESULTS_3 has 430 observations and 11 variables.
NOTE: PROCEDURE SORT used (Total process time):
      real time           0.00 seconds
      cpu time            0.00 seconds
      


WARNING: Within-imputation StdErr is zero for variable Estimate in _Imputation_= 1 in the input DATA= data set.
WARNING: Within-imputation StdErr is zero for variable Estimate in _Imputation_= 2 in the input DATA= data set.
WARNING: Within-imputation StdErr is zero for variable Estimate in _Imputation_= 3 in the input DATA= data set.
WARNING: Within-imputation StdErr is zero for variable Estimate in _Imputation_= 4 in the input DATA= data set.
WARNING: Within-imputation StdErr is zero for variable Estimate in _Imputation_= 5 in the input DATA= data set.
WARNING: Within-imputation StdErr is zero for variable Estimate in _Imputation_= 6 in the input DATA= data set.
WARNING: Within-imputation StdErr is zero for variable Estimate in _Imputation_= 7 in the input DATA= data set.
WARNING: Within-imputation StdErr is zero for variable Estimate in _Imputation_= 8 in the input DATA= data set.
WARNING: Within-imputation StdErr is zero for variable Estimate in _Imputation_= 9 in the input DATA= data set.
WARNING: Within-imputation StdErr is zero for variable Estimate in _Imputation_= 10 in the input DATA= data set.
NOTE: The above message was for the following BY group:
      EffectName=ALCOHOL_USE_NEVER
WARNING: Within-imputation StdErr is zero for variable Estimate in _Imputation_= 1 in the input DATA= data set.
WARNING: Within-imputation StdErr is zero for variable Estimate in _Imputation_= 2 in the input DATA= data set.
WARNING: Within-imputation StdErr is zero for variable Estimate in _Imputation_= 3 in the input DATA= data set.
WARNING: Within-imputation StdErr is zero for variable Estimate in _Imputation_= 4 in the input DATA= data set.
WARNING: Within-imputation StdErr is zero for variable Estimate in _Imputation_= 5 in the input DATA= data set.
WARNING: Within-imputation StdErr is zero for variable Estimate in _Imputation_= 6 in the input DATA= data set.
WARNING: Within-imputation StdErr is zero for variable Estimate in _Imputation_= 7 in the input DATA= data set.
WARNING: Within-imputation StdErr is zero for variable Estimate in _Imputation_= 8 in the input DATA= data set.
WARNING: Within-imputation StdErr is zero for variable Estimate in _Imputation_= 9 in the input DATA= data set.
WARNING: Within-imputation StdErr is zero for variable Estimate in _Imputation_= 10 in the input DATA= data set.
NOTE: The above message was for the following BY group:
      EffectName=BKGRD1_C7NOMISS_MEXICAN
WARNING: Within-imputation StdErr is zero for variable Estimate in _Imputation_= 1 in the input DATA= data set.
WARNING: Within-imputation StdErr is zero for variable Estimate in _Imputation_= 2 in the input DATA= data set.
WARNING: Within-imputation StdErr is zero for variable Estimate in _Imputation_= 3 in the input DATA= data set.
WARNING: Within-imputation StdErr is zero for variable Estimate in _Imputation_= 4 in the input DATA= data set.
WARNING: Within-imputation StdErr is zero for variable Estimate in _Imputation_= 5 in the input DATA= data set.
WARNING: Within-imputation StdErr is zero for variable Estimate in _Imputation_= 6 in the input DATA= data set.
WARNING: Within-imputation StdErr is zero for variable Estimate in _Imputation_= 7 in the input DATA= data set.
WARNING: Within-imputation StdErr is zero for variable Estimate in _Imputation_= 8 in the input DATA= data set.
WARNING: Within-imputation StdErr is zero for variable Estimate in _Imputation_= 9 in the input DATA= data set.
WARNING: Within-imputation StdErr is zero for variable Estimate in _Imputation_= 10 in the input DATA= data set.
NOTE: The above message was for the following BY group:
      EffectName=CENTERNUM_BRONX
WARNING: Within-imputation StdErr is zero for variable Estimate in _Imputation_= 1 in the input DATA= data set.
WARNING: Within-imputation StdErr is zero for variable Estimate in _Imputation_= 2 in the input DATA= data set.
WARNING: Within-imputation StdErr is zero for variable Estimate in _Imputation_= 3 in the input DATA= data set.
WARNING: Within-imputation StdErr is zero for variable Estimate in _Imputation_= 4 in the input DATA= data set.
WARNING: Within-imputation StdErr is zero for variable Estimate in _Imputation_= 5 in the input DATA= data set.
WARNING: Within-imputation StdErr is zero for variable Estimate in _Imputation_= 6 in the input DATA= data set.
WARNING: Within-imputation StdErr is zero for variable Estimate in _Imputation_= 7 in the input DATA= data set.
WARNING: Within-imputation StdErr is zero for variable Estimate in _Imputation_= 8 in the input DATA= data set.
WARNING: Within-imputation StdErr is zero for variable Estimate in _Imputation_= 9 in the input DATA= data set.
WARNING: Within-imputation StdErr is zero for variable Estimate in _Imputation_= 10 in the input DATA= data set.
NOTE: The above message was for the following BY group:
                                                                               The SAS System

      EffectName=CURRENT_SMOKER_NO
WARNING: Within-imputation StdErr is zero for variable Estimate in _Imputation_= 1 in the input DATA= data set.
WARNING: Within-imputation StdErr is zero for variable Estimate in _Imputation_= 2 in the input DATA= data set.
WARNING: Within-imputation StdErr is zero for variable Estimate in _Imputation_= 3 in the input DATA= data set.
WARNING: Within-imputation StdErr is zero for variable Estimate in _Imputation_= 4 in the input DATA= data set.
WARNING: Within-imputation StdErr is zero for variable Estimate in _Imputation_= 5 in the input DATA= data set.
WARNING: Within-imputation StdErr is zero for variable Estimate in _Imputation_= 6 in the input DATA= data set.
WARNING: Within-imputation StdErr is zero for variable Estimate in _Imputation_= 7 in the input DATA= data set.
WARNING: Within-imputation StdErr is zero for variable Estimate in _Imputation_= 8 in the input DATA= data set.
WARNING: Within-imputation StdErr is zero for variable Estimate in _Imputation_= 9 in the input DATA= data set.
WARNING: Within-imputation StdErr is zero for variable Estimate in _Imputation_= 10 in the input DATA= data set.
NOTE: The above message was for the following BY group:
      EffectName=EDUCATION_C3_N_HIGHSCHOOL_GED
WARNING: Within-imputation StdErr is zero for variable Estimate in _Imputation_= 1 in the input DATA= data set.
WARNING: Within-imputation StdErr is zero for variable Estimate in _Imputation_= 2 in the input DATA= data set.
WARNING: Within-imputation StdErr is zero for variable Estimate in _Imputation_= 3 in the input DATA= data set.
WARNING: Within-imputation StdErr is zero for variable Estimate in _Imputation_= 4 in the input DATA= data set.
WARNING: Within-imputation StdErr is zero for variable Estimate in _Imputation_= 5 in the input DATA= data set.
WARNING: Within-imputation StdErr is zero for variable Estimate in _Imputation_= 6 in the input DATA= data set.
WARNING: Within-imputation StdErr is zero for variable Estimate in _Imputation_= 7 in the input DATA= data set.
WARNING: Within-imputation StdErr is zero for variable Estimate in _Imputation_= 8 in the input DATA= data set.
WARNING: Within-imputation StdErr is zero for variable Estimate in _Imputation_= 9 in the input DATA= data set.
WARNING: Within-imputation StdErr is zero for variable Estimate in _Imputation_= 10 in the input DATA= data set.
NOTE: The above message was for the following BY group:
      EffectName=EMPLOYEDYN_NOT_EMPLOYED
WARNING: Within-imputation StdErr is zero for variable Estimate in _Imputation_= 1 in the input DATA= data set.
WARNING: Within-imputation StdErr is zero for variable Estimate in _Imputation_= 2 in the input DATA= data set.
WARNING: Within-imputation StdErr is zero for variable Estimate in _Imputation_= 3 in the input DATA= data set.
WARNING: Within-imputation StdErr is zero for variable Estimate in _Imputation_= 4 in the input DATA= data set.
WARNING: Within-imputation StdErr is zero for variable Estimate in _Imputation_= 5 in the input DATA= data set.
WARNING: Within-imputation StdErr is zero for variable Estimate in _Imputation_= 6 in the input DATA= data set.
WARNING: Within-imputation StdErr is zero for variable Estimate in _Imputation_= 7 in the input DATA= data set.
WARNING: Within-imputation StdErr is zero for variable Estimate in _Imputation_= 8 in the input DATA= data set.
WARNING: Within-imputation StdErr is zero for variable Estimate in _Imputation_= 9 in the input DATA= data set.
WARNING: Within-imputation StdErr is zero for variable Estimate in _Imputation_= 10 in the input DATA= data set.
NOTE: The above message was for the following BY group:
      EffectName=HEI2010_C3_HIGH
WARNING: Within-imputation StdErr is zero for variable Estimate in _Imputation_= 1 in the input DATA= data set.
WARNING: Within-imputation StdErr is zero for variable Estimate in _Imputation_= 2 in the input DATA= data set.
WARNING: Within-imputation StdErr is zero for variable Estimate in _Imputation_= 3 in the input DATA= data set.
WARNING: Within-imputation StdErr is zero for variable Estimate in _Imputation_= 4 in the input DATA= data set.
WARNING: Within-imputation StdErr is zero for variable Estimate in _Imputation_= 5 in the input DATA= data set.
WARNING: Within-imputation StdErr is zero for variable Estimate in _Imputation_= 6 in the input DATA= data set.
WARNING: Within-imputation StdErr is zero for variable Estimate in _Imputation_= 7 in the input DATA= data set.
WARNING: Within-imputation StdErr is zero for variable Estimate in _Imputation_= 8 in the input DATA= data set.
WARNING: Within-imputation StdErr is zero for variable Estimate in _Imputation_= 9 in the input DATA= data set.
WARNING: Within-imputation StdErr is zero for variable Estimate in _Imputation_= 10 in the input DATA= data set.
NOTE: The above message was for the following BY group:
      EffectName=MARITAL_STATUS_SINGLE
WARNING: Within-imputation StdErr is zero for variable Estimate in _Imputation_= 1 in the input DATA= data set.
WARNING: Within-imputation StdErr is zero for variable Estimate in _Imputation_= 2 in the input DATA= data set.
WARNING: Within-imputation StdErr is zero for variable Estimate in _Imputation_= 3 in the input DATA= data set.
WARNING: Within-imputation StdErr is zero for variable Estimate in _Imputation_= 4 in the input DATA= data set.
WARNING: Within-imputation StdErr is zero for variable Estimate in _Imputation_= 5 in the input DATA= data set.
WARNING: Within-imputation StdErr is zero for variable Estimate in _Imputation_= 6 in the input DATA= data set.
WARNING: Within-imputation StdErr is zero for variable Estimate in _Imputation_= 7 in the input DATA= data set.
WARNING: Within-imputation StdErr is zero for variable Estimate in _Imputation_= 8 in the input DATA= data set.
                                                                               The SAS System

WARNING: Within-imputation StdErr is zero for variable Estimate in _Imputation_= 9 in the input DATA= data set.
WARNING: Within-imputation StdErr is zero for variable Estimate in _Imputation_= 10 in the input DATA= data set.
NOTE: The above message was for the following BY group:
      EffectName=N_HC_YES
WARNING: Within-imputation StdErr is zero for variable Estimate in _Imputation_= 1 in the input DATA= data set.
WARNING: Within-imputation StdErr is zero for variable Estimate in _Imputation_= 2 in the input DATA= data set.
WARNING: Within-imputation StdErr is zero for variable Estimate in _Imputation_= 3 in the input DATA= data set.
WARNING: Within-imputation StdErr is zero for variable Estimate in _Imputation_= 4 in the input DATA= data set.
WARNING: Within-imputation StdErr is zero for variable Estimate in _Imputation_= 5 in the input DATA= data set.
WARNING: Within-imputation StdErr is zero for variable Estimate in _Imputation_= 6 in the input DATA= data set.
WARNING: Within-imputation StdErr is zero for variable Estimate in _Imputation_= 7 in the input DATA= data set.
WARNING: Within-imputation StdErr is zero for variable Estimate in _Imputation_= 8 in the input DATA= data set.
WARNING: Within-imputation StdErr is zero for variable Estimate in _Imputation_= 9 in the input DATA= data set.
WARNING: Within-imputation StdErr is zero for variable Estimate in _Imputation_= 10 in the input DATA= data set.
NOTE: The above message was for the following BY group:
      EffectName=PAG2008YN_YES
WARNING: Within-imputation StdErr is zero for variable Estimate in _Imputation_= 1 in the input DATA= data set.
WARNING: Within-imputation StdErr is zero for variable Estimate in _Imputation_= 2 in the input DATA= data set.
WARNING: Within-imputation StdErr is zero for variable Estimate in _Imputation_= 3 in the input DATA= data set.
WARNING: Within-imputation StdErr is zero for variable Estimate in _Imputation_= 4 in the input DATA= data set.
WARNING: Within-imputation StdErr is zero for variable Estimate in _Imputation_= 5 in the input DATA= data set.
WARNING: Within-imputation StdErr is zero for variable Estimate in _Imputation_= 6 in the input DATA= data set.
WARNING: Within-imputation StdErr is zero for variable Estimate in _Imputation_= 7 in the input DATA= data set.
WARNING: Within-imputation StdErr is zero for variable Estimate in _Imputation_= 8 in the input DATA= data set.
WARNING: Within-imputation StdErr is zero for variable Estimate in _Imputation_= 9 in the input DATA= data set.
WARNING: Within-imputation StdErr is zero for variable Estimate in _Imputation_= 10 in the input DATA= data set.
NOTE: The above message was for the following BY group:
      EffectName=SLPDUR_LT8HRS_<8_hours
WARNING: Within-imputation StdErr is zero for variable Estimate in _Imputation_= 1 in the input DATA= data set.
WARNING: Within-imputation StdErr is zero for variable Estimate in _Imputation_= 2 in the input DATA= data set.
WARNING: Within-imputation StdErr is zero for variable Estimate in _Imputation_= 3 in the input DATA= data set.
WARNING: Within-imputation StdErr is zero for variable Estimate in _Imputation_= 4 in the input DATA= data set.
WARNING: Within-imputation StdErr is zero for variable Estimate in _Imputation_= 5 in the input DATA= data set.
WARNING: Within-imputation StdErr is zero for variable Estimate in _Imputation_= 6 in the input DATA= data set.
WARNING: Within-imputation StdErr is zero for variable Estimate in _Imputation_= 7 in the input DATA= data set.
WARNING: Within-imputation StdErr is zero for variable Estimate in _Imputation_= 8 in the input DATA= data set.
WARNING: Within-imputation StdErr is zero for variable Estimate in _Imputation_= 9 in the input DATA= data set.
WARNING: Within-imputation StdErr is zero for variable Estimate in _Imputation_= 10 in the input DATA= data set.
NOTE: The above message was for the following BY group:
      EffectName=YRSUS_C3_US_BORN
NOTE: The data set WORK.MIANALIZE_3_P has 43 observations and 13 variables.
NOTE: The PROCEDURE MIANALYZE printed pages 151-193.
NOTE: PROCEDURE MIANALYZE used (Total process time):
      real time           0.04 seconds
      cpu time            0.04 seconds
      

WARNING: Length of character variable model has already been set. 
         Use the LENGTH statement as the very first statement in the DATA STEP to declare the length of a character variable.

NOTE: There were 43 observations read from the data set WORK.MIANALIZE_3_P.
NOTE: The data set WORK.MIANALIZE_3 has 41 observations and 9 variables.
NOTE: DATA statement used (Total process time):
      real time           0.01 seconds
      cpu time            0.00 seconds
      

                                                                               The SAS System

346        %process_imputed(in_db = genmod_results_4, out_db = mianalize_4, model = 4);

NOTE: There were 440 observations read from the data set WORK.GENMOD_RESULTS_4.
NOTE: The data set WORK.GENMOD_RESULTS_4 has 440 observations and 11 variables.
NOTE: DATA statement used (Total process time):
      real time           0.00 seconds
      cpu time            0.00 seconds
      


NOTE: There were 440 observations read from the data set WORK.GENMOD_RESULTS_4.
NOTE: The data set WORK.GENMOD_RESULTS_4 has 440 observations and 11 variables.
NOTE: PROCEDURE SORT used (Total process time):
      real time           0.01 seconds
      cpu time            0.00 seconds
      


WARNING: Within-imputation StdErr is zero for variable Estimate in _Imputation_= 1 in the input DATA= data set.
WARNING: Within-imputation StdErr is zero for variable Estimate in _Imputation_= 2 in the input DATA= data set.
WARNING: Within-imputation StdErr is zero for variable Estimate in _Imputation_= 3 in the input DATA= data set.
WARNING: Within-imputation StdErr is zero for variable Estimate in _Imputation_= 4 in the input DATA= data set.
WARNING: Within-imputation StdErr is zero for variable Estimate in _Imputation_= 5 in the input DATA= data set.
WARNING: Within-imputation StdErr is zero for variable Estimate in _Imputation_= 6 in the input DATA= data set.
WARNING: Within-imputation StdErr is zero for variable Estimate in _Imputation_= 7 in the input DATA= data set.
WARNING: Within-imputation StdErr is zero for variable Estimate in _Imputation_= 8 in the input DATA= data set.
WARNING: Within-imputation StdErr is zero for variable Estimate in _Imputation_= 9 in the input DATA= data set.
WARNING: Within-imputation StdErr is zero for variable Estimate in _Imputation_= 10 in the input DATA= data set.
NOTE: The above message was for the following BY group:
      EffectName=ALCOHOL_USE_NEVER
WARNING: Within-imputation StdErr is zero for variable Estimate in _Imputation_= 1 in the input DATA= data set.
WARNING: Within-imputation StdErr is zero for variable Estimate in _Imputation_= 2 in the input DATA= data set.
WARNING: Within-imputation StdErr is zero for variable Estimate in _Imputation_= 3 in the input DATA= data set.
WARNING: Within-imputation StdErr is zero for variable Estimate in _Imputation_= 4 in the input DATA= data set.
WARNING: Within-imputation StdErr is zero for variable Estimate in _Imputation_= 5 in the input DATA= data set.
WARNING: Within-imputation StdErr is zero for variable Estimate in _Imputation_= 6 in the input DATA= data set.
WARNING: Within-imputation StdErr is zero for variable Estimate in _Imputation_= 7 in the input DATA= data set.
WARNING: Within-imputation StdErr is zero for variable Estimate in _Imputation_= 8 in the input DATA= data set.
WARNING: Within-imputation StdErr is zero for variable Estimate in _Imputation_= 9 in the input DATA= data set.
WARNING: Within-imputation StdErr is zero for variable Estimate in _Imputation_= 10 in the input DATA= data set.
NOTE: The above message was for the following BY group:
      EffectName=BKGRD1_C7NOMISS_MEXICAN
WARNING: Within-imputation StdErr is zero for variable Estimate in _Imputation_= 1 in the input DATA= data set.
WARNING: Within-imputation StdErr is zero for variable Estimate in _Imputation_= 2 in the input DATA= data set.
WARNING: Within-imputation StdErr is zero for variable Estimate in _Imputation_= 3 in the input DATA= data set.
WARNING: Within-imputation StdErr is zero for variable Estimate in _Imputation_= 4 in the input DATA= data set.
WARNING: Within-imputation StdErr is zero for variable Estimate in _Imputation_= 5 in the input DATA= data set.
WARNING: Within-imputation StdErr is zero for variable Estimate in _Imputation_= 6 in the input DATA= data set.
WARNING: Within-imputation StdErr is zero for variable Estimate in _Imputation_= 7 in the input DATA= data set.
WARNING: Within-imputation StdErr is zero for variable Estimate in _Imputation_= 8 in the input DATA= data set.
WARNING: Within-imputation StdErr is zero for variable Estimate in _Imputation_= 9 in the input DATA= data set.
WARNING: Within-imputation StdErr is zero for variable Estimate in _Imputation_= 10 in the input DATA= data set.
NOTE: The above message was for the following BY group:
      EffectName=CENTERNUM_BRONX
WARNING: Within-imputation StdErr is zero for variable Estimate in _Imputation_= 1 in the input DATA= data set.
WARNING: Within-imputation StdErr is zero for variable Estimate in _Imputation_= 2 in the input DATA= data set.
WARNING: Within-imputation StdErr is zero for variable Estimate in _Imputation_= 3 in the input DATA= data set.
                                                                               The SAS System

WARNING: Within-imputation StdErr is zero for variable Estimate in _Imputation_= 4 in the input DATA= data set.
WARNING: Within-imputation StdErr is zero for variable Estimate in _Imputation_= 5 in the input DATA= data set.
WARNING: Within-imputation StdErr is zero for variable Estimate in _Imputation_= 6 in the input DATA= data set.
WARNING: Within-imputation StdErr is zero for variable Estimate in _Imputation_= 7 in the input DATA= data set.
WARNING: Within-imputation StdErr is zero for variable Estimate in _Imputation_= 8 in the input DATA= data set.
WARNING: Within-imputation StdErr is zero for variable Estimate in _Imputation_= 9 in the input DATA= data set.
WARNING: Within-imputation StdErr is zero for variable Estimate in _Imputation_= 10 in the input DATA= data set.
NOTE: The above message was for the following BY group:
      EffectName=CURRENT_SMOKER_NO
WARNING: Within-imputation StdErr is zero for variable Estimate in _Imputation_= 1 in the input DATA= data set.
WARNING: Within-imputation StdErr is zero for variable Estimate in _Imputation_= 2 in the input DATA= data set.
WARNING: Within-imputation StdErr is zero for variable Estimate in _Imputation_= 3 in the input DATA= data set.
WARNING: Within-imputation StdErr is zero for variable Estimate in _Imputation_= 4 in the input DATA= data set.
WARNING: Within-imputation StdErr is zero for variable Estimate in _Imputation_= 5 in the input DATA= data set.
WARNING: Within-imputation StdErr is zero for variable Estimate in _Imputation_= 6 in the input DATA= data set.
WARNING: Within-imputation StdErr is zero for variable Estimate in _Imputation_= 7 in the input DATA= data set.
WARNING: Within-imputation StdErr is zero for variable Estimate in _Imputation_= 8 in the input DATA= data set.
WARNING: Within-imputation StdErr is zero for variable Estimate in _Imputation_= 9 in the input DATA= data set.
WARNING: Within-imputation StdErr is zero for variable Estimate in _Imputation_= 10 in the input DATA= data set.
NOTE: The above message was for the following BY group:
      EffectName=EDUCATION_C3_N_HIGHSCHOOL_GED
WARNING: Within-imputation StdErr is zero for variable Estimate in _Imputation_= 1 in the input DATA= data set.
WARNING: Within-imputation StdErr is zero for variable Estimate in _Imputation_= 2 in the input DATA= data set.
WARNING: Within-imputation StdErr is zero for variable Estimate in _Imputation_= 3 in the input DATA= data set.
WARNING: Within-imputation StdErr is zero for variable Estimate in _Imputation_= 4 in the input DATA= data set.
WARNING: Within-imputation StdErr is zero for variable Estimate in _Imputation_= 5 in the input DATA= data set.
WARNING: Within-imputation StdErr is zero for variable Estimate in _Imputation_= 6 in the input DATA= data set.
WARNING: Within-imputation StdErr is zero for variable Estimate in _Imputation_= 7 in the input DATA= data set.
WARNING: Within-imputation StdErr is zero for variable Estimate in _Imputation_= 8 in the input DATA= data set.
WARNING: Within-imputation StdErr is zero for variable Estimate in _Imputation_= 9 in the input DATA= data set.
WARNING: Within-imputation StdErr is zero for variable Estimate in _Imputation_= 10 in the input DATA= data set.
NOTE: The above message was for the following BY group:
      EffectName=EMPLOYEDYN_NOT_EMPLOYED
WARNING: Within-imputation StdErr is zero for variable Estimate in _Imputation_= 1 in the input DATA= data set.
WARNING: Within-imputation StdErr is zero for variable Estimate in _Imputation_= 2 in the input DATA= data set.
WARNING: Within-imputation StdErr is zero for variable Estimate in _Imputation_= 3 in the input DATA= data set.
WARNING: Within-imputation StdErr is zero for variable Estimate in _Imputation_= 4 in the input DATA= data set.
WARNING: Within-imputation StdErr is zero for variable Estimate in _Imputation_= 5 in the input DATA= data set.
WARNING: Within-imputation StdErr is zero for variable Estimate in _Imputation_= 6 in the input DATA= data set.
WARNING: Within-imputation StdErr is zero for variable Estimate in _Imputation_= 7 in the input DATA= data set.
WARNING: Within-imputation StdErr is zero for variable Estimate in _Imputation_= 8 in the input DATA= data set.
WARNING: Within-imputation StdErr is zero for variable Estimate in _Imputation_= 9 in the input DATA= data set.
WARNING: Within-imputation StdErr is zero for variable Estimate in _Imputation_= 10 in the input DATA= data set.
NOTE: The above message was for the following BY group:
      EffectName=HEI2010_C3_HIGH
WARNING: Within-imputation StdErr is zero for variable Estimate in _Imputation_= 1 in the input DATA= data set.
WARNING: Within-imputation StdErr is zero for variable Estimate in _Imputation_= 2 in the input DATA= data set.
WARNING: Within-imputation StdErr is zero for variable Estimate in _Imputation_= 3 in the input DATA= data set.
WARNING: Within-imputation StdErr is zero for variable Estimate in _Imputation_= 4 in the input DATA= data set.
WARNING: Within-imputation StdErr is zero for variable Estimate in _Imputation_= 5 in the input DATA= data set.
WARNING: Within-imputation StdErr is zero for variable Estimate in _Imputation_= 6 in the input DATA= data set.
WARNING: Within-imputation StdErr is zero for variable Estimate in _Imputation_= 7 in the input DATA= data set.
WARNING: Within-imputation StdErr is zero for variable Estimate in _Imputation_= 8 in the input DATA= data set.
WARNING: Within-imputation StdErr is zero for variable Estimate in _Imputation_= 9 in the input DATA= data set.
WARNING: Within-imputation StdErr is zero for variable Estimate in _Imputation_= 10 in the input DATA= data set.
NOTE: The above message was for the following BY group:
      EffectName=MARITAL_STATUS_SINGLE
                                                                               The SAS System

WARNING: Within-imputation StdErr is zero for variable Estimate in _Imputation_= 1 in the input DATA= data set.
WARNING: Within-imputation StdErr is zero for variable Estimate in _Imputation_= 2 in the input DATA= data set.
WARNING: Within-imputation StdErr is zero for variable Estimate in _Imputation_= 3 in the input DATA= data set.
WARNING: Within-imputation StdErr is zero for variable Estimate in _Imputation_= 4 in the input DATA= data set.
WARNING: Within-imputation StdErr is zero for variable Estimate in _Imputation_= 5 in the input DATA= data set.
WARNING: Within-imputation StdErr is zero for variable Estimate in _Imputation_= 6 in the input DATA= data set.
WARNING: Within-imputation StdErr is zero for variable Estimate in _Imputation_= 7 in the input DATA= data set.
WARNING: Within-imputation StdErr is zero for variable Estimate in _Imputation_= 8 in the input DATA= data set.
WARNING: Within-imputation StdErr is zero for variable Estimate in _Imputation_= 9 in the input DATA= data set.
WARNING: Within-imputation StdErr is zero for variable Estimate in _Imputation_= 10 in the input DATA= data set.
NOTE: The above message was for the following BY group:
      EffectName=N_HC_YES
WARNING: Within-imputation StdErr is zero for variable Estimate in _Imputation_= 1 in the input DATA= data set.
WARNING: Within-imputation StdErr is zero for variable Estimate in _Imputation_= 2 in the input DATA= data set.
WARNING: Within-imputation StdErr is zero for variable Estimate in _Imputation_= 3 in the input DATA= data set.
WARNING: Within-imputation StdErr is zero for variable Estimate in _Imputation_= 4 in the input DATA= data set.
WARNING: Within-imputation StdErr is zero for variable Estimate in _Imputation_= 5 in the input DATA= data set.
WARNING: Within-imputation StdErr is zero for variable Estimate in _Imputation_= 6 in the input DATA= data set.
WARNING: Within-imputation StdErr is zero for variable Estimate in _Imputation_= 7 in the input DATA= data set.
WARNING: Within-imputation StdErr is zero for variable Estimate in _Imputation_= 8 in the input DATA= data set.
WARNING: Within-imputation StdErr is zero for variable Estimate in _Imputation_= 9 in the input DATA= data set.
WARNING: Within-imputation StdErr is zero for variable Estimate in _Imputation_= 10 in the input DATA= data set.
NOTE: The above message was for the following BY group:
      EffectName=PAG2008YN_YES
WARNING: Within-imputation StdErr is zero for variable Estimate in _Imputation_= 1 in the input DATA= data set.
WARNING: Within-imputation StdErr is zero for variable Estimate in _Imputation_= 2 in the input DATA= data set.
WARNING: Within-imputation StdErr is zero for variable Estimate in _Imputation_= 3 in the input DATA= data set.
WARNING: Within-imputation StdErr is zero for variable Estimate in _Imputation_= 4 in the input DATA= data set.
WARNING: Within-imputation StdErr is zero for variable Estimate in _Imputation_= 5 in the input DATA= data set.
WARNING: Within-imputation StdErr is zero for variable Estimate in _Imputation_= 6 in the input DATA= data set.
WARNING: Within-imputation StdErr is zero for variable Estimate in _Imputation_= 7 in the input DATA= data set.
WARNING: Within-imputation StdErr is zero for variable Estimate in _Imputation_= 8 in the input DATA= data set.
WARNING: Within-imputation StdErr is zero for variable Estimate in _Imputation_= 9 in the input DATA= data set.
WARNING: Within-imputation StdErr is zero for variable Estimate in _Imputation_= 10 in the input DATA= data set.
NOTE: The above message was for the following BY group:
      EffectName=SLPDUR_LT8HRS_<8_hours
WARNING: Within-imputation StdErr is zero for variable Estimate in _Imputation_= 1 in the input DATA= data set.
WARNING: Within-imputation StdErr is zero for variable Estimate in _Imputation_= 2 in the input DATA= data set.
WARNING: Within-imputation StdErr is zero for variable Estimate in _Imputation_= 3 in the input DATA= data set.
WARNING: Within-imputation StdErr is zero for variable Estimate in _Imputation_= 4 in the input DATA= data set.
WARNING: Within-imputation StdErr is zero for variable Estimate in _Imputation_= 5 in the input DATA= data set.
WARNING: Within-imputation StdErr is zero for variable Estimate in _Imputation_= 6 in the input DATA= data set.
WARNING: Within-imputation StdErr is zero for variable Estimate in _Imputation_= 7 in the input DATA= data set.
WARNING: Within-imputation StdErr is zero for variable Estimate in _Imputation_= 8 in the input DATA= data set.
WARNING: Within-imputation StdErr is zero for variable Estimate in _Imputation_= 9 in the input DATA= data set.
WARNING: Within-imputation StdErr is zero for variable Estimate in _Imputation_= 10 in the input DATA= data set.
NOTE: The above message was for the following BY group:
      EffectName=YRSUS_C3_US_BORN
NOTE: The data set WORK.MIANALIZE_4_P has 44 observations and 13 variables.
NOTE: The PROCEDURE MIANALYZE printed pages 194-237.
NOTE: PROCEDURE MIANALYZE used (Total process time):
      real time           0.03 seconds
      cpu time            0.01 seconds
      

WARNING: Length of character variable model has already been set. 
         Use the LENGTH statement as the very first statement in the DATA STEP to declare the length of a character variable.
                                                                               The SAS System


NOTE: There were 44 observations read from the data set WORK.MIANALIZE_4_P.
NOTE: The data set WORK.MIANALIZE_4 has 42 observations and 9 variables.
NOTE: DATA statement used (Total process time):
      real time           0.01 seconds
      cpu time            0.00 seconds
      

347        
348        * Merge datasets from different models;
349        data db_join;
350        	set mianalize_1 mianalize_2 mianalize_3 mianalize_4;
351        run;

NOTE: There were 27 observations read from the data set WORK.MIANALIZE_1.
NOTE: There were 39 observations read from the data set WORK.MIANALIZE_2.
NOTE: There were 41 observations read from the data set WORK.MIANALIZE_3.
NOTE: There were 42 observations read from the data set WORK.MIANALIZE_4.
NOTE: The data set WORK.DB_JOIN has 149 observations and 9 variables.
NOTE: DATA statement used (Total process time):
      real time           0.00 seconds
      cpu time            0.00 seconds
      

352        
353        * Edit dataset to include reference values;
354        data db_join;
355        	set db_join;
356        	* Add ref levels;
357        	if std =99 then estimate = 98;
358        run;

NOTE: There were 149 observations read from the data set WORK.DB_JOIN.
NOTE: The data set WORK.DB_JOIN has 149 observations and 9 variables.
NOTE: DATA statement used (Total process time):
      real time           0.00 seconds
      cpu time            0.00 seconds
      

359        
360        * Obtain ids and save it in a macro variable ;
361        proc sql;
362        	select count(distinct(id)) as n into:n_ids
363        	from &impdb;
364        quit;
NOTE: The PROCEDURE SQL printed page 238.
NOTE: PROCEDURE SQL used (Total process time):
      real time           0.05 seconds
      cpu time            0.01 seconds
      

365        
366        * Print final report;
367        ods listing close;
368        ods path sashelp.tmplmst(read) hchstyle.hchs_stp(read);
369        ods rtf file = "&homepath\code\&job.\&job._Table2.1_&sysdate..rtf" style = manuscrt bodytitle;
NOTE: Writing RTF Body file: J:\HCHS\STATISTICS\GRAS\QAngarita\FLOR\MS1560\code\HC338354c\HC338354c_Table2.1_04NOV25.rtf
                                                                               The SAS System

370        %let fs = 11pt;
371        %let fs_body = 11pt;
372        %let fs_titles = 11pt;
373        %let lft_mgn = 0.5in;
374        %let rgt_mgn = 0.5in;
375        proc report data = db_join;
376        	title j=center height=&fs font='times roman' bold "^S={leftmargin=&lft_mgn rightmargin=&rgt_mgn}Table 2.1. Maternal preconception socio-behavioral factors and
376      ! child’s weight-for-age z-score, HCHS/SOL FLOR Ancillary Study (n=%qtrim(&n_ids))";
377        	footnote1 J=LEFT HEIGHT=&fs_titles FONT='times roman' "^S={leftmargin=&lft_mgn rightmargin=&rgt_mgn}Abbreviations: CI, confidence interval; FLOR, Family
377      ! Lifestyle Outcomes Research; MVPA, moderate-to-vigorous physical activity .";
378        	*footnote2 J=LEFT HEIGHT=&fs_titles FONT='times roman' "^S={leftmargin=&lft_mgn rightmargin=&rgt_mgn}Model 1: Sociodemographic & acculturation predictors
378      ! adjusting by field center, years between baseline and child's birth.";
379        	footnote2 J=LEFT HEIGHT=&fs_titles FONT='times roman' "^S={leftmargin=&lft_mgn rightmargin=&rgt_mgn}Model 1: Sociodemographic & acculturation predictors adjusted
379      !  by field center, years between baseline and FLOR visit.";
380        	footnote3 J=LEFT HEIGHT=&fs_titles FONT='times roman' "^S={leftmargin=&lft_mgn rightmargin=&rgt_mgn}Model 2: Model 1 + health behavior predictors adjusted by
380      ! field center and years between baseline and FLOR visit.";
381        	footnote4 J=LEFT HEIGHT=&fs_titles FONT='times roman' "^S={leftmargin=&lft_mgn rightmargin=&rgt_mgn}Model 3: Model 2 + mental health predictors adjusted by field
381      !  center and years between baseline and FLOR visit.";
382        	footnote5 J=LEFT HEIGHT=&fs_titles FONT='times roman' "^S={leftmargin=&lft_mgn rightmargin=&rgt_mgn}Model 4: Model 3 + child’s obesity genetic risk score.";
383        	footnote6 J=LEFT HEIGHT=10pt FONT='times roman' "{\line \line Job &job run by &PRG using FLOR data on %sysfunc(today(), date9.) at %sysfunc(time(), timeampm.) }"
383      ! ;
384        	columns order label model,(estimate STD PV);
385        	define order / order group noprint order = internal;
386        	define label / display group ' ' style(HEADER)=[FONTSIZE = &fs JUST = left] style = [FONTSIZE=&fs width = 2.5in];
387        	define model / across ' ' style = [FONTSIZE=&fs];
388        	define estimate / analysis 'Beta' style=[fontsize = &fs vjust = bottom];
389        	define std / analysis '(SE)' style=[fontsize = &fs VJUST = bottom];
390        	define pv / analysis ' ' group
391        					style=[fontsize = &fs vjust=bottom just = left]
392        					style(header)=[cellpadding = 0in cellheight=0in cellspacing=0in];
393        	FORMAT PV PV. STD paren. ESTIMATE refnum.;
394        	COMPUTE AFTER _PAGE_ / STYLE = [JUST = LEFT font_size = &fs];
395        		LINE ". <=.20, * p <=.10, ** p <=.05, *** p <=.01 ";
396        	ENDCOMP;
397        RUN;

NOTE: PROCEDURE REPORT used (Total process time):
      real time           0.06 seconds
      cpu time            0.07 seconds
      
NOTE: There were 149 observations read from the data set WORK.DB_JOIN.

398        ods rtf close;
399        
400        
401        proc printto; run;

