                                                                        Participants at Visit 1 (V1)
                                                                       Participants in PART_DERV_INV5

                                                                                  Frequency
                                                                                  ---------
                                                                                      16415
 
 
 
 
 
 
 
 
 
 
 
 
 
 
 
 
 
 
 
 
 
 
 
 
 
 
 
 
 
 
 
 
 
 
 
 
 
 
 
 
 
 
 
 
 
 
 
 
 
 
 
 
                                                             Job HC338398 run by AQA on 28AUG2025 at  3:14:45 PM
                                                                          Women/Men at Visit 1 (V1)
                                                                    Participants in PART_DERV_INV5 by sex

                                                                                Sex  Frequency
                                                                              ----------------
                                                                              Women       9835
                                                                              Men         6580
 
 
 
 
 
 
 
 
 
 
 
 
 
 
 
 
 
 
 
 
 
 
 
 
 
 
 
 
 
 
 
 
 
 
 
 
 
 
 
 
 
 
 
 
 
 
 
 
 
 
 
                                                             Job HC338398 run by AQA on 28AUG2025 at  3:14:45 PM
                                                                        Women by age at Visit 1 (V1)
                                                                    Women in PART_DERV_INV5 by age group

                                                                              Age
                                                                              Group  Frequency
                                                                              ----------------
                                                                              18-44       3801
                                                                              45+         6034
 
 
 
 
 
 
 
 
 
 
 
 
 
 
 
 
 
 
 
 
 
 
 
 
 
 
 
 
 
 
 
 
 
 
 
 
 
 
 
 
 
 
 
 
 
 
 
 
 
 
                                                             Job HC338398 run by AQA on 28AUG2025 at  3:14:45 PM
                                                                        Women 18-44y at Visit 2 (V2)
                                                                   Women (V1, SEX=0) aged 18-44 at visit 1

                                                                                         Women
                                                                                  In   aged 18
                                                                               visit     to 44
                                                                                   2     at V1
                                                                               ---------------
                                                                                 No       1242
                                                                                 Yes      2559
 
 
 
 
 
 
 
 
 
 
 
 
 
 
 
 
 
 
 
 
 
 
 
 
 
 
 
 
 
 
 
 
 
 
 
 
 
 
 
 
 
 
 
 
 
 
 
 
                                                             Job HC338398 run by AQA on 28AUG2025 at  3:14:45 PM
                                                                        Women 18-44y at Visit 2 (V2)
                                                       Discrepancies between sex and gender_v2 variables at V1 and V2

                                                                          Table of GENDER_V2 by SEX

                                                                     GENDER_V2(Gender (M or F))
                                                                               SEX(Sex)

                                                                     Frequency|       0|       1|  Total
                                                                     ---------+--------+--------+
                                                                              |   1242 |   1321 |   2563
                                                                     ---------+--------+--------+
                                                                     F        |   2555 |      1 |   2556
                                                                     ---------+--------+--------+
                                                                     M        |      4 |   1578 |   1582
                                                                     ---------+--------+--------+
                                                                     Total        3801     2900     6701
 
 
 
 
 
 
 
 
 
 
 
 
 
 
 
 
 
 
 
 
 
 
 
 
 
 
 
 
 
 
 
 
 
 
 
 
 
 
 
 
 
                                                             Job HC338398 run by AQA on 28AUG2025 at  3:14:45 PM
                                                                            Screened for SOL FLOR
                                                                      Subjects had a partipation status

                                                                                  Frequency
                                                                                  ---------
                                                                                        453
 
 
 
 
 
 
 
 
 
 
 
 
 
 
 
 
 
 
 
 
 
 
 
 
 
 
 
 
 
 
 
 
 
 
 
 
 
 
 
 
 
 
 
 
 
 
 
 
 
 
 
 
                                                             Job HC338398 run by AQA on 28AUG2025 at  3:14:45 PM
                                                                     Eligible to participate in SOL FLOR
                                                                 Participants with ELEB4 (ELEB_IU2) in (4,5)

                                                                                  Frequency
                                                                                  ---------
                                                                                        390
 
 
 
 
 
 
 
 
 
 
 
 
 
 
 
 
 
 
 
 
 
 
 
 
 
 
 
 
 
 
 
 
 
 
 
 
 
 
 
 
 
 
 
 
 
 
 
 
 
 
 
 
                                                             Job HC338398 run by AQA on 28AUG2025 at  3:14:45 PM
                                                               Eligible but refuse to participate in SOL FLOR
                                                                Participants with ELEB4 (ELEB_IU2) equal to 4

                                                                                  Frequency
                                                                                  ---------
                                                                                        390
 
 
 
 
 
 
 
 
 
 
 
 
 
 
 
 
 
 
 
 
 
 
 
 
 
 
 
 
 
 
 
 
 
 
 
 
 
 
 
 
 
 
 
 
 
 
 
 
 
 
 
 
                                                             Job HC338398 run by AQA on 28AUG2025 at  3:14:45 PM
                                                                           Participate in SOL FLOR
                                                                       Participants in FLOR_PART_DERV

                                                                                  Frequency
                                                                                  ---------
                                                                                        291
 
 
 
 
 
 
 
 
 
 
 
 
 
 
 
 
 
 
 
 
 
 
 
 
 
 
 
 
 
 
 
 
 
 
 
 
 
 
 
 
 
 
 
 
 
 
 
 
 
 
 
 
                                                             Job HC338398 run by AQA on 28AUG2025 at  3:14:45 PM
                                                                       Child Antropometry in SOL FLOR
                                                         PROTOCOL_TYPE (FLOR_PART_DERV) not equal to 2 (Phone only)

                                                                                  Frequency
                                                                                  ---------
                                                                                        227
 
 
 
 
 
 
 
 
 
 
 
 
 
 
 
 
 
 
 
 
 
 
 
 
 
 
 
 
 
 
 
 
 
 
 
 
 
 
 
 
 
 
 
 
 
 
 
 
 
 
 
 
                                                             Job HC338398 run by AQA on 28AUG2025 at  3:14:45 PM
                                                                          Phone questionnaires only
                                                           PROTOCOL_TYPE (FLOR_PART_DERV) equal to 2 (Phone only)

                                                                                  Frequency
                                                                                  ---------
                                                                                         64
 
 
 
 
 
 
 
 
 
 
 
 
 
 
 
 
 
 
 
 
 
 
 
 
 
 
 
 
 
 
 
 
 
 
 
 
 
 
 
 
 
 
 
 
 
 
 
 
 
 
 
 
                                                             Job HC338398 run by AQA on 28AUG2025 at  3:14:45 PM
                                                                Pre-COVID-19 (9/19-2/20) Clinic Measurements
                                                     Children with PROTOCOL_TYPE (FLOR_PART_DERV) equal to 1 (Pre-COVID)

                                                                                  Frequency
                                                                                  ---------
                                                                                         79
 
 
 
 
 
 
 
 
 
 
 
 
 
 
 
 
 
 
 
 
 
 
 
 
 
 
 
 
 
 
 
 
 
 
 
 
 
 
 
 
 
 
 
 
 
 
 
 
 
 
 
 
                                                             Job HC338398 run by AQA on 28AUG2025 at  3:14:45 PM
                                                                  COVID-19 (3/20-9/22) Clinic Measurements
                                            Children with PROTOCOL_TYPE (FLOR_PART_DERV) equal to 3 (Phone/clinic anthropometry)

                                                                                  Frequency
                                                                                  ---------
                                                                                        133
 
 
 
 
 
 
 
 
 
 
 
 
 
 
 
 
 
 
 
 
 
 
 
 
 
 
 
 
 
 
 
 
 
 
 
 
 
 
 
 
 
 
 
 
 
 
 
 
 
 
 
 
                                                             Job HC338398 run by AQA on 28AUG2025 at  3:14:45 PM
                                                                   COVID-19 (3/20-9/22) Home Measurements
                                            Children with PROTOCOL_TYPE (FLOR_PART_DERV) equal to 4 (Phone/remote anthropometry)

                                                                                  Frequency
                                                                                  ---------
                                                                                         15
 
 
 
 
 
 
 
 
 
 
 
 
 
 
 
 
 
 
 
 
 
 
 
 
 
 
 
 
 
 
 
 
 
 
 
 
 
 
 
 
 
 
 
 
 
 
 
 
 
 
 
 
                                                             Job HC338398 run by AQA on 28AUG2025 at  3:14:45 PM
