                                                                               The SAS System

                                                                            The COMPARE Procedure
                                                     Comparison of DATA.HC338351_FLOR_12MAY25 with HC3383.HC338301_FLOR
                                                                               (Method=EXACT)

                                                                              Data Set Summary

        Dataset                              Created          Modified  NVar    NObs  Label

        DATA.HC338351_FLOR_12MAY25  12MAY25:10:30:09  12MAY25:10:30:09   259     291  MS #1560 Analysis File (ONLY FLOR participants) created in HC338351 on 12MAY25
        HC3383.HC338301_FLOR        08MAY25:11:58:13  08MAY25:11:58:13   259     291  MS #1560 Analysis File (ONLY FLOR participants) created in HC338301 on 08MAY25


                                                                              Variables Summary

                                                                   Number of Variables in Common: 259.
                                                                   Number of ID Variables: 1.


                                                                             Observation Summary

                                                                  Observation      Base  Compare  ID

                                                                  First Obs           1        1  ID=00252632
                                                                  Last  Obs         291      291  ID=98750548

                                                   Number of Observations in Common: 291.
                                                   Total Number of Observations Read from DATA.HC338351_FLOR_12MAY25: 291.
                                                   Total Number of Observations Read from HC3383.HC338301_FLOR: 291.

                                                   Number of Observations with Some Compared Variables Unequal: 0.
                                                   Number of Observations with All Compared Variables Equal: 291.

                                                   NOTE: No unequal values were found. All values compared are exactly equal.

                                                                               The SAS System

                                                                            The COMPARE Procedure
                                                      Comparison of DATA.HC338351_ALL_12MAY25 with HC3383.HC338301_ALL
                                                                               (Method=EXACT)

                                                                              Data Set Summary

          Dataset                             Created          Modified  NVar    NObs  Label

          DATA.HC338351_ALL_12MAY25  12MAY25:10:30:09  12MAY25:10:30:09   259     550  All 1st live singleton births between V1 & V2 created in HC338351 on 12MAY25
          HC3383.HC338301_ALL        08MAY25:11:58:13  08MAY25:11:58:13   259     550  All 1st live singleton births between V1 & V2 created in HC338301 on 08MAY25


                                                                              Variables Summary

                                                                   Number of Variables in Common: 259.
                                                                   Number of ID Variables: 1.


                                                                             Observation Summary

                                                                  Observation      Base  Compare  ID

                                                                  First Obs           1        1  ID=00252632
                                                                  Last  Obs         550      550  ID=99722347

                                                   Number of Observations in Common: 550.
                                                   Total Number of Observations Read from DATA.HC338351_ALL_12MAY25: 550.
                                                   Total Number of Observations Read from HC3383.HC338301_ALL: 550.

                                                   Number of Observations with Some Compared Variables Unequal: 0.
                                                   Number of Observations with All Compared Variables Equal: 550.

                                                   NOTE: No unequal values were found. All values compared are exactly equal.

