NOTE: PROCEDURE PRINTTO used (Total process time):
      real time           0.03 seconds
      cpu time            0.00 seconds
      

5          
6          /*********************************************************
7          *                                                         *
8          *  SAS PROGRAM - QC DATASET JOB HC3383 					         *
9          *                                                        *
10         **********************************************************
11         *                                                        *
12         *  PROGRAM NAME: HC338353b.sas
13         *
14         *  PROGRAMMER: Álvaro Quijano (AQ)
15         *
16         *  DESCRIPTION: Imputation model
17         				
18         *
19         * ---------------------------------------------------------
20         *
21         *  JOB NUMBER: HC338353b
22         *
2                                                          The SAS System                            14:14 Tuesday, November 4, 2025

23         *  PREVIOUS JOB: HC338353
24         *
25         *  LANGUAGE: SAS 9.4
26         *
27         *  VERSION CONTROL:
28         					28apr25: Creates the file
29         					13may25: Update input file
30         					02jun25: Insert child_prs_bmi_a in the imputation model
31         					23jun25: Add slpdur and birthwt_ga_z to the model
32         					19aug25: Update input dataset (&data)
33         					20aug25: Use YRSV1BIRTH instead yrs_btwn_v1flor
34         					04nov25: update input dataset to *_04nov25
35         							 drop anthropometrics, physical and mental health scores (agg_ment agg_phys)
36         							 drop lang_pref, povpct and income_c2
37         							 use yrs_btwn_v1flor instead of yrsv1birth
38         * ----------------------------------------------------------
39         *
40         *  INPUT:
41         *
42         *  OUTPUT:
43         *
44         **********************************************************/
45         options orientation = landscape nodate formchar = "|----|+|---+=|-/\<>*" nonumber PS=59 LS=173;
46         ods escapechar '^';
47         
48         * Set libraries;
49         libname data "&homepath.\data";
NOTE: Libref DATA was successfully assigned as follows: 
      Engine:        V9 
      Physical Name: J:\HCHS\STATISTICS\GRAS\QAngarita\FLOR\MS1560\data
50         libname hchstyle 'J:\hchs\sc\styledef\sty904';
NOTE: Libref HCHSTYLE was successfully assigned as follows: 
      Engine:        V9 
      Physical Name: J:\hchs\sc\styledef\sty904
51         
52         * Set macro variables;
53         %let job = HC338353b;
54         %let prg = AQA;
55         %let data = data.HC338351_flor_04nov25;
56         %let lf_margin = 0.7in;
57         %let rg_margin = 0.7in;
58         
59         ods listing gpath = "&homepath.\code\&job.\gplot";
60         ods path sashelp.tmplmst(read) hchstyle.hchs_stp(read);
61         ods rtf file = "&homepath\code\&job.\&job._mi_&sysdate..rtf" bodytitle style=manuscrt;
NOTE: Writing RTF Body file: J:\HCHS\STATISTICS\GRAS\QAngarita\FLOR\MS1560\code\HC338353b\HC338353b_mi_04NOV25.rtf
62         
63         * Transform variables to produce plots;
64         data db;
65         	set &data;
66         	
67         run;

NOTE: There were 291 observations read from the data set DATA.HC338351_FLOR_04NOV25.
NOTE: The data set WORK.DB has 291 observations and 271 variables.
NOTE: DATA statement used (Total process time):
      real time           0.03 seconds
                                                                               The SAS System

      cpu time            0.00 seconds
      

68         
69         
70         * Plot the continuous variables;
71         %macro histogram_density(var=);
72         	proc sgplot data = db;
73         		histogram &var.;
74         		density &var. / type = normal;
75         	run;
76         %mend histogram_density;
77         
78         title 'Variable: Weight-for-age (WAZ)';
79         %histogram_density(var = waz);

NOTE: PROCEDURE SGPLOT used (Total process time):
      real time           1.79 seconds
      cpu time            0.14 seconds
      
NOTE: Listing image output written to J:\HCHS\STATISTICS\GRAS\QAngarita\FLOR\MS1560\code\HC338353b\gplot\SGPlot.png.
NOTE: This SAS session is using a registry in WORK.  All changes will be lost at the end of this session.
NOTE: There were 291 observations read from the data set WORK.DB.

80         
81         title 'Variable: pag2008yn';
82         %histogram_density(var = pag2008yn);

NOTE: PROCEDURE SGPLOT used (Total process time):
      real time           0.32 seconds
      cpu time            0.04 seconds
      
NOTE: Listing image output written to J:\HCHS\STATISTICS\GRAS\QAngarita\FLOR\MS1560\code\HC338353b\gplot\SGPlot1.png.
NOTE: There were 291 observations read from the data set WORK.DB.

83         
84         title 'Variable: child_prs_bmi_a';
85         %histogram_density(var = child_prs_bmi_a);

NOTE: PROCEDURE SGPLOT used (Total process time):
      real time           0.27 seconds
      cpu time            0.04 seconds
      
NOTE: Listing image output written to J:\HCHS\STATISTICS\GRAS\QAngarita\FLOR\MS1560\code\HC338353b\gplot\SGPlot2.png.
NOTE: There were 291 observations read from the data set WORK.DB.

86         
87         title 'Variable: sleep duration';
88         %histogram_density(var=slpdur_lt8hrs);

NOTE: PROCEDURE SGPLOT used (Total process time):
      real time           0.23 seconds
      cpu time            0.06 seconds
      
NOTE: Listing image output written to J:\HCHS\STATISTICS\GRAS\QAngarita\FLOR\MS1560\code\HC338353b\gplot\SGPlot3.png.
NOTE: There were 291 observations read from the data set WORK.DB.

                                                                               The SAS System

89         
90         title 'Variable: birthwt_ga_z';
91         %histogram_density(var=birthwt_ga_z);

NOTE: PROCEDURE SGPLOT used (Total process time):
      real time           0.28 seconds
      cpu time            0.10 seconds
      
NOTE: Listing image output written to J:\HCHS\STATISTICS\GRAS\QAngarita\FLOR\MS1560\code\HC338353b\gplot\SGPlot4.png.
NOTE: There were 291 observations read from the data set WORK.DB.

92         
93         
94         * Impute variables of interest;
95         proc mi data=db out=data.&job._imputed_data_&sysdate. nimpute=10 seed=3383
96         	/* Var:  1 2 3 4 5 6 7 8 9 0 1 2 3 4 5 6 7 8 9 0 1 2 					*/
97         	minimum= . . . . . . . . . . . . 0 0 . . . . . . . .
98         	maximum= . . . . . . . . . . . . . . . . . . . . . .;
99           ods exclude modelinfo fcsmodel misspattern;
100           class centernum bkgrd1_c7nomiss employedyn n_hc current_smoker /* binary variables */
101        			alcohol_use yrsus_c3 education_c3 marital_status hei2010_c3 slpdur_lt8hrs pag2008yn;
102           fcs reg(waz cesd10 stai10 child_prs_bmi_a birthwt_ga_z)
103        	   regpmm(parity_v1);
104           fcs logistic(employedyn n_hc current_smoker slpdur_lt8hrs pag2008yn / link=logit likelihood=augment)
105        	   logistic(alcohol_use yrsus_c3 education_c3 marital_status hei2010_c3);	
106        	var waz centernum bkgrd1_c7nomiss yrs_btwn_v1flor age birthwt_ga_z slpdur_lt8hrs /* 1-7 */
107        		hei2010_c3 cesd10 stai10 parity_v1 pag2008yn child_prs_bmi_a /* 8-13 */
108        		employedyn n_hc current_smoker /* 14-16 */
109        		alcohol_use yrsus_c3 education_c3 marital_status /* nominal/ordinal variables */
110        		;
111        	where anthro_child_complete;
112        run;

WARNING: The specified nonmissing MINIMUM= 0 option for the CLASS variable EMPLOYEDYN is not allowed. This option will be ignored.
WARNING: The maximum likelihood estimates for the FCS method logistic model for variable YRSUS_C3 in an iteration process may not exist. The resulting posterior predictive 
         distribution of the parameters used in the imputation process is based on the maximum likelihood estimates in the last maximum likelihood iteration. The 
         LIKELIHOOD=AUGMENT option can be used to derive the maximum likelihood estimates by using an augmented data set.
WARNING: The maximum likelihood estimates for the FCS method logistic model for variable EDUCATION_C3 in an iteration process may not exist. The resulting posterior 
         predictive distribution of the parameters used in the imputation process is based on the maximum likelihood estimates in the last maximum likelihood iteration. The 
         LIKELIHOOD=AUGMENT option can be used to derive the maximum likelihood estimates by using an augmented data set.
WARNING: The maximum likelihood estimates for the FCS method logistic model for variable MARITAL_STATUS in an iteration process may not exist. The resulting posterior 
         predictive distribution of the parameters used in the imputation process is based on the maximum likelihood estimates in the last maximum likelihood iteration. The 
         LIKELIHOOD=AUGMENT option can be used to derive the maximum likelihood estimates by using an augmented data set.
NOTE: The data set DATA.HC338353B_IMPUTED_DATA_04NOV25 has 2270 observations and 272 variables.
NOTE: The PROCEDURE MI printed page 1.
NOTE: PROCEDURE MI used (Total process time):
      real time           21.91 seconds
      cpu time            16.32 seconds
      

113        
114        * Macro to summarize imputed dataset;
115        %macro summary_imputation(vars=);
116        	proc means data = data.&job._imputed_data_&sysdate. nmiss;
117        		by _imputation_;
118        		var &vars.;
119        		output out = a;
                                                                               The SAS System

120        	run;
121        	proc transpose data = a out=b(drop=_label_ rename=(_name_= Variable));
122        		by _imputation_;
123        		id _stat_;
124        		var &vars.;
125        	run;
126        	proc sort data = b out=c; by Variable; run;
127        	proc print data = c; run;
128        %mend summary_imputation;
129        
130        * Summarize the imputated variables;
131        title 'Imputed variables';
132        %summary_imputation(vars=waz birthwt_ga_z slpdur_lt8hrs hei2010_c3 cesd10 stai10 parity_v1 pag2008yn child_prs_bmi_a
133        				employedyn n_hc current_smoker alcohol_use yrsus_c3 education_c3 marital_status);

NOTE: There were 2270 observations read from the data set DATA.HC338353B_IMPUTED_DATA_04NOV25.
NOTE: The data set WORK.A has 50 observations and 20 variables.
NOTE: The PROCEDURE MEANS printed pages 2-6.
NOTE: PROCEDURE MEANS used (Total process time):
      real time           0.07 seconds
      cpu time            0.00 seconds
      


NOTE: There were 50 observations read from the data set WORK.A.
NOTE: The data set WORK.B has 160 observations and 7 variables.
NOTE: PROCEDURE TRANSPOSE used (Total process time):
      real time           0.01 seconds
      cpu time            0.00 seconds
      


NOTE: There were 160 observations read from the data set WORK.B.
NOTE: The data set WORK.C has 160 observations and 7 variables.
NOTE: PROCEDURE SORT used (Total process time):
      real time           0.01 seconds
      cpu time            0.00 seconds
      


NOTE: There were 160 observations read from the data set WORK.C.
NOTE: The PROCEDURE PRINT printed pages 7-9.
NOTE: PROCEDURE PRINT used (Total process time):
      real time           0.04 seconds
      cpu time            0.03 seconds
      

134        
135        title 'Contents in imputed dataset';
136        proc contents data = data.&job._imputed_data_&sysdate.;
137        ods noproctitle;
138        run;

NOTE: PROCEDURE CONTENTS used (Total process time):
      real time           0.05 seconds
      cpu time            0.03 seconds
      
                                                                               The SAS System

NOTE: The PROCEDURE CONTENTS printed pages 10-15.

139        
140        ods rtf close;
141        
142        proc printto; run;

