NOTE: PROCEDURE PRINTTO used (Total process time):
      real time           0.31 seconds
      cpu time            0.00 seconds
      

5          
6          /*********************************************************
7          *                                                        *
8          *  SAS PROGRAM - QC DATASET JOB HC3383 			         *
9          *                                                        *
10         **********************************************************
11         *                                                        *
12         *  PROGRAM NAME: HC338354b.sas
13         *
14         *  PROGRAMMER: Álvaro Quijano (AQ)
15         *
16         *  DESCRIPTION: Generates Table 2.1
17         *
18         * ---------------------------------------------------------
19         *
20         *  JOB NUMBER: HC338354b
21         *
22         *  PREVIOUS JOB: HC338354
23         *
24         *  LANGUAGE: SAS 9.4
25         *
26         *  VERSION CONTROL:
27         *					04nov25: cc'ed HC338354
28         							 add PAG2008YN, HEI2010_C3 and SLPDUR_LT8hrs
29         							 update input dataset to hc338353b
2                                                          The SAS System                            10:08 Tuesday, December 2, 2025

30         
31         * ----------------------------------------------------------
32         *
33         *  INPUT:
34         *
35         *  OUTPUT:
36         *
37         **********************************************************/
38         options orientation = landscape nodate formchar = "|----|+|---+=|-/\<>*" nonumber PS=59 LS=173;
39         ods escapechar '^';
40         
41         * Set libraries name;
42         libname data "&homepath.\data";
NOTE: Libref DATA was successfully assigned as follows: 
      Engine:        V9 
      Physical Name: J:\HCHS\STATISTICS\GRAS\QAngarita\FLOR\MS1560\data
43         libname hchstyle 'J:\hchs\sc\styledef\sty904';
NOTE: Libref HCHSTYLE was successfully assigned as follows: 
      Engine:        V9 
      Physical Name: J:\hchs\sc\styledef\sty904
44         
45         * Set macro variables;
46         %let job = HC338354b;
47         %let prg = AQA;
48         %let impdb = data.HC338353b_imputed_data_04nov25;
49         %let lf_margin = 0.7in;
50         %let rg_margin = 0.7in;
51         
52         * Include sas scripts with formats and macros;
53         %include "&homepath.\code\HC338390\HC338390.sas";
NOTE: Format BKGRD1_C7NOMISS_FMT has been output.
NOTE: Format PV has been output.
NOTE: Format CENTERNUM_FMT has been output.
NOTE: Format LANG_PREF_FMT has been output.
NOTE: Format MARITAL_STATUS_FMT has been output.
NOTE: Format EDUCATION_C3_FMT has been output.
NOTE: Format N_HC_FMT has been output.
NOTE: Format INCOME_C2_FMT has been output.
NOTE: Format YRSUS_C3_FMT has been output.
NOTE: Format EMPLOYEDYN_FMT has been output.
NOTE: Format ALCOHOL_USE_FMT has been output.
NOTE: Format SLPDUR_LT8HRS_FMT has been output.
NOTE: Format HEI2010_C3_FMT has been output.
NOTE: Format CESD10_FMT has been output.
NOTE: Format STAI10_FMT has been output.
NOTE: Format $STAT has been output.
NOTE: Format PV is already on the library WORK.FORMATS.
NOTE: Format PV has been output.
NOTE: Format YN_FMT has been output.
NOTE: Format BLANKDOT has been output.
NOTE: Format REFNUM has been output.
NOTE: The NEGPAREN (in)format was specified on the right-hand side of an equal sign, but without a length specification. PROC FORMAT will assume a default length of at 
      least 40 for the format being generated. If this is an insufficient width, you can rerun PROC FORMAT with an explicit width for the NEGPAREN (in)format, or provide a 
      sufficient DEFAULT= option.
NOTE: Format PAREN has been output.

NOTE: PROCEDURE FORMAT used (Total process time):
                                                                               The SAS System

      real time           0.02 seconds
      cpu time            0.01 seconds
      

149        %include "&homepath.\code\HC338391\HC3383_labels.sas";
252        %include "&homepath.\code\HC338391\HC3383_process_imputed.sas";
296        
297        * Fit the models using the imputed data;
298        title 'Model 1 - Sociodemographics';
299        proc genmod data = &impdb;
300        	by _imputation_;
301        	class centernum(ref="BRONX") bkgrd1_c7nomiss(ref='MEXICAN') marital_status(ref='SINGLE') employedyn(ref="NOT_EMPLOYED")
302        			education_c3(ref='N_HIGHSCHOOL_GED') n_hc(ref="NO") yrsus_c3(ref='US_BORN');
303        	model waz = centernum yrs_btwn_v1flor age bkgrd1_c7nomiss n_hc education_c3 parity_v1 employedyn marital_status yrsus_c3 / d=normal;
304        	format centernum centernum_fmt. n_hc n_hc_fmt. bkgrd1_c7nomiss bkgrd1_c7nomiss_fmt. marital_status marital_status_fmt.
305        			employedyn employedyn_fmt. yrsus_c3 yrsus_c3_fmt. education_c3 education_c3_fmt.;
306        	ods output ParameterEstimates=genmod_results_1;
307        run;

NOTE: Algorithm converged.
NOTE: The scale parameter was estimated by maximum likelihood.
NOTE: The above message was for the following BY group:
      Imputation Number=1
NOTE: Algorithm converged.
NOTE: The scale parameter was estimated by maximum likelihood.
NOTE: The above message was for the following BY group:
      Imputation Number=2
NOTE: Algorithm converged.
NOTE: The scale parameter was estimated by maximum likelihood.
NOTE: The above message was for the following BY group:
      Imputation Number=3
NOTE: Algorithm converged.
NOTE: The scale parameter was estimated by maximum likelihood.
NOTE: The above message was for the following BY group:
      Imputation Number=4
NOTE: Algorithm converged.
NOTE: The scale parameter was estimated by maximum likelihood.
NOTE: The above message was for the following BY group:
      Imputation Number=5
NOTE: Algorithm converged.
NOTE: The scale parameter was estimated by maximum likelihood.
NOTE: The above message was for the following BY group:
      Imputation Number=6
NOTE: Algorithm converged.
NOTE: The scale parameter was estimated by maximum likelihood.
NOTE: The above message was for the following BY group:
      Imputation Number=7
NOTE: Algorithm converged.
NOTE: The scale parameter was estimated by maximum likelihood.
NOTE: The above message was for the following BY group:
      Imputation Number=8
NOTE: Algorithm converged.
NOTE: The scale parameter was estimated by maximum likelihood.
NOTE: The above message was for the following BY group:
      Imputation Number=9
NOTE: Algorithm converged.
NOTE: The scale parameter was estimated by maximum likelihood.
                                                                               The SAS System

NOTE: The above message was for the following BY group:
      Imputation Number=10
NOTE: The data set WORK.GENMOD_RESULTS_1 has 290 observations and 10 variables.
NOTE: The PROCEDURE GENMOD printed pages 1-20.
NOTE: PROCEDURE GENMOD used (Total process time):
      real time           0.13 seconds
      cpu time            0.03 seconds
      

308        
309        title 'Model 2: Model 1 + (diet, alcohol, smoke, pa, slpdur) ';
310        proc genmod data = &impdb;
311        	by _imputation_;
312        	class centernum(ref="BRONX") bkgrd1_c7nomiss(ref='MEXICAN') marital_status(ref='SINGLE') employedyn(ref="NOT_EMPLOYED")
313        			education_c3(ref='N_HIGHSCHOOL_GED') n_hc(ref="NO") yrsus_c3(ref='US_BORN')
314        			current_smoker(REF="NO") alcohol_use(REF="NEVER") pag2008yn(ref="YES") slpdur_lt8hrs(ref="<8_hours") hei2010_c3(ref="HIGH");
315        	model waz = centernum yrs_btwn_v1flor age bkgrd1_c7nomiss n_hc education_c3 parity_v1 employedyn marital_status yrsus_c3
316        			current_smoker hei2010_c3 alcohol_use pag2008yn slpdur_lt8hrs / dist = normal;
317        	format centernum centernum_fmt. n_hc n_hc_fmt. bkgrd1_c7nomiss bkgrd1_c7nomiss_fmt. marital_status marital_status_fmt.
318        			employedyn employedyn_fmt. yrsus_c3 yrsus_c3_fmt. education_c3 education_c3_fmt.
319        			alcohol_use alcohol_use_fmt. current_smoker yn_fmt.
320        			slpdur_lt8hrs slpdur_lt8hrs_fmt. pag2008yn yn_fmt. hei2010_c3 hei2010_c3_fmt.;
321        	ods output ParameterEstimates=genmod_results_2;
322        run;

NOTE: Algorithm converged.
NOTE: The scale parameter was estimated by maximum likelihood.
NOTE: The above message was for the following BY group:
      Imputation Number=1
NOTE: Algorithm converged.
NOTE: The scale parameter was estimated by maximum likelihood.
NOTE: The above message was for the following BY group:
      Imputation Number=2
NOTE: Algorithm converged.
NOTE: The scale parameter was estimated by maximum likelihood.
NOTE: The above message was for the following BY group:
      Imputation Number=3
NOTE: Algorithm converged.
NOTE: The scale parameter was estimated by maximum likelihood.
NOTE: The above message was for the following BY group:
      Imputation Number=4
NOTE: Algorithm converged.
NOTE: The scale parameter was estimated by maximum likelihood.
NOTE: The above message was for the following BY group:
      Imputation Number=5
NOTE: Algorithm converged.
NOTE: The scale parameter was estimated by maximum likelihood.
NOTE: The above message was for the following BY group:
      Imputation Number=6
NOTE: Algorithm converged.
NOTE: The scale parameter was estimated by maximum likelihood.
NOTE: The above message was for the following BY group:
      Imputation Number=7
NOTE: Algorithm converged.
NOTE: The scale parameter was estimated by maximum likelihood.
NOTE: The above message was for the following BY group:
      Imputation Number=8
                                                                               The SAS System

NOTE: Algorithm converged.
NOTE: The scale parameter was estimated by maximum likelihood.
NOTE: The above message was for the following BY group:
      Imputation Number=9
NOTE: Algorithm converged.
NOTE: The scale parameter was estimated by maximum likelihood.
NOTE: The above message was for the following BY group:
      Imputation Number=10
NOTE: The data set WORK.GENMOD_RESULTS_2 has 410 observations and 10 variables.
NOTE: The PROCEDURE GENMOD printed pages 21-40.
NOTE: PROCEDURE GENMOD used (Total process time):
      real time           0.07 seconds
      cpu time            0.00 seconds
      

323        
324        title 'Model 3: Model 2 + mental health';
325        proc genmod data = &impdb;
326        	by _imputation_;
327        	class centernum(ref="BRONX") bkgrd1_c7nomiss(ref='MEXICAN') marital_status(ref='SINGLE') employedyn(ref="NOT_EMPLOYED")
328        			education_c3(ref='N_HIGHSCHOOL_GED') n_hc(ref="NO") yrsus_c3(ref='US_BORN')
329        			current_smoker(REF="NO") alcohol_use(REF="NEVER") pag2008yn(ref="YES") slpdur_lt8hrs(ref="<8_hours") hei2010_c3(ref="HIGH");
330        	model waz = centernum yrs_btwn_v1flor age bkgrd1_c7nomiss n_hc education_c3 parity_v1 employedyn marital_status yrsus_c3
331        			current_smoker hei2010_c3 alcohol_use pag2008yn slpdur_lt8hrs
332        			cesd10 stai10/ dist = normal;
333        	format centernum centernum_fmt. n_hc n_hc_fmt. bkgrd1_c7nomiss bkgrd1_c7nomiss_fmt. marital_status marital_status_fmt.
334        			employedyn employedyn_fmt. yrsus_c3 yrsus_c3_fmt. education_c3 education_c3_fmt.
335        			alcohol_use alcohol_use_fmt. current_smoker yn_fmt.
336        			slpdur_lt8hrs slpdur_lt8hrs_fmt. pag2008yn yn_fmt. hei2010_c3 hei2010_c3_fmt.;
337        	ods output ParameterEstimates=genmod_results_3;
338        run;

NOTE: Algorithm converged.
NOTE: The scale parameter was estimated by maximum likelihood.
NOTE: The above message was for the following BY group:
      Imputation Number=1
NOTE: Algorithm converged.
NOTE: The scale parameter was estimated by maximum likelihood.
NOTE: The above message was for the following BY group:
      Imputation Number=2
NOTE: Algorithm converged.
NOTE: The scale parameter was estimated by maximum likelihood.
NOTE: The above message was for the following BY group:
      Imputation Number=3
NOTE: Algorithm converged.
NOTE: The scale parameter was estimated by maximum likelihood.
NOTE: The above message was for the following BY group:
      Imputation Number=4
NOTE: Algorithm converged.
NOTE: The scale parameter was estimated by maximum likelihood.
NOTE: The above message was for the following BY group:
      Imputation Number=5
NOTE: Algorithm converged.
NOTE: The scale parameter was estimated by maximum likelihood.
NOTE: The above message was for the following BY group:
      Imputation Number=6
NOTE: Algorithm converged.
                                                                               The SAS System

NOTE: The scale parameter was estimated by maximum likelihood.
NOTE: The above message was for the following BY group:
      Imputation Number=7
NOTE: Algorithm converged.
NOTE: The scale parameter was estimated by maximum likelihood.
NOTE: The above message was for the following BY group:
      Imputation Number=8
NOTE: Algorithm converged.
NOTE: The scale parameter was estimated by maximum likelihood.
NOTE: The above message was for the following BY group:
      Imputation Number=9
NOTE: Algorithm converged.
NOTE: The scale parameter was estimated by maximum likelihood.
NOTE: The above message was for the following BY group:
      Imputation Number=10
NOTE: The data set WORK.GENMOD_RESULTS_3 has 430 observations and 10 variables.
NOTE: The PROCEDURE GENMOD printed pages 41-60.
NOTE: PROCEDURE GENMOD used (Total process time):
      real time           0.08 seconds
      cpu time            0.03 seconds
      

339        
340        title 'Model 4: Model 3 + PRS';
341        proc genmod data = &impdb;
342        	by _imputation_;
343        	class centernum(ref="BRONX") bkgrd1_c7nomiss(ref='MEXICAN') marital_status(ref='SINGLE') employedyn(ref="NOT_EMPLOYED")
344        			education_c3(ref='N_HIGHSCHOOL_GED') n_hc(ref="NO") yrsus_c3(ref='US_BORN')
345        			current_smoker(REF="NO") alcohol_use(REF="NEVER") pag2008yn(ref="YES") slpdur_lt8hrs(ref="<8_hours") hei2010_c3(ref="HIGH");
346        	model waz = centernum yrs_btwn_v1flor age bkgrd1_c7nomiss n_hc education_c3 parity_v1 employedyn marital_status yrsus_c3
347        			current_smoker hei2010_c3 alcohol_use pag2008yn slpdur_lt8hrs
348        			cesd10 stai10
349        			child_prs_bmi_a/ dist = normal;
350        	format centernum centernum_fmt. n_hc n_hc_fmt. bkgrd1_c7nomiss bkgrd1_c7nomiss_fmt. marital_status marital_status_fmt.
351        			employedyn employedyn_fmt. yrsus_c3 yrsus_c3_fmt. education_c3 education_c3_fmt.
352        			alcohol_use alcohol_use_fmt. current_smoker yn_fmt.
353        			slpdur_lt8hrs slpdur_lt8hrs_fmt. pag2008yn yn_fmt. hei2010_c3 hei2010_c3_fmt.;
354        	ods output ParameterEstimates=genmod_results_4;
355        run;

NOTE: Algorithm converged.
NOTE: The scale parameter was estimated by maximum likelihood.
NOTE: The above message was for the following BY group:
      Imputation Number=1
NOTE: Algorithm converged.
NOTE: The scale parameter was estimated by maximum likelihood.
NOTE: The above message was for the following BY group:
      Imputation Number=2
NOTE: Algorithm converged.
NOTE: The scale parameter was estimated by maximum likelihood.
NOTE: The above message was for the following BY group:
      Imputation Number=3
NOTE: Algorithm converged.
NOTE: The scale parameter was estimated by maximum likelihood.
NOTE: The above message was for the following BY group:
      Imputation Number=4
NOTE: Algorithm converged.
                                                                               The SAS System

NOTE: The scale parameter was estimated by maximum likelihood.
NOTE: The above message was for the following BY group:
      Imputation Number=5
NOTE: Algorithm converged.
NOTE: The scale parameter was estimated by maximum likelihood.
NOTE: The above message was for the following BY group:
      Imputation Number=6
NOTE: Algorithm converged.
NOTE: The scale parameter was estimated by maximum likelihood.
NOTE: The above message was for the following BY group:
      Imputation Number=7
NOTE: Algorithm converged.
NOTE: The scale parameter was estimated by maximum likelihood.
NOTE: The above message was for the following BY group:
      Imputation Number=8
NOTE: Algorithm converged.
NOTE: The scale parameter was estimated by maximum likelihood.
NOTE: The above message was for the following BY group:
      Imputation Number=9
NOTE: Algorithm converged.
NOTE: The scale parameter was estimated by maximum likelihood.
NOTE: The above message was for the following BY group:
      Imputation Number=10
NOTE: The data set WORK.GENMOD_RESULTS_4 has 440 observations and 10 variables.
NOTE: The PROCEDURE GENMOD printed pages 61-80.
NOTE: PROCEDURE GENMOD used (Total process time):
      real time           0.09 seconds
      cpu time            0.09 seconds
      

356        
357        * Process the imputed estimates;
358        %process_imputed(in_db = genmod_results_1, out_db = mianalize_1, model = 1);

NOTE: There were 290 observations read from the data set WORK.GENMOD_RESULTS_1.
NOTE: The data set WORK.GENMOD_RESULTS_1 has 290 observations and 11 variables.
NOTE: DATA statement used (Total process time):
      real time           0.01 seconds
      cpu time            0.00 seconds
      


NOTE: There were 290 observations read from the data set WORK.GENMOD_RESULTS_1.
NOTE: The data set WORK.GENMOD_RESULTS_1 has 290 observations and 11 variables.
NOTE: PROCEDURE SORT used (Total process time):
      real time           0.00 seconds
      cpu time            0.00 seconds
      


WARNING: Within-imputation StdErr is zero for variable Estimate in _Imputation_= 1 in the input DATA= data set.
WARNING: Within-imputation StdErr is zero for variable Estimate in _Imputation_= 2 in the input DATA= data set.
WARNING: Within-imputation StdErr is zero for variable Estimate in _Imputation_= 3 in the input DATA= data set.
WARNING: Within-imputation StdErr is zero for variable Estimate in _Imputation_= 4 in the input DATA= data set.
WARNING: Within-imputation StdErr is zero for variable Estimate in _Imputation_= 5 in the input DATA= data set.
WARNING: Within-imputation StdErr is zero for variable Estimate in _Imputation_= 6 in the input DATA= data set.
WARNING: Within-imputation StdErr is zero for variable Estimate in _Imputation_= 7 in the input DATA= data set.
                                                                               The SAS System

WARNING: Within-imputation StdErr is zero for variable Estimate in _Imputation_= 8 in the input DATA= data set.
WARNING: Within-imputation StdErr is zero for variable Estimate in _Imputation_= 9 in the input DATA= data set.
WARNING: Within-imputation StdErr is zero for variable Estimate in _Imputation_= 10 in the input DATA= data set.
NOTE: The above message was for the following BY group:
      EffectName=BKGRD1_C7NOMISS_MEXICAN
WARNING: Within-imputation StdErr is zero for variable Estimate in _Imputation_= 1 in the input DATA= data set.
WARNING: Within-imputation StdErr is zero for variable Estimate in _Imputation_= 2 in the input DATA= data set.
WARNING: Within-imputation StdErr is zero for variable Estimate in _Imputation_= 3 in the input DATA= data set.
WARNING: Within-imputation StdErr is zero for variable Estimate in _Imputation_= 4 in the input DATA= data set.
WARNING: Within-imputation StdErr is zero for variable Estimate in _Imputation_= 5 in the input DATA= data set.
WARNING: Within-imputation StdErr is zero for variable Estimate in _Imputation_= 6 in the input DATA= data set.
WARNING: Within-imputation StdErr is zero for variable Estimate in _Imputation_= 7 in the input DATA= data set.
WARNING: Within-imputation StdErr is zero for variable Estimate in _Imputation_= 8 in the input DATA= data set.
WARNING: Within-imputation StdErr is zero for variable Estimate in _Imputation_= 9 in the input DATA= data set.
WARNING: Within-imputation StdErr is zero for variable Estimate in _Imputation_= 10 in the input DATA= data set.
NOTE: The above message was for the following BY group:
      EffectName=CENTERNUM_BRONX
WARNING: Within-imputation StdErr is zero for variable Estimate in _Imputation_= 1 in the input DATA= data set.
WARNING: Within-imputation StdErr is zero for variable Estimate in _Imputation_= 2 in the input DATA= data set.
WARNING: Within-imputation StdErr is zero for variable Estimate in _Imputation_= 3 in the input DATA= data set.
WARNING: Within-imputation StdErr is zero for variable Estimate in _Imputation_= 4 in the input DATA= data set.
WARNING: Within-imputation StdErr is zero for variable Estimate in _Imputation_= 5 in the input DATA= data set.
WARNING: Within-imputation StdErr is zero for variable Estimate in _Imputation_= 6 in the input DATA= data set.
WARNING: Within-imputation StdErr is zero for variable Estimate in _Imputation_= 7 in the input DATA= data set.
WARNING: Within-imputation StdErr is zero for variable Estimate in _Imputation_= 8 in the input DATA= data set.
WARNING: Within-imputation StdErr is zero for variable Estimate in _Imputation_= 9 in the input DATA= data set.
WARNING: Within-imputation StdErr is zero for variable Estimate in _Imputation_= 10 in the input DATA= data set.
NOTE: The above message was for the following BY group:
      EffectName=EDUCATION_C3_N_HIGHSCHOOL_GED
WARNING: Within-imputation StdErr is zero for variable Estimate in _Imputation_= 1 in the input DATA= data set.
WARNING: Within-imputation StdErr is zero for variable Estimate in _Imputation_= 2 in the input DATA= data set.
WARNING: Within-imputation StdErr is zero for variable Estimate in _Imputation_= 3 in the input DATA= data set.
WARNING: Within-imputation StdErr is zero for variable Estimate in _Imputation_= 4 in the input DATA= data set.
WARNING: Within-imputation StdErr is zero for variable Estimate in _Imputation_= 5 in the input DATA= data set.
WARNING: Within-imputation StdErr is zero for variable Estimate in _Imputation_= 6 in the input DATA= data set.
WARNING: Within-imputation StdErr is zero for variable Estimate in _Imputation_= 7 in the input DATA= data set.
WARNING: Within-imputation StdErr is zero for variable Estimate in _Imputation_= 8 in the input DATA= data set.
WARNING: Within-imputation StdErr is zero for variable Estimate in _Imputation_= 9 in the input DATA= data set.
WARNING: Within-imputation StdErr is zero for variable Estimate in _Imputation_= 10 in the input DATA= data set.
NOTE: The above message was for the following BY group:
      EffectName=EMPLOYEDYN_NOT_EMPLOYED
WARNING: Within-imputation StdErr is zero for variable Estimate in _Imputation_= 1 in the input DATA= data set.
WARNING: Within-imputation StdErr is zero for variable Estimate in _Imputation_= 2 in the input DATA= data set.
WARNING: Within-imputation StdErr is zero for variable Estimate in _Imputation_= 3 in the input DATA= data set.
WARNING: Within-imputation StdErr is zero for variable Estimate in _Imputation_= 4 in the input DATA= data set.
WARNING: Within-imputation StdErr is zero for variable Estimate in _Imputation_= 5 in the input DATA= data set.
WARNING: Within-imputation StdErr is zero for variable Estimate in _Imputation_= 6 in the input DATA= data set.
WARNING: Within-imputation StdErr is zero for variable Estimate in _Imputation_= 7 in the input DATA= data set.
WARNING: Within-imputation StdErr is zero for variable Estimate in _Imputation_= 8 in the input DATA= data set.
WARNING: Within-imputation StdErr is zero for variable Estimate in _Imputation_= 9 in the input DATA= data set.
WARNING: Within-imputation StdErr is zero for variable Estimate in _Imputation_= 10 in the input DATA= data set.
NOTE: The above message was for the following BY group:
      EffectName=MARITAL_STATUS_SINGLE
WARNING: Within-imputation StdErr is zero for variable Estimate in _Imputation_= 1 in the input DATA= data set.
WARNING: Within-imputation StdErr is zero for variable Estimate in _Imputation_= 2 in the input DATA= data set.
WARNING: Within-imputation StdErr is zero for variable Estimate in _Imputation_= 3 in the input DATA= data set.
WARNING: Within-imputation StdErr is zero for variable Estimate in _Imputation_= 4 in the input DATA= data set.
                                                                               The SAS System

WARNING: Within-imputation StdErr is zero for variable Estimate in _Imputation_= 5 in the input DATA= data set.
WARNING: Within-imputation StdErr is zero for variable Estimate in _Imputation_= 6 in the input DATA= data set.
WARNING: Within-imputation StdErr is zero for variable Estimate in _Imputation_= 7 in the input DATA= data set.
WARNING: Within-imputation StdErr is zero for variable Estimate in _Imputation_= 8 in the input DATA= data set.
WARNING: Within-imputation StdErr is zero for variable Estimate in _Imputation_= 9 in the input DATA= data set.
WARNING: Within-imputation StdErr is zero for variable Estimate in _Imputation_= 10 in the input DATA= data set.
NOTE: The above message was for the following BY group:
      EffectName=N_HC_NO
WARNING: Within-imputation StdErr is zero for variable Estimate in _Imputation_= 1 in the input DATA= data set.
WARNING: Within-imputation StdErr is zero for variable Estimate in _Imputation_= 2 in the input DATA= data set.
WARNING: Within-imputation StdErr is zero for variable Estimate in _Imputation_= 3 in the input DATA= data set.
WARNING: Within-imputation StdErr is zero for variable Estimate in _Imputation_= 4 in the input DATA= data set.
WARNING: Within-imputation StdErr is zero for variable Estimate in _Imputation_= 5 in the input DATA= data set.
WARNING: Within-imputation StdErr is zero for variable Estimate in _Imputation_= 6 in the input DATA= data set.
WARNING: Within-imputation StdErr is zero for variable Estimate in _Imputation_= 7 in the input DATA= data set.
WARNING: Within-imputation StdErr is zero for variable Estimate in _Imputation_= 8 in the input DATA= data set.
WARNING: Within-imputation StdErr is zero for variable Estimate in _Imputation_= 9 in the input DATA= data set.
WARNING: Within-imputation StdErr is zero for variable Estimate in _Imputation_= 10 in the input DATA= data set.
NOTE: The above message was for the following BY group:
      EffectName=YRSUS_C3_US_BORN
NOTE: The data set WORK.MIANALIZE_1_P has 29 observations and 13 variables.
NOTE: The PROCEDURE MIANALYZE printed pages 81-109.
NOTE: PROCEDURE MIANALYZE used (Total process time):
      real time           0.03 seconds
      cpu time            0.01 seconds
      

WARNING: Length of character variable model has already been set. 
         Use the LENGTH statement as the very first statement in the DATA STEP to declare the length of a character variable.

NOTE: There were 29 observations read from the data set WORK.MIANALIZE_1_P.
NOTE: The data set WORK.MIANALIZE_1 has 27 observations and 9 variables.
NOTE: DATA statement used (Total process time):
      real time           0.00 seconds
      cpu time            0.00 seconds
      

359        %process_imputed(in_db = genmod_results_2, out_db = mianalize_2, model = 2);

NOTE: There were 410 observations read from the data set WORK.GENMOD_RESULTS_2.
NOTE: The data set WORK.GENMOD_RESULTS_2 has 410 observations and 11 variables.
NOTE: DATA statement used (Total process time):
      real time           0.00 seconds
      cpu time            0.00 seconds
      


NOTE: There were 410 observations read from the data set WORK.GENMOD_RESULTS_2.
NOTE: The data set WORK.GENMOD_RESULTS_2 has 410 observations and 11 variables.
NOTE: PROCEDURE SORT used (Total process time):
      real time           0.00 seconds
      cpu time            0.00 seconds
      


WARNING: Within-imputation StdErr is zero for variable Estimate in _Imputation_= 1 in the input DATA= data set.
WARNING: Within-imputation StdErr is zero for variable Estimate in _Imputation_= 2 in the input DATA= data set.
                                                                               The SAS System

WARNING: Within-imputation StdErr is zero for variable Estimate in _Imputation_= 3 in the input DATA= data set.
WARNING: Within-imputation StdErr is zero for variable Estimate in _Imputation_= 4 in the input DATA= data set.
WARNING: Within-imputation StdErr is zero for variable Estimate in _Imputation_= 5 in the input DATA= data set.
WARNING: Within-imputation StdErr is zero for variable Estimate in _Imputation_= 6 in the input DATA= data set.
WARNING: Within-imputation StdErr is zero for variable Estimate in _Imputation_= 7 in the input DATA= data set.
WARNING: Within-imputation StdErr is zero for variable Estimate in _Imputation_= 8 in the input DATA= data set.
WARNING: Within-imputation StdErr is zero for variable Estimate in _Imputation_= 9 in the input DATA= data set.
WARNING: Within-imputation StdErr is zero for variable Estimate in _Imputation_= 10 in the input DATA= data set.
NOTE: The above message was for the following BY group:
      EffectName=ALCOHOL_USE_NEVER
WARNING: Within-imputation StdErr is zero for variable Estimate in _Imputation_= 1 in the input DATA= data set.
WARNING: Within-imputation StdErr is zero for variable Estimate in _Imputation_= 2 in the input DATA= data set.
WARNING: Within-imputation StdErr is zero for variable Estimate in _Imputation_= 3 in the input DATA= data set.
WARNING: Within-imputation StdErr is zero for variable Estimate in _Imputation_= 4 in the input DATA= data set.
WARNING: Within-imputation StdErr is zero for variable Estimate in _Imputation_= 5 in the input DATA= data set.
WARNING: Within-imputation StdErr is zero for variable Estimate in _Imputation_= 6 in the input DATA= data set.
WARNING: Within-imputation StdErr is zero for variable Estimate in _Imputation_= 7 in the input DATA= data set.
WARNING: Within-imputation StdErr is zero for variable Estimate in _Imputation_= 8 in the input DATA= data set.
WARNING: Within-imputation StdErr is zero for variable Estimate in _Imputation_= 9 in the input DATA= data set.
WARNING: Within-imputation StdErr is zero for variable Estimate in _Imputation_= 10 in the input DATA= data set.
NOTE: The above message was for the following BY group:
      EffectName=BKGRD1_C7NOMISS_MEXICAN
WARNING: Within-imputation StdErr is zero for variable Estimate in _Imputation_= 1 in the input DATA= data set.
WARNING: Within-imputation StdErr is zero for variable Estimate in _Imputation_= 2 in the input DATA= data set.
WARNING: Within-imputation StdErr is zero for variable Estimate in _Imputation_= 3 in the input DATA= data set.
WARNING: Within-imputation StdErr is zero for variable Estimate in _Imputation_= 4 in the input DATA= data set.
WARNING: Within-imputation StdErr is zero for variable Estimate in _Imputation_= 5 in the input DATA= data set.
WARNING: Within-imputation StdErr is zero for variable Estimate in _Imputation_= 6 in the input DATA= data set.
WARNING: Within-imputation StdErr is zero for variable Estimate in _Imputation_= 7 in the input DATA= data set.
WARNING: Within-imputation StdErr is zero for variable Estimate in _Imputation_= 8 in the input DATA= data set.
WARNING: Within-imputation StdErr is zero for variable Estimate in _Imputation_= 9 in the input DATA= data set.
WARNING: Within-imputation StdErr is zero for variable Estimate in _Imputation_= 10 in the input DATA= data set.
NOTE: The above message was for the following BY group:
      EffectName=CENTERNUM_BRONX
WARNING: Within-imputation StdErr is zero for variable Estimate in _Imputation_= 1 in the input DATA= data set.
WARNING: Within-imputation StdErr is zero for variable Estimate in _Imputation_= 2 in the input DATA= data set.
WARNING: Within-imputation StdErr is zero for variable Estimate in _Imputation_= 3 in the input DATA= data set.
WARNING: Within-imputation StdErr is zero for variable Estimate in _Imputation_= 4 in the input DATA= data set.
WARNING: Within-imputation StdErr is zero for variable Estimate in _Imputation_= 5 in the input DATA= data set.
WARNING: Within-imputation StdErr is zero for variable Estimate in _Imputation_= 6 in the input DATA= data set.
WARNING: Within-imputation StdErr is zero for variable Estimate in _Imputation_= 7 in the input DATA= data set.
WARNING: Within-imputation StdErr is zero for variable Estimate in _Imputation_= 8 in the input DATA= data set.
WARNING: Within-imputation StdErr is zero for variable Estimate in _Imputation_= 9 in the input DATA= data set.
WARNING: Within-imputation StdErr is zero for variable Estimate in _Imputation_= 10 in the input DATA= data set.
NOTE: The above message was for the following BY group:
      EffectName=CURRENT_SMOKER_NO
WARNING: Within-imputation StdErr is zero for variable Estimate in _Imputation_= 1 in the input DATA= data set.
WARNING: Within-imputation StdErr is zero for variable Estimate in _Imputation_= 2 in the input DATA= data set.
WARNING: Within-imputation StdErr is zero for variable Estimate in _Imputation_= 3 in the input DATA= data set.
WARNING: Within-imputation StdErr is zero for variable Estimate in _Imputation_= 4 in the input DATA= data set.
WARNING: Within-imputation StdErr is zero for variable Estimate in _Imputation_= 5 in the input DATA= data set.
WARNING: Within-imputation StdErr is zero for variable Estimate in _Imputation_= 6 in the input DATA= data set.
WARNING: Within-imputation StdErr is zero for variable Estimate in _Imputation_= 7 in the input DATA= data set.
WARNING: Within-imputation StdErr is zero for variable Estimate in _Imputation_= 8 in the input DATA= data set.
WARNING: Within-imputation StdErr is zero for variable Estimate in _Imputation_= 9 in the input DATA= data set.
WARNING: Within-imputation StdErr is zero for variable Estimate in _Imputation_= 10 in the input DATA= data set.
NOTE: The above message was for the following BY group:
                                                                               The SAS System

      EffectName=EDUCATION_C3_N_HIGHSCHOOL_GED
WARNING: Within-imputation StdErr is zero for variable Estimate in _Imputation_= 1 in the input DATA= data set.
WARNING: Within-imputation StdErr is zero for variable Estimate in _Imputation_= 2 in the input DATA= data set.
WARNING: Within-imputation StdErr is zero for variable Estimate in _Imputation_= 3 in the input DATA= data set.
WARNING: Within-imputation StdErr is zero for variable Estimate in _Imputation_= 4 in the input DATA= data set.
WARNING: Within-imputation StdErr is zero for variable Estimate in _Imputation_= 5 in the input DATA= data set.
WARNING: Within-imputation StdErr is zero for variable Estimate in _Imputation_= 6 in the input DATA= data set.
WARNING: Within-imputation StdErr is zero for variable Estimate in _Imputation_= 7 in the input DATA= data set.
WARNING: Within-imputation StdErr is zero for variable Estimate in _Imputation_= 8 in the input DATA= data set.
WARNING: Within-imputation StdErr is zero for variable Estimate in _Imputation_= 9 in the input DATA= data set.
WARNING: Within-imputation StdErr is zero for variable Estimate in _Imputation_= 10 in the input DATA= data set.
NOTE: The above message was for the following BY group:
      EffectName=EMPLOYEDYN_NOT_EMPLOYED
WARNING: Within-imputation StdErr is zero for variable Estimate in _Imputation_= 1 in the input DATA= data set.
WARNING: Within-imputation StdErr is zero for variable Estimate in _Imputation_= 2 in the input DATA= data set.
WARNING: Within-imputation StdErr is zero for variable Estimate in _Imputation_= 3 in the input DATA= data set.
WARNING: Within-imputation StdErr is zero for variable Estimate in _Imputation_= 4 in the input DATA= data set.
WARNING: Within-imputation StdErr is zero for variable Estimate in _Imputation_= 5 in the input DATA= data set.
WARNING: Within-imputation StdErr is zero for variable Estimate in _Imputation_= 6 in the input DATA= data set.
WARNING: Within-imputation StdErr is zero for variable Estimate in _Imputation_= 7 in the input DATA= data set.
WARNING: Within-imputation StdErr is zero for variable Estimate in _Imputation_= 8 in the input DATA= data set.
WARNING: Within-imputation StdErr is zero for variable Estimate in _Imputation_= 9 in the input DATA= data set.
WARNING: Within-imputation StdErr is zero for variable Estimate in _Imputation_= 10 in the input DATA= data set.
NOTE: The above message was for the following BY group:
      EffectName=HEI2010_C3_HIGH
WARNING: Within-imputation StdErr is zero for variable Estimate in _Imputation_= 1 in the input DATA= data set.
WARNING: Within-imputation StdErr is zero for variable Estimate in _Imputation_= 2 in the input DATA= data set.
WARNING: Within-imputation StdErr is zero for variable Estimate in _Imputation_= 3 in the input DATA= data set.
WARNING: Within-imputation StdErr is zero for variable Estimate in _Imputation_= 4 in the input DATA= data set.
WARNING: Within-imputation StdErr is zero for variable Estimate in _Imputation_= 5 in the input DATA= data set.
WARNING: Within-imputation StdErr is zero for variable Estimate in _Imputation_= 6 in the input DATA= data set.
WARNING: Within-imputation StdErr is zero for variable Estimate in _Imputation_= 7 in the input DATA= data set.
WARNING: Within-imputation StdErr is zero for variable Estimate in _Imputation_= 8 in the input DATA= data set.
WARNING: Within-imputation StdErr is zero for variable Estimate in _Imputation_= 9 in the input DATA= data set.
WARNING: Within-imputation StdErr is zero for variable Estimate in _Imputation_= 10 in the input DATA= data set.
NOTE: The above message was for the following BY group:
      EffectName=MARITAL_STATUS_SINGLE
WARNING: Within-imputation StdErr is zero for variable Estimate in _Imputation_= 1 in the input DATA= data set.
WARNING: Within-imputation StdErr is zero for variable Estimate in _Imputation_= 2 in the input DATA= data set.
WARNING: Within-imputation StdErr is zero for variable Estimate in _Imputation_= 3 in the input DATA= data set.
WARNING: Within-imputation StdErr is zero for variable Estimate in _Imputation_= 4 in the input DATA= data set.
WARNING: Within-imputation StdErr is zero for variable Estimate in _Imputation_= 5 in the input DATA= data set.
WARNING: Within-imputation StdErr is zero for variable Estimate in _Imputation_= 6 in the input DATA= data set.
WARNING: Within-imputation StdErr is zero for variable Estimate in _Imputation_= 7 in the input DATA= data set.
WARNING: Within-imputation StdErr is zero for variable Estimate in _Imputation_= 8 in the input DATA= data set.
WARNING: Within-imputation StdErr is zero for variable Estimate in _Imputation_= 9 in the input DATA= data set.
WARNING: Within-imputation StdErr is zero for variable Estimate in _Imputation_= 10 in the input DATA= data set.
NOTE: The above message was for the following BY group:
      EffectName=N_HC_NO
WARNING: Within-imputation StdErr is zero for variable Estimate in _Imputation_= 1 in the input DATA= data set.
WARNING: Within-imputation StdErr is zero for variable Estimate in _Imputation_= 2 in the input DATA= data set.
WARNING: Within-imputation StdErr is zero for variable Estimate in _Imputation_= 3 in the input DATA= data set.
WARNING: Within-imputation StdErr is zero for variable Estimate in _Imputation_= 4 in the input DATA= data set.
WARNING: Within-imputation StdErr is zero for variable Estimate in _Imputation_= 5 in the input DATA= data set.
WARNING: Within-imputation StdErr is zero for variable Estimate in _Imputation_= 6 in the input DATA= data set.
WARNING: Within-imputation StdErr is zero for variable Estimate in _Imputation_= 7 in the input DATA= data set.
WARNING: Within-imputation StdErr is zero for variable Estimate in _Imputation_= 8 in the input DATA= data set.
                                                                               The SAS System

WARNING: Within-imputation StdErr is zero for variable Estimate in _Imputation_= 9 in the input DATA= data set.
WARNING: Within-imputation StdErr is zero for variable Estimate in _Imputation_= 10 in the input DATA= data set.
NOTE: The above message was for the following BY group:
      EffectName=PAG2008YN_YES
WARNING: Within-imputation StdErr is zero for variable Estimate in _Imputation_= 1 in the input DATA= data set.
WARNING: Within-imputation StdErr is zero for variable Estimate in _Imputation_= 2 in the input DATA= data set.
WARNING: Within-imputation StdErr is zero for variable Estimate in _Imputation_= 3 in the input DATA= data set.
WARNING: Within-imputation StdErr is zero for variable Estimate in _Imputation_= 4 in the input DATA= data set.
WARNING: Within-imputation StdErr is zero for variable Estimate in _Imputation_= 5 in the input DATA= data set.
WARNING: Within-imputation StdErr is zero for variable Estimate in _Imputation_= 6 in the input DATA= data set.
WARNING: Within-imputation StdErr is zero for variable Estimate in _Imputation_= 7 in the input DATA= data set.
WARNING: Within-imputation StdErr is zero for variable Estimate in _Imputation_= 8 in the input DATA= data set.
WARNING: Within-imputation StdErr is zero for variable Estimate in _Imputation_= 9 in the input DATA= data set.
WARNING: Within-imputation StdErr is zero for variable Estimate in _Imputation_= 10 in the input DATA= data set.
NOTE: The above message was for the following BY group:
      EffectName=SLPDUR_LT8HRS_<8_hours
WARNING: Within-imputation StdErr is zero for variable Estimate in _Imputation_= 1 in the input DATA= data set.
WARNING: Within-imputation StdErr is zero for variable Estimate in _Imputation_= 2 in the input DATA= data set.
WARNING: Within-imputation StdErr is zero for variable Estimate in _Imputation_= 3 in the input DATA= data set.
WARNING: Within-imputation StdErr is zero for variable Estimate in _Imputation_= 4 in the input DATA= data set.
WARNING: Within-imputation StdErr is zero for variable Estimate in _Imputation_= 5 in the input DATA= data set.
WARNING: Within-imputation StdErr is zero for variable Estimate in _Imputation_= 6 in the input DATA= data set.
WARNING: Within-imputation StdErr is zero for variable Estimate in _Imputation_= 7 in the input DATA= data set.
WARNING: Within-imputation StdErr is zero for variable Estimate in _Imputation_= 8 in the input DATA= data set.
WARNING: Within-imputation StdErr is zero for variable Estimate in _Imputation_= 9 in the input DATA= data set.
WARNING: Within-imputation StdErr is zero for variable Estimate in _Imputation_= 10 in the input DATA= data set.
NOTE: The above message was for the following BY group:
      EffectName=YRSUS_C3_US_BORN
NOTE: The data set WORK.MIANALIZE_2_P has 41 observations and 13 variables.
NOTE: The PROCEDURE MIANALYZE printed pages 110-150.
NOTE: PROCEDURE MIANALYZE used (Total process time):
      real time           0.03 seconds
      cpu time            0.01 seconds
      

WARNING: Length of character variable model has already been set. 
         Use the LENGTH statement as the very first statement in the DATA STEP to declare the length of a character variable.

NOTE: There were 41 observations read from the data set WORK.MIANALIZE_2_P.
NOTE: The data set WORK.MIANALIZE_2 has 39 observations and 9 variables.
NOTE: DATA statement used (Total process time):
      real time           0.01 seconds
      cpu time            0.00 seconds
      

360        %process_imputed(in_db = genmod_results_3, out_db = mianalize_3, model = 3);

NOTE: There were 430 observations read from the data set WORK.GENMOD_RESULTS_3.
NOTE: The data set WORK.GENMOD_RESULTS_3 has 430 observations and 11 variables.
NOTE: DATA statement used (Total process time):
      real time           0.00 seconds
      cpu time            0.00 seconds
      


NOTE: There were 430 observations read from the data set WORK.GENMOD_RESULTS_3.
NOTE: The data set WORK.GENMOD_RESULTS_3 has 430 observations and 11 variables.
                                                                               The SAS System

NOTE: PROCEDURE SORT used (Total process time):
      real time           0.00 seconds
      cpu time            0.00 seconds
      


WARNING: Within-imputation StdErr is zero for variable Estimate in _Imputation_= 1 in the input DATA= data set.
WARNING: Within-imputation StdErr is zero for variable Estimate in _Imputation_= 2 in the input DATA= data set.
WARNING: Within-imputation StdErr is zero for variable Estimate in _Imputation_= 3 in the input DATA= data set.
WARNING: Within-imputation StdErr is zero for variable Estimate in _Imputation_= 4 in the input DATA= data set.
WARNING: Within-imputation StdErr is zero for variable Estimate in _Imputation_= 5 in the input DATA= data set.
WARNING: Within-imputation StdErr is zero for variable Estimate in _Imputation_= 6 in the input DATA= data set.
WARNING: Within-imputation StdErr is zero for variable Estimate in _Imputation_= 7 in the input DATA= data set.
WARNING: Within-imputation StdErr is zero for variable Estimate in _Imputation_= 8 in the input DATA= data set.
WARNING: Within-imputation StdErr is zero for variable Estimate in _Imputation_= 9 in the input DATA= data set.
WARNING: Within-imputation StdErr is zero for variable Estimate in _Imputation_= 10 in the input DATA= data set.
NOTE: The above message was for the following BY group:
      EffectName=ALCOHOL_USE_NEVER
WARNING: Within-imputation StdErr is zero for variable Estimate in _Imputation_= 1 in the input DATA= data set.
WARNING: Within-imputation StdErr is zero for variable Estimate in _Imputation_= 2 in the input DATA= data set.
WARNING: Within-imputation StdErr is zero for variable Estimate in _Imputation_= 3 in the input DATA= data set.
WARNING: Within-imputation StdErr is zero for variable Estimate in _Imputation_= 4 in the input DATA= data set.
WARNING: Within-imputation StdErr is zero for variable Estimate in _Imputation_= 5 in the input DATA= data set.
WARNING: Within-imputation StdErr is zero for variable Estimate in _Imputation_= 6 in the input DATA= data set.
WARNING: Within-imputation StdErr is zero for variable Estimate in _Imputation_= 7 in the input DATA= data set.
WARNING: Within-imputation StdErr is zero for variable Estimate in _Imputation_= 8 in the input DATA= data set.
WARNING: Within-imputation StdErr is zero for variable Estimate in _Imputation_= 9 in the input DATA= data set.
WARNING: Within-imputation StdErr is zero for variable Estimate in _Imputation_= 10 in the input DATA= data set.
NOTE: The above message was for the following BY group:
      EffectName=BKGRD1_C7NOMISS_MEXICAN
WARNING: Within-imputation StdErr is zero for variable Estimate in _Imputation_= 1 in the input DATA= data set.
WARNING: Within-imputation StdErr is zero for variable Estimate in _Imputation_= 2 in the input DATA= data set.
WARNING: Within-imputation StdErr is zero for variable Estimate in _Imputation_= 3 in the input DATA= data set.
WARNING: Within-imputation StdErr is zero for variable Estimate in _Imputation_= 4 in the input DATA= data set.
WARNING: Within-imputation StdErr is zero for variable Estimate in _Imputation_= 5 in the input DATA= data set.
WARNING: Within-imputation StdErr is zero for variable Estimate in _Imputation_= 6 in the input DATA= data set.
WARNING: Within-imputation StdErr is zero for variable Estimate in _Imputation_= 7 in the input DATA= data set.
WARNING: Within-imputation StdErr is zero for variable Estimate in _Imputation_= 8 in the input DATA= data set.
WARNING: Within-imputation StdErr is zero for variable Estimate in _Imputation_= 9 in the input DATA= data set.
WARNING: Within-imputation StdErr is zero for variable Estimate in _Imputation_= 10 in the input DATA= data set.
NOTE: The above message was for the following BY group:
      EffectName=CENTERNUM_BRONX
WARNING: Within-imputation StdErr is zero for variable Estimate in _Imputation_= 1 in the input DATA= data set.
WARNING: Within-imputation StdErr is zero for variable Estimate in _Imputation_= 2 in the input DATA= data set.
WARNING: Within-imputation StdErr is zero for variable Estimate in _Imputation_= 3 in the input DATA= data set.
WARNING: Within-imputation StdErr is zero for variable Estimate in _Imputation_= 4 in the input DATA= data set.
WARNING: Within-imputation StdErr is zero for variable Estimate in _Imputation_= 5 in the input DATA= data set.
WARNING: Within-imputation StdErr is zero for variable Estimate in _Imputation_= 6 in the input DATA= data set.
WARNING: Within-imputation StdErr is zero for variable Estimate in _Imputation_= 7 in the input DATA= data set.
WARNING: Within-imputation StdErr is zero for variable Estimate in _Imputation_= 8 in the input DATA= data set.
WARNING: Within-imputation StdErr is zero for variable Estimate in _Imputation_= 9 in the input DATA= data set.
WARNING: Within-imputation StdErr is zero for variable Estimate in _Imputation_= 10 in the input DATA= data set.
NOTE: The above message was for the following BY group:
      EffectName=CURRENT_SMOKER_NO
WARNING: Within-imputation StdErr is zero for variable Estimate in _Imputation_= 1 in the input DATA= data set.
WARNING: Within-imputation StdErr is zero for variable Estimate in _Imputation_= 2 in the input DATA= data set.
WARNING: Within-imputation StdErr is zero for variable Estimate in _Imputation_= 3 in the input DATA= data set.
                                                                               The SAS System

WARNING: Within-imputation StdErr is zero for variable Estimate in _Imputation_= 4 in the input DATA= data set.
WARNING: Within-imputation StdErr is zero for variable Estimate in _Imputation_= 5 in the input DATA= data set.
WARNING: Within-imputation StdErr is zero for variable Estimate in _Imputation_= 6 in the input DATA= data set.
WARNING: Within-imputation StdErr is zero for variable Estimate in _Imputation_= 7 in the input DATA= data set.
WARNING: Within-imputation StdErr is zero for variable Estimate in _Imputation_= 8 in the input DATA= data set.
WARNING: Within-imputation StdErr is zero for variable Estimate in _Imputation_= 9 in the input DATA= data set.
WARNING: Within-imputation StdErr is zero for variable Estimate in _Imputation_= 10 in the input DATA= data set.
NOTE: The above message was for the following BY group:
      EffectName=EDUCATION_C3_N_HIGHSCHOOL_GED
WARNING: Within-imputation StdErr is zero for variable Estimate in _Imputation_= 1 in the input DATA= data set.
WARNING: Within-imputation StdErr is zero for variable Estimate in _Imputation_= 2 in the input DATA= data set.
WARNING: Within-imputation StdErr is zero for variable Estimate in _Imputation_= 3 in the input DATA= data set.
WARNING: Within-imputation StdErr is zero for variable Estimate in _Imputation_= 4 in the input DATA= data set.
WARNING: Within-imputation StdErr is zero for variable Estimate in _Imputation_= 5 in the input DATA= data set.
WARNING: Within-imputation StdErr is zero for variable Estimate in _Imputation_= 6 in the input DATA= data set.
WARNING: Within-imputation StdErr is zero for variable Estimate in _Imputation_= 7 in the input DATA= data set.
WARNING: Within-imputation StdErr is zero for variable Estimate in _Imputation_= 8 in the input DATA= data set.
WARNING: Within-imputation StdErr is zero for variable Estimate in _Imputation_= 9 in the input DATA= data set.
WARNING: Within-imputation StdErr is zero for variable Estimate in _Imputation_= 10 in the input DATA= data set.
NOTE: The above message was for the following BY group:
      EffectName=EMPLOYEDYN_NOT_EMPLOYED
WARNING: Within-imputation StdErr is zero for variable Estimate in _Imputation_= 1 in the input DATA= data set.
WARNING: Within-imputation StdErr is zero for variable Estimate in _Imputation_= 2 in the input DATA= data set.
WARNING: Within-imputation StdErr is zero for variable Estimate in _Imputation_= 3 in the input DATA= data set.
WARNING: Within-imputation StdErr is zero for variable Estimate in _Imputation_= 4 in the input DATA= data set.
WARNING: Within-imputation StdErr is zero for variable Estimate in _Imputation_= 5 in the input DATA= data set.
WARNING: Within-imputation StdErr is zero for variable Estimate in _Imputation_= 6 in the input DATA= data set.
WARNING: Within-imputation StdErr is zero for variable Estimate in _Imputation_= 7 in the input DATA= data set.
WARNING: Within-imputation StdErr is zero for variable Estimate in _Imputation_= 8 in the input DATA= data set.
WARNING: Within-imputation StdErr is zero for variable Estimate in _Imputation_= 9 in the input DATA= data set.
WARNING: Within-imputation StdErr is zero for variable Estimate in _Imputation_= 10 in the input DATA= data set.
NOTE: The above message was for the following BY group:
      EffectName=HEI2010_C3_HIGH
WARNING: Within-imputation StdErr is zero for variable Estimate in _Imputation_= 1 in the input DATA= data set.
WARNING: Within-imputation StdErr is zero for variable Estimate in _Imputation_= 2 in the input DATA= data set.
WARNING: Within-imputation StdErr is zero for variable Estimate in _Imputation_= 3 in the input DATA= data set.
WARNING: Within-imputation StdErr is zero for variable Estimate in _Imputation_= 4 in the input DATA= data set.
WARNING: Within-imputation StdErr is zero for variable Estimate in _Imputation_= 5 in the input DATA= data set.
WARNING: Within-imputation StdErr is zero for variable Estimate in _Imputation_= 6 in the input DATA= data set.
WARNING: Within-imputation StdErr is zero for variable Estimate in _Imputation_= 7 in the input DATA= data set.
WARNING: Within-imputation StdErr is zero for variable Estimate in _Imputation_= 8 in the input DATA= data set.
WARNING: Within-imputation StdErr is zero for variable Estimate in _Imputation_= 9 in the input DATA= data set.
WARNING: Within-imputation StdErr is zero for variable Estimate in _Imputation_= 10 in the input DATA= data set.
NOTE: The above message was for the following BY group:
      EffectName=MARITAL_STATUS_SINGLE
WARNING: Within-imputation StdErr is zero for variable Estimate in _Imputation_= 1 in the input DATA= data set.
WARNING: Within-imputation StdErr is zero for variable Estimate in _Imputation_= 2 in the input DATA= data set.
WARNING: Within-imputation StdErr is zero for variable Estimate in _Imputation_= 3 in the input DATA= data set.
WARNING: Within-imputation StdErr is zero for variable Estimate in _Imputation_= 4 in the input DATA= data set.
WARNING: Within-imputation StdErr is zero for variable Estimate in _Imputation_= 5 in the input DATA= data set.
WARNING: Within-imputation StdErr is zero for variable Estimate in _Imputation_= 6 in the input DATA= data set.
WARNING: Within-imputation StdErr is zero for variable Estimate in _Imputation_= 7 in the input DATA= data set.
WARNING: Within-imputation StdErr is zero for variable Estimate in _Imputation_= 8 in the input DATA= data set.
WARNING: Within-imputation StdErr is zero for variable Estimate in _Imputation_= 9 in the input DATA= data set.
WARNING: Within-imputation StdErr is zero for variable Estimate in _Imputation_= 10 in the input DATA= data set.
NOTE: The above message was for the following BY group:
      EffectName=N_HC_NO
                                                                               The SAS System

WARNING: Within-imputation StdErr is zero for variable Estimate in _Imputation_= 1 in the input DATA= data set.
WARNING: Within-imputation StdErr is zero for variable Estimate in _Imputation_= 2 in the input DATA= data set.
WARNING: Within-imputation StdErr is zero for variable Estimate in _Imputation_= 3 in the input DATA= data set.
WARNING: Within-imputation StdErr is zero for variable Estimate in _Imputation_= 4 in the input DATA= data set.
WARNING: Within-imputation StdErr is zero for variable Estimate in _Imputation_= 5 in the input DATA= data set.
WARNING: Within-imputation StdErr is zero for variable Estimate in _Imputation_= 6 in the input DATA= data set.
WARNING: Within-imputation StdErr is zero for variable Estimate in _Imputation_= 7 in the input DATA= data set.
WARNING: Within-imputation StdErr is zero for variable Estimate in _Imputation_= 8 in the input DATA= data set.
WARNING: Within-imputation StdErr is zero for variable Estimate in _Imputation_= 9 in the input DATA= data set.
WARNING: Within-imputation StdErr is zero for variable Estimate in _Imputation_= 10 in the input DATA= data set.
NOTE: The above message was for the following BY group:
      EffectName=PAG2008YN_YES
WARNING: Within-imputation StdErr is zero for variable Estimate in _Imputation_= 1 in the input DATA= data set.
WARNING: Within-imputation StdErr is zero for variable Estimate in _Imputation_= 2 in the input DATA= data set.
WARNING: Within-imputation StdErr is zero for variable Estimate in _Imputation_= 3 in the input DATA= data set.
WARNING: Within-imputation StdErr is zero for variable Estimate in _Imputation_= 4 in the input DATA= data set.
WARNING: Within-imputation StdErr is zero for variable Estimate in _Imputation_= 5 in the input DATA= data set.
WARNING: Within-imputation StdErr is zero for variable Estimate in _Imputation_= 6 in the input DATA= data set.
WARNING: Within-imputation StdErr is zero for variable Estimate in _Imputation_= 7 in the input DATA= data set.
WARNING: Within-imputation StdErr is zero for variable Estimate in _Imputation_= 8 in the input DATA= data set.
WARNING: Within-imputation StdErr is zero for variable Estimate in _Imputation_= 9 in the input DATA= data set.
WARNING: Within-imputation StdErr is zero for variable Estimate in _Imputation_= 10 in the input DATA= data set.
NOTE: The above message was for the following BY group:
      EffectName=SLPDUR_LT8HRS_<8_hours
WARNING: Within-imputation StdErr is zero for variable Estimate in _Imputation_= 1 in the input DATA= data set.
WARNING: Within-imputation StdErr is zero for variable Estimate in _Imputation_= 2 in the input DATA= data set.
WARNING: Within-imputation StdErr is zero for variable Estimate in _Imputation_= 3 in the input DATA= data set.
WARNING: Within-imputation StdErr is zero for variable Estimate in _Imputation_= 4 in the input DATA= data set.
WARNING: Within-imputation StdErr is zero for variable Estimate in _Imputation_= 5 in the input DATA= data set.
WARNING: Within-imputation StdErr is zero for variable Estimate in _Imputation_= 6 in the input DATA= data set.
WARNING: Within-imputation StdErr is zero for variable Estimate in _Imputation_= 7 in the input DATA= data set.
WARNING: Within-imputation StdErr is zero for variable Estimate in _Imputation_= 8 in the input DATA= data set.
WARNING: Within-imputation StdErr is zero for variable Estimate in _Imputation_= 9 in the input DATA= data set.
WARNING: Within-imputation StdErr is zero for variable Estimate in _Imputation_= 10 in the input DATA= data set.
NOTE: The above message was for the following BY group:
      EffectName=YRSUS_C3_US_BORN
NOTE: The data set WORK.MIANALIZE_3_P has 43 observations and 13 variables.
NOTE: The PROCEDURE MIANALYZE printed pages 151-193.
NOTE: PROCEDURE MIANALYZE used (Total process time):
      real time           0.04 seconds
      cpu time            0.03 seconds
      

WARNING: Length of character variable model has already been set. 
         Use the LENGTH statement as the very first statement in the DATA STEP to declare the length of a character variable.

NOTE: There were 43 observations read from the data set WORK.MIANALIZE_3_P.
NOTE: The data set WORK.MIANALIZE_3 has 41 observations and 9 variables.
NOTE: DATA statement used (Total process time):
      real time           0.01 seconds
      cpu time            0.00 seconds
      

361        %process_imputed(in_db = genmod_results_4, out_db = mianalize_4, model = 4);

NOTE: There were 440 observations read from the data set WORK.GENMOD_RESULTS_4.
NOTE: The data set WORK.GENMOD_RESULTS_4 has 440 observations and 11 variables.
                                                                               The SAS System

NOTE: DATA statement used (Total process time):
      real time           0.00 seconds
      cpu time            0.00 seconds
      


NOTE: There were 440 observations read from the data set WORK.GENMOD_RESULTS_4.
NOTE: The data set WORK.GENMOD_RESULTS_4 has 440 observations and 11 variables.
NOTE: PROCEDURE SORT used (Total process time):
      real time           0.00 seconds
      cpu time            0.00 seconds
      


WARNING: Within-imputation StdErr is zero for variable Estimate in _Imputation_= 1 in the input DATA= data set.
WARNING: Within-imputation StdErr is zero for variable Estimate in _Imputation_= 2 in the input DATA= data set.
WARNING: Within-imputation StdErr is zero for variable Estimate in _Imputation_= 3 in the input DATA= data set.
WARNING: Within-imputation StdErr is zero for variable Estimate in _Imputation_= 4 in the input DATA= data set.
WARNING: Within-imputation StdErr is zero for variable Estimate in _Imputation_= 5 in the input DATA= data set.
WARNING: Within-imputation StdErr is zero for variable Estimate in _Imputation_= 6 in the input DATA= data set.
WARNING: Within-imputation StdErr is zero for variable Estimate in _Imputation_= 7 in the input DATA= data set.
WARNING: Within-imputation StdErr is zero for variable Estimate in _Imputation_= 8 in the input DATA= data set.
WARNING: Within-imputation StdErr is zero for variable Estimate in _Imputation_= 9 in the input DATA= data set.
WARNING: Within-imputation StdErr is zero for variable Estimate in _Imputation_= 10 in the input DATA= data set.
NOTE: The above message was for the following BY group:
      EffectName=ALCOHOL_USE_NEVER
WARNING: Within-imputation StdErr is zero for variable Estimate in _Imputation_= 1 in the input DATA= data set.
WARNING: Within-imputation StdErr is zero for variable Estimate in _Imputation_= 2 in the input DATA= data set.
WARNING: Within-imputation StdErr is zero for variable Estimate in _Imputation_= 3 in the input DATA= data set.
WARNING: Within-imputation StdErr is zero for variable Estimate in _Imputation_= 4 in the input DATA= data set.
WARNING: Within-imputation StdErr is zero for variable Estimate in _Imputation_= 5 in the input DATA= data set.
WARNING: Within-imputation StdErr is zero for variable Estimate in _Imputation_= 6 in the input DATA= data set.
WARNING: Within-imputation StdErr is zero for variable Estimate in _Imputation_= 7 in the input DATA= data set.
WARNING: Within-imputation StdErr is zero for variable Estimate in _Imputation_= 8 in the input DATA= data set.
WARNING: Within-imputation StdErr is zero for variable Estimate in _Imputation_= 9 in the input DATA= data set.
WARNING: Within-imputation StdErr is zero for variable Estimate in _Imputation_= 10 in the input DATA= data set.
NOTE: The above message was for the following BY group:
      EffectName=BKGRD1_C7NOMISS_MEXICAN
WARNING: Within-imputation StdErr is zero for variable Estimate in _Imputation_= 1 in the input DATA= data set.
WARNING: Within-imputation StdErr is zero for variable Estimate in _Imputation_= 2 in the input DATA= data set.
WARNING: Within-imputation StdErr is zero for variable Estimate in _Imputation_= 3 in the input DATA= data set.
WARNING: Within-imputation StdErr is zero for variable Estimate in _Imputation_= 4 in the input DATA= data set.
WARNING: Within-imputation StdErr is zero for variable Estimate in _Imputation_= 5 in the input DATA= data set.
WARNING: Within-imputation StdErr is zero for variable Estimate in _Imputation_= 6 in the input DATA= data set.
WARNING: Within-imputation StdErr is zero for variable Estimate in _Imputation_= 7 in the input DATA= data set.
WARNING: Within-imputation StdErr is zero for variable Estimate in _Imputation_= 8 in the input DATA= data set.
WARNING: Within-imputation StdErr is zero for variable Estimate in _Imputation_= 9 in the input DATA= data set.
WARNING: Within-imputation StdErr is zero for variable Estimate in _Imputation_= 10 in the input DATA= data set.
NOTE: The above message was for the following BY group:
      EffectName=CENTERNUM_BRONX
WARNING: Within-imputation StdErr is zero for variable Estimate in _Imputation_= 1 in the input DATA= data set.
WARNING: Within-imputation StdErr is zero for variable Estimate in _Imputation_= 2 in the input DATA= data set.
WARNING: Within-imputation StdErr is zero for variable Estimate in _Imputation_= 3 in the input DATA= data set.
WARNING: Within-imputation StdErr is zero for variable Estimate in _Imputation_= 4 in the input DATA= data set.
WARNING: Within-imputation StdErr is zero for variable Estimate in _Imputation_= 5 in the input DATA= data set.
WARNING: Within-imputation StdErr is zero for variable Estimate in _Imputation_= 6 in the input DATA= data set.
WARNING: Within-imputation StdErr is zero for variable Estimate in _Imputation_= 7 in the input DATA= data set.
                                                                               The SAS System

WARNING: Within-imputation StdErr is zero for variable Estimate in _Imputation_= 8 in the input DATA= data set.
WARNING: Within-imputation StdErr is zero for variable Estimate in _Imputation_= 9 in the input DATA= data set.
WARNING: Within-imputation StdErr is zero for variable Estimate in _Imputation_= 10 in the input DATA= data set.
NOTE: The above message was for the following BY group:
      EffectName=CURRENT_SMOKER_NO
WARNING: Within-imputation StdErr is zero for variable Estimate in _Imputation_= 1 in the input DATA= data set.
WARNING: Within-imputation StdErr is zero for variable Estimate in _Imputation_= 2 in the input DATA= data set.
WARNING: Within-imputation StdErr is zero for variable Estimate in _Imputation_= 3 in the input DATA= data set.
WARNING: Within-imputation StdErr is zero for variable Estimate in _Imputation_= 4 in the input DATA= data set.
WARNING: Within-imputation StdErr is zero for variable Estimate in _Imputation_= 5 in the input DATA= data set.
WARNING: Within-imputation StdErr is zero for variable Estimate in _Imputation_= 6 in the input DATA= data set.
WARNING: Within-imputation StdErr is zero for variable Estimate in _Imputation_= 7 in the input DATA= data set.
WARNING: Within-imputation StdErr is zero for variable Estimate in _Imputation_= 8 in the input DATA= data set.
WARNING: Within-imputation StdErr is zero for variable Estimate in _Imputation_= 9 in the input DATA= data set.
WARNING: Within-imputation StdErr is zero for variable Estimate in _Imputation_= 10 in the input DATA= data set.
NOTE: The above message was for the following BY group:
      EffectName=EDUCATION_C3_N_HIGHSCHOOL_GED
WARNING: Within-imputation StdErr is zero for variable Estimate in _Imputation_= 1 in the input DATA= data set.
WARNING: Within-imputation StdErr is zero for variable Estimate in _Imputation_= 2 in the input DATA= data set.
WARNING: Within-imputation StdErr is zero for variable Estimate in _Imputation_= 3 in the input DATA= data set.
WARNING: Within-imputation StdErr is zero for variable Estimate in _Imputation_= 4 in the input DATA= data set.
WARNING: Within-imputation StdErr is zero for variable Estimate in _Imputation_= 5 in the input DATA= data set.
WARNING: Within-imputation StdErr is zero for variable Estimate in _Imputation_= 6 in the input DATA= data set.
WARNING: Within-imputation StdErr is zero for variable Estimate in _Imputation_= 7 in the input DATA= data set.
WARNING: Within-imputation StdErr is zero for variable Estimate in _Imputation_= 8 in the input DATA= data set.
WARNING: Within-imputation StdErr is zero for variable Estimate in _Imputation_= 9 in the input DATA= data set.
WARNING: Within-imputation StdErr is zero for variable Estimate in _Imputation_= 10 in the input DATA= data set.
NOTE: The above message was for the following BY group:
      EffectName=EMPLOYEDYN_NOT_EMPLOYED
WARNING: Within-imputation StdErr is zero for variable Estimate in _Imputation_= 1 in the input DATA= data set.
WARNING: Within-imputation StdErr is zero for variable Estimate in _Imputation_= 2 in the input DATA= data set.
WARNING: Within-imputation StdErr is zero for variable Estimate in _Imputation_= 3 in the input DATA= data set.
WARNING: Within-imputation StdErr is zero for variable Estimate in _Imputation_= 4 in the input DATA= data set.
WARNING: Within-imputation StdErr is zero for variable Estimate in _Imputation_= 5 in the input DATA= data set.
WARNING: Within-imputation StdErr is zero for variable Estimate in _Imputation_= 6 in the input DATA= data set.
WARNING: Within-imputation StdErr is zero for variable Estimate in _Imputation_= 7 in the input DATA= data set.
WARNING: Within-imputation StdErr is zero for variable Estimate in _Imputation_= 8 in the input DATA= data set.
WARNING: Within-imputation StdErr is zero for variable Estimate in _Imputation_= 9 in the input DATA= data set.
WARNING: Within-imputation StdErr is zero for variable Estimate in _Imputation_= 10 in the input DATA= data set.
NOTE: The above message was for the following BY group:
      EffectName=HEI2010_C3_HIGH
WARNING: Within-imputation StdErr is zero for variable Estimate in _Imputation_= 1 in the input DATA= data set.
WARNING: Within-imputation StdErr is zero for variable Estimate in _Imputation_= 2 in the input DATA= data set.
WARNING: Within-imputation StdErr is zero for variable Estimate in _Imputation_= 3 in the input DATA= data set.
WARNING: Within-imputation StdErr is zero for variable Estimate in _Imputation_= 4 in the input DATA= data set.
WARNING: Within-imputation StdErr is zero for variable Estimate in _Imputation_= 5 in the input DATA= data set.
WARNING: Within-imputation StdErr is zero for variable Estimate in _Imputation_= 6 in the input DATA= data set.
WARNING: Within-imputation StdErr is zero for variable Estimate in _Imputation_= 7 in the input DATA= data set.
WARNING: Within-imputation StdErr is zero for variable Estimate in _Imputation_= 8 in the input DATA= data set.
WARNING: Within-imputation StdErr is zero for variable Estimate in _Imputation_= 9 in the input DATA= data set.
WARNING: Within-imputation StdErr is zero for variable Estimate in _Imputation_= 10 in the input DATA= data set.
NOTE: The above message was for the following BY group:
      EffectName=MARITAL_STATUS_SINGLE
WARNING: Within-imputation StdErr is zero for variable Estimate in _Imputation_= 1 in the input DATA= data set.
WARNING: Within-imputation StdErr is zero for variable Estimate in _Imputation_= 2 in the input DATA= data set.
WARNING: Within-imputation StdErr is zero for variable Estimate in _Imputation_= 3 in the input DATA= data set.
WARNING: Within-imputation StdErr is zero for variable Estimate in _Imputation_= 4 in the input DATA= data set.
                                                                               The SAS System

WARNING: Within-imputation StdErr is zero for variable Estimate in _Imputation_= 5 in the input DATA= data set.
WARNING: Within-imputation StdErr is zero for variable Estimate in _Imputation_= 6 in the input DATA= data set.
WARNING: Within-imputation StdErr is zero for variable Estimate in _Imputation_= 7 in the input DATA= data set.
WARNING: Within-imputation StdErr is zero for variable Estimate in _Imputation_= 8 in the input DATA= data set.
WARNING: Within-imputation StdErr is zero for variable Estimate in _Imputation_= 9 in the input DATA= data set.
WARNING: Within-imputation StdErr is zero for variable Estimate in _Imputation_= 10 in the input DATA= data set.
NOTE: The above message was for the following BY group:
      EffectName=N_HC_NO
WARNING: Within-imputation StdErr is zero for variable Estimate in _Imputation_= 1 in the input DATA= data set.
WARNING: Within-imputation StdErr is zero for variable Estimate in _Imputation_= 2 in the input DATA= data set.
WARNING: Within-imputation StdErr is zero for variable Estimate in _Imputation_= 3 in the input DATA= data set.
WARNING: Within-imputation StdErr is zero for variable Estimate in _Imputation_= 4 in the input DATA= data set.
WARNING: Within-imputation StdErr is zero for variable Estimate in _Imputation_= 5 in the input DATA= data set.
WARNING: Within-imputation StdErr is zero for variable Estimate in _Imputation_= 6 in the input DATA= data set.
WARNING: Within-imputation StdErr is zero for variable Estimate in _Imputation_= 7 in the input DATA= data set.
WARNING: Within-imputation StdErr is zero for variable Estimate in _Imputation_= 8 in the input DATA= data set.
WARNING: Within-imputation StdErr is zero for variable Estimate in _Imputation_= 9 in the input DATA= data set.
WARNING: Within-imputation StdErr is zero for variable Estimate in _Imputation_= 10 in the input DATA= data set.
NOTE: The above message was for the following BY group:
      EffectName=PAG2008YN_YES
WARNING: Within-imputation StdErr is zero for variable Estimate in _Imputation_= 1 in the input DATA= data set.
WARNING: Within-imputation StdErr is zero for variable Estimate in _Imputation_= 2 in the input DATA= data set.
WARNING: Within-imputation StdErr is zero for variable Estimate in _Imputation_= 3 in the input DATA= data set.
WARNING: Within-imputation StdErr is zero for variable Estimate in _Imputation_= 4 in the input DATA= data set.
WARNING: Within-imputation StdErr is zero for variable Estimate in _Imputation_= 5 in the input DATA= data set.
WARNING: Within-imputation StdErr is zero for variable Estimate in _Imputation_= 6 in the input DATA= data set.
WARNING: Within-imputation StdErr is zero for variable Estimate in _Imputation_= 7 in the input DATA= data set.
WARNING: Within-imputation StdErr is zero for variable Estimate in _Imputation_= 8 in the input DATA= data set.
WARNING: Within-imputation StdErr is zero for variable Estimate in _Imputation_= 9 in the input DATA= data set.
WARNING: Within-imputation StdErr is zero for variable Estimate in _Imputation_= 10 in the input DATA= data set.
NOTE: The above message was for the following BY group:
      EffectName=SLPDUR_LT8HRS_<8_hours
WARNING: Within-imputation StdErr is zero for variable Estimate in _Imputation_= 1 in the input DATA= data set.
WARNING: Within-imputation StdErr is zero for variable Estimate in _Imputation_= 2 in the input DATA= data set.
WARNING: Within-imputation StdErr is zero for variable Estimate in _Imputation_= 3 in the input DATA= data set.
WARNING: Within-imputation StdErr is zero for variable Estimate in _Imputation_= 4 in the input DATA= data set.
WARNING: Within-imputation StdErr is zero for variable Estimate in _Imputation_= 5 in the input DATA= data set.
WARNING: Within-imputation StdErr is zero for variable Estimate in _Imputation_= 6 in the input DATA= data set.
WARNING: Within-imputation StdErr is zero for variable Estimate in _Imputation_= 7 in the input DATA= data set.
WARNING: Within-imputation StdErr is zero for variable Estimate in _Imputation_= 8 in the input DATA= data set.
WARNING: Within-imputation StdErr is zero for variable Estimate in _Imputation_= 9 in the input DATA= data set.
WARNING: Within-imputation StdErr is zero for variable Estimate in _Imputation_= 10 in the input DATA= data set.
NOTE: The above message was for the following BY group:
      EffectName=YRSUS_C3_US_BORN
NOTE: The data set WORK.MIANALIZE_4_P has 44 observations and 13 variables.
NOTE: The PROCEDURE MIANALYZE printed pages 194-237.
NOTE: PROCEDURE MIANALYZE used (Total process time):
      real time           0.03 seconds
      cpu time            0.01 seconds
      

WARNING: Length of character variable model has already been set. 
         Use the LENGTH statement as the very first statement in the DATA STEP to declare the length of a character variable.

NOTE: There were 44 observations read from the data set WORK.MIANALIZE_4_P.
NOTE: The data set WORK.MIANALIZE_4 has 42 observations and 9 variables.
NOTE: DATA statement used (Total process time):
                                                                               The SAS System

      real time           0.01 seconds
      cpu time            0.01 seconds
      

362        
363        * Merge datasets from different models;
364        data db_join;
365        	set mianalize_1 mianalize_2 mianalize_3 mianalize_4;
366        run;

NOTE: There were 27 observations read from the data set WORK.MIANALIZE_1.
NOTE: There were 39 observations read from the data set WORK.MIANALIZE_2.
NOTE: There were 41 observations read from the data set WORK.MIANALIZE_3.
NOTE: There were 42 observations read from the data set WORK.MIANALIZE_4.
NOTE: The data set WORK.DB_JOIN has 149 observations and 9 variables.
NOTE: DATA statement used (Total process time):
      real time           0.01 seconds
      cpu time            0.00 seconds
      

367        
368        * Edit dataset to include reference values;
369        data db_join;
370        	set db_join;
371        	* Add ref levels;
372        	if std =99 then estimate = 98;
373        run;

NOTE: There were 149 observations read from the data set WORK.DB_JOIN.
NOTE: The data set WORK.DB_JOIN has 149 observations and 9 variables.
NOTE: DATA statement used (Total process time):
      real time           0.00 seconds
      cpu time            0.00 seconds
      

374        
375        * Obtain ids and save it in a macro variable ;
376        proc sql;
377        	select count(distinct(id)) as n into:n_ids
378        	from &impdb;
379        quit;
NOTE: The PROCEDURE SQL printed page 238.
NOTE: PROCEDURE SQL used (Total process time):
      real time           0.06 seconds
      cpu time            0.00 seconds
      

380        
381        * Print final report;
382        ods listing close;
383        ods path sashelp.tmplmst(read) hchstyle.hchs_stp(read);
384        ods rtf file = "&homepath\code\&job.\&job._Table2.1_&sysdate..rtf" style = manuscrt bodytitle;
NOTE: Writing RTF Body file: J:\HCHS\STATISTICS\GRAS\QAngarita\FLOR\MS1560\code\HC338354b\HC338354b_Table2.1_02DEC25.rtf
385        %let fs = 11pt;
386        %let fs_body = 11pt;
387        %let fs_titles = 11pt;
388        %let lft_mgn = 0.5in;
                                                                               The SAS System

389        %let rgt_mgn = 0.5in;
390        proc report data = db_join;
391        	title j=center height=&fs font='times roman' bold "^S={leftmargin=&lft_mgn rightmargin=&rgt_mgn}Table 2.1. Maternal preconception socio-behavioral factors and
391      ! child’s weight-for-age z-score, HCHS/SOL FLOR Ancillary Study (n=%qtrim(&n_ids))";
392        	footnote1 J=LEFT HEIGHT=&fs_titles FONT='times roman' "^S={leftmargin=&lft_mgn rightmargin=&rgt_mgn}Abbreviations: CI, confidence interval; FLOR, Family
392      ! Lifestyle Outcomes Research; MVPA, moderate-to-vigorous physical activity .";
393        	*footnote2 J=LEFT HEIGHT=&fs_titles FONT='times roman' "^S={leftmargin=&lft_mgn rightmargin=&rgt_mgn}Model 1: Sociodemographic & acculturation predictors
393      ! adjusting by field center, years between baseline and child's birth.";
394        	footnote2 J=LEFT HEIGHT=&fs_titles FONT='times roman' "^S={leftmargin=&lft_mgn rightmargin=&rgt_mgn}Model 1: Sociodemographic & acculturation predictors adjusted
394      !  by field center, years between baseline and FLOR visit.";
395        	footnote3 J=LEFT HEIGHT=&fs_titles FONT='times roman' "^S={leftmargin=&lft_mgn rightmargin=&rgt_mgn}Model 2: Model 1 + health behavior predictors adjusted by
395      ! field center and years between baseline and FLOR visit.";
396        	footnote4 J=LEFT HEIGHT=&fs_titles FONT='times roman' "^S={leftmargin=&lft_mgn rightmargin=&rgt_mgn}Model 3: Model 2 + mental health predictors adjusted by field
396      !  center and years between baseline and FLOR visit.";
397        	footnote5 J=LEFT HEIGHT=&fs_titles FONT='times roman' "^S={leftmargin=&lft_mgn rightmargin=&rgt_mgn}Model 4: Model 3 + child’s obesity genetic risk score.";
398        	footnote6 J=LEFT HEIGHT=10pt FONT='times roman' "{\line \line Job &job run by &PRG using FLOR data on %sysfunc(today(), date9.) at %sysfunc(time(), timeampm.) }"
398      ! ;
399        	columns order label model,(estimate STD PV);
400        	define order / order group noprint order = internal;
401        	define label / display group ' ' style(HEADER)=[FONTSIZE = &fs JUST = left] style = [FONTSIZE=&fs width = 2.5in];
402        	define model / across ' ' style = [FONTSIZE=&fs];
403        	define estimate / analysis 'Beta' style=[fontsize = &fs vjust = bottom];
404        	define std / analysis '(SE)' style=[fontsize = &fs VJUST = bottom];
405        	define pv / analysis ' ' group
406        					style=[fontsize = &fs vjust=bottom just = left]
407        					style(header)=[cellpadding = 0in cellheight=0in cellspacing=0in];
408        	FORMAT PV PV. STD paren. ESTIMATE refnum.;
409        	COMPUTE AFTER _PAGE_ / STYLE = [JUST = LEFT font_size = &fs];
410        		LINE ". <=.20, * p <=.10, ** p <=.05, *** p <=.01 ";
411        	ENDCOMP;
412        RUN;

NOTE: PROCEDURE REPORT used (Total process time):
      real time           0.05 seconds
      cpu time            0.01 seconds
      
NOTE: There were 149 observations read from the data set WORK.DB_JOIN.

413        ods rtf close;
414        
415        
416        proc printto; run;

