NOTE: PROCEDURE PRINTTO used (Total process time):
      real time           0.45 seconds
      cpu time            0.03 seconds
      

5          
6          /*********************************************************
7          *                                                         *
8          *  SAS PROGRAM - QC DATASET JOB HC3383 					         *
9          *                                                        *
10         **********************************************************
11         *                                                        *
12         *  PROGRAM NAME: HC338351.sas
13         *
14         *  PROGRAMMER: Álvaro Quijano (AQ)
15         *
16         *  DESCRIPTION:
17         				
18         *
19         * ---------------------------------------------------------
20         *
21         *  JOB NUMBER: HC338351
22         *
2                                                          The SAS System                            11:23 Tuesday, November 4, 2025

23         *  PREVIOUS JOB:
24         *
25         *  LANGUAGE: SAS 9.4
26         *
27         *  VERSION CONTROL:
28         					21apr25 - (HC338351) Start file
29         					22apr25 - add the new derived variables cesd10 and accult_mesa
30         					05may25 - Include the #_all dataset
31         					08may25 - Updated to include the updates in cont#1(n_hc (v1 and v2) and alcohol_use variables)
32         					12may25 - Includes SC file (already QC'ed) as the starting point
33         					02jun25 - Include child_prs_bmi_a data
34         					06jun25 - Include birthweight from pce_derv
35         					23jun25 - Add cont#2 changes
36         					28jul25 - update the missing value in hei2010_c3
37         					19aug25 - Input SC datasets (hc3383.hc338301_all and *_flor) were updated and qc'ed in 18aug25
38         							- In this updated income_c2, pct_mvpa and hei2010_c3 are no longer derived
39         							- slpdur, slpdur_wkday, slpdur_wkend, baby1yn, daysv1birth, yrsv1birth and birthwt_ga_Z
40         								are not imported anymore, since the SC file includes them
41         							- This file only imports prs data in this update
42         					03nov25 - derive variables SLP_DUR_LT8HRS
43         					04nov25 - add flags to indicate completeness of child_prs_bmi and child anthropometry
44         							  bring PAG2008YN and PAG2008YN_BOUT from PA_DERV_INV5
45         
46         * ----------------------------------------------------------
47         *
48         *  INPUT: HC338301_all (from J:\HCHS\SC\Review\HC3383)
49         			flor_grs_child_iu2 (from J:\HCHS\SC\Sasdata\Ancillary\SOL FLOR\Internal_Use)
50         *
51         *  OUTPUT: HC338351_flor_&sysdate.
52         			HC338351_all_&sysdate.
53         *
54         **********************************************************/
55         options orientation = landscape nodate formchar = "|----|+|---+=|-/\<>*" nonumber PS=59 LS=173;
56         
57         * Set libraries name;
58         libname invv1 "J:\HCHS\SC\Sasdata\INV_Use\Consolidated";
NOTE: Libref INVV1 was successfully assigned as follows: 
      Engine:        V9 
      Physical Name: J:\HCHS\SC\Sasdata\INV_Use\Consolidated
59         libname invv2 "J:\HCHS\SC\Sasdata\Visit2\INV_Use\Consolidated";
NOTE: Libref INVV2 was successfully assigned as follows: 
      Engine:        V9 
      Physical Name: J:\HCHS\SC\Sasdata\Visit2\INV_Use\Consolidated
60         libname flor "J:\HCHS\SC\Sasdata\Ancillary\SOL FLOR\INV_Use\Datasets";
NOTE: Libref FLOR was successfully assigned as follows: 
      Engine:        V9 
      Physical Name: J:\HCHS\SC\Sasdata\Ancillary\SOL FLOR\INV_Use\Datasets
61         libname confid 'J:\HCHS\SC\Confid\Sasdata\Visit2\Internal_Use';
NOTE: Libref CONFID was successfully assigned as follows: 
      Engine:        V9 
      Physical Name: J:\HCHS\SC\Confid\Sasdata\Visit2\Internal_Use
62         libname output "&homepath.\data";
NOTE: Libref OUTPUT was successfully assigned as follows: 
      Engine:        V9 
      Physical Name: J:\HCHS\STATISTICS\GRAS\QAngarita\FLOR\MS1560\data
63         libname hc3383 "J:\HCHS\SC\Review\HC3383";
NOTE: Libref HC3383 was successfully assigned as follows: 
                                                                               The SAS System

      Engine:        V9 
      Physical Name: J:\HCHS\SC\Review\HC3383
64         libname floriu "J:\HCHS\SC\Sasdata\Ancillary\SOL FLOR\Internal_Use";
NOTE: Libref FLORIU was successfully assigned as follows: 
      Engine:        V9 
      Physical Name: J:\HCHS\SC\Sasdata\Ancillary\SOL FLOR\Internal_Use
65         
66         * include macros;
67         %include "J:\HCHS\STATISTICS\GRAS\QAngarita\FLOR\MS1560\code\HC338391\HC3383_anonymize_db.sas";
NOTE: Libref ENCRP was successfully assigned as follows: 
      Engine:        V9 
      Physical Name: J:\HCHS\SC\SASDATA\Encrypted_IDs
NOTE: Libref TRANSID was successfully assigned as follows: 
      Engine:        V9 
      Physical Name: J:\HCHS\SC\SASDATA\Transfer_IDS
145        
146        * Set macro variables;
147        %let pw = los_shch;
148        %let job = HC338351;
149        
150        * Define the output dataset names;
151        %let output_dataset = output.HC338351_flor_&sysdate.;
152        %let output_dataset2 = output.HC338351_all_&sysdate.;
153        
154        * Mask the subject's IDs in the IU dataset;
155        %anonymize_db(data = floriu.flor_grs_child_iu2(keep=subjectid child_prs_bmi_a),
156        				out = flor_grs_child_iu2);

NOTE: Input data set is already sorted; it has been copied to the output data set.
NOTE: There were 15 observations read from the data set TRANSID.TRANSFER_IDS.
NOTE: The data set WORK.TRANSFER_IDS has 15 observations and 5 variables.
NOTE: PROCEDURE SORT used (Total process time):
      real time           0.02 seconds
      cpu time            0.00 seconds
      


NOTE: There were 15 observations read from the data set WORK.TRANSFER_IDS.
NOTE: There were 16415 observations read from the data set ENCRP.MASTER_ENCRYPTION_FILE_INV3V1.
NOTE: The data set WORK.TRANSFER0 has 15 observations and 2 variables.
NOTE: DATA statement used (Total process time):
      real time           0.05 seconds
      cpu time            0.00 seconds
      


NOTE: There were 16415 observations read from the data set ENCRP.MASTER_ENCRYPTION_FILE_INV3V1.
NOTE: There were 15 observations read from the data set WORK.TRANSFER0.
NOTE: The data set WORK.ENCRYPTO has 16430 observations and 2 variables.
NOTE: DATA statement used (Total process time):
      real time           0.02 seconds
      cpu time            0.00 seconds
      


NOTE: There were 16430 observations read from the data set WORK.ENCRYPTO.
NOTE: The data set WORK.ENCRYPT has 16430 observations and 2 variables.
                                                                               The SAS System

NOTE: PROCEDURE SORT used (Total process time):
      real time           0.01 seconds
      cpu time            0.01 seconds
      


NOTE: There were 201 observations read from the data set FLORIU.FLOR_GRS_CHILD_IU2.
NOTE: The data set WORK.DATASET has 201 observations and 2 variables.
NOTE: DATA statement used (Total process time):
      real time           0.07 seconds
      cpu time            0.00 seconds
      


NOTE: There were 16430 observations read from the data set WORK.ENCRYPT.
NOTE: There were 201 observations read from the data set WORK.DATASET.
NOTE: The data set WORK.FLOR_GRS_CHILD_IU2 has 201 observations and 2 variables.
NOTE: DATA statement used (Total process time):
      real time           0.01 seconds
      cpu time            0.01 seconds
      


NOTE: There were 201 observations read from the data set WORK.FLOR_GRS_CHILD_IU2.
NOTE: The data set WORK.FLOR_GRS_CHILD_IU2 has 201 observations and 2 variables.
NOTE: PROCEDURE SORT used (Total process time):
      real time           0.01 seconds
      cpu time            0.00 seconds
      

157        
158        * Derive and bring variables of interest;
159        data &output_dataset2(label="All 1st live singleton births between V1 & V2 created on &sysdate.");
160        	merge hc3383.hc338301_all(in=in_hc3383)
161        			flor_grs_child_iu2
162        			invv1.pa_derv_inv5(keep=id pag2008yn pag2008yn_bout);
163        	by id;
164        
165        	* SLPDUR_L8HRS;
166        	if missing(SLPDUR) then SLPDUR_LT8HRS = .;
167        	else if SLPDUR < 8 then SLPDUR_LT8HRS = 1;
168        	else SLPDUR_LT8HRS = 0;
169        	label SLPDUR_LT8HRS = 'Sleep duration (<8 hours)';
170        
171        	* ANTHRO_CHILD_COMPLETE;
172        	if ^missing(child_weight) or ^missing(child_height) then ANTHRO_CHILD_COMPLETE = 1;
173        	else ANTHRO_CHILD_COMPLETE = 0;
174        	label ANTHRO_CHILD_COMPLETE = "Flag - child anthropometry data are complete";
175        
176        	* PRS_BMI_COMPLETE;
177        	if ^missing(child_prs_bmi_a) then PRS_BMI_COMPLETE = 1;
178        	else PRS_BMI_COMPLETE=0;
179        	label PRS_BMI_COMPLETE="Flag - child BMI polygenic risk score is complete";
180        
181        	* Include people in the the *_all file;
182        	if in_hc3383;
183        run;
                                                                               The SAS System


NOTE: There were 550 observations read from the data set HC3383.HC338301_ALL.
NOTE: There were 201 observations read from the data set WORK.FLOR_GRS_CHILD_IU2.
NOTE: There were 16414 observations read from the data set INVV1.PA_DERV_INV5.
NOTE: The data set OUTPUT.HC338351_ALL_04NOV25 has 550 observations and 271 variables.
NOTE: DATA statement used (Total process time):
      real time           0.33 seconds
      cpu time            0.03 seconds
      

184        
185        * Create dataset for flor participants;
186        data &output_dataset(label="MS #1560 Analysis file (Only FLOR participants) created on &sysdate.");
187        	set &output_dataset2;
188        
189        	if flor_dyad;
190        run;

NOTE: There were 550 observations read from the data set OUTPUT.HC338351_ALL_04NOV25.
NOTE: The data set OUTPUT.HC338351_FLOR_04NOV25 has 291 observations and 271 variables.
NOTE: DATA statement used (Total process time):
      real time           0.05 seconds
      cpu time            0.01 seconds
      

191        
192        * Sort the dataset by id;
193        proc sort data = &output_dataset; by id; run;

NOTE: There were 291 observations read from the data set OUTPUT.HC338351_FLOR_04NOV25.
NOTE: The data set OUTPUT.HC338351_FLOR_04NOV25 has 291 observations and 271 variables.
NOTE: PROCEDURE SORT used (Total process time):
      real time           0.08 seconds
      cpu time            0.01 seconds
      

194        proc sort data = &output_dataset2; by id; run;

NOTE: There were 550 observations read from the data set OUTPUT.HC338351_ALL_04NOV25.
NOTE: The data set OUTPUT.HC338351_ALL_04NOV25 has 550 observations and 271 variables.
NOTE: PROCEDURE SORT used (Total process time):
      real time           0.10 seconds
      cpu time            0.00 seconds
      

195        
196        * print the contents;
197        ods rtf file = "&homepath.\code\&job\contents_flor_&sysdate..rtf";
NOTE: Writing RTF Body file: J:\HCHS\STATISTICS\GRAS\QAngarita\FLOR\MS1560\code\HC338351\contents_flor_04NOV25.rtf
198        	
198      !  proc contents data = &output_dataset;
199        		ods noproctitle;
200        	run;

NOTE: PROCEDURE CONTENTS used (Total process time):
      real time           0.09 seconds
      cpu time            0.06 seconds
                                                                               The SAS System

      
NOTE: The PROCEDURE CONTENTS printed pages 1-6.

201        ods rtf close;
202        
203        * print the contents;
204        ods rtf file = "&homepath.\code\&job\contents_all_&sysdate..rtf";
NOTE: Writing RTF Body file: J:\HCHS\STATISTICS\GRAS\QAngarita\FLOR\MS1560\code\HC338351\contents_all_04NOV25.rtf
205        	
205      !  proc contents data = &output_dataset2;
206        		ods noproctitle;
207        	run;

NOTE: PROCEDURE CONTENTS used (Total process time):
      real time           0.10 seconds
      cpu time            0.04 seconds
      
NOTE: The PROCEDURE CONTENTS printed pages 7-12.

208        ods rtf close;
209        
210        proc printto; run;

