NOTE: PROCEDURE PRINTTO used (Total process time):
      real time           0.04 seconds
      cpu time            0.01 seconds
      

8          /*********************************************************
9          *
10         *  SAS PROGRAM - JOB HC338364
11         *
12         **********************************************************
13         *
14         *  PROGRAM NAME: HC338364.sas
15         *
16         *  PROGRAMMER: Alvaro Quijano (AQA)
17         *
18         *  MANUSCRIPT: MS1560
19         *
20         *  DESCRIPTION: Multinomial logistic (generalized logit) for BMIPCT_C3 with multiply-imputed
21         *               data. Only Model 4 (full covariate set from HC338365). Reference category:
22         *               Normal. Odds ratios with 95% Wald CIs for Overweight vs Normal, Obesity vs
2                                                          The SAS System                               10:45 Tuesday, June 23, 2026

23         *               Normal, and Obesity vs Overweight.
24         *
25         *  JOB NUMBER: HC338364
26         *
27         *  LANGUAGE: SAS 9.4
28         *
29         *  VERSION CONTROL:
30         *       05may26: Initial version from HC338365 Model 4 + HC313953 OR method.
31         *       13may26: Use PROC LOGISTIC DESCENDING with BMIPCT_C3_V3 as unformatted numeric
32         *                outcome and UNEQUALSLOPES.
33         *		20may26: update input dataset to *_20may26
34         *                Initialize MODEL before %labels (fixes uninitialized MODEL error).
35         *                Replace cumulative logit / unequal slopes with multinomial logistic
36         *                (link=glogit; BMIPCT_C3 reference Normal).
37         *                Revise table footnotes to MS1560 abbreviation, model, and footer standards.
38         *
39         *  INPUT: HC338353_imputed_data_&datefile.
40         *
41         *  OUTPUT: &job._Table4_&sysdate..rtf
42         *
43         **********************************************************/
44         options orientation=portrait ps=59 ls=173 nodate nonumber
45                 formchar="|----|+|---+=|-/\<>*" mprint varinitchk=error
46                 validvarname=upcase;
47         ods escapechar '^';
48         
49         * Set libraries;
50         libname data "&homepath.\data";
NOTE: Libref DATA was successfully assigned as follows: 
      Engine:        V9 
      Physical Name: J:\HCHS\STATISTICS\GRAS\QAngarita\Manuscripts\MS1560\data
51         libname hchstyle 'J:\hchs\sc\styledef\sty904';
NOTE: Libref HCHSTYLE was successfully assigned as follows: 
      Engine:        V9 
      Physical Name: J:\hchs\sc\styledef\sty904
52         
53         * Define macro variables;
54         %let prg = AQA;
55         %let impdb = data.HC338353_imputed_data_&datefile.;
56         %let lf_margin = 0.6in;
57         %let rg_margin = 0.7in;
58         %let table_num = 4;
59         
60         %include "&homepath.\scripts\HC338390\HC338390.sas";
NOTE: Format BKGRD1_C7NOMISS_FMT has been output.
NOTE: Format PV has been output.
NOTE: Format CENTERNUM_FMT has been output.
NOTE: Format LANG_PREF_FMT has been output.
NOTE: Format MARITAL_STATUS_FMT has been output.
NOTE: Format MARITAL_STATUS_C2_FMT has been output.
NOTE: Format EDUCATION_C3_FMT has been output.
NOTE: Format N_HC_FMT has been output.
NOTE: Format INCOME_C2_FMT has been output.
NOTE: Format YRSUS_C3_FMT has been output.
NOTE: Format EMPLOYEDYN_FMT has been output.
NOTE: Format ALCOHOL_USE_FMT has been output.
NOTE: Format CIGARETTE_USE_FMT has been output.
                                                                               The SAS System

NOTE: Format SLPDUR_LT8HRS_FMT has been output.
NOTE: Format HEI2010_C3_FMT has been output.
NOTE: Format BMIPCT_C3_FMT has been output.
NOTE: Format CESD10_FMT has been output.
NOTE: Format STAI10_FMT has been output.
NOTE: Format $STAT has been output.
NOTE: Format PV is already on the library WORK.FORMATS.
NOTE: Format PV has been output.
NOTE: Format YN_FMT has been output.
NOTE: Format BMIPCT_C2_FMT has been output.
NOTE: Format BLANKDOT has been output.
NOTE: Format REFNUM has been output.
NOTE: Format PAREN has been output.
NOTE: Format PCT_BLANK has been output.
NOTE: Format AME_FMT has been output.

NOTE: PROCEDURE FORMAT used (Total process time):
      real time           0.03 seconds
      cpu time            0.01 seconds
      

182        %include "&homepath.\scripts\HC338391\HC3383_labels.sas";
290        
291        data logistic_input / view = logistic_input;
292        	set &impdb.(where = (keep_ms1560));
293        run;

NOTE: DATA STEP view saved on file WORK.LOGISTIC_INPUT.
NOTE: A stored DATA STEP view cannot run under a different operating system.
NOTE: DATA statement used (Total process time):
      real time           0.08 seconds
      cpu time            0.00 seconds
      

294        
295        * --- Model 4 only: multinomial logistic (generalized logit), reference = Normal;
296        title 'Model 4 (complete): Multinomial logistic (generalized logit)';
297        proc logistic data = logistic_input plots=none;
298        	by _imputation_;
299        	class BMIPCT_C3(ref='Normal') centernum(ref="BRONX") bkgrd1_c7nomiss(ref='MEXICAN')
300        		marital_status(ref='SINGLE') employedyn(ref="NOT_EMPLOYED")
301        		education_c3(ref='N_HIGHSCHOOL_GED') n_hc(ref="NO") yrsus_c3(ref='US_BORN')
302        		cigarette_use(ref="NEVER") alcohol_use(ref="NEVER") pag2008yn(ref="YES")
303        		hei2010_c3(ref="LOW") cesd10(ref="NODEPRE") stai10(ref="NOANX") / param = ref;
304        	model BMIPCT_C3 = centernum yrs_btwn_v1flor age n_hc education_c3 parity_v1
305        		employedyn marital_status yrsus_c3 cigarette_use hei2010_c3 alcohol_use pag2008yn slpdur
306        		cesd10 stai10 child_prs_bmi_a / link = glogit expb clodds = wald covb;
307        	format BMIPCT_C3 bmipct_c3_fmt. centernum centernum_fmt. n_hc n_hc_fmt.
308        		bkgrd1_c7nomiss bkgrd1_c7nomiss_fmt. marital_status marital_status_fmt.
309        		employedyn employedyn_fmt. yrsus_c3 yrsus_c3_fmt. education_c3 education_c3_fmt.
310        		alcohol_use alcohol_use_fmt. cigarette_use cigarette_use_fmt. pag2008yn yn_fmt.
311        		hei2010_c3 hei2010_c3_fmt. cesd10 cesd10_fmt. stai10 stai10_fmt.;
312        	ods output ParameterEstimates = estimate_raw CovB = covb_raw;
313        run;

NOTE: PROC LOGISTIC is fitting the generalized logit model. The logits modeled contrast each response category against the reference category (BMIPCT_C3='Normal').
WARNING: There is possibly a quasi-complete separation of data points. The maximum likelihood estimate may not exist.
                                                                               The SAS System

WARNING: The LOGISTIC procedure continues in spite of the above warning. Results shown are based on the last maximum likelihood iteration. Validity of the model fit is 
         questionable.
NOTE: Variable EDUCATION_C3AT_MOST_HIGHSCHOOL_G already exists on file WORK.COVB_RAW, using EDUCATION_C3AT_MOST_HIGHSCHOOL_2 instead.
NOTE: The above message was for the following BY group:
      Imputation Number=1
NOTE: PROC LOGISTIC is fitting the generalized logit model. The logits modeled contrast each response category against the reference category (BMIPCT_C3='Normal').
WARNING: There is possibly a quasi-complete separation of data points. The maximum likelihood estimate may not exist.
WARNING: The LOGISTIC procedure continues in spite of the above warning. Results shown are based on the last maximum likelihood iteration. Validity of the model fit is 
         questionable.
NOTE: The above message was for the following BY group:
      Imputation Number=2
NOTE: PROC LOGISTIC is fitting the generalized logit model. The logits modeled contrast each response category against the reference category (BMIPCT_C3='Normal').
WARNING: There is possibly a quasi-complete separation of data points. The maximum likelihood estimate may not exist.
WARNING: The LOGISTIC procedure continues in spite of the above warning. Results shown are based on the last maximum likelihood iteration. Validity of the model fit is 
         questionable.
NOTE: The above message was for the following BY group:
      Imputation Number=3
NOTE: PROC LOGISTIC is fitting the generalized logit model. The logits modeled contrast each response category against the reference category (BMIPCT_C3='Normal').
WARNING: There is possibly a quasi-complete separation of data points. The maximum likelihood estimate may not exist.
WARNING: The LOGISTIC procedure continues in spite of the above warning. Results shown are based on the last maximum likelihood iteration. Validity of the model fit is 
         questionable.
NOTE: The above message was for the following BY group:
      Imputation Number=4
NOTE: PROC LOGISTIC is fitting the generalized logit model. The logits modeled contrast each response category against the reference category (BMIPCT_C3='Normal').
WARNING: There is possibly a quasi-complete separation of data points. The maximum likelihood estimate may not exist.
WARNING: The LOGISTIC procedure continues in spite of the above warning. Results shown are based on the last maximum likelihood iteration. Validity of the model fit is 
         questionable.
NOTE: The above message was for the following BY group:
      Imputation Number=5
NOTE: PROC LOGISTIC is fitting the generalized logit model. The logits modeled contrast each response category against the reference category (BMIPCT_C3='Normal').
WARNING: There is possibly a quasi-complete separation of data points. The maximum likelihood estimate may not exist.
WARNING: The LOGISTIC procedure continues in spite of the above warning. Results shown are based on the last maximum likelihood iteration. Validity of the model fit is 
         questionable.
NOTE: The above message was for the following BY group:
      Imputation Number=6
NOTE: PROC LOGISTIC is fitting the generalized logit model. The logits modeled contrast each response category against the reference category (BMIPCT_C3='Normal').
WARNING: There is possibly a quasi-complete separation of data points. The maximum likelihood estimate may not exist.
WARNING: The LOGISTIC procedure continues in spite of the above warning. Results shown are based on the last maximum likelihood iteration. Validity of the model fit is 
         questionable.
NOTE: The above message was for the following BY group:
      Imputation Number=7
NOTE: PROC LOGISTIC is fitting the generalized logit model. The logits modeled contrast each response category against the reference category (BMIPCT_C3='Normal').
WARNING: There is possibly a quasi-complete separation of data points. The maximum likelihood estimate may not exist.
WARNING: The LOGISTIC procedure continues in spite of the above warning. Results shown are based on the last maximum likelihood iteration. Validity of the model fit is 
         questionable.
NOTE: The above message was for the following BY group:
      Imputation Number=8
NOTE: PROC LOGISTIC is fitting the generalized logit model. The logits modeled contrast each response category against the reference category (BMIPCT_C3='Normal').
WARNING: There is possibly a quasi-complete separation of data points. The maximum likelihood estimate may not exist.
WARNING: The LOGISTIC procedure continues in spite of the above warning. Results shown are based on the last maximum likelihood iteration. Validity of the model fit is 
         questionable.
NOTE: The above message was for the following BY group:
      Imputation Number=9
NOTE: PROC LOGISTIC is fitting the generalized logit model. The logits modeled contrast each response category against the reference category (BMIPCT_C3='Normal').
WARNING: There is possibly a quasi-complete separation of data points. The maximum likelihood estimate may not exist.
WARNING: The LOGISTIC procedure continues in spite of the above warning. Results shown are based on the last maximum likelihood iteration. Validity of the model fit is 
         questionable.
                                                                               The SAS System

NOTE: The above message was for the following BY group:
      Imputation Number=10
NOTE: View WORK.LOGISTIC_INPUT.VIEW used (Total process time):
      real time           1.35 seconds
      cpu time            0.28 seconds
      
NOTE: There were 2270 observations read from the data set DATA.HC338353_IMPUTED_DATA_20MAY26.
      WHERE keep_ms1560;
NOTE: The data set WORK.COVB_RAW has 520 observations and 54 variables.
NOTE: The data set WORK.ESTIMATE_RAW has 520 observations and 11 variables.
NOTE: There were 2270 observations read from the data set WORK.LOGISTIC_INPUT.
NOTE: The PROCEDURE LOGISTIC printed pages 1-130.
NOTE: PROCEDURE LOGISTIC used (Total process time):
      real time           1.49 seconds
      cpu time            0.28 seconds
      

314        
315        proc sort data = estimate_raw out = est_keys nodupkey;
316        	where DF >= 1 & ^missing(Estimate) & StdErr > 0
317        		& upcase(Variable) not in ('INTERCEPT');
318        	by Variable ClassVal0 Response;
319        run;

NOTE: There were 500 observations read from the data set WORK.ESTIMATE_RAW.
      WHERE (DF>=1) and (not MISSING(Estimate)) and (StdErr>0) and (UPCASE(Variable) not = 'INTERCEPT');
NOTE: 450 observations with duplicate key values were deleted.
NOTE: The data set WORK.EST_KEYS has 50 observations and 11 variables.
NOTE: PROCEDURE SORT used (Total process time):
      real time           0.03 seconds
      cpu time            0.00 seconds
      

320        
321        data parm_key;
322        	length parm $8 EffectKey $132 LabelBase $132;
323        	set est_keys;
324        	parm = cats('P', put(_n_, z5.));
325        	EffectKey = cats(Variable, ClassVal0, '_', Response);
326        	LabelBase = catx('_', Variable, ClassVal0);
327        	keep parm EffectKey LabelBase Variable ClassVal0 Response;
328        run;

NOTE: There were 50 observations read from the data set WORK.EST_KEYS.
NOTE: The data set WORK.PARM_KEY has 50 observations and 6 variables.
NOTE: DATA statement used (Total process time):
      real time           0.00 seconds
      cpu time            0.00 seconds
      

329        
330        proc sort data = estimate_raw;
331        	by Variable ClassVal0 Response;
332        run;

NOTE: There were 520 observations read from the data set WORK.ESTIMATE_RAW.
NOTE: The data set WORK.ESTIMATE_RAW has 520 observations and 11 variables.
                                                                               The SAS System

NOTE: PROCEDURE SORT used (Total process time):
      real time           0.00 seconds
      cpu time            0.01 seconds
      

333        
334        proc sort data = parm_key;
335        	by Variable ClassVal0 Response;
336        run;

NOTE: There were 50 observations read from the data set WORK.PARM_KEY.
NOTE: The data set WORK.PARM_KEY has 50 observations and 6 variables.
NOTE: PROCEDURE SORT used (Total process time):
      real time           0.00 seconds
      cpu time            0.00 seconds
      

337        
338        data estimate;
339        	length Variable $32 EffectKey $132 LabelBase $132 RespLab $20;
340        	merge estimate_raw(in = a) parm_key(in = b);
341        	by Variable ClassVal0 Response;
342        	if a;
343        	if DF < 1 then delete;
344        	if upcase(Variable) = 'INTERCEPT' then delete;
345        	if missing(Estimate) | StdErr = 0 then delete;
346        	if ^b then delete;
347        	RespLab = strip(vvalue(Response));
348        	EffectKey = cats(Variable, ClassVal0, '_', Response);
349        	LabelBase = catx('_', Variable, ClassVal0);
350        	Variable = parm;
351        	keep _Imputation_ Variable EffectKey LabelBase RespLab Estimate StdErr WaldChiSq ProbChiSq DF;
352        run;

NOTE: There were 520 observations read from the data set WORK.ESTIMATE_RAW.
NOTE: There were 50 observations read from the data set WORK.PARM_KEY.
NOTE: The data set WORK.ESTIMATE has 500 observations and 10 variables.
NOTE: DATA statement used (Total process time):
      real time           0.00 seconds
      cpu time            0.00 seconds
      

353        
354        proc sort data = estimate nodupkey;
355        	by _Imputation_ Variable;
356        run;

NOTE: There were 500 observations read from the data set WORK.ESTIMATE.
NOTE: 0 observations with duplicate key values were deleted.
NOTE: The data set WORK.ESTIMATE has 500 observations and 10 variables.
NOTE: PROCEDURE SORT used (Total process time):
      real time           0.00 seconds
      cpu time            0.00 seconds
      

357        
358        
                                                                               The SAS System

359        proc sort data = estimate(keep = Variable EffectKey LabelBase RespLab) out = parm_xwalk nodupkey;
360        	by Variable EffectKey LabelBase RespLab;
361        run;

NOTE: There were 500 observations read from the data set WORK.ESTIMATE.
NOTE: 450 observations with duplicate key values were deleted.
NOTE: The data set WORK.PARM_XWALK has 50 observations and 4 variables.
NOTE: PROCEDURE SORT used (Total process time):
      real time           0.01 seconds
      cpu time            0.00 seconds
      

362        
363        data parm_xwalk;
364        	length Variable $ 32;
365        	set parm_xwalk;
366        run;

NOTE: There were 50 observations read from the data set WORK.PARM_XWALK.
NOTE: The data set WORK.PARM_XWALK has 50 observations and 4 variables.
NOTE: DATA statement used (Total process time):
      real time           0.00 seconds
      cpu time            0.00 seconds
      

367        
368        proc sql noprint;
369        	select distinct Variable into :model_var separated by ' '
370        	from estimate;
371        quit;
NOTE: PROCEDURE SQL used (Total process time):
      real time           0.02 seconds
      cpu time            0.01 seconds
      

372        
373        * Combine MI estimates (COVB captured from PROC LOGISTIC, pooled estimates remain univariate);
374        ods listing close;
375        ods select none;
376        proc mianalyze parms = estimate;
377        	modeleffects &model_var.;
378        	ods output ParameterEstimates = betas_mi;
379        run;

NOTE: The data set WORK.BETAS_MI has 50 observations and 12 variables.
NOTE: PROCEDURE MIANALYZE used (Total process time):
      real time           0.04 seconds
      cpu time            0.00 seconds
      

380        ods select all;
381        
382        * Recover EffectKey / LabelBase from pooled Parm (betas_mi keeps Estimate StdErr Probt from MIANALYZE only);
383        data betas_mx;
384        	length Variable $ 32 base $ 132;
385        	merge betas_mi(in = a rename = (Parm = Variable))
386        		parm_xwalk(in = b);
                                                                               The SAS System

387        	by Variable;
388        	if a;
389        	base = LabelBase;
390        run;

NOTE: There were 50 observations read from the data set WORK.BETAS_MI.
NOTE: There were 50 observations read from the data set WORK.PARM_XWALK.
NOTE: The data set WORK.BETAS_MX has 50 observations and 16 variables.
NOTE: DATA statement used (Total process time):
      real time           0.02 seconds
      cpu time            0.00 seconds
      

391        
392        * Rename on SET so KEEP sees Estimate2/3 (KEEP after RENAME statement does not apply to PDV names — estimates were dropped);
393        * Split pooled parms by multinomial logit (Overweight vs Normal, Obese vs Normal);
394        data betas_mi2;
395        	length base $132;
396        	length lr $80;
397        	set betas_mx(rename = (Estimate = Estimate2 StdErr = StdErr2 Probt = Probt2));
398        	lr = lowcase(strip(RespLab));
399        	if (lr in ('2', 'overweight') | lr =: 'overweight' | index(lr, 'overweight') > 0)
400        		& ^(lr in ('3', 'obese') | lr =: 'obese') then output;
401        	keep base Estimate2 StdErr2 Probt2 EffectKey RespLab;
402        run;

NOTE: There were 50 observations read from the data set WORK.BETAS_MX.
NOTE: The data set WORK.BETAS_MI2 has 25 observations and 6 variables.
NOTE: DATA statement used (Total process time):
      real time           0.00 seconds
      cpu time            0.01 seconds
      

403        
404        data betas_mi3;
405        	length base $132;
406        	length lr $80;
407        	set betas_mx(rename = (Estimate = Estimate3 StdErr = StdErr3 Probt = Probt3));
408        	lr = lowcase(strip(RespLab));
409        	if lr in ('3', 'obese') | lr =: 'obese' then output;
410        	keep base Estimate3 StdErr3 Probt3 EffectKey RespLab;
411        run;

NOTE: There were 50 observations read from the data set WORK.BETAS_MX.
NOTE: The data set WORK.BETAS_MI3 has 25 observations and 6 variables.
NOTE: DATA statement used (Total process time):
      real time           0.00 seconds
      cpu time            0.00 seconds
      

412        
413        proc sort data = betas_mi2;
414        	by base;
415        run;

NOTE: There were 25 observations read from the data set WORK.BETAS_MI2.
NOTE: The data set WORK.BETAS_MI2 has 25 observations and 6 variables.
                                                                               The SAS System

NOTE: PROCEDURE SORT used (Total process time):
      real time           0.00 seconds
      cpu time            0.00 seconds
      

416        
417        proc sort data = betas_mi3;
418        	by base;
419        run;

NOTE: There were 25 observations read from the data set WORK.BETAS_MI3.
NOTE: The data set WORK.BETAS_MI3 has 25 observations and 6 variables.
NOTE: PROCEDURE SORT used (Total process time):
      real time           0.00 seconds
      cpu time            0.00 seconds
      

420        
421        data merged_core;
422        	merge betas_mi2 betas_mi3;
423        	by base;
424        run;

NOTE: There were 25 observations read from the data set WORK.BETAS_MI2.
NOTE: There were 25 observations read from the data set WORK.BETAS_MI3.
NOTE: The data set WORK.MERGED_CORE has 25 observations and 9 variables.
NOTE: DATA statement used (Total process time):
      real time           0.00 seconds
      cpu time            0.00 seconds
      

425        
426        * Reference CLASS levels have no rows in ParameterEstimates insert stubs so %labels can emit section headers + ref titles;
427        data ref_pad;
428        	length base $132 EffectKey $132 RespLab $20;
429        	length Estimate2 StdErr2 Probt2 Estimate3 StdErr3 Probt3 8;
430        	call missing(Estimate2, StdErr2, Probt2, Estimate3, StdErr3, Probt3);
431        	EffectKey = '';
432        	RespLab = '';
433        	base = 'CENTERNUM_BRONX';
434        	output;
435        	base = 'BKGRD1_C7NOMISS_MEXICAN';
436        	output;
437        	base = 'N_HC_NO';
438        	output;
439        	base = 'EDUCATION_C3_N_HIGHSCHOOL_GED';
440        	output;
441        	base = 'EMPLOYEDYN_NOT_EMPLOYED';
442        	output;
443        	base = 'MARITAL_STATUS_SINGLE';
444        	output;
445        	base = 'YRSUS_C3_US_BORN';
446        	output;
447        	base = 'CIGARETTE_USE_NEVER';
448        	output;
449        	base = 'ALCOHOL_USE_NEVER';
450        	output;
                                                                               The SAS System

451        	base = 'PAG2008YN_YES';
452        	output;
453        	base = 'HEI2010_C3_LOW';
454        	output;
455        	base = 'CESD10_NODEPRE';
456        	output;
457        	base = 'STAI10_NOANX';
458        	output;
459        run;

NOTE: The data set WORK.REF_PAD has 13 observations and 9 variables.
NOTE: DATA statement used (Total process time):
      real time           0.06 seconds
      cpu time            0.00 seconds
      

460        
461        data merged;
462        	set merged_core ref_pad;
463        run;

NOTE: There were 25 observations read from the data set WORK.MERGED_CORE.
NOTE: There were 13 observations read from the data set WORK.REF_PAD.
NOTE: The data set WORK.MERGED has 38 observations and 9 variables.
NOTE: DATA statement used (Total process time):
      real time           0.00 seconds
      cpu time            0.00 seconds
      

464        
465        proc sort data = merged nodupkey;
466        	by base;
467        run;

NOTE: There were 38 observations read from the data set WORK.MERGED.
NOTE: 0 observations with duplicate key values were deleted.
NOTE: The data set WORK.MERGED has 38 observations and 9 variables.
NOTE: PROCEDURE SORT used (Total process time):
      real time           0.01 seconds
      cpu time            0.00 seconds
      

468        
469        data prelabel;
470        	set merged;
471        	variable = upcase(base);
472        	estimate = Estimate2;
473        	stderr = StdErr2;
474        	probt = Probt2;
475        run;

NOTE: There were 38 observations read from the data set WORK.MERGED.
NOTE: The data set WORK.PRELABEL has 38 observations and 13 variables.
NOTE: DATA statement used (Total process time):
      real time           0.00 seconds
      cpu time            0.00 seconds
      
                                                                               The SAS System


476        
477        data labeled;
478        	set prelabel;
479        	length label $150 v $132 model $10;
480        	order = .;
481        	label = '';
482        	model = 'Model 4';
483        	%labels;
MPRINT(LABELS):   attrib label length = $ 150 model length = $ 10;
MPRINT(LABELS):   * categorize the p-value into 4 levels;
MPRINT(LABELS):   if probt <= 0.01 then pv = 1;
MPRINT(LABELS):   else if probt > 0.01 and probt <= 0.05 then pv = 2;
MPRINT(LABELS):   else if probt > 0.05 and probt <= 0.1 then pv = 3;
MPRINT(LABELS):   else if probt > 0.1 and probt <= 0.2 then pv = 4;
MPRINT(LABELS):   else if probt >= 0.2 then pv = 5;
MPRINT(LABELS):   * Sntadrd error negative to be formatted within parenthesis;
MPRINT(LABELS):   std = -1 * stderr;
MPRINT(LABELS):   * Model 1 variables;
MPRINT(LABELS):   if variable = 'AGE' then do;
MPRINT(LABELS):   label = "{\b Maternal age (years) \b0 \li250}";
MPRINT(LABELS):   order = 1;
MPRINT(LABELS):   end;
MPRINT(LABELS):   if variable = 'BKGRD1_C7NOMISS_MEXICAN' THEN DO;
MPRINT(LABELS):   LABEL = "{\b Hispanic/Latino Background \b0 \line \li250   Mexican}";
MPRINT(LABELS):   ORDER = 2;
MPRINT(LABELS):   ESTIMATE = 99;
MPRINT(LABELS):   STD = 99;
MPRINT(LABELS):   pv = 5;
MPRINT(LABELS):   END;
MPRINT(LABELS):   if variable = 'BKGRD1_C7NOMISS_P_RICAN' THEN DO;
MPRINT(LABELS):   LABEL = "^S={indent=2mm} Puerto Rican";
MPRINT(LABELS):   ORDER = 2.1;
MPRINT(LABELS):   END;
MPRINT(LABELS):   if variable = 'BKGRD1_C7NOMISS_CUBAN' THEN DO;
MPRINT(LABELS):   LABEL = "^S={indent=2mm} Cuban";
MPRINT(LABELS):   ORDER = 2.2;
MPRINT(LABELS):   END;
MPRINT(LABELS):   if variable = 'BKGRD1_C7NOMISS_DOMINICAN' THEN DO;
MPRINT(LABELS):   LABEL = "^S={indent=2mm} Dominican";
MPRINT(LABELS):   ORDER = 2.3;
MPRINT(LABELS):   END;
MPRINT(LABELS):   if variable = 'BKGRD1_C7NOMISS_C_AMERICAN' THEN DO;
MPRINT(LABELS):   LABEL = "^S={indent=2mm} Central American";
MPRINT(LABELS):   ORDER = 2.4;
MPRINT(LABELS):   END;
MPRINT(LABELS):   if variable = 'BKGRD1_C7NOMISS_SOUTH' THEN DO;
MPRINT(LABELS):   LABEL = "^S={indent=2mm} South American";
MPRINT(LABELS):   ORDER = 2.5;
MPRINT(LABELS):   END;
MPRINT(LABELS):   if variable = 'BKGRD1_C7NOMISS_BK_OTHER' THEN DO;
MPRINT(LABELS):   LABEL = "^S={indent=2mm} Other heritage";
MPRINT(LABELS):   ORDER = 2.6;
MPRINT(LABELS):   END;
MPRINT(LABELS):   if variable = "N_HC_NO" THEN DO;
MPRINT(LABELS):   LABEL = "{\b Health Insurance \line \b0 \li250   No}";
MPRINT(LABELS):   ORDER=3;
                                                                               The SAS System

MPRINT(LABELS):   ESTIMATE = 99;
MPRINT(LABELS):   STD=99;
MPRINT(LABELS):   pv = 5;
MPRINT(LABELS):   END;
MPRINT(LABELS):   if variable = "N_HC_YES" THEN DO;
MPRINT(LABELS):   LABEL = "^S={indent=2mm} Yes";
MPRINT(LABELS):   ORDER=3.1;
MPRINT(LABELS):   END;
MPRINT(LABELS):   if variable = 'EDUCATION_C3_N_HIGHSCHOOL_GED' then do;
MPRINT(LABELS):   label = "{\b Education \b0 \line \li250   Less than high school}";
MPRINT(LABELS):   order = 4;
MPRINT(LABELS):   ESTIMATE = 99;
MPRINT(LABELS):   STD = 99;
MPRINT(LABELS):   pv = 5;
MPRINT(LABELS):   end;
MPRINT(LABELS):   if variable = 'EDUCATION_C3_AT_MOST_HIGHSCHOOL_GED' then do;
MPRINT(LABELS):   label = "^S={indent=2mm} High school";
MPRINT(LABELS):   order = 4.1;
MPRINT(LABELS):   end;
MPRINT(LABELS):   if variable = 'EDUCATION_C3_G_HIGHSCHOOL' then do;
MPRINT(LABELS):   label = "^S={indent=2mm} Greater than high school";
MPRINT(LABELS):   order = 4.2;
MPRINT(LABELS):   end;
MPRINT(LABELS):   if variable = 'EMPLOYEDYN_NOT_EMPLOYED' then do;
MPRINT(LABELS):   label = "{\b Employment status \b0 \line \li250   Not employed}";
MPRINT(LABELS):   order = 5;
MPRINT(LABELS):   estimate=99;
MPRINT(LABELS):   std = 99;
MPRINT(LABELS):   pv = 5;
MPRINT(LABELS):   end;
MPRINT(LABELS):   if variable = 'EMPLOYEDYN_EMPLOYED' then do;
MPRINT(LABELS):   label = "^S={indent=2mm} Employed";
MPRINT(LABELS):   order = 5.1;
MPRINT(LABELS):   end;
MPRINT(LABELS):   if variable = 'INCOME_C2_>30' then do;
MPRINT(LABELS):   label = "{\b Income \b0 \line \li250   >=$30,000}";
MPRINT(LABELS):   order = 6;
MPRINT(LABELS):   ESTIMATE = 99;
MPRINT(LABELS):   std = 99;
MPRINT(LABELS):   pv = 5;
MPRINT(LABELS):   end;
MPRINT(LABELS):   if variable = 'INCOME_C2_<30' then do;
MPRINT(LABELS):   label = "^S={indent=2mm} <$30,000";
MPRINT(LABELS):   order = 6.1;
MPRINT(LABELS):   end;
MPRINT(LABELS):   if variable = 'LANG_PREF_ENGLISH' then do;
MPRINT(LABELS):   label = "{\b Language preference \b0 \line \li250   English}";
MPRINT(LABELS):   order = 7;
MPRINT(LABELS):   ESTIMATE = 99;
MPRINT(LABELS):   std = 99;
MPRINT(LABELS):   pv = 5;
MPRINT(LABELS):   end;
MPRINT(LABELS):   if variable = 'LANG_PREF_SPANISH' then do;
MPRINT(LABELS):   label = "^S={indent=2mm} Spanish";
MPRINT(LABELS):   order = 7.1;
MPRINT(LABELS):   end;
MPRINT(LABELS):   if variable = 'MARITAL_STATUS_SINGLE' then do;
                                                                               The SAS System

MPRINT(LABELS):   label = "{\b Marital status \b0 \line \li250   Single}";
MPRINT(LABELS):   order = 8;
MPRINT(LABELS):   ESTIMATE = 99;
MPRINT(LABELS):   std = 99;
MPRINT(LABELS):   pv = 5;
MPRINT(LABELS):   end;
MPRINT(LABELS):   if variable = 'MARITAL_STATUS_COHABITING' then do;
MPRINT(LABELS):   label = "^S={indent=2mm} Married or Living w/ partner";
MPRINT(LABELS):   order = 8.1;
MPRINT(LABELS):   end;
MPRINT(LABELS):   if variable = 'MARITAL_STATUS_COHABITING/SEPARATED' then do;
MPRINT(LABELS):   label = "^S={indent=2mm} Cohabiting, separated, other";
MPRINT(LABELS):   order = 8.1;
MPRINT(LABELS):   end;
MPRINT(LABELS):   if variable = 'MARITAL_STATUS_SEPARATED' then do;
MPRINT(LABELS):   label = "^S={indent=2mm} Separated, divorced or widow(er)";
MPRINT(LABELS):   order = 8.2;
MPRINT(LABELS):   end;
MPRINT(LABELS):   if variable = 'PARITY_V1' then do;
MPRINT(LABELS):   label = "{\b Parity \b0 \li250}";
MPRINT(LABELS):   order = 9;
MPRINT(LABELS):   end;
MPRINT(LABELS):   if variable = 'POVPCT' then do;
MPRINT(LABELS):   label = "{\b Household income as % of poverty \b0 \li250}";
MPRINT(LABELS):   order = 10;
MPRINT(LABELS):   end;
MPRINT(LABELS):   if variable = 'YRSUS_C3_US_BORN' then do;
MPRINT(LABELS):   label = "{\b Years in the U.S. \b0 \line \li250   U.S.-born}";
MPRINT(LABELS):   order = 12;
MPRINT(LABELS):   ESTIMATE = 99;
MPRINT(LABELS):   std = 99;
MPRINT(LABELS):   pv = 5;
MPRINT(LABELS):   end;
MPRINT(LABELS):   if variable = 'YRSUS_C3_<10_Years' then do;
MPRINT(LABELS):   label = "^S={indent=2mm} <10 years";
MPRINT(LABELS):   order = 12.1;
MPRINT(LABELS):   end;
MPRINT(LABELS):   if variable = 'YRSUS_C3_10+_Years' then do;
MPRINT(LABELS):   label = "^S={indent=2mm} >=10 years";
MPRINT(LABELS):   order = 12.2;
MPRINT(LABELS):   end;
MPRINT(LABELS):   if variable = 'YRSUS_C3_L10' then do;
MPRINT(LABELS):   label = "^S={indent=2mm} <10 years";
MPRINT(LABELS):   order = 12.1;
MPRINT(LABELS):   end;
MPRINT(LABELS):   if variable = 'YRSUS_C3_G10' then do;
MPRINT(LABELS):   label = "^S={indent=2mm} >=10 years";
MPRINT(LABELS):   order = 12.2;
MPRINT(LABELS):   end;
MPRINT(LABELS):   * model 2 variables;
MPRINT(LABELS):   if variable = 'AGG_MENT' then do;
MPRINT(LABELS):   label = "{\b SF-12v2 Health Survey \b0 \line \li250   Mental health summary score}";
MPRINT(LABELS):   order = 0.030;
MPRINT(LABELS):   end;
MPRINT(LABELS):   if variable = 'AGG_PHYS' then do;
MPRINT(LABELS):   label = "^S={indent=2mm} Physical health summary score";
MPRINT(LABELS):   order = 0.031;
                                                                               The SAS System

MPRINT(LABELS):   end;
MPRINT(LABELS):   if variable = 'CESD10' then do;
MPRINT(LABELS):   label = "{\b Mental health \b0 \line \li250   Depression score (CESD-10)}";
MPRINT(LABELS):   order = 0.032;
MPRINT(LABELS):   end;
MPRINT(LABELS):   if variable = 'CESD10_NODEPRE' then do;
MPRINT(LABELS):   label = "{\b Depression symptoms (CESD-10) \b0 \line \li250   No (<10)}";
MPRINT(LABELS):   order = 0.0321;
MPRINT(LABELS):   ESTIMATE = 99;
MPRINT(LABELS):   std = 99;
MPRINT(LABELS):   pv = 5;
MPRINT(LABELS):   end;
MPRINT(LABELS):   if variable = 'CESD10_DEPRE' then do;
MPRINT(LABELS):   label = "^S={indent=2mm} Yes (>=10)";
MPRINT(LABELS):   order = 0.0322;
MPRINT(LABELS):   end;
MPRINT(LABELS):   if variable = 'STAI10' then do;
MPRINT(LABELS):   label = "^S={indent=2mm} Anxiety score (STAI-10)";
MPRINT(LABELS):   order = 0.033;
MPRINT(LABELS):   end;
MPRINT(LABELS):   if variable = 'STAI10_NOANX' then do;
MPRINT(LABELS):   label = "{\b Anxiety symptoms (STAI-10) \b0 \line \li250   No (<20)}";
MPRINT(LABELS):   order = 0.0331;
MPRINT(LABELS):   ESTIMATE = 99;
MPRINT(LABELS):   std = 99;
MPRINT(LABELS):   pv = 5;
MPRINT(LABELS):   end;
MPRINT(LABELS):   if variable = 'STAI10_ANX' then do;
MPRINT(LABELS):   label = "^S={indent=2mm} Yes (>=20)";
MPRINT(LABELS):   order = 0.0332;
MPRINT(LABELS):   end;
MPRINT(LABELS):   if variable = 'HEIGHT' then do;
MPRINT(LABELS):   label = "{\b Anthropometry \b0 \line \li250   Height (cm)}";
MPRINT(LABELS):   order = 0.034;
MPRINT(LABELS):   end;
MPRINT(LABELS):   if variable = 'HAZ' then do;
MPRINT(LABELS):   label = "{\b Height-for-age z score \b0 \li250}";
MPRINT(LABELS):   order = 0.034;
MPRINT(LABELS):   end;
MPRINT(LABELS):   if variable = 'ANTA10A' then do;
MPRINT(LABELS):   label = "^S={indent=2mm} Waist circumference (cm)";
MPRINT(LABELS):   order = 0.035;
MPRINT(LABELS):   end;
MPRINT(LABELS):   if variable = 'BMI' then do;
MPRINT(LABELS):   label = "^S={indent=2mm} Body Mass Index (BMI)";
MPRINT(LABELS):   order = 0.036;
MPRINT(LABELS):   end;
MPRINT(LABELS):   * model 3 variables;
MPRINT(LABELS):   if variable = 'ALCOHOL_USE_NEVER' then do;
MPRINT(LABELS):   label = "{\b Alcohol use \b0 \line \li250   Never}";
MPRINT(LABELS):   order = 0.010;
MPRINT(LABELS):   estimate = 98;
MPRINT(LABELS):   std = 99;
MPRINT(LABELS):   pv = 5;
MPRINT(LABELS):   end;
MPRINT(LABELS):   if variable = 'ALCOHOL_USE_FORMER' then do;
MPRINT(LABELS):   label = "^S={indent=2mm} Former";
                                                                               The SAS System

MPRINT(LABELS):   order = 0.011;
MPRINT(LABELS):   end;
MPRINT(LABELS):   if variable = 'ALCOHOL_USE_CURRENT' then do;
MPRINT(LABELS):   label = "^S={indent=2mm} Current";
MPRINT(LABELS):   order = 0.012;
MPRINT(LABELS):   end;
MPRINT(LABELS):   if variable = 'CURRENT_SMOKER_NO' then do;
MPRINT(LABELS):   label = "{\b Smoking status \b0 \line \li250   Not currently smoking}";
MPRINT(LABELS):   order = 0.013;
MPRINT(LABELS):   pv = 5;
MPRINT(LABELS):   estimate = 98;
MPRINT(LABELS):   std = 99;
MPRINT(LABELS):   end;
MPRINT(LABELS):   if variable = 'CURRENT_SMOKER_YES' then do;
MPRINT(LABELS):   label = "^S={indent=2mm} Current smoker";
MPRINT(LABELS):   order = 0.014;
MPRINT(LABELS):   end;
MPRINT(LABELS):   if variable = 'CURRENT_SMOKER' then do;
MPRINT(LABELS):   label = "^S={indent=2mm} Current smoker";
MPRINT(LABELS):   order = 0.015;
MPRINT(LABELS):   end;
MPRINT(LABELS):   if variable = 'CIGARETTE_USE_NEVER' then do;
MPRINT(LABELS):   label = "{\b Smoking status \b0 \line \li250   Never}";
MPRINT(LABELS):   order = 0.013;
MPRINT(LABELS):   pv = 5;
MPRINT(LABELS):   estimate = 98;
MPRINT(LABELS):   std = 99;
MPRINT(LABELS):   end;
MPRINT(LABELS):   if variable = 'CIGARETTE_USE_FORMER' then do;
MPRINT(LABELS):   label = "^S={indent=2mm} Former";
MPRINT(LABELS):   order = 0.014;
MPRINT(LABELS):   end;
MPRINT(LABELS):   if variable = 'CIGARETTE_USE_CURRENT' then do;
MPRINT(LABELS):   label = "^S={indent=2mm} Current";
MPRINT(LABELS):   order = 0.015;
MPRINT(LABELS):   end;
MPRINT(LABELS):   if variable = 'HEI2010' then do;
MPRINT(LABELS):   label = "{\b Healthy Eating Index (HEI-2010) \b0}";
MPRINT(LABELS):   order = 0.016;
MPRINT(LABELS):   end;
MPRINT(LABELS):   if variable = 'HEI2010_C3_LOW' then do;
MPRINT(LABELS):   label = "{\b Healthy Eating Index (HEI-2010) \b0 \line \li250   Low (<=50.1)}";
MPRINT(LABELS):   order = 0.01601;
MPRINT(LABELS):   estimate = 98;
MPRINT(LABELS):   std = 99;
MPRINT(LABELS):   pv = 5;
MPRINT(LABELS):   end;
MPRINT(LABELS):   if variable = 'HEI2010_C3_MEDIUM' then do;
MPRINT(LABELS):   label = "^S={indent=2mm} Medium (>50.1-60.5)";
MPRINT(LABELS):   order = 0.01602;
MPRINT(LABELS):   end;
MPRINT(LABELS):   if variable = 'HEI2010_C3_HIGH' then do;
MPRINT(LABELS):   label = "^S={indent=2mm} High (>60.5)";
MPRINT(LABELS):   order = 0.01603;
MPRINT(LABELS):   end;
MPRINT(LABELS):   if variable = 'PCT_MVPA' then do;
MPRINT(LABELS):   label = "{\b % Time in MVPA \b0}";
                                                                               The SAS System

MPRINT(LABELS):   order = 0.017;
MPRINT(LABELS):   end;
MPRINT(LABELS):   if variable = 'SLPDUR' then do;
MPRINT(LABELS):   label = "{\b Sleeping duration (hrs/day) \b0}";
MPRINT(LABELS):   order = 0.018;
MPRINT(LABELS):   end;
MPRINT(LABELS):   if variable = "PAG2008YN_YES" then do;
MPRINT(LABELS):   label = "{\b Meets 2008 PA guidelines \b0 \line \li250   Yes}";
MPRINT(LABELS):   order = 0.019;
MPRINT(LABELS):   ESTIMATE = 99;
MPRINT(LABELS):   std = 99;
MPRINT(LABELS):   pv = 5;
MPRINT(LABELS):   end;
MPRINT(LABELS):   if variable = "PAG2008YN_NO" then do;
MPRINT(LABELS):   label = "^S={indent=2mm} No";
MPRINT(LABELS):   order = 0.020;
MPRINT(LABELS):   end;
MPRINT(LABELS):   if variable = 'SLPDUR_LT8HRS_<8_hours' then do;
MPRINT(LABELS):   label = "{\b Sleep duration \b0 \line \li250   Less than 8 hours}";
MPRINT(LABELS):   order = 0.021;
MPRINT(LABELS):   ESTIMATE = 99;
MPRINT(LABELS):   std = 99;
MPRINT(LABELS):   pv = 5;
MPRINT(LABELS):   end;
MPRINT(LABELS):   if variable = 'SLPDUR_LT8HRS_>=8_hours' then do;
MPRINT(LABELS):   label = "^S={indent=2mm} More than 8 hours";
MPRINT(LABELS):   order = 0.022;
MPRINT(LABELS):   end;
MPRINT(LABELS):   *model 5 variable;
MPRINT(LABELS):   if variable = 'CHILD_PRS_BMI_A' then do;
MPRINT(LABELS):   label = "{\b Child Polygenic Risk Score \b0 \li250}";
MPRINT(LABELS):   order = 0.04;
MPRINT(LABELS):   end;
MPRINT(LABELS):   * adjusted by these variables;
MPRINT(LABELS):   if variable = 'CENTERNUM_BRONX' then do;
MPRINT(LABELS):   label = "{\b Field center \line \b0 \li250   Bronx}";
MPRINT(LABELS):   order = 93;
MPRINT(LABELS):   ESTIMATE = 99;
MPRINT(LABELS):   std=99;
MPRINT(LABELS):   pv = 5;
MPRINT(LABELS):   end;
MPRINT(LABELS):   if variable = 'CENTERNUM_CHICAGO' then do;
MPRINT(LABELS):   label = "^S={indent=2mm} Chicago";
MPRINT(LABELS):   order = 93.1;
MPRINT(LABELS):   end;
MPRINT(LABELS):   if variable = 'CENTERNUM_MIAMI' then do;
MPRINT(LABELS):   label = "^S={indent=2mm} Miami";
MPRINT(LABELS):   order = 93.2;
MPRINT(LABELS):   end;
MPRINT(LABELS):   if variable = 'CENTERNUM_SAN DIEGO' then do;
MPRINT(LABELS):   label = "^S={indent=2mm} Bronx";
MPRINT(LABELS):   order = 93.3;
MPRINT(LABELS):   end;
MPRINT(LABELS):   if variable = 'YRS_BTWN_V1FLOR' then do;
MPRINT(LABELS):   label = "{\b Years between baseline & FLOR \b0 \li250}";
MPRINT(LABELS):   order = 95;
MPRINT(LABELS):   end;
                                                                               The SAS System

MPRINT(LABELS):   if variable = 'YRSV1BIRTH' then do;
MPRINT(LABELS):   label = "{\b Years between baseline & birth \b0 \li250}";
MPRINT(LABELS):   order = 95;
MPRINT(LABELS):   end;
484        	if label = '' then do;
485        		v = strip(upcase(variable));
486        		if v =: 'YRSUS_C3_' & index(v, 'US_BORN') = 0 then do;
487        			if index(v, '<10') > 0 | index(v, 'L10') > 0 then do;
488        				order = 12.1;
489        				label = "^S={indent=2mm} <10 years";
490        			end;
491        			else do;
492        				order = 12.2;
493        				label = "^S={indent=2mm} >=10 years";
494        			end;
495        		end;
496        	end;
497        	drop v;
498        	keep base order label Estimate2 StdErr2 Probt2 Estimate3 StdErr3 Probt3 variable;
499        run;

NOTE: Missing values were generated as a result of performing an operation on missing values.
      Each place is given by: (Number of times) at (Line):(Column).
      13 at 483:141   
NOTE: There were 38 observations read from the data set WORK.PRELABEL.
NOTE: The data set WORK.LABELED has 38 observations and 10 variables.
NOTE: DATA statement used (Total process time):
      real time           0.01 seconds
      cpu time            0.00 seconds
      

500        
501        proc sort data = labeled;
502        	by order label base;
503        run;

NOTE: There were 38 observations read from the data set WORK.LABELED.
NOTE: The data set WORK.LABELED has 38 observations and 10 variables.
NOTE: PROCEDURE SORT used (Total process time):
      real time           0.00 seconds
      cpu time            0.00 seconds
      

504        
505        * HC313953 PROC IML;
506        * Contrast SE = sqrt(Var_OW+Var_OB) unless pooled 2x2 Cov from MIANALYZE TCOV is merged (HC313953 READ VAR {ROWVAR_2 ROWVAR_3} INTO COV);
507        proc iml;
NOTE: IML Ready
508        	
508      !  use labeled;
509        	
509      !  read all var {Estimate2 StdErr2 Estimate3 StdErr3} into X;
510        	
510      !  close labeled;
511        	* Second READ ALL needs a fresh USE — pointer was past EOF after first read;
512        	
512      !  use labeled;
                                                                               The SAS System

513        	
513      !  read all var {base} into BK;
514        	
514      !  close labeled;
515        
516        	
516      !  n = nrow(X);
517        	* j(n,1,' ') yields character length 1 — long OR strings need wider rows (ROWCATC builds length-120 cells);
518        	
518      !  statsOW = rowcatc(j(n, 168, ' '));
519        	
519      !  statsOB = rowcatc(j(n, 168, ' '));
520        	
520      !  statsOBvsOW = rowcatc(j(n, 168, ' '));
521        	
521      !  D = {1 0, 0 1, -1 1};
522        
523        	* Guard EXP: IML asterisk comments end at first semicolon inside START/FINISH;
524        	
524      !  start ExpOR(z);
525        		
525      !   if missing(z) then return (.);
526        		
526      !   if z > 709 then return (.);
527        		
527      !   if z < -745 then return (0);
528        		
528      !   return (exp(z));
529        	
529      !  finish;
NOTE: Module EXPOR defined.
530        
531        	
531      !  do i = 1 to n;
532        		
532      !   bow = X[i, 1];
533        		
533      !   sow = X[i, 2];
534        		
534      !   bob = X[i, 3];
535        		
535      !   sob = X[i, 4];
536        
537        		
537      !   if missing(bow) & missing(bob) then do;
538        			
538      !    statsOW[i] = ' ';
539        			
539      !    statsOB[i] = ' ';
540        			
540      !    statsOBvsOW[i] = ' ';
541        		
541      !   end;
542        		
542      !   else if missing(bow) | missing(bob) then do;
543        			
543      !    statsOW[i] = '---';
                                                                               The SAS System

544        			
544      !    statsOB[i] = '---';
545        			
545      !    statsOBvsOW[i] = '---';
546        		
546      !   end;
547        		
547      !   else do;
548        			
548      !    or2 = ExpOR(bow);
548      !                      lc2 = ExpOR(bow - 1.96 * sow);
548      !                                                     uc2 = ExpOR(bow + 1.96 * sow);
549        			
549      !    or3 = ExpOR(bob);
549      !                      lc3 = ExpOR(bob - 1.96 * sob);
549      !                                                     uc3 = ExpOR(bob + 1.96 * sob);
550        			
550      !    if missing(or2) | missing(lc2) | missing(uc2) then statsOW[i] = '---';
551        			
551      !    else do;
552        				
552      !     statsOW[i] = rowcatc(strip(putn(or2, "8.2")) || ' (' || strip(putn(lc2, "8.2")) || ', ' || strip(putn(uc2, "8.2")) || ')');
553        			
553      !    end;
554        			
554      !    if missing(or3) | missing(lc3) | missing(uc3) then statsOB[i] = '---';
555        			
555      !    else statsOB[i] = rowcatc(strip(putn(or3, "8.2")) || ' (' || strip(putn(lc3, "8.2")) || ', ' || strip(putn(uc3, "8.2")) || ')');
556        
557        			
557      !    Bvec = bow // bob;
558        			
558      !    bcontr = D * Bvec;
559        			
559      !    diff32 = bcontr[3];
560        			
560      !    se32 = sqrt(sow ** 2 + sob ** 2);
561        			
561      !    or32 = ExpOR(diff32);
561      !                          lc32 = ExpOR(diff32 - 1.96 * se32);
561      !                                                              uc32 = ExpOR(diff32 + 1.96 * se32);
562        			
562      !    if missing(or32) | missing(lc32) | missing(uc32) then statsOBvsOW[i] = '---';
563        			
563      !    else statsOBvsOW[i] = rowcatc(strip(putn(or32, "8.2")) || ' (' || strip(putn(lc32, "8.2")) || ', ' || strip(putn(uc32, "8.2")) || ')');
564        		
564      !   end;
565        	
565      !  end;
566        
567        	
567      !  Z = BK || statsOW || statsOB || statsOBvsOW;
568        	
568      !  create ORchars from Z[colname = {'base' 'statsOW' 'statsOB' 'statsOBvsOW'}];
569        	
569      !  append from Z;
570        	
                                                                               The SAS System

570      !  close ORchars;
NOTE: The data set WORK.ORCHARS has 38 observations and 4 variables.
571        quit;
NOTE: Exiting IML.
NOTE: At least one W.D format was too small for the number to be printed. The decimal may be shifted by the "BEST" format.
NOTE: PROCEDURE IML used (Total process time):
      real time           0.40 seconds
      cpu time            0.00 seconds
      

572        
573        data ORchars;
574        	length base $132;
575        	set ORchars;
576        	base = strip(base);
577        run;

WARNING: Multiple lengths were specified for the variable BASE by input data set(s). This can cause truncation of data.
NOTE: There were 38 observations read from the data set WORK.ORCHARS.
NOTE: The data set WORK.ORCHARS has 38 observations and 4 variables.
NOTE: DATA statement used (Total process time):
      real time           0.00 seconds
      cpu time            0.00 seconds
      

578        
579        * MERGE BY base requires both sets sorted by base (labeled was PROC SORT order label base for %labels);
580        proc sort data = labeled;
581        	by base;
582        run;

NOTE: There were 38 observations read from the data set WORK.LABELED.
NOTE: The data set WORK.LABELED has 38 observations and 10 variables.
NOTE: PROCEDURE SORT used (Total process time):
      real time           0.00 seconds
      cpu time            0.00 seconds
      

583        
584        proc sort data = ORchars;
585        	by base;
586        run;

NOTE: There were 38 observations read from the data set WORK.ORCHARS.
NOTE: The data set WORK.ORCHARS has 38 observations and 4 variables.
NOTE: PROCEDURE SORT used (Total process time):
      real time           0.00 seconds
      cpu time            0.00 seconds
      

587        
588        data db_join;
589        	merge labeled(keep = order label base Estimate2 StdErr2 Estimate3 StdErr3)
590        		ORchars;
591        	by base;
592        run;

                                                                               The SAS System

NOTE: There were 38 observations read from the data set WORK.LABELED.
NOTE: There were 38 observations read from the data set WORK.ORCHARS.
NOTE: The data set WORK.DB_JOIN has 38 observations and 10 variables.
NOTE: DATA statement used (Total process time):
      real time           0.00 seconds
      cpu time            0.00 seconds
      

593        
594        * Significance: 95% Wald CI on OR scale excludes 1. Keep flags for PROC REPORT styling;
595        data db_join;
596        	length statsOW statsOB statsOBvsOW $168;
597        	length lc2 uc2 lc3 uc3 lc32 uc32 8;
598        	set db_join;
599        	call missing(lc2, uc2, lc3, uc3, lc32, uc32);
600        	sigOW = 0;
601        	sigOB = 0;
602        	sigOBvsOW = 0;
603        	if nmiss(Estimate2, StdErr2) = 0 then do;
604        		z = Estimate2 - 1.96 * StdErr2;
605        		if z > 709 then lc2 = .;
606        		else if z < -745 then lc2 = 0;
607        		else lc2 = exp(z);
608        		z = Estimate2 + 1.96 * StdErr2;
609        		if z > 709 then uc2 = .;
610        		else if z < -745 then uc2 = 0;
611        		else uc2 = exp(z);
612        	end;
613        	if nmiss(Estimate3, StdErr3) = 0 then do;
614        		z = Estimate3 - 1.96 * StdErr3;
615        		if z > 709 then lc3 = .;
616        		else if z < -745 then lc3 = 0;
617        		else lc3 = exp(z);
618        		z = Estimate3 + 1.96 * StdErr3;
619        		if z > 709 then uc3 = .;
620        		else if z < -745 then uc3 = 0;
621        		else uc3 = exp(z);
622        	end;
623        	if nmiss(Estimate2, StdErr2, Estimate3, StdErr3) = 0 then do;
624        		diff32 = Estimate3 - Estimate2;
625        		se32 = sqrt(StdErr2 ** 2 + StdErr3 ** 2);
626        		z = diff32 - 1.96 * se32;
627        		if z > 709 then lc32 = .;
628        		else if z < -745 then lc32 = 0;
629        		else lc32 = exp(z);
630        		z = diff32 + 1.96 * se32;
631        		if z > 709 then uc32 = .;
632        		else if z < -745 then uc32 = 0;
633        		else uc32 = exp(z);
634        	end;
635        	if nmiss(lc2, uc2) = 0 then sigOW = (lc2 > 1) | (uc2 < 1);
636        	if nmiss(lc3, uc3) = 0 then sigOB = (lc3 > 1) | (uc3 < 1);
637        	if nmiss(lc32, uc32) = 0 then sigOBvsOW = (lc32 > 1) | (uc32 < 1);
638        	drop lc2 uc2 lc3 uc3 lc32 uc32 z diff32 se32;
639        run;

NOTE: There were 38 observations read from the data set WORK.DB_JOIN.
                                                                               The SAS System

NOTE: The data set WORK.DB_JOIN has 38 observations and 13 variables.
NOTE: DATA statement used (Total process time):
      real time           0.02 seconds
      cpu time            0.00 seconds
      

640        
641        proc sort data = db_join;
642        	by order label base;
643        run;

NOTE: There were 38 observations read from the data set WORK.DB_JOIN.
NOTE: The data set WORK.DB_JOIN has 38 observations and 13 variables.
NOTE: PROCEDURE SORT used (Total process time):
      real time           0.00 seconds
      cpu time            0.00 seconds
      

644        
645        proc sql noprint;
646        	select count(distinct(id)) into :n_ids trimmed
647        	from &impdb.
648        	where keep_ms1560;
649        quit;
NOTE: PROCEDURE SQL used (Total process time):
      real time           0.03 seconds
      cpu time            0.01 seconds
      

650        
651        ods listing close;
652        ods path sashelp.tmplmst(read) hchstyle.hchs_stp(read);
653        ods rtf file = "&homepath.\scripts\&job.\&job._Table&table_num._&sysdate..rtf" style = manuscrt bodytitle;
NOTE: Writing RTF Body file: J:\HCHS\STATISTICS\GRAS\QAngarita\Manuscripts\MS1560\scripts\HC338364\HC338364_Table4_23JUN26.rtf
654        %let fs = 11pt;
655        %let fs_titles = 11pt;
656        %let rgt_mgn = 0.1in;
657        
658        * SPLIT must not be '^' — same as ODS ESCAPECHAR so inline ^S={...} breaks and prints verbatim (headers showed crude style text);
659        proc report data = db_join split = '#'
660        	style(header) = [fontsize = &fs]
661        	style(column) = [fontsize = &fs];
662        	title j = center height = &fs font = 'times roman' bold
663        		"^S={leftmargin=&lf_margin rightmargin=&rgt_mgn}Table &table_num.. Maternal preconception socio-behavioral factors and child BMI category, HCHS/SOL FLOR
663      ! Ancillary Study (n=%qtrim(&n_ids))";
664        	footnote1 j = left height = &fs_titles font = 'times roman'
665        		"^S={leftmargin=&lf_margin rightmargin=&rgt_mgn}Abbreviations: CI, confidence interval; FLOR, Family Lifestyle Outcomes Research; OR, odds ratio from
665      ! multinomial logistic regression for child BMI category (reference category, Normal); PA, physical activity.";
666        	footnote2 j = left height = &fs_titles font = 'times roman'
667        		"^S={leftmargin=&lf_margin rightmargin=&rgt_mgn}Model 4: Model 3 + child's obesity genetic risk score; adjusted for field center and years between baseline and
667      ! FLOR visit.";
668        	footnote3 j = left height = &fs_titles font = 'times roman'
669        		"^S={leftmargin=&lf_margin rightmargin=&rgt_mgn}Odds ratios and 95% confidence intervals from generalized logit models (Overweight vs Normal and Obese vs
669      ! Normal) fit to multiply imputed data (10 imputations) and pooled using Rubin's rules. Obese vs Overweight odds ratios were derived from the corresponding log-odds
669      !  contrast.";
NOTE: The quoted string currently being processed has become more than 262 characters long.  You might have unbalanced quotation marks.
670        	footnote4 j = left height = &fs_titles font = 'times roman'
                                                                               The SAS System

671        		"^S={leftmargin=&lf_margin rightmargin=&rgt_mgn}Bold odds ratio (95% CI) indicates the confidence interval excludes 1.00 (two-sided nominal alpha = 0.05).";
672        	footnote5 j = left height = 10pt font = 'times roman'
673        		"{\line \line Job &job run by &prg using FLOR analytic file (HC338353) on %sysfunc(today(), date9.) at %qtrim(%sysfunc(time(), timeampm.))}";
674        	column order label sigOW statsOW sigOB statsOB sigOBvsOW statsOBvsOW;
675        	define order / order order = internal group noprint;
676        	define label / display group 'Predictor' flow style(header) = [fontsize = &fs just = left]
677        		style(column) = [fontsize = &fs width = 2.8in cellwidth = 2.8in];
678        	define sigOW / display noprint;
679        	define statsOW / display 'Overweight vs Normal#OR (95% CI)'
680        		style(header) = [fontsize = &fs vjust = bottom just = right]
681        		style(column) = [fontsize = &fs vjust = bottom just = right cellwidth = 1.35in font_weight = medium];
682        	define sigOB / display noprint;
683        	define statsOB / display 'Obesity vs Normal#OR (95% CI)'
684        		style(header) = [fontsize = &fs vjust = bottom just = right]
685        		style(column) = [fontsize = &fs vjust = bottom just = right cellwidth = 1.35in font_weight = medium];
686        	define sigOBvsOW / display noprint;
687        	define statsOBvsOW / display 'Obesity vs Overweight#OR (95% CI)'
688        		style(header) = [fontsize = &fs vjust = bottom just = right]
689        		style(column) = [fontsize = &fs vjust = bottom just = right cellwidth = 1.35in font_weight = medium];
690        	compute statsOW;
691        		if sigOW = 1 & strip(statsOW) not in ('' '---') then call define(_col_, 'style', 'style=[font_weight=bold]');
692        	endcomp;
693        	compute statsOB;
694        		if sigOB = 1 & strip(statsOB) not in ('' '---') then call define(_col_, 'style', 'style=[font_weight=bold]');
695        	endcomp;
696        	compute statsOBvsOW;
697        		if sigOBvsOW = 1 & strip(statsOBvsOW) not in ('' '---') then call define(_col_, 'style', 'style=[font_weight=bold]');
698        	endcomp;
699        run;

NOTE: Groups are not created because the usage of SIGOW is DISPLAY. To avoid this note, change all GROUP variables to ORDER variables.
NOTE: PROCEDURE REPORT used (Total process time):
      real time           0.24 seconds
      cpu time            0.06 seconds
      
NOTE: There were 38 observations read from the data set WORK.DB_JOIN.

700        
701        ods rtf close;
702        
703        proc printto;
704        run;

