NOTE: PROCEDURE PRINTTO used (Total process time):
      real time           0.18 seconds
      cpu time            0.07 seconds
      

5    
6    /*********************************************************
7    *                                                         *
8    *  SAS PROGRAM - QC DATASET JOB HC3383                           *
9    *                                                        *
10   **********************************************************
11   *                                                        *
12   *  PROGRAM NAME: HC338352.sas
13   *
14   *  PROGRAMMER: Álvaro Quijano (AQ)
15   *
16   *  DESCRIPTION: Imputation model
17   
18   *
19   * ---------------------------------------------------------
20   *
21   *  JOB NUMBER: HC338352
22   *
23   *  PREVIOUS JOB:
24   *
25   *  LANGUAGE: SAS 9.4
26   *
27   *  VERSION CONTROL:
28                       22apr25: (HC338351) Creates the file
29                       23apr25: update input dataset to 0423
30                       12may25: updated to use the SC dataset from HC3383
31                       13may25: income_c2 included in the 1st output table
32   
33   * ----------------------------------------------------------
34   *
35   *  INPUT: hc338351_flor_13may25
36   *
37   *  OUTPUT: &job._missing_pattern_&sysdate..rtf file
38   *
39   **********************************************************/
40   options orientation = landscape nodate formchar = "|----|+|---+=|-/\<>*" nonumber PS=59 LS=173;
41   ods escapechar '^';
42   
43   * Set libraries name;
44   libname data "&homepath.\data";
NOTE: Libref DATA was successfully assigned as follows: 
      Engine:        V9 
      Physical Name: J:\HCHS\STATISTICS\GRAS\QAngarita\FLOR\MS1560\data
45   libname hchstyle 'J:\hchs\sc\styledef\sty904';
NOTE: Libref HCHSTYLE was successfully assigned as follows: 
      Engine:        V9 
      Physical Name: J:\hchs\sc\styledef\sty904
46   libname hc3383 'J:\HCHS\SC\Review\HC3383';
NOTE: Libref HC3383 was successfully assigned as follows: 
      Engine:        V9 
      Physical Name: J:\HCHS\SC\Review\HC3383
47   
48   * Set macro variables;
49   %let job = HC338352;
50   %let prg = AQA;
51   %let data = data.hc338351_flor_13may25;
52   %let lf_margin = 0.7in;
53   %let rg_margin = 0.7in;
54   
55   *proc contents data = &data; run;
56   
57   ods path sashelp.tmplmst(read) hchstyle.hchs_stp(read);
58   ods rtf file = "&homepath\code\&job.\&job._missing_pattern_&sysdate..rtf" bodytitle style=manuscrt;
NOTE: Writing RTF Body file: J:\HCHS\STATISTICS\GRAS\QAngarita\FLOR\MS1560\code\HC338352\HC338352_missing_pattern_13MAY25.rtf
59   ods noproctitle;
60   * Maternal socio-demographic and acu;
61    title1 J=center height=12pt bold font='TIMES ROMAN' "MS#1560 SOL/FLOR preconceptional factors and child weight" ;
62            title3 J=center height=11pt bold font='TIMES ROMAN' 'Confidential/Not for distribution';
63            title5 J=center height=12pt bold font='TIMES ROMAN' "^S={leftmargin=&lf_margin rightmargin=&rg_margin} Table 0.  Missing patterns of sociodemographic and
63 ! acculturation factors and child weight among Hispanic/Latina mother-child dyads in the HCHS/SOL Study";
64            footnote1 J=left height=10pt font='TIMES ROMAN' "^S={leftmargin=&lf_margin rightmargin=&rg_margin} Variables BKGRD1_C7, AGE and LANG_PREF are not included
64 ! since have no missing data";
65            footnote2 J=left height=10pt font='TIMES ROMAN' "^S={leftmargin=&lf_margin rightmargin=&rg_margin} Abbrev: weight-for-age z-score (WAZ), health coverage
65 ! (N_HC), years in the US (YRSUS).";
66            footnote3 J=center height=10pt font='TIMES ROMAN' "&sysdate, &systime -- &job (&prg) using V1 and FLOR inv_use data";
67   proc mi data = &data nimpute = 0 displaypattern=nomeans;
68       ods select MissPattern;
69       var waz parity_v1 povpct accult_mesa marital_status employedyn education_c3 yrsus_c3 income_c2 n_hc;
70   run;

NOTE: PROCEDURE MI used (Total process time):
      real time           0.13 seconds
      cpu time            0.03 seconds
      

71   
72   * Physical and mental health, anthropometry;
73    title1 J=center height=12pt bold font='TIMES ROMAN' "MS#1560 SOL/FLOR preconceptional factors and child weight" ;
74            title3 J=center height=11pt bold font='TIMES ROMAN' 'Confidential/Not for distribution';
75            title5 J=center height=12pt bold font='TIMES ROMAN' "^S={leftmargin=&lf_margin rightmargin=&rg_margin} Table 0.  Missing patterns of anthropometry and physical
75 !  and mental health factors and child weight among Hispanic/Latina mother-child dyads in the HCHS/SOL Study";
76            footnote1 J=left height=10pt font='TIMES ROMAN' "^S={leftmargin=&lf_margin rightmargin=&rg_margin} The variable STAI10 was not updated for participants born
76 ! after Visit 2, since it was not measured at that visit.";
77            footnote2 J=left height=10pt font='TIMES ROMAN' "^S={leftmargin=&lf_margin rightmargin=&rg_margin} Abbrev: weight-for-age z-score (WAZ), 10-items state-trait
77 ! anxiety inventory (STAI10), waist girth (ANTA10a), Center for Epidemiologic Studies Depression Scale (CESD-10)";
78            footnote3 J=center height=10pt font='TIMES ROMAN' "&sysdate, &systime -- &job (&prg) using V1 and FLOR inv_use data";
79   proc mi data = &data nimpute = 0 displaypattern=nomeans;
80       ods select MissPattern;
81       var waz bmi anta10a height agg_ment agg_phys cesd10 stai10;
82   run;

NOTE: PROCEDURE MI used (Total process time):
      real time           0.04 seconds
      cpu time            0.00 seconds
      

83   
84   * Maternal Health behaviors;
85    title1 J=center height=12pt bold font='TIMES ROMAN' "MS#1560 SOL/FLOR preconceptional factors and child weight" ;
86            title3 J=center height=11pt bold font='TIMES ROMAN' 'Confidential/Not for distribution';
87            title5 J=center height=12pt bold font='TIMES ROMAN' "^S={leftmargin=&lf_margin rightmargin=&rg_margin} Table 0.  Missing patterns of maternal health behaviors
87 ! factors and child weight among Hispanic/Latina mother-child dyads in the HCHS/SOL Study";
88            footnote1 J=left height=10pt font='TIMES ROMAN' "^S={leftmargin=&lf_margin rightmargin=&rg_margin} Abbrev: weight-for-age z-score (WAZ), health eating index
88 ! 2010 (hei2010).";
89            footnote2 J=center height=10pt font='TIMES ROMAN' "&sysdate, &systime -- &job (&prg) using V1 and FLOR inv_use data";
90   proc mi data = &data nimpute = 0 displaypattern=nomeans;
91       ods select MissPattern;
92       var waz current_smoker hei2010 alcohol_use pct_mvpa;
93   run;

NOTE: PROCEDURE MI used (Total process time):
      real time           0.08 seconds
      cpu time            0.03 seconds
      

94   
95   ods rtf close;
96   
97   proc printto; run;

