NOTE: PROCEDURE PRINTTO used (Total process time):
      real time           0.01 seconds
      cpu time            0.00 seconds
      

5          
6          /*********************************************************
7          *                                                         *
8          *  SAS PROGRAM - QC DATASET JOB HC3383 					         *
9          *                                                        *
10         **********************************************************
11         *                                                        *
12         *  PROGRAM NAME: HC338352.sas
13         *
14         *  PROGRAMMER: Álvaro Quijano (AQ)
15         *
16         *  DESCRIPTION: Imputation model
17         				
18         *
19         * ---------------------------------------------------------
20         *
21         *  JOB NUMBER: HC338352
22         *
2                                                          The SAS System                             10:53 Tuesday, August 19, 2025

23         *  PREVIOUS JOB:
24         *
25         *  LANGUAGE: SAS 9.4
26         *
27         *  VERSION CONTROL:
28         					22apr25: (HC338351) Creates the file
29         					23apr25: update input dataset to 0423
30         					12may25: updated to use the SC dataset from HC3383
31         					13may25: income_c2 included in the 1st output table
32         					23jun25: update input dataset (*_23jun25)
33         								include slpdur variable in missing pattern table
34         					19aug25: update input dataset to *_19aug25
35         
36         * ----------------------------------------------------------
37         *
38         *  INPUT: hc338351_flor_23jun25
39         *
40         *  OUTPUT: &job._missing_pattern_&sysdate..rtf file
41         *
42         **********************************************************/
43         options orientation = landscape nodate formchar = "|----|+|---+=|-/\<>*" nonumber PS=59 LS=173;
44         ods escapechar '^';
45         
46         * Set libraries name;
47         libname data "&homepath.\data";
NOTE: Libref DATA was successfully assigned as follows: 
      Engine:        V9 
      Physical Name: J:\HCHS\STATISTICS\GRAS\QAngarita\FLOR\MS1560\data
48         libname hchstyle 'J:\hchs\sc\styledef\sty904';
NOTE: Libref HCHSTYLE was successfully assigned as follows: 
      Engine:        V9 
      Physical Name: J:\hchs\sc\styledef\sty904
49         libname hc3383 'J:\HCHS\SC\Review\HC3383';
NOTE: Libref HC3383 was successfully assigned as follows: 
      Engine:        V9 
      Physical Name: J:\HCHS\SC\Review\HC3383
50         
51         * Set macro variables;
52         %let job = HC338352;
53         %let prg = AQA;
54         %let data = data.hc338351_flor_19aug25;
55         %let lf_margin = 0.7in;
56         %let rg_margin = 0.7in;
57         
58         *proc contents data = &data; run;
59         
60         ods path sashelp.tmplmst(read) hchstyle.hchs_stp(read);
61         ods rtf file = "&homepath\code\&job.\&job._missing_pattern_&sysdate..rtf" bodytitle style=manuscrt;
NOTE: Writing RTF Body file: J:\HCHS\STATISTICS\GRAS\QAngarita\FLOR\MS1560\code\HC338352\HC338352_missing_pattern_19AUG25.rtf
62         ods noproctitle;
63         * Maternal socio-demographic and acu;
64          title1 J=center height=12pt bold font='TIMES ROMAN' "MS#1560 SOL/FLOR preconceptional factors and child weight" ;
65                  title3 J=center height=11pt bold font='TIMES ROMAN' 'Confidential/Not for distribution';
66                  title5 J=center height=12pt bold font='TIMES ROMAN' "^S={leftmargin=&lf_margin rightmargin=&rg_margin} Table 0.  Missing patterns of sociodemographic and
66       !  acculturation factors and child weight among Hispanic/Latina mother-child dyads in the HCHS/SOL Study";
67                  footnote1 J=left height=10pt font='TIMES ROMAN' "^S={leftmargin=&lf_margin rightmargin=&rg_margin} Variables BKGRD1_C7, AGE and LANG_PREF are not
67       ! included since have no missing data";
                                                                               The SAS System

68         		 footnote2 J=left height=10pt font='TIMES ROMAN' "^S={leftmargin=&lf_margin rightmargin=&rg_margin} Abbrev: weight-for-age z-score (WAZ), health coverage
68       ! (N_HC), years in the US (YRSUS).";
69         		 footnote3 J=center height=10pt font='TIMES ROMAN' "&sysdate, &systime -- &job (&prg) using V1 and FLOR inv_use data";
70         proc mi data = &data nimpute = 0 displaypattern=nomeans;
71         	ods select MissPattern;
72         	var waz parity_v1 povpct accult_mesa marital_status employedyn education_c3 yrsus_c3 income_c2 n_hc;
73         run;

NOTE: PROCEDURE MI used (Total process time):
      real time           0.85 seconds
      cpu time            0.00 seconds
      
NOTE: The PROCEDURE MI printed page 1.

74         
75         * Physical and mental health, anthropometry;
76          title1 J=center height=12pt bold font='TIMES ROMAN' "MS#1560 SOL/FLOR preconceptional factors and child weight" ;
77                  title3 J=center height=11pt bold font='TIMES ROMAN' 'Confidential/Not for distribution';
78                  title5 J=center height=12pt bold font='TIMES ROMAN' "^S={leftmargin=&lf_margin rightmargin=&rg_margin} Table 0.  Missing patterns of anthropometry and
78       ! physical and mental health factors and child weight among Hispanic/Latina mother-child dyads in the HCHS/SOL Study";
79                  footnote1 J=left height=10pt font='TIMES ROMAN' "^S={leftmargin=&lf_margin rightmargin=&rg_margin} The variable STAI10 was not updated for participants
79       ! born after Visit 2, since it was not measured at that visit.";
80         		 footnote2 J=left height=10pt font='TIMES ROMAN' "^S={leftmargin=&lf_margin rightmargin=&rg_margin} Abbrev: weight-for-age z-score (WAZ), 10-items state-trait
80       ! anxiety inventory (STAI10), waist girth (ANTA10a), Center for Epidemiologic Studies Depression Scale (CESD-10)";
81         		 footnote3 J=center height=10pt font='TIMES ROMAN' "&sysdate, &systime -- &job (&prg) using V1 and FLOR inv_use data";
82         proc mi data = &data nimpute = 0 displaypattern=nomeans;
83         	ods select MissPattern;
84         	var waz bmi anta10a height agg_ment agg_phys cesd10 stai10;
85         run;

NOTE: PROCEDURE MI used (Total process time):
      real time           0.02 seconds
      cpu time            0.00 seconds
      
NOTE: The PROCEDURE MI printed page 2.

86         
87         * Maternal Health behaviors;
88          title1 J=center height=12pt bold font='TIMES ROMAN' "MS#1560 SOL/FLOR preconceptional factors and child weight" ;
89                  title3 J=center height=11pt bold font='TIMES ROMAN' 'Confidential/Not for distribution';
90                  title5 J=center height=12pt bold font='TIMES ROMAN' "^S={leftmargin=&lf_margin rightmargin=&rg_margin} Table 0.  Missing patterns of maternal health
90       ! behaviors factors and child weight among Hispanic/Latina mother-child dyads in the HCHS/SOL Study";
91                  footnote1 J=left height=10pt font='TIMES ROMAN' "^S={leftmargin=&lf_margin rightmargin=&rg_margin} Abbrev: weight-for-age z-score (WAZ), health eating
91       ! index 2010 (HEI2010), sleep duration (SLPDUR).";
92         		 footnote2 J=center height=10pt font='TIMES ROMAN' "&sysdate, &systime -- &job (&prg) using V1 and FLOR inv_use data";
93         proc mi data = &data nimpute = 0 displaypattern=nomeans;
94         	ods select MissPattern;
95         	var waz current_smoker hei2010 alcohol_use pct_mvpa slpdur;
96         run;

NOTE: PROCEDURE MI used (Total process time):
      real time           0.03 seconds
      cpu time            0.00 seconds
      
NOTE: The PROCEDURE MI printed page 3.

97         
                                                                               The SAS System

98         ods rtf close;
99         
100        proc printto; run;

