NOTE: PROCEDURE PRINTTO used (Total process time):
      real time           0.02 seconds
      cpu time            0.01 seconds
      

5          
6          /*********************************************************
7          *                                                         *
8          *  SAS PROGRAM - QC DATASET JOB HC3383 					         *
9          *                                                        *
10         **********************************************************
11         *                                                        *
12         *  PROGRAM NAME: HC338352.sas
13         *
14         *  PROGRAMMER: Álvaro Quijano (AQ)
15         *
16         *  DESCRIPTION: Imputation model
17         				
18         *
19         * ---------------------------------------------------------
20         *
21         *  JOB NUMBER: HC338352
22         *
23         *  PREVIOUS JOB:
24         *
25         *  LANGUAGE: SAS 9.4
26         *
27         *  VERSION CONTROL:
28         					22apr25: (HC338351) Creates the file
29         					23apr25: update input dataset to 0423
2                                                          The SAS System                                15:21 Monday, June 23, 2025

30         					12may25: updated to use the SC dataset from HC3383
31         					13may25: income_c2 included in the 1st output table
32         					23jun25: update input dataset (*_23jun25)
33         								include slpdur variable in missing pattern table
34         
35         * ----------------------------------------------------------
36         *
37         *  INPUT: hc338351_flor_23jun25
38         *
39         *  OUTPUT: &job._missing_pattern_&sysdate..rtf file
40         *
41         **********************************************************/
42         options orientation = landscape nodate formchar = "|----|+|---+=|-/\<>*" nonumber PS=59 LS=173;
43         ods escapechar '^';
44         
45         * Set libraries name;
46         libname data "&homepath.\data";
NOTE: Libref DATA was successfully assigned as follows: 
      Engine:        V9 
      Physical Name: J:\HCHS\STATISTICS\GRAS\QAngarita\FLOR\MS1560\data
47         libname hchstyle 'J:\hchs\sc\styledef\sty904';
NOTE: Libref HCHSTYLE was successfully assigned as follows: 
      Engine:        V9 
      Physical Name: J:\hchs\sc\styledef\sty904
48         libname hc3383 'J:\HCHS\SC\Review\HC3383';
NOTE: Libref HC3383 was successfully assigned as follows: 
      Engine:        V9 
      Physical Name: J:\HCHS\SC\Review\HC3383
49         
50         * Set macro variables;
51         %let job = HC338352;
52         %let prg = AQA;
53         %let data = data.hc338351_flor_23jun25;
54         %let lf_margin = 0.7in;
55         %let rg_margin = 0.7in;
56         
57         *proc contents data = &data; run;
58         
59         ods path sashelp.tmplmst(read) hchstyle.hchs_stp(read);
60         ods rtf file = "&homepath\code\&job.\&job._missing_pattern_&sysdate..rtf" bodytitle style=manuscrt;
NOTE: Writing RTF Body file: J:\HCHS\STATISTICS\GRAS\QAngarita\FLOR\MS1560\code\HC338352\HC338352_missing_pattern_23JUN25.rtf
61         ods noproctitle;
62         * Maternal socio-demographic and acu;
63          title1 J=center height=12pt bold font='TIMES ROMAN' "MS#1560 SOL/FLOR preconceptional factors and child weight" ;
64                  title3 J=center height=11pt bold font='TIMES ROMAN' 'Confidential/Not for distribution';
65                  title5 J=center height=12pt bold font='TIMES ROMAN' "^S={leftmargin=&lf_margin rightmargin=&rg_margin} Table 0.  Missing patterns of sociodemographic and
65       !  acculturation factors and child weight among Hispanic/Latina mother-child dyads in the HCHS/SOL Study";
66                  footnote1 J=left height=10pt font='TIMES ROMAN' "^S={leftmargin=&lf_margin rightmargin=&rg_margin} Variables BKGRD1_C7, AGE and LANG_PREF are not
66       ! included since have no missing data";
67         		 footnote2 J=left height=10pt font='TIMES ROMAN' "^S={leftmargin=&lf_margin rightmargin=&rg_margin} Abbrev: weight-for-age z-score (WAZ), health coverage
67       ! (N_HC), years in the US (YRSUS).";
68         		 footnote3 J=center height=10pt font='TIMES ROMAN' "&sysdate, &systime -- &job (&prg) using V1 and FLOR inv_use data";
69         proc mi data = &data nimpute = 0 displaypattern=nomeans;
70         	ods select MissPattern;
71         	var waz parity_v1 povpct accult_mesa marital_status employedyn education_c3 yrsus_c3 income_c2 n_hc;
72         run;

                                                                               The SAS System

NOTE: PROCEDURE MI used (Total process time):
      real time           0.10 seconds
      cpu time            0.01 seconds
      
NOTE: The PROCEDURE MI printed page 1.

73         
74         * Physical and mental health, anthropometry;
75          title1 J=center height=12pt bold font='TIMES ROMAN' "MS#1560 SOL/FLOR preconceptional factors and child weight" ;
76                  title3 J=center height=11pt bold font='TIMES ROMAN' 'Confidential/Not for distribution';
77                  title5 J=center height=12pt bold font='TIMES ROMAN' "^S={leftmargin=&lf_margin rightmargin=&rg_margin} Table 0.  Missing patterns of anthropometry and
77       ! physical and mental health factors and child weight among Hispanic/Latina mother-child dyads in the HCHS/SOL Study";
78                  footnote1 J=left height=10pt font='TIMES ROMAN' "^S={leftmargin=&lf_margin rightmargin=&rg_margin} The variable STAI10 was not updated for participants
78       ! born after Visit 2, since it was not measured at that visit.";
79         		 footnote2 J=left height=10pt font='TIMES ROMAN' "^S={leftmargin=&lf_margin rightmargin=&rg_margin} Abbrev: weight-for-age z-score (WAZ), 10-items state-trait
79       ! anxiety inventory (STAI10), waist girth (ANTA10a), Center for Epidemiologic Studies Depression Scale (CESD-10)";
80         		 footnote3 J=center height=10pt font='TIMES ROMAN' "&sysdate, &systime -- &job (&prg) using V1 and FLOR inv_use data";
81         proc mi data = &data nimpute = 0 displaypattern=nomeans;
82         	ods select MissPattern;
83         	var waz bmi anta10a height agg_ment agg_phys cesd10 stai10;
84         run;

NOTE: PROCEDURE MI used (Total process time):
      real time           0.04 seconds
      cpu time            0.01 seconds
      
NOTE: The PROCEDURE MI printed page 2.

85         
86         * Maternal Health behaviors;
87          title1 J=center height=12pt bold font='TIMES ROMAN' "MS#1560 SOL/FLOR preconceptional factors and child weight" ;
88                  title3 J=center height=11pt bold font='TIMES ROMAN' 'Confidential/Not for distribution';
89                  title5 J=center height=12pt bold font='TIMES ROMAN' "^S={leftmargin=&lf_margin rightmargin=&rg_margin} Table 0.  Missing patterns of maternal health
89       ! behaviors factors and child weight among Hispanic/Latina mother-child dyads in the HCHS/SOL Study";
90                  footnote1 J=left height=10pt font='TIMES ROMAN' "^S={leftmargin=&lf_margin rightmargin=&rg_margin} Abbrev: weight-for-age z-score (WAZ), health eating
90       ! index 2010 (HEI2010), sleep duration (SLPDUR).";
91         		 footnote2 J=center height=10pt font='TIMES ROMAN' "&sysdate, &systime -- &job (&prg) using V1 and FLOR inv_use data";
92         proc mi data = &data nimpute = 0 displaypattern=nomeans;
93         	ods select MissPattern;
94         	var waz current_smoker hei2010 alcohol_use pct_mvpa slpdur;
95         run;

NOTE: PROCEDURE MI used (Total process time):
      real time           0.04 seconds
      cpu time            0.01 seconds
      
NOTE: The PROCEDURE MI printed page 3.

96         
97         ods rtf close;
98         
99         proc printto; run;

