                                                          MS#1560 SOL/FLOR preconceptional factors and child weight
                                                                                      
                                                                      Confidential/Not for distribution
                                                                                      
^S={leftmargin=0.7in rightmargin=0.7in} Table 0.  Missing patterns of sociodemographic and acculturation factors and child weight among Hispanic/Latina mother-child dyads in

                                                                              The MI Procedure

                                                                            Missing Data Patterns
 
                                                      ACCULT_    MARITAL_                  EDUCATION_
               Group    WAZ    PARITY_V1    POVPCT    MESA       STATUS      EMPLOYEDYN    C3            YRSUS_C3    INCOME_C2    N_HC        Freq     Percent

                   1    X      X            X         X          X           X             X             X           X            X            187       64.26
                   2    X      X            X         X          X           .             X             X           X            X              1        0.34
                   3    X      X            X         X          X           .             X             X           X            .              3        1.03
                   4    X      X            .         X          X           X             X             X           X            X              8        2.75
                   5    X      X            .         X          X           X             X             X           .            X             22        7.56
                   6    X      X            .         .          X           X             X             .           .            X              1        0.34
                   7    X      X            .         .          X           .             X             X           .            .              1        0.34
                   8    X      X            .         .          .           .             .             .           .            .              1        0.34
                   9    X      .            X         X          X           X             X             X           X            X              3        1.03
                  10    .      X            X         X          X           X             X             X           X            X             55       18.90
                  11    .      X            X         X          X           X             X             X           X            .              2        0.69
                  12    .      X            .         X          X           X             X             X           X            X              3        1.03
                  13    .      X            .         X          X           X             X             X           .            X              3        1.03
                  14    .      X            .         .          X           X             X             .           .            X              1        0.34
 
 
 
 
 
 
 
 
 
 
 
 
 
 
 
 
 
 
 
 
 
 
 
 
 
 
 
 
 
                         ^S={leftmargin=0.7in rightmargin=0.7in} Variables BKGRD1_C7, AGE and LANG_PREF are not included since have no missing data
                       ^S={leftmargin=0.7in rightmargin=0.7in} Abbrev: weight-for-age z-score (WAZ), health coverage (N_HC), years in the US (YRSUS).
                                                       19AUG25, 10:53 -- HC338352 (AQA) using V1 and FLOR inv_use data
                                                          MS#1560 SOL/FLOR preconceptional factors and child weight
                                                                                      
                                                                      Confidential/Not for distribution
                                                                                      
^S={leftmargin=0.7in rightmargin=0.7in} Table 0.  Missing patterns of anthropometry and physical and mental health factors and child weight among Hispanic/Latina mother-chil

                                                                              The MI Procedure

                                                                            Missing Data Patterns
 
                                Group    WAZ    BMI    ANTA10A    HEIGHT    AGG_MENT    AGG_PHYS    CESD10    STAI10        Freq     Percent

                                    1    X      X      X          X         X           X           X         X              221       75.95
                                    2    X      X      X          X         X           X           .         .                5        1.72
                                    3    X      .      .          .         .           .           .         .                1        0.34
                                    4    .      X      X          X         X           X           X         X               62       21.31
                                    5    .      X      X          X         .           .           X         X                1        0.34
                                    6    .      .      X          .         X           X           X         X                1        0.34
 
 
 
 
 
 
 
 
 
 
 
 
 
 
 
 
 
 
 
 
 
 
 
 
 
 
 
 
 
 
 
 
 
 
 
 
 
 
          ^S={leftmargin=0.7in rightmargin=0.7in} The variable STAI10 was not updated for participants born after Visit 2, since it was not measured at that visit.
^S={leftmargin=0.7in rightmargin=0.7in} Abbrev: weight-for-age z-score (WAZ), 10-items state-trait anxiety inventory (STAI10), waist girth (ANTA10a), Center for Epidemiologi
                                                       19AUG25, 10:53 -- HC338352 (AQA) using V1 and FLOR inv_use data
                                                          MS#1560 SOL/FLOR preconceptional factors and child weight
                                                                                      
                                                                      Confidential/Not for distribution
                                                                                      
^S={leftmargin=0.7in rightmargin=0.7in} Table 0.  Missing patterns of maternal health behaviors factors and child weight among Hispanic/Latina mother-child dyads in the HCHS

                                                                              The MI Procedure

                                                                            Missing Data Patterns
 
                                                        CURRENT_               ALCOHOL_
                                        Group    WAZ    SMOKER      HEI2010    USE         PCT_MVPA    SLPDUR        Freq     Percent

                                            1    X      X           X          X           X           X              158       54.30
                                            2    X      X           X          X           X           .                7        2.41
                                            3    X      X           X          X           .           X               57       19.59
                                            4    X      X           X          X           .           .                4        1.37
                                            5    X      .           .          .           .           .                1        0.34
                                            6    .      X           X          X           X           X               45       15.46
                                            7    .      X           X          X           X           .                6        2.06
                                            8    .      X           X          X           .           X               13        4.47
 
 
 
 
 
 
 
 
 
 
 
 
 
 
 
 
 
 
 
 
 
 
 
 
 
 
 
 
 
 
 
 
 
 
 
 
                 ^S={leftmargin=0.7in rightmargin=0.7in} Abbrev: weight-for-age z-score (WAZ), health eating index 2010 (HEI2010), sleep duration (SLPDUR).
                                                       19AUG25, 10:53 -- HC338352 (AQA) using V1 and FLOR inv_use data
