NOTE: PROCEDURE PRINTTO used (Total process time):
      real time           0.02 seconds
      cpu time            0.00 seconds
      

6          
7          /**********************************************************
8          *                                                         *
9          *  SAS PROGRAM - QC DATASET JOB HC3383 					  *
10         *                                                         *
11         ***********************************************************
12         *                                                         *
13         *  PROGRAM NAME: hc338356b.sas
14         *
15         *  PROGRAMMER: Álvaro Quijano (AQ)
16         *
17         *  DESCRIPTION: Mediation analysis using CAUSALMED procedure
18         *				Print table 3b.and include child_prs_bmi_a
19         * ---------------------------------------------------------
20         *
21         *  JOB NUMBER: hc338356b
22         *
23         *  PREVIOUS JOB:
24         *
25         *  LANGUAGE: SAS 9.4
26         *
27         *  VERSION CONTROL:
28         					19aug25: create the file
29         					20aug25: rename output table
2                                                          The SAS System                           15:53 Wednesday, August 20, 2025

30         							 input dataset
31         * ----------------------------------------------------------
32         *
33         *  INPUT: &homepath.\data\hc338353_imputed_data_19aug25
34         *
35         *  OUTPUT: &homepath.\code\hc338356\hc338356_Table3b_&sysdate..rtf
36         *
37         **********************************************************/
38         options nodate formchar = "|----|+|---+=|-/\<>*" nonumber PS=59 LS=173;
39         ods escapechar '^';
40         
41         * Set libraries name;
42         libname data "&homepath.\data";
NOTE: Libref DATA was successfully assigned as follows: 
      Engine:        V9 
      Physical Name: J:\HCHS\STATISTICS\GRAS\QAngarita\FLOR\MS1560\data
43         libname hchstyle 'J:\hchs\sc\styledef\sty904';
NOTE: Libref HCHSTYLE was successfully assigned as follows: 
      Engine:        V9 
      Physical Name: J:\hchs\sc\styledef\sty904
44         
45         * Set macro variables;
46         %let prg = AQA;
47         %put NOTE: JOB &job.;
NOTE: JOB HC338356b
48         %let db_in = data.hc338353_imputed_data_20aug25;
49         %let lf_margin = 0.7in;
50         %let rg_margin = 0.7in;
51         
52         * Include sas scripts with formats and macros;
53         %include "&homepath.\code\HC338390\HC338390.sas";
NOTE: Format BKGRD1_C7NOMISS_FMT has been output.
NOTE: Format PV has been output.
NOTE: Format CENTERNUM_FMT has been output.
NOTE: Format LANG_PREF_FMT has been output.
NOTE: Format MARITAL_STATUS_FMT has been output.
NOTE: Format EDUCATION_C3_FMT has been output.
NOTE: Format N_HC_FMT has been output.
NOTE: Format INCOME_C2_FMT has been output.
NOTE: Format YRSUS_C3_FMT has been output.
NOTE: Format EMPLOYEDYN_FMT has been output.
NOTE: Format ALCOHOL_USE_FMT has been output.
NOTE: Format $STAT has been output.
NOTE: Format PV is already on the library WORK.FORMATS.
NOTE: Format PV has been output.
NOTE: Format YN_FMT has been output.
NOTE: Format BLANKDOT has been output.
NOTE: Format REFNUM has been output.
NOTE: The NEGPAREN (in)format was specified on the right-hand side of an equal sign, but without a length specification. PROC FORMAT will assume a default length of at 
      least 40 for the format being generated. If this is an insufficient width, you can rerun PROC FORMAT with an explicit width for the NEGPAREN (in)format, or provide a 
      sufficient DEFAULT= option.
NOTE: Format PAREN has been output.

NOTE: PROCEDURE FORMAT used (Total process time):
      real time           0.02 seconds
      cpu time            0.01 seconds
      
                                                                               The SAS System


133        %include "&homepath.\code\HC338391\HC3383_labels.sas";
223        
224        * count ids;
225        proc sql noprint;
226        	select count(distinct id) into:n_ids
227        	from &db_in.
228        	where _imputation_ = 1;
229        quit;
NOTE: PROCEDURE SQL used (Total process time):
      real time           0.09 seconds
      cpu time            0.00 seconds
      

230        
231        * define macro variables;
232        %let adjust_var = centernum yrsv1birth bkgrd1_c7nomiss income_c2 lang_pref parity_v1
233        						povpct marital_status employedyn education_c3 n_hc;
234        
235        * creates the dummy;
236        data db_in;
237        	set &db_in.;
238        
239        	* Years in the U.S.;
240        	yrsus_c3_l10 = (yrsus_c3=1);
241        	yrsus_c3_g10 = (yrsus_c3=2);
242        
243        	* create dummy variables;
244        	alcohol_use_former = (alcohol_use=2);
245        	alcohol_use_current = (alcohol_use=3);
246        run;

NOTE: There were 2910 observations read from the data set DATA.HC338353_IMPUTED_DATA_20AUG25.
NOTE: The data set WORK.DB_IN has 2910 observations and 275 variables.
NOTE: DATA statement used (Total process time):
      real time           0.01 seconds
      cpu time            0.01 seconds
      

247        
248        %macro run_mediation(var=, covar=);
249        
250        	* Mediation Analysis;
251        	proc causalmed data = db_in;
252        		by _imputation_;
253        		class centernum(ref="BRONX") income_c2 lang_pref(ref="ENGLISH") bkgrd1_c7nomiss(ref='MEXICAN')
254        			marital_status(ref='SINGLE') employedyn(ref="NOT_EMPLOYED") education_c3(ref='N_HIGHSCHOOL_GED')
255        			n_hc(ref="YES") ;
256        		model waz = birthwt_ga_z &var.;
257        		mediator birthwt_ga_z = &var.;
258        		covar &adjust_var. &covar.;
259        		ods output EffectSummary = db_&var._0;
260        		format centernum centernum_fmt. income_c2 income_c2_fmt. lang_pref lang_pref_fmt. n_hc n_hc_fmt.
261        			bkgrd1_c7nomiss bkgrd1_c7nomiss_fmt. marital_status marital_status_fmt. employedyn employedyn_fmt.
262        			 education_c3 education_c3_fmt. centernum centernum_fmt. alcohol_use alcohol_use_fmt. ;
263        	run;
264        
                                                                               The SAS System

265        	* Sort dataset and exclude missing values;
266        	proc sort data = db_&var._0;
267        		by Effect;
268        		where Effect ^= 'Percentage Due to Interaction';
269        	run;
270        
271        	* Combine values in the M imputed datasets;
272        	ods output ParameterEstimates = db_pooled; run;
273        	proc mianalyze data = db_&var._0;
274        		by Effect;
275        		modeleffects Estimate;
276        		stderr StdErr;
277        	run;
278        
279        	* edit dataset;
280        	data db_&var.;
281        		set db_pooled;
282        		keep Variable Eff Estimate LCLMean UCLMean;
283        		length Eff $ 8;	
284        		length variable $20;
285        		Variable = "&var.";
286        
287        		* Create Eff variable;
288        		if Effect = 'Natural Direct Effect (NDE)' then Eff='Direct';
289        		if Effect = 'Natural Indirect Effect (NIE)' then Eff='Indirect';
290        		if Effect = 'Total Effect' then Eff = 'Total';
291        
292        		* select rows in output dataset;
293        		if Eff in ('Direct','Indirect','Total');
294        run;
295        %mend run_mediation;
296        
297        * run the macro;
298        %run_mediation(var=CHILD_PRS_BMI_A, covar=BMI ANTA10A height agg_ment agg_phys cesd10 stai10 current_smoker hei2010 alcohol_use_former alcohol_use_current
298      ! pct_mvpa slpdur yrsus_c3_g10);

NOTE: The data set WORK.DB_CHILD_PRS_BMI_A_0 has 70 observations and 8 variables.
NOTE: The PROCEDURE CAUSALMED printed pages 1-20.
NOTE: PROCEDURE CAUSALMED used (Total process time):
      real time           0.35 seconds
      cpu time            0.15 seconds
      


NOTE: There were 60 observations read from the data set WORK.DB_CHILD_PRS_BMI_A_0.
      WHERE Effect not = 'Percentage Due to Interaction';
NOTE: The data set WORK.DB_CHILD_PRS_BMI_A_0 has 60 observations and 8 variables.
NOTE: PROCEDURE SORT used (Total process time):
      real time           0.00 seconds
      cpu time            0.00 seconds
      


NOTE: The data set WORK.DB_POOLED has 6 observations and 13 variables.
NOTE: The PROCEDURE MIANALYZE printed pages 21-26.
NOTE: PROCEDURE MIANALYZE used (Total process time):
      real time           0.06 seconds
                                                                               The SAS System

      cpu time            0.01 seconds
      


NOTE: There were 6 observations read from the data set WORK.DB_POOLED.
NOTE: The data set WORK.DB_CHILD_PRS_BMI_A has 3 observations and 5 variables.
NOTE: DATA statement used (Total process time):
      real time           0.01 seconds
      cpu time            0.00 seconds
      

299        %run_mediation(var=YRSUS_C3_L10, covar=BMI ANTA10A height agg_ment agg_phys cesd10 stai10 current_smoker hei2010 alcohol_use_former alcohol_use_current pct_mvpa
299      ! slpdur yrsus_c3_g10 CHILD_PRS_BMI_A);

NOTE: The data set WORK.DB_YRSUS_C3_L10_0 has 70 observations and 8 variables.
NOTE: The PROCEDURE CAUSALMED printed pages 27-46.
NOTE: PROCEDURE CAUSALMED used (Total process time):
      real time           0.48 seconds
      cpu time            0.14 seconds
      


NOTE: There were 60 observations read from the data set WORK.DB_YRSUS_C3_L10_0.
      WHERE Effect not = 'Percentage Due to Interaction';
NOTE: The data set WORK.DB_YRSUS_C3_L10_0 has 60 observations and 8 variables.
NOTE: PROCEDURE SORT used (Total process time):
      real time           0.00 seconds
      cpu time            0.00 seconds
      


NOTE: The data set WORK.DB_POOLED has 6 observations and 13 variables.
NOTE: The PROCEDURE MIANALYZE printed pages 47-52.
NOTE: PROCEDURE MIANALYZE used (Total process time):
      real time           0.02 seconds
      cpu time            0.00 seconds
      


NOTE: There were 6 observations read from the data set WORK.DB_POOLED.
NOTE: The data set WORK.DB_YRSUS_C3_L10 has 3 observations and 5 variables.
NOTE: DATA statement used (Total process time):
      real time           0.00 seconds
      cpu time            0.00 seconds
      

300        %run_mediation(var=YRSUS_C3_G10, covar=BMI ANTA10A height agg_ment agg_phys cesd10 stai10 current_smoker hei2010 alcohol_use_former alcohol_use_current pct_mvpa
300      ! slpdur yrsus_c3_l10 CHILD_PRS_BMI_A);

NOTE: The data set WORK.DB_YRSUS_C3_G10_0 has 70 observations and 8 variables.
NOTE: The PROCEDURE CAUSALMED printed pages 53-72.
NOTE: PROCEDURE CAUSALMED used (Total process time):
      real time           0.31 seconds
      cpu time            0.18 seconds
      


                                                                               The SAS System

NOTE: There were 60 observations read from the data set WORK.DB_YRSUS_C3_G10_0.
      WHERE Effect not = 'Percentage Due to Interaction';
NOTE: The data set WORK.DB_YRSUS_C3_G10_0 has 60 observations and 8 variables.
NOTE: PROCEDURE SORT used (Total process time):
      real time           0.00 seconds
      cpu time            0.00 seconds
      


NOTE: The data set WORK.DB_POOLED has 6 observations and 13 variables.
NOTE: The PROCEDURE MIANALYZE printed pages 73-78.
NOTE: PROCEDURE MIANALYZE used (Total process time):
      real time           0.02 seconds
      cpu time            0.03 seconds
      


NOTE: There were 6 observations read from the data set WORK.DB_POOLED.
NOTE: The data set WORK.DB_YRSUS_C3_G10 has 3 observations and 5 variables.
NOTE: DATA statement used (Total process time):
      real time           0.00 seconds
      cpu time            0.01 seconds
      

301        %run_mediation(var=BMI, covar=ANTA10A height agg_ment agg_phys cesd10 stai10 current_smoker hei2010 alcohol_use_former alcohol_use_current pct_mvpa slpdur
301      ! yrsus_c3_l10 yrsus_c3_g10 CHILD_PRS_BMI_A);

NOTE: The data set WORK.DB_BMI_0 has 70 observations and 8 variables.
NOTE: The PROCEDURE CAUSALMED printed pages 79-98.
NOTE: PROCEDURE CAUSALMED used (Total process time):
      real time           0.34 seconds
      cpu time            0.12 seconds
      


NOTE: There were 60 observations read from the data set WORK.DB_BMI_0.
      WHERE Effect not = 'Percentage Due to Interaction';
NOTE: The data set WORK.DB_BMI_0 has 60 observations and 8 variables.
NOTE: PROCEDURE SORT used (Total process time):
      real time           0.01 seconds
      cpu time            0.00 seconds
      


NOTE: The data set WORK.DB_POOLED has 6 observations and 13 variables.
NOTE: The PROCEDURE MIANALYZE printed pages 99-104.
NOTE: PROCEDURE MIANALYZE used (Total process time):
      real time           0.02 seconds
      cpu time            0.00 seconds
      


NOTE: There were 6 observations read from the data set WORK.DB_POOLED.
NOTE: The data set WORK.DB_BMI has 3 observations and 5 variables.
NOTE: DATA statement used (Total process time):
      real time           0.00 seconds
      cpu time            0.00 seconds
                                                                               The SAS System

      

302        %run_mediation(var=ANTA10A, covar=BMI height agg_ment agg_phys cesd10 stai10 current_smoker hei2010 alcohol_use_former alcohol_use_current pct_mvpa slpdur
302      ! yrsus_c3_l10 yrsus_c3_g10 CHILD_PRS_BMI_A);

NOTE: The data set WORK.DB_ANTA10A_0 has 70 observations and 8 variables.
NOTE: The PROCEDURE CAUSALMED printed pages 105-124.
NOTE: PROCEDURE CAUSALMED used (Total process time):
      real time           0.49 seconds
      cpu time            0.17 seconds
      


NOTE: There were 60 observations read from the data set WORK.DB_ANTA10A_0.
      WHERE Effect not = 'Percentage Due to Interaction';
NOTE: The data set WORK.DB_ANTA10A_0 has 60 observations and 8 variables.
NOTE: PROCEDURE SORT used (Total process time):
      real time           0.00 seconds
      cpu time            0.00 seconds
      


NOTE: The data set WORK.DB_POOLED has 6 observations and 13 variables.
NOTE: The PROCEDURE MIANALYZE printed pages 125-130.
NOTE: PROCEDURE MIANALYZE used (Total process time):
      real time           0.04 seconds
      cpu time            0.00 seconds
      


NOTE: There were 6 observations read from the data set WORK.DB_POOLED.
NOTE: The data set WORK.DB_ANTA10A has 3 observations and 5 variables.
NOTE: DATA statement used (Total process time):
      real time           0.00 seconds
      cpu time            0.00 seconds
      

303        %run_mediation(var=HEIGHT, covar=ANTA10A BMI agg_ment agg_phys cesd10 stai10 current_smoker hei2010 alcohol_use_former alcohol_use_current pct_mvpa slpdur
303      ! yrsus_c3_l10 yrsus_c3_g10 CHILD_PRS_BMI_A);

NOTE: The data set WORK.DB_HEIGHT_0 has 70 observations and 8 variables.
NOTE: The PROCEDURE CAUSALMED printed pages 131-150.
NOTE: PROCEDURE CAUSALMED used (Total process time):
      real time           0.41 seconds
      cpu time            0.18 seconds
      


NOTE: There were 60 observations read from the data set WORK.DB_HEIGHT_0.
      WHERE Effect not = 'Percentage Due to Interaction';
NOTE: The data set WORK.DB_HEIGHT_0 has 60 observations and 8 variables.
NOTE: PROCEDURE SORT used (Total process time):
      real time           0.00 seconds
      cpu time            0.00 seconds
      


                                                                               The SAS System

NOTE: The data set WORK.DB_POOLED has 6 observations and 13 variables.
NOTE: The PROCEDURE MIANALYZE printed pages 151-156.
NOTE: PROCEDURE MIANALYZE used (Total process time):
      real time           0.03 seconds
      cpu time            0.00 seconds
      


NOTE: There were 6 observations read from the data set WORK.DB_POOLED.
NOTE: The data set WORK.DB_HEIGHT has 3 observations and 5 variables.
NOTE: DATA statement used (Total process time):
      real time           0.00 seconds
      cpu time            0.00 seconds
      

304        %run_mediation(var=AGG_MENT, covar=ANTA10A BMI HEIGHT agg_phys cesd10 stai10 current_smoker hei2010 alcohol_use_former alcohol_use_current pct_mvpa slpdur
304      ! yrsus_c3_l10 yrsus_c3_g10 CHILD_PRS_BMI_A);

NOTE: The data set WORK.DB_AGG_MENT_0 has 70 observations and 8 variables.
NOTE: The PROCEDURE CAUSALMED printed pages 157-176.
NOTE: PROCEDURE CAUSALMED used (Total process time):
      real time           0.47 seconds
      cpu time            0.23 seconds
      


NOTE: There were 60 observations read from the data set WORK.DB_AGG_MENT_0.
      WHERE Effect not = 'Percentage Due to Interaction';
NOTE: The data set WORK.DB_AGG_MENT_0 has 60 observations and 8 variables.
NOTE: PROCEDURE SORT used (Total process time):
      real time           0.01 seconds
      cpu time            0.00 seconds
      


NOTE: The data set WORK.DB_POOLED has 6 observations and 13 variables.
NOTE: The PROCEDURE MIANALYZE printed pages 177-182.
NOTE: PROCEDURE MIANALYZE used (Total process time):
      real time           0.03 seconds
      cpu time            0.00 seconds
      


NOTE: There were 6 observations read from the data set WORK.DB_POOLED.
NOTE: The data set WORK.DB_AGG_MENT has 3 observations and 5 variables.
NOTE: DATA statement used (Total process time):
      real time           0.00 seconds
      cpu time            0.01 seconds
      

305        %run_mediation(var=AGG_PHYS, covar=ANTA10A BMI HEIGHT agg_ment cesd10 stai10 current_smoker hei2010 alcohol_use_former alcohol_use_current pct_mvpa slpdur
305      ! yrsus_c3_l10 yrsus_c3_g10 CHILD_PRS_BMI_A);

NOTE: The data set WORK.DB_AGG_PHYS_0 has 70 observations and 8 variables.
NOTE: The PROCEDURE CAUSALMED printed pages 183-202.
NOTE: PROCEDURE CAUSALMED used (Total process time):
      real time           0.50 seconds
                                                                               The SAS System

      cpu time            0.15 seconds
      


NOTE: There were 60 observations read from the data set WORK.DB_AGG_PHYS_0.
      WHERE Effect not = 'Percentage Due to Interaction';
NOTE: The data set WORK.DB_AGG_PHYS_0 has 60 observations and 8 variables.
NOTE: PROCEDURE SORT used (Total process time):
      real time           0.00 seconds
      cpu time            0.00 seconds
      


NOTE: The data set WORK.DB_POOLED has 6 observations and 13 variables.
NOTE: The PROCEDURE MIANALYZE printed pages 203-208.
NOTE: PROCEDURE MIANALYZE used (Total process time):
      real time           0.02 seconds
      cpu time            0.00 seconds
      


NOTE: There were 6 observations read from the data set WORK.DB_POOLED.
NOTE: The data set WORK.DB_AGG_PHYS has 3 observations and 5 variables.
NOTE: DATA statement used (Total process time):
      real time           0.01 seconds
      cpu time            0.00 seconds
      

306        %run_mediation(var=CESD10, covar=ANTA10A BMI HEIGHT agg_ment agg_phys stai10 current_smoker hei2010 alcohol_use_former alcohol_use_current pct_mvpa slpdur
306      ! yrsus_c3_l10 yrsus_c3_g10 CHILD_PRS_BMI_A);

NOTE: The data set WORK.DB_CESD10_0 has 70 observations and 8 variables.
NOTE: The PROCEDURE CAUSALMED printed pages 209-228.
NOTE: PROCEDURE CAUSALMED used (Total process time):
      real time           0.41 seconds
      cpu time            0.11 seconds
      


NOTE: There were 60 observations read from the data set WORK.DB_CESD10_0.
      WHERE Effect not = 'Percentage Due to Interaction';
NOTE: The data set WORK.DB_CESD10_0 has 60 observations and 8 variables.
NOTE: PROCEDURE SORT used (Total process time):
      real time           0.02 seconds
      cpu time            0.00 seconds
      


NOTE: The data set WORK.DB_POOLED has 6 observations and 13 variables.
NOTE: The PROCEDURE MIANALYZE printed pages 229-234.
NOTE: PROCEDURE MIANALYZE used (Total process time):
      real time           0.04 seconds
      cpu time            0.00 seconds
      


NOTE: There were 6 observations read from the data set WORK.DB_POOLED.
                                                                               The SAS System

NOTE: The data set WORK.DB_CESD10 has 3 observations and 5 variables.
NOTE: DATA statement used (Total process time):
      real time           0.01 seconds
      cpu time            0.00 seconds
      

307        %run_mediation(var=STAI10, covar=ANTA10A BMI HEIGHT agg_ment agg_phys cesd10 current_smoker hei2010 alcohol_use_former alcohol_use_current pct_mvpa slpdur
307      ! yrsus_c3_l10 yrsus_c3_g10 CHILD_PRS_BMI_A);

NOTE: The data set WORK.DB_STAI10_0 has 70 observations and 8 variables.
NOTE: The PROCEDURE CAUSALMED printed pages 235-254.
NOTE: PROCEDURE CAUSALMED used (Total process time):
      real time           0.42 seconds
      cpu time            0.17 seconds
      


NOTE: There were 60 observations read from the data set WORK.DB_STAI10_0.
      WHERE Effect not = 'Percentage Due to Interaction';
NOTE: The data set WORK.DB_STAI10_0 has 60 observations and 8 variables.
NOTE: PROCEDURE SORT used (Total process time):
      real time           0.00 seconds
      cpu time            0.00 seconds
      


NOTE: The data set WORK.DB_POOLED has 6 observations and 13 variables.
NOTE: The PROCEDURE MIANALYZE printed pages 255-260.
NOTE: PROCEDURE MIANALYZE used (Total process time):
      real time           0.03 seconds
      cpu time            0.00 seconds
      


NOTE: There were 6 observations read from the data set WORK.DB_POOLED.
NOTE: The data set WORK.DB_STAI10 has 3 observations and 5 variables.
NOTE: DATA statement used (Total process time):
      real time           0.00 seconds
      cpu time            0.00 seconds
      

308        %run_mediation(var=CURRENT_SMOKER, covar=ANTA10A BMI HEIGHT agg_ment agg_phys cesd10 stai10 hei2010 alcohol_use_former alcohol_use_current pct_mvpa slpdur
308      ! yrsus_c3_l10 yrsus_c3_g10 CHILD_PRS_BMI_A);

NOTE: The data set WORK.DB_CURRENT_SMOKER_0 has 70 observations and 8 variables.
NOTE: The PROCEDURE CAUSALMED printed pages 261-280.
NOTE: PROCEDURE CAUSALMED used (Total process time):
      real time           0.36 seconds
      cpu time            0.18 seconds
      


NOTE: There were 60 observations read from the data set WORK.DB_CURRENT_SMOKER_0.
      WHERE Effect not = 'Percentage Due to Interaction';
NOTE: The data set WORK.DB_CURRENT_SMOKER_0 has 60 observations and 8 variables.
NOTE: PROCEDURE SORT used (Total process time):
      real time           0.00 seconds
                                                                               The SAS System

      cpu time            0.00 seconds
      


NOTE: The data set WORK.DB_POOLED has 6 observations and 13 variables.
NOTE: The PROCEDURE MIANALYZE printed pages 281-286.
NOTE: PROCEDURE MIANALYZE used (Total process time):
      real time           0.01 seconds
      cpu time            0.00 seconds
      


NOTE: There were 6 observations read from the data set WORK.DB_POOLED.
NOTE: The data set WORK.DB_CURRENT_SMOKER has 3 observations and 5 variables.
NOTE: DATA statement used (Total process time):
      real time           0.00 seconds
      cpu time            0.00 seconds
      

309        %run_mediation(var=HEI2010, covar=ANTA10A BMI HEIGHT agg_ment agg_phys cesd10 stai10 current_smoker alcohol_use_former alcohol_use_current pct_mvpa slpdur
309      ! yrsus_c3_l10 yrsus_c3_g10 CHILD_PRS_BMI_A);

NOTE: The data set WORK.DB_HEI2010_0 has 70 observations and 8 variables.
NOTE: The PROCEDURE CAUSALMED printed pages 287-306.
NOTE: PROCEDURE CAUSALMED used (Total process time):
      real time           0.31 seconds
      cpu time            0.24 seconds
      


NOTE: There were 60 observations read from the data set WORK.DB_HEI2010_0.
      WHERE Effect not = 'Percentage Due to Interaction';
NOTE: The data set WORK.DB_HEI2010_0 has 60 observations and 8 variables.
NOTE: PROCEDURE SORT used (Total process time):
      real time           0.00 seconds
      cpu time            0.00 seconds
      


NOTE: The data set WORK.DB_POOLED has 6 observations and 13 variables.
NOTE: The PROCEDURE MIANALYZE printed pages 307-312.
NOTE: PROCEDURE MIANALYZE used (Total process time):
      real time           0.02 seconds
      cpu time            0.04 seconds
      


NOTE: There were 6 observations read from the data set WORK.DB_POOLED.
NOTE: The data set WORK.DB_HEI2010 has 3 observations and 5 variables.
NOTE: DATA statement used (Total process time):
      real time           0.00 seconds
      cpu time            0.00 seconds
      

310        %run_mediation(var=ALCOHOL_USE_FORMER, covar=ANTA10A BMI HEIGHT agg_ment agg_phys cesd10 stai10 current_smoker hei2010 alcohol_use_current pct_mvpa slpdur
310      ! yrsus_c3_l10 yrsus_c3_g10 CHILD_PRS_BMI_A);

                                                                               The SAS System

NOTE: The data set WORK.DB_ALCOHOL_USE_FORMER_0 has 70 observations and 8 variables.
NOTE: The PROCEDURE CAUSALMED printed pages 313-332.
NOTE: PROCEDURE CAUSALMED used (Total process time):
      real time           0.47 seconds
      cpu time            0.20 seconds
      


NOTE: There were 60 observations read from the data set WORK.DB_ALCOHOL_USE_FORMER_0.
      WHERE Effect not = 'Percentage Due to Interaction';
NOTE: The data set WORK.DB_ALCOHOL_USE_FORMER_0 has 60 observations and 8 variables.
NOTE: PROCEDURE SORT used (Total process time):
      real time           0.00 seconds
      cpu time            0.00 seconds
      


NOTE: The data set WORK.DB_POOLED has 6 observations and 13 variables.
NOTE: The PROCEDURE MIANALYZE printed pages 333-338.
NOTE: PROCEDURE MIANALYZE used (Total process time):
      real time           0.02 seconds
      cpu time            0.01 seconds
      


NOTE: There were 6 observations read from the data set WORK.DB_POOLED.
NOTE: The data set WORK.DB_ALCOHOL_USE_FORMER has 3 observations and 5 variables.
NOTE: DATA statement used (Total process time):
      real time           0.00 seconds
      cpu time            0.00 seconds
      

311        %run_mediation(var=ALCOHOL_USE_CURRENT, covar=ANTA10A BMI HEIGHT agg_ment agg_phys cesd10 stai10 current_smoker hei2010 alcohol_use_former pct_mvpa slpdur
311      ! yrsus_c3_l10 yrsus_c3_g10 CHILD_PRS_BMI_A);

NOTE: The data set WORK.DB_ALCOHOL_USE_CURRENT_0 has 70 observations and 8 variables.
NOTE: The PROCEDURE CAUSALMED printed pages 339-358.
NOTE: PROCEDURE CAUSALMED used (Total process time):
      real time           0.30 seconds
      cpu time            0.29 seconds
      


NOTE: There were 60 observations read from the data set WORK.DB_ALCOHOL_USE_CURRENT_0.
      WHERE Effect not = 'Percentage Due to Interaction';
NOTE: The data set WORK.DB_ALCOHOL_USE_CURRENT_0 has 60 observations and 8 variables.
NOTE: PROCEDURE SORT used (Total process time):
      real time           0.00 seconds
      cpu time            0.00 seconds
      


NOTE: The data set WORK.DB_POOLED has 6 observations and 13 variables.
NOTE: The PROCEDURE MIANALYZE printed pages 359-364.
NOTE: PROCEDURE MIANALYZE used (Total process time):
      real time           0.02 seconds
      cpu time            0.03 seconds
                                                                               The SAS System

      


NOTE: There were 6 observations read from the data set WORK.DB_POOLED.
NOTE: The data set WORK.DB_ALCOHOL_USE_CURRENT has 3 observations and 5 variables.
NOTE: DATA statement used (Total process time):
      real time           0.01 seconds
      cpu time            0.00 seconds
      

312        %run_mediation(var=PCT_MVPA, covar=ANTA10A BMI HEIGHT agg_ment agg_phys cesd10 stai10 current_smoker hei2010 alcohol_use_former alcohol_use_current slpdur
312      ! yrsus_c3_l10 yrsus_c3_g10 CHILD_PRS_BMI_A);

NOTE: The data set WORK.DB_PCT_MVPA_0 has 70 observations and 8 variables.
NOTE: The PROCEDURE CAUSALMED printed pages 365-384.
NOTE: PROCEDURE CAUSALMED used (Total process time):
      real time           0.31 seconds
      cpu time            0.23 seconds
      


NOTE: There were 60 observations read from the data set WORK.DB_PCT_MVPA_0.
      WHERE Effect not = 'Percentage Due to Interaction';
NOTE: The data set WORK.DB_PCT_MVPA_0 has 60 observations and 8 variables.
NOTE: PROCEDURE SORT used (Total process time):
      real time           0.00 seconds
      cpu time            0.00 seconds
      


NOTE: The data set WORK.DB_POOLED has 6 observations and 13 variables.
NOTE: The PROCEDURE MIANALYZE printed pages 385-390.
NOTE: PROCEDURE MIANALYZE used (Total process time):
      real time           0.01 seconds
      cpu time            0.01 seconds
      


NOTE: There were 6 observations read from the data set WORK.DB_POOLED.
NOTE: The data set WORK.DB_PCT_MVPA has 3 observations and 5 variables.
NOTE: DATA statement used (Total process time):
      real time           0.00 seconds
      cpu time            0.01 seconds
      

313        %run_mediation(var=SLPDUR, covar=ANTA10A BMI HEIGHT agg_ment agg_phys cesd10 stai10 current_smoker hei2010 alcohol_use_former alcohol_use_current pct_mvpa
313      ! yrsus_c3_l10 yrsus_c3_g10 CHILD_PRS_BMI_A);

NOTE: The data set WORK.DB_SLPDUR_0 has 70 observations and 8 variables.
NOTE: The PROCEDURE CAUSALMED printed pages 391-410.
NOTE: PROCEDURE CAUSALMED used (Total process time):
      real time           0.40 seconds
      cpu time            0.17 seconds
      


NOTE: There were 60 observations read from the data set WORK.DB_SLPDUR_0.
                                                                               The SAS System

      WHERE Effect not = 'Percentage Due to Interaction';
NOTE: The data set WORK.DB_SLPDUR_0 has 60 observations and 8 variables.
NOTE: PROCEDURE SORT used (Total process time):
      real time           0.00 seconds
      cpu time            0.00 seconds
      


NOTE: The data set WORK.DB_POOLED has 6 observations and 13 variables.
NOTE: The PROCEDURE MIANALYZE printed pages 411-416.
NOTE: PROCEDURE MIANALYZE used (Total process time):
      real time           0.02 seconds
      cpu time            0.00 seconds
      


NOTE: There were 6 observations read from the data set WORK.DB_POOLED.
NOTE: The data set WORK.DB_SLPDUR has 3 observations and 5 variables.
NOTE: DATA statement used (Total process time):
      real time           0.01 seconds
      cpu time            0.00 seconds
      

314        
315        * Merge datasets;
316        data db_join;
317        	set db_YRSUS_C3_L10 db_YRSUS_C3_G10 db_BMI db_ANTA10A db_HEIGHT db_AGG_MENT db_AGG_PHYS db_CESD10 db_STAI10 db_CURRENT_SMOKER
318        			db_HEI2010 db_ALCOHOL_USE_FORMER db_ALCOHOL_USE_CURRENT db_PCT_MVPA db_SLPDUR db_CHILD_PRS_BMI_A;
319        	
320        	* create the column estimate (95% CI);
321        	length est_ci $40;
322          	est_ci = compress(put(Estimate,8.2)) || " (" || compress(put(LCLMean,8.3) || ", ") || compress(put(UCLMean,8.3) || ")");
323        run;

NOTE: There were 3 observations read from the data set WORK.DB_YRSUS_C3_L10.
NOTE: There were 3 observations read from the data set WORK.DB_YRSUS_C3_G10.
NOTE: There were 3 observations read from the data set WORK.DB_BMI.
NOTE: There were 3 observations read from the data set WORK.DB_ANTA10A.
NOTE: There were 3 observations read from the data set WORK.DB_HEIGHT.
NOTE: There were 3 observations read from the data set WORK.DB_AGG_MENT.
NOTE: There were 3 observations read from the data set WORK.DB_AGG_PHYS.
NOTE: There were 3 observations read from the data set WORK.DB_CESD10.
NOTE: There were 3 observations read from the data set WORK.DB_STAI10.
NOTE: There were 3 observations read from the data set WORK.DB_CURRENT_SMOKER.
NOTE: There were 3 observations read from the data set WORK.DB_HEI2010.
NOTE: There were 3 observations read from the data set WORK.DB_ALCOHOL_USE_FORMER.
NOTE: There were 3 observations read from the data set WORK.DB_ALCOHOL_USE_CURRENT.
NOTE: There were 3 observations read from the data set WORK.DB_PCT_MVPA.
NOTE: There were 3 observations read from the data set WORK.DB_SLPDUR.
NOTE: There were 3 observations read from the data set WORK.DB_CHILD_PRS_BMI_A.
NOTE: The data set WORK.DB_JOIN has 48 observations and 6 variables.
NOTE: DATA statement used (Total process time):
      real time           0.01 seconds
      cpu time            0.00 seconds
      

324        
                                                                               The SAS System

325        * insert reference values;
326        proc sql;
327         	insert into db_join
328        		values(.,.,.,'Direct','CURRENT_SMOKER_NO','Ref.')
329        		values(.,.,.,'Direct','ALCOHOL_USE_NEVER','Ref.')
330        		values(.,.,.,'Direct','YRSUS_C3_US_BORN','Ref.');
NOTE: 3 rows were inserted into WORK.DB_JOIN.

331        quit;
NOTE: PROCEDURE SQL used (Total process time):
      real time           0.00 seconds
      cpu time            0.00 seconds
      

332        
333        * Add labels into the dataset;
334        data db_join;
335        	set db_join;
336        	%labels;
337        run;

NOTE: Variable model is uninitialized.
NOTE: Variable probt is uninitialized.
NOTE: Variable stderr is uninitialized.
NOTE: Missing values were generated as a result of performing an operation on missing values.
      Each place is given by: (Number of times) at (Line):(Column).
      51 at 336:141   
NOTE: There were 51 observations read from the data set WORK.DB_JOIN.
NOTE: The data set WORK.DB_JOIN has 51 observations and 13 variables.
NOTE: DATA statement used (Total process time):
      real time           0.01 seconds
      cpu time            0.00 seconds
      

338        
339        * Sorting the dataset;
340        proc sort data=db_join; by label order eff; run;

NOTE: There were 51 observations read from the data set WORK.DB_JOIN.
NOTE: The data set WORK.DB_JOIN has 51 observations and 13 variables.
NOTE: PROCEDURE SORT used (Total process time):
      real time           0.01 seconds
      cpu time            0.01 seconds
      

341        
342        * Transpose data to print it;
343        proc transpose data=db_join out=db_wide prefix=est_ci_;
344          by label order;
345          id eff;
346          var est_ci;
347        run;

NOTE: There were 51 observations read from the data set WORK.DB_JOIN.
NOTE: The data set WORK.DB_WIDE has 19 observations and 6 variables.
NOTE: PROCEDURE TRANSPOSE used (Total process time):
      real time           0.05 seconds
                                                                               The SAS System

      cpu time            0.00 seconds
      

348        
349        * Print report;
350        ods listing close;
351        ods path sashelp.tmplmst(read) hchstyle.hchs_stp(read);
352        ods rtf file = "&homepath.\code\&job.\&job._T3b_&sysdate..rtf" style = manuscrt bodytitle;
NOTE: Writing RTF Body file: J:\HCHS\STATISTICS\GRAS\QAngarita\FLOR\MS1560\code\HC338356b\HC338356b_T3b_20AUG25.rtf
353        %let fs = 11pt;
354        %let fs_body = 11pt;
355        %let fs_titles = 11pt;
356        %let lft_mgn = 0.5in;
357        %let rgt_mgn = 0.5in;
358        proc report data=db_wide nowd split='@';
359            title j=center height=&fs font='times roman' bold "^S={leftmargin=&lft_mgn rightmargin=&rgt_mgn}Table 3b. Total, direct and infirect effects of maternal
359      ! preconception socio-behavioral factors and child`s weight for age z-score (3-9), HCHS/SOL FLOR Ancillary Study (n=%qtrim(&n_ids))";
360        	footnote1 j=left HEIGHT=&fs_titles FONT='times roman' "^S={leftmargin=&lft_mgn rightmargin=&rgt_mgn}Abbreviations: CI, confidence interval; FLOR, Family
360      ! Lifestyle Outcomes Research.";
361        	footnote2 j=left HEIGHT=&fs_titles FONT='times roman' "^S={leftmargin=&lft_mgn rightmargin=&rgt_mgn}Model 1: Sociodemographic & acculturation predictors
361      ! adjusting by field center, years between baseline and child's birth and socioeconomic factors.";
362        	footnote3 j=left HEIGHT=&fs_titles FONT='times roman' "^S={leftmargin=&lft_mgn rightmargin=&rgt_mgn}Estimates were pooled acros 10 imputed datasets; confidence
362      ! intervals reflect both within- and between-imputation variability";
363        	footnote4 j=left HEIGHT=10pt FONT='times roman' "{\line \line Job &job run by &PRG using FLOR data on %sysfunc(today(), date9.) at %sysfunc(time(), timeampm.) }"
363      ! ;
364          column order label ('Child`s weight score' est_ci_direct est_ci_indirect est_ci_total);
365          define order / order order=internal noprint;
366          define label  / "Maternal Preconception Factors" style=[width=3in];
367          define est_ci_direct  / display "Direct @ ß (95% CI)" style=[just=center vjust=bottom];
368          define est_ci_indirect  / display "Indirect @ ß (95% CI)" style=[just=center vjust=bottom];
369          define est_ci_total  / display "Total @ ß (95% CI)" style=[just=center vjust=bottom];
370        run;

NOTE: PROCEDURE REPORT used (Total process time):
      real time           0.03 seconds
      cpu time            0.00 seconds
      
NOTE: There were 19 observations read from the data set WORK.DB_WIDE.

371        ods rtf close;
372        
373        proc printto; run;

