NOTE: PROCEDURE PRINTTO used (Total process time):
      real time           0.03 seconds
      cpu time            0.01 seconds
      

5          
6          /*********************************************************
7          *                                                         *
8          *  SAS PROGRAM - QC DATASET JOB HC3383 					         *
9          *                                                        *
10         **********************************************************
11         *                                                        *
12         *  PROGRAM NAME: HC338353c.sas
13         *
14         *  PROGRAMMER: Álvaro Quijano (AQ)
15         *
16         *  DESCRIPTION: Imputation model (does not impute child_prs_bmi_a)
17         				
18         *
19         * ---------------------------------------------------------
20         *
21         *  JOB NUMBER: HC338353c
22         *
2                                                          The SAS System                            14:21 Tuesday, November 4, 2025

23         *  PREVIOUS JOB: HC338353b
24         *
25         *  LANGUAGE: SAS 9.4
26         *
27         *  VERSION CONTROL:
28         					04nov25: cc'ed HC338353b
29         							 update flag variable
30         	
31         * ----------------------------------------------------------
32         *
33         *  INPUT: 	HC338351_flor_ddmmmyy
34         *
35         *  OUTPUT:
36         *
37         **********************************************************/
38         options orientation = landscape nodate formchar = "|----|+|---+=|-/\<>*" nonumber PS=59 LS=173;
39         ods escapechar '^';
40         
41         
42         * Set libraries name;
43         libname data "&homepath.\data";
NOTE: Libref DATA was successfully assigned as follows: 
      Engine:        V9 
      Physical Name: J:\HCHS\STATISTICS\GRAS\QAngarita\FLOR\MS1560\data
44         libname hchstyle 'J:\hchs\sc\styledef\sty904';
NOTE: Libref HCHSTYLE was successfully assigned as follows: 
      Engine:        V9 
      Physical Name: J:\hchs\sc\styledef\sty904
45         
46         * Set macro variables;
47         %let job = HC338353c;
48         %let prg = AQA;
49         %let data = data.HC338351_flor_04nov25;
50         %let lf_margin = 0.7in;
51         %let rg_margin = 0.7in;
52         
53         ods listing gpath = "&homepath.\code\&job.\gplot";
54         ods path sashelp.tmplmst(read) hchstyle.hchs_stp(read);
55         ods rtf file = "&homepath\code\&job.\&job._mi_&sysdate..rtf" bodytitle style=manuscrt;
NOTE: Writing RTF Body file: J:\HCHS\STATISTICS\GRAS\QAngarita\FLOR\MS1560\code\HC338353c\HC338353c_mi_04NOV25.rtf
56         
57         * Transform variables to plot;
58         data db;
59         	set &data;
60         run;

NOTE: There were 291 observations read from the data set DATA.HC338351_FLOR_04NOV25.
NOTE: The data set WORK.DB has 291 observations and 271 variables.
NOTE: DATA statement used (Total process time):
      real time           0.03 seconds
      cpu time            0.00 seconds
      

61         
62         * Plot the continuous variables;
63         %macro histogram_density(var=);
64         	proc sgplot data = db;
                                                                               The SAS System

65         		histogram &var.;
66         		density &var. / type = normal;
67         	run;
68         %mend histogram_density;
69         
70         title 'Variable: Weight-for-age (WAZ)';
71         %histogram_density(var = waz);

NOTE: PROCEDURE SGPLOT used (Total process time):
      real time           1.85 seconds
      cpu time            0.09 seconds
      
NOTE: Listing image output written to J:\HCHS\STATISTICS\GRAS\QAngarita\FLOR\MS1560\code\HC338353c\gplot\SGPlot.png.
NOTE: This SAS session is using a registry in WORK.  All changes will be lost at the end of this session.
NOTE: There were 291 observations read from the data set WORK.DB.

72         
73         title 'Variable: hei2010_c3';
74         %histogram_density(var = hei2010_c3);

NOTE: PROCEDURE SGPLOT used (Total process time):
      real time           0.38 seconds
      cpu time            0.09 seconds
      
NOTE: Listing image output written to J:\HCHS\STATISTICS\GRAS\QAngarita\FLOR\MS1560\code\HC338353c\gplot\SGPlot1.png.
NOTE: There were 291 observations read from the data set WORK.DB.

75         
76         title 'Variable: parity_v1';
77         %histogram_density(var = parity_v1);

NOTE: PROCEDURE SGPLOT used (Total process time):
      real time           0.26 seconds
      cpu time            0.06 seconds
      
NOTE: Listing image output written to J:\HCHS\STATISTICS\GRAS\QAngarita\FLOR\MS1560\code\HC338353c\gplot\SGPlot2.png.
NOTE: There were 291 observations read from the data set WORK.DB.

78         
79         title 'Variable: pag2008yn';
80         %histogram_density(var = pag2008yn);

NOTE: PROCEDURE SGPLOT used (Total process time):
      real time           0.24 seconds
      cpu time            0.01 seconds
      
NOTE: Listing image output written to J:\HCHS\STATISTICS\GRAS\QAngarita\FLOR\MS1560\code\HC338353c\gplot\SGPlot3.png.
NOTE: There were 291 observations read from the data set WORK.DB.

81         
82         title 'Variable: child_prs_bmi_a';
83         %histogram_density(var = child_prs_bmi_a);

NOTE: PROCEDURE SGPLOT used (Total process time):
      real time           0.25 seconds
      cpu time            0.04 seconds
      
                                                                               The SAS System

NOTE: Listing image output written to J:\HCHS\STATISTICS\GRAS\QAngarita\FLOR\MS1560\code\HC338353c\gplot\SGPlot4.png.
NOTE: There were 291 observations read from the data set WORK.DB.

84         
85         * Impute variables of interest;
86         proc mi data=db out=data.&job._imputed_data_&sysdate. nimpute=10 seed=3383
87         	/* Var:  1 2 3 4 5 6 7 8 9 0 1 2 3 4 5 6 7 8 9 0  					*/
88         	minimum= . . . . . . . . 0 0 . . . . . . . . . .
89         	maximum= . . . . . . . . . . . . . . . . . . . . ;
90           ods exclude modelinfo fcsmodel misspattern;
91            class centernum bkgrd1_c7nomiss employedyn n_hc current_smoker /* binary variables */
92         			alcohol_use yrsus_c3 education_c3 marital_status hei2010_c3 slpdur_lt8hrs pag2008yn;
93            fcs reg(waz cesd10 stai10 child_prs_bmi_a birthwt_ga_z)
94         	   regpmm(parity_v1);
95            fcs logistic(employedyn n_hc current_smoker slpdur_lt8hrs pag2008yn / link=logit likelihood=augment)
96         	   logistic(alcohol_use yrsus_c3 education_c3 marital_status hei2010_c3);	
97         	var waz centernum bkgrd1_c7nomiss yrs_btwn_v1flor age birthwt_ga_z slpdur_lt8hrs /* 1-7 */
98         		hei2010_c3 cesd10 stai10 parity_v1 pag2008yn child_prs_bmi_a /* 8-13 */
99         		employedyn n_hc current_smoker /* 14-16 */
100        		alcohol_use yrsus_c3 education_c3 marital_status /* nominal/ordinal variables */
101        		;
102        	where prs_bmi_complete;
103        run;

WARNING: The maximum likelihood estimates for the FCS method logistic model for variable YRSUS_C3 in an iteration process may not exist. The resulting posterior predictive 
         distribution of the parameters used in the imputation process is based on the maximum likelihood estimates in the last maximum likelihood iteration. The 
         LIKELIHOOD=AUGMENT option can be used to derive the maximum likelihood estimates by using an augmented data set.
WARNING: The maximum likelihood estimates for the FCS method logistic model for variable EDUCATION_C3 in an iteration process may not exist. The resulting posterior 
         predictive distribution of the parameters used in the imputation process is based on the maximum likelihood estimates in the last maximum likelihood iteration. The 
         LIKELIHOOD=AUGMENT option can be used to derive the maximum likelihood estimates by using an augmented data set.
WARNING: The maximum likelihood estimates for the FCS method logistic model for variable MARITAL_STATUS in an iteration process may not exist. The resulting posterior 
         predictive distribution of the parameters used in the imputation process is based on the maximum likelihood estimates in the last maximum likelihood iteration. The 
         LIKELIHOOD=AUGMENT option can be used to derive the maximum likelihood estimates by using an augmented data set.
NOTE: The data set DATA.HC338353C_IMPUTED_DATA_04NOV25 has 2010 observations and 272 variables.
NOTE: The PROCEDURE MI printed page 1.
NOTE: PROCEDURE MI used (Total process time):
      real time           14.82 seconds
      cpu time            14.09 seconds
      

104        * Creates a macro to summarize imputation;
105        %macro summary_imputation(vars=);
106        	proc means data = data.&job.imputed_data_&sysdate. nmiss;
107        		by _imputation_;
108        		var &vars.;
109        		output out = a;
110        	run;
111        	proc transpose data = a out=b(drop=_label_ rename=(_name_= Variable));
112        		by _imputation_;
113        		id _stat_;
114        		var &vars.;
115        	run;
116        	proc sort data = b out=c; by Variable; run;
117        	proc print data = c; run;
118        %mend summary_imputation;
119        
120        * Summarize the imputed variables;
                                                                               The SAS System

121        title 'Imputed variables';
122        %summary_imputation(vars=waz hei2010_c3 cesd10 stai10 parity_v1 pag2008yn child_prs_bmi_a birthwt_ga_z slpdur_lt8hrs
123        				employedyn n_hc current_smoker alcohol_use yrsus_c3 education_c3 marital_status);
ERROR: File DATA.HC338353CIMPUTED_DATA_04NOV25.DATA does not exist.
ERROR: No data set open to look up variables.
ERROR: No data set open to look up variables.
ERROR: No data set open to look up variables.
ERROR: No data set open to look up variables.
ERROR: No data set open to look up variables.
ERROR: No data set open to look up variables.
ERROR: No data set open to look up variables.
ERROR: No data set open to look up variables.
ERROR: No data set open to look up variables.
ERROR: No data set open to look up variables.
ERROR: No data set open to look up variables.
ERROR: No data set open to look up variables.
ERROR: No data set open to look up variables.
ERROR: No data set open to look up variables.
ERROR: No data set open to look up variables.
ERROR: No data set open to look up variables.

NOTE: The SAS System stopped processing this step because of errors.
NOTE: Due to ERROR(s) above, SAS set option OBS=0, enabling syntax check mode. This prevents execution of subsequent data modification statements.
WARNING: The data set WORK.A may be incomplete.  When this step was stopped there were 0 observations and 0 variables.
NOTE: PROCEDURE MEANS used (Total process time):
      real time           0.01 seconds
      cpu time            0.00 seconds
      

ERROR: Variable _IMPUTATION_ not found.
ERROR: Variable _STAT_ not found.
ERROR: Variable WAZ not found.
ERROR: Variable HEI2010_C3 not found.
ERROR: Variable CESD10 not found.
ERROR: Variable STAI10 not found.
ERROR: Variable PARITY_V1 not found.
ERROR: Variable PAG2008YN not found.
ERROR: Variable CHILD_PRS_BMI_A not found.
ERROR: Variable BIRTHWT_GA_Z not found.
ERROR: Variable SLPDUR_LT8HRS not found.
ERROR: Variable EMPLOYEDYN not found.
ERROR: Variable N_HC not found.
ERROR: Variable CURRENT_SMOKER not found.
ERROR: Variable ALCOHOL_USE not found.
ERROR: Variable YRSUS_C3 not found.
ERROR: Variable EDUCATION_C3 not found.
ERROR: Variable MARITAL_STATUS not found.

NOTE: The SAS System stopped processing this step because of errors.
WARNING: The data set WORK.B may be incomplete.  When this step was stopped there were 0 observations and 0 variables.
NOTE: PROCEDURE TRANSPOSE used (Total process time):
      real time           0.00 seconds
      cpu time            0.00 seconds
      


ERROR: Variable VARIABLE not found.
                                                                               The SAS System


NOTE: The SAS System stopped processing this step because of errors.
WARNING: The data set WORK.C may be incomplete.  When this step was stopped there were 0 observations and 0 variables.
NOTE: PROCEDURE SORT used (Total process time):
      real time           0.01 seconds
      cpu time            0.01 seconds
      


NOTE: PROCEDURE PRINT used (Total process time):
      real time           0.00 seconds
      cpu time            0.00 seconds
      

124        
125        * Print contents;
126        title 'Dimensions and variables in imputed dataset';
127        proc contents data = data.&job._imputed_data_&sysdate.;
128        	ods noproctitle;
129        run;

NOTE: PROCEDURE CONTENTS used (Total process time):
      real time           0.06 seconds
      cpu time            0.04 seconds
      
NOTE: The PROCEDURE CONTENTS printed pages 2-7.

130        
131        ods rtf close;
132        
133        proc printto; run;

