NOTE: PROCEDURE PRINTTO used (Total process time):
      real time           0.07 seconds
      cpu time            0.03 seconds
      

5          
6          /*********************************************************
7          *                                                        *
8          *  SAS PROGRAM - JOB HC33839803			  			     *
9          *                                                        *
10         **********************************************************
11         *                                                        *
12         *  PROGRAM NAME: HC33839803.sas
13         *
14         *  PROGRAMMER: Álvaro Quijano (AQ)
15         *
16         *  DESCRIPTION: QC process for the analysis file cont#2
17         				
18         *
19         * ---------------------------------------------------------
20         *
21         *  JOB NUMBER: HC338398
22         *
2                                                          The SAS System                              14:31 Monday, August 18, 2025

23         *  PREVIOUS JOB:
24         *
25         *  LANGUAGE: SAS 9.4
26         *
27         *  VERSION CONTROL:
28         					08MAY25 - Creates the file from job 9801
29         
30         * ----------------------------------------------------------
31         *
32         *  INPUT:
33         *
34         *  OUTPUT:
35         *
36         **********************************************************/
37         options orientation = landscape nodate formchar = "|----|+|---+=|-/\<>*" nonumber PS=59 LS=173;
38         ods escapechar '^';
39         
40         * Set libraries name;
41         libname data "&homepath.\data";
NOTE: Libref DATA was successfully assigned as follows: 
      Engine:        V9 
      Physical Name: J:\HCHS\STATISTICS\GRAS\QAngarita\FLOR\MS1560\data
42         libname hchstyle 'J:\hchs\sc\styledef\sty904';
NOTE: Libref HCHSTYLE was successfully assigned as follows: 
      Engine:        V9 
      Physical Name: J:\hchs\sc\styledef\sty904
43         libname hc3383 'J:\HCHS\SC\Review\HC3383';
NOTE: Libref HC3383 was successfully assigned as follows: 
      Engine:        V9 
      Physical Name: J:\HCHS\SC\Review\HC3383
43       !                                            /* hc338301_flor.sas7bdat hc338301_all.sas7bdat*/
44         
45         * Set macro variables;
46         %let job = HC338398;
47         %let subjob = HC33839803;
48         %let prg = AQA;
49         %let db_flor = data.hc338351_flor_28jul25(drop=child_prs_bmi_a);
50         %let db_all = data.hc338351_all_28jul25(drop=child_prs_bmi_a);
51         %let comp_flor = hc3383.hc338301_flor;
52         %let comp_all = hc3383.hc338301_all;
53         
54         ods rtf file = "&homepath.\code\&job.\&subjob._compare_flor_&sysdate..rtf";
NOTE: Writing RTF Body file: J:\HCHS\STATISTICS\GRAS\QAngarita\FLOR\MS1560\code\HC338398\HC33839803_compare_flor_18AUG25.rtf
55         proc compare data = &db_flor compare = &comp_flor listvar; id id;
56         run;

NOTE: There were 291 observations read from the data set DATA.HC338351_FLOR_28JUL25.
NOTE: There were 291 observations read from the data set HC3383.HC338301_FLOR.
NOTE: The PROCEDURE COMPARE printed page 1.
NOTE: PROCEDURE COMPARE used (Total process time):
      real time           0.24 seconds
      cpu time            0.03 seconds
      

57         ods rtf close;
58         
59         ods rtf file = "&homepath.\code\&job.\&subjob._compare_all_&sysdate..rtf";
                                                                               The SAS System

NOTE: Writing RTF Body file: J:\HCHS\STATISTICS\GRAS\QAngarita\FLOR\MS1560\code\HC338398\HC33839803_compare_all_18AUG25.rtf
60         proc compare data = &db_all compare = &comp_all listvar; id id;
61         run;

NOTE: There were 550 observations read from the data set DATA.HC338351_ALL_28JUL25.
NOTE: There were 550 observations read from the data set HC3383.HC338301_ALL.
NOTE: The PROCEDURE COMPARE printed page 2.
NOTE: PROCEDURE COMPARE used (Total process time):
      real time           0.22 seconds
      cpu time            0.01 seconds
      

62         ods rtf close;
63         
64         proc printto; run;

