NOTE: PROCEDURE PRINTTO used (Total process time):
      real time           0.02 seconds
      cpu time            0.01 seconds
      

5          
6          /*********************************************************
7          *                                                        *
8          *  SAS PROGRAM - JOB HC33839801 			  			     *
9          *                                                        *
10         **********************************************************
11         *                                                        *
12         *  PROGRAM NAME: HC33839801.sas
13         *
14         *  PROGRAMMER: Álvaro Quijano (AQ)
15         *
16         *  DESCRIPTION: QC process for the analysis file cont#1
17         				
18         *
19         * ---------------------------------------------------------
20         *
21         *  JOB NUMBER: HC338398
22         *
23         *  PREVIOUS JOB:
24         *
25         *  LANGUAGE: SAS 9.4
26         *
27         *  VERSION CONTROL:
28         					05MAY25 - Creates the file
29         
2                                                          The SAS System                                 18:00 Tuesday, May 6, 2025

30         * ----------------------------------------------------------
31         *
32         *  INPUT:
33         *
34         *  OUTPUT:
35         *
36         **********************************************************/
37         options orientation = landscape nodate formchar = "|----|+|---+=|-/\<>*" nonumber PS=59 LS=173;
38         ods escapechar '^';
39         
40         * Set libraries name;
41         libname data "&homepath.\data";
NOTE: Libref DATA was successfully assigned as follows: 
      Engine:        V9 
      Physical Name: J:\HCHS\STATISTICS\GRAS\QAngarita\FLOR\MS1560\data
42         libname hchstyle 'J:\hchs\sc\styledef\sty904';
NOTE: Libref HCHSTYLE was successfully assigned as follows: 
      Engine:        V9 
      Physical Name: J:\hchs\sc\styledef\sty904
43         libname hc3383 'J:\HCHS\SC\Review\HC3383';
NOTE: Libref HC3383 was successfully assigned as follows: 
      Engine:        V9 
      Physical Name: J:\HCHS\SC\Review\HC3383
43       !                                            /* hc338301_flor.sas7bdat hc338301_all.sas7bdat*/
44         
45         * Set macro variables;
46         %let job = HC338398;
47         %let subjob = HC33839801;
48         %let prg = AQA;
49         %let db_flor = data.hc338351_flor_06may25;
50         %let db_all = data.hc338351_all_06may25;
51         %let comp_flor = hc3383.hc338301_flor;
52         %let comp_all = hc3383.hc338301_all;
53         
54         
55         ods rtf file = "&homepath.\code\&job.\&subjob._compare_flor_&sysdate..rtf";
NOTE: Writing RTF Body file: J:\HCHS\STATISTICS\GRAS\QAngarita\FLOR\MS1560\code\HC338398\HC33839801_compare_flor_06MAY25.rtf
56         proc compare data = &db_flor compare = &comp_flor listvar; id id;
57         run;

NOTE: There were 291 observations read from the data set DATA.HC338351_FLOR_06MAY25.
NOTE: There were 291 observations read from the data set HC3383.HC338301_FLOR.
NOTE: The PROCEDURE COMPARE printed page 1.
NOTE: PROCEDURE COMPARE used (Total process time):
      real time           0.03 seconds
      cpu time            0.01 seconds
      

58         ods rtf close;
59         
60         ods rtf file = "&homepath.\code\&job.\&subjob._compare_all_&sysdate..rtf";
NOTE: Writing RTF Body file: J:\HCHS\STATISTICS\GRAS\QAngarita\FLOR\MS1560\code\HC338398\HC33839801_compare_all_06MAY25.rtf
61         proc compare data = &db_all compare = &comp_all listvar; id id;
62         run;

NOTE: There were 550 observations read from the data set DATA.HC338351_ALL_06MAY25.
NOTE: There were 550 observations read from the data set HC3383.HC338301_ALL.
                                                                               The SAS System

NOTE: The PROCEDURE COMPARE printed page 2.
NOTE: PROCEDURE COMPARE used (Total process time):
      real time           0.03 seconds
      cpu time            0.01 seconds
      

63         ods rtf close;
64         
65         proc printto; run;

