NOTE: PROCEDURE PRINTTO used (Total process time):
      real time           0.02 seconds
      cpu time            0.00 seconds
      

5          
6          /*********************************************************
7          *                                                         *
8          *  SAS PROGRAM - QC DATASET JOB HC3383 					         *
9          *                                                        *
10         **********************************************************
11         *                                                        *
12         *  PROGRAM NAME: HC338353a.sas
13         *
14         *  PROGRAMMER: Álvaro Quijano (AQ)
15         *
16         *  DESCRIPTION: Imputation model (it does not impute child_prs_bmi_a)
17         				
18         *
19         * ---------------------------------------------------------
20         *
21         *  JOB NUMBER: HC338353a
22         *
2                                                          The SAS System                           15:25 Wednesday, August 20, 2025

23         *  PREVIOUS JOB:
24         *
25         *  LANGUAGE: SAS 9.4
26         *
27         *  VERSION CONTROL:
28         					02jun25: Insert child_prs_bmi_a in the imputation model
29         							 Exclude observations with missing child_prs_bmi_a
30         					23jun25: add birthwt_ga_z and slpdur to the model
31         					20aug25: Update input dataset (&data)
32         							 Use YRSV1BIRTH instead yrs_btwn_v1flor
33         	
34         * ----------------------------------------------------------
35         *
36         *  INPUT:
37         *
38         *  OUTPUT:
39         *
40         **********************************************************/
41         options orientation = landscape nodate formchar = "|----|+|---+=|-/\<>*" nonumber PS=59 LS=173;
42         ods escapechar '^';
43         
44         
45         * Set libraries name;
46         libname data "&homepath.\data";
NOTE: Libref DATA was successfully assigned as follows: 
      Engine:        V9 
      Physical Name: J:\HCHS\STATISTICS\GRAS\QAngarita\FLOR\MS1560\data
47         libname hchstyle 'J:\hchs\sc\styledef\sty904';
NOTE: Libref HCHSTYLE was successfully assigned as follows: 
      Engine:        V9 
      Physical Name: J:\hchs\sc\styledef\sty904
48         
49         * Set macro variables;
50         %let job = HC338353a;
51         %let prg = AQA;
52         %let data = data.HC338351_flor_19aug25;
53         %let lf_margin = 0.7in;
54         %let rg_margin = 0.7in;
55         
56         ods listing gpath = "&homepath.\code\&job.\gplot";
57         ods path sashelp.tmplmst(read) hchstyle.hchs_stp(read);
58         ods rtf file = "&homepath\code\&job.\&job._mi_&sysdate..rtf" bodytitle style=manuscrt;
NOTE: Writing RTF Body file: J:\HCHS\STATISTICS\GRAS\QAngarita\FLOR\MS1560\code\HC338353a\HC338353a_mi_20AUG25.rtf
59         
60         
61         * Transform variables to plot;
62         data db;
63         	set &data;
64         	
65         	log_bmi = log(bmi);
66         	log_anta10a = log(anta10a);
67         	agg_ment_sq = (agg_ment **2  - 1) / 2;
68         	agg_phys_cub = (agg_phys**3 - 1 )/ 3;
69         
70         	if ^missing(child_prs_bmi_a);
71         run;

                                                                               The SAS System

NOTE: Missing values were generated as a result of performing an operation on missing values.
      Each place is given by: (Number of times) at (Line):(Column).
      2 at 65:12   1 at 66:16   2 at 67:26   2 at 67:31   2 at 68:26   2 at 68:30   
NOTE: There were 291 observations read from the data set DATA.HC338351_FLOR_19AUG25.
NOTE: The data set WORK.DB has 201 observations and 270 variables.
NOTE: DATA statement used (Total process time):
      real time           0.02 seconds
      cpu time            0.01 seconds
      

72         
73         
74         * Boxcox transformation ;
75         /*
76         proc transreg data = db;
77         	model boxcox(agg_ment / convenient lambda = -10 to 10 by 0.05) = identity(log_bmi log_anta10a waz height employedyn n_hc current_smoker education_c3 income_c2);
78         run;
79         proc transreg data = db;
80         	model boxcox(agg_phys / convenient lambda = -10 to 10 by 0.05) = identity(log_bmi log_anta10a waz height employedyn n_hc current_smoker education_c3 income_c2);
81         run;
82         */
83         
84         * Plot the continuous variables;
85         %macro histogram_density(var=);
86         	proc sgplot data = db;
87         		histogram &var.;
88         		density &var. / type = normal;
89         	run;
90         %mend histogram_density;
91         
92         title 'Variable: Weight-for-age (WAZ)';
93         %histogram_density(var = waz);

NOTE: PROCEDURE SGPLOT used (Total process time):
      real time           2.50 seconds
      cpu time            0.01 seconds
      
NOTE: Listing image output written to J:\HCHS\STATISTICS\GRAS\QAngarita\FLOR\MS1560\code\HC338353a\gplot\SGPlot.png.
NOTE: This SAS session is using a registry in WORK.  All changes will be lost at the end of this session.
NOTE: There were 201 observations read from the data set WORK.DB.

94         
95         title 'Variable: Body Mass Index in log-scale (log_BMI)';
96         %histogram_density(var = log_bmi);

NOTE: PROCEDURE SGPLOT used (Total process time):
      real time           0.38 seconds
      cpu time            0.09 seconds
      
NOTE: Listing image output written to J:\HCHS\STATISTICS\GRAS\QAngarita\FLOR\MS1560\code\HC338353a\gplot\SGPlot1.png.
NOTE: There were 201 observations read from the data set WORK.DB.

97         
98         title 'Variable: Waist girth in original scale (anta10a)';
99         %histogram_density(var = anta10a);

NOTE: PROCEDURE SGPLOT used (Total process time):
                                                                               The SAS System

      real time           0.24 seconds
      cpu time            0.03 seconds
      
NOTE: Listing image output written to J:\HCHS\STATISTICS\GRAS\QAngarita\FLOR\MS1560\code\HC338353a\gplot\SGPlot2.png.
NOTE: There were 201 observations read from the data set WORK.DB.

100        
101        title 'Variable: Waist girth in log scale (log_anta10a)';
102        %histogram_density(var = log_anta10a);

NOTE: PROCEDURE SGPLOT used (Total process time):
      real time           0.22 seconds
      cpu time            0.03 seconds
      
NOTE: Listing image output written to J:\HCHS\STATISTICS\GRAS\QAngarita\FLOR\MS1560\code\HC338353a\gplot\SGPlot3.png.
NOTE: There were 201 observations read from the data set WORK.DB.

103        
104        title 'Variable: height';
105        %histogram_density(var = height);

NOTE: PROCEDURE SGPLOT used (Total process time):
      real time           0.20 seconds
      cpu time            0.01 seconds
      
NOTE: Listing image output written to J:\HCHS\STATISTICS\GRAS\QAngarita\FLOR\MS1560\code\HC338353a\gplot\SGPlot4.png.
NOTE: There were 201 observations read from the data set WORK.DB.

106        	
107        title 'Variable: agg_ment';
108        %histogram_density(var = agg_ment_sq);

NOTE: PROCEDURE SGPLOT used (Total process time):
      real time           0.23 seconds
      cpu time            0.07 seconds
      
NOTE: Listing image output written to J:\HCHS\STATISTICS\GRAS\QAngarita\FLOR\MS1560\code\HC338353a\gplot\SGPlot5.png.
NOTE: There were 201 observations read from the data set WORK.DB.

109        
110        title 'Variable: agg_phys';
111        %histogram_density(var = agg_phys_cub);

NOTE: PROCEDURE SGPLOT used (Total process time):
      real time           0.23 seconds
      cpu time            0.07 seconds
      
NOTE: Listing image output written to J:\HCHS\STATISTICS\GRAS\QAngarita\FLOR\MS1560\code\HC338353a\gplot\SGPlot6.png.
NOTE: There were 201 observations read from the data set WORK.DB.

112        
113        title 'Variable: hei2010';
114        %histogram_density(var = hei2010);

NOTE: PROCEDURE SGPLOT used (Total process time):
      real time           0.21 seconds
      cpu time            0.04 seconds
                                                                               The SAS System

      
NOTE: Listing image output written to J:\HCHS\STATISTICS\GRAS\QAngarita\FLOR\MS1560\code\HC338353a\gplot\SGPlot7.png.
NOTE: There were 201 observations read from the data set WORK.DB.

115        
116        title 'Variable: parity_v1';
117        %histogram_density(var = parity_v1);

NOTE: PROCEDURE SGPLOT used (Total process time):
      real time           0.23 seconds
      cpu time            0.03 seconds
      
NOTE: Listing image output written to J:\HCHS\STATISTICS\GRAS\QAngarita\FLOR\MS1560\code\HC338353a\gplot\SGPlot8.png.
NOTE: There were 201 observations read from the data set WORK.DB.

118        
119        title 'Variable: pct_mvpa';
120        %histogram_density(var = pct_mvpa);

NOTE: PROCEDURE SGPLOT used (Total process time):
      real time           0.23 seconds
      cpu time            0.01 seconds
      
NOTE: Listing image output written to J:\HCHS\STATISTICS\GRAS\QAngarita\FLOR\MS1560\code\HC338353a\gplot\SGPlot9.png.
NOTE: There were 201 observations read from the data set WORK.DB.

121        
122        title 'Variable: child_prs_bmi_a';
123        %histogram_density(var = child_prs_bmi_a);

NOTE: PROCEDURE SGPLOT used (Total process time):
      real time           0.19 seconds
      cpu time            0.04 seconds
      
NOTE: Listing image output written to J:\HCHS\STATISTICS\GRAS\QAngarita\FLOR\MS1560\code\HC338353a\gplot\SGPlot10.png.
NOTE: There were 201 observations read from the data set WORK.DB.

124        
125        * Impute variables of interest;
126        proc mi data=db out=data.&job._imputed_data_&sysdate. nimpute=10 seed=3383
127        	minimum= . . . . . . . . . . . . . 0 . 0 . . 0 . . . .  . .
128        	maximum= . . . . . . . . . . . . . 100 . . . . . . . . . . .;
129          ods exclude modelinfo fcsmodel misspattern;
130           class centernum bkgrd1_c7nomiss lang_pref
131        			employedyn n_hc current_smoker income_c2 /* binary variables */
132        			alcohol_use yrsus_c3 education_c3 marital_status;
133           transform log(bmi) log(anta10a)
134        				boxcox(agg_ment / lambda = 2) boxcox(agg_phys / lambda = 3) power(povpct / lambda=0.5);
135           fcs reg(waz bmi anta10a agg_ment agg_phys height hei2010 povpct cesd10 stai10 pct_mvpa birthwt_ga_z slpdur)
136        	   regpmm(parity_v1);
137           fcs logistic(employedyn n_hc current_smoker income_c2 / link=logit likelihood=augment)
138        			logistic(alcohol_use yrsus_c3 education_c3 marital_status);
139           var waz centernum bkgrd1_c7nomiss YRSV1BIRTH age lang_pref
140        		birthwt_ga_z slpdur bmi anta10a agg_ment agg_phys height hei2010 povpct cesd10 stai10 parity_v1 pct_mvpa child_prs_bmi_a
141        		employedyn n_hc current_smoker income_c2 /* binary variables */
142        		alcohol_use yrsus_c3 education_c3 marital_status /* nominal/ordinal variables*/
143        		;
                                                                               The SAS System

144        run;

WARNING: The maximum likelihood estimates for the FCS method logistic model for variable YRSUS_C3 in an iteration process may not exist. The resulting posterior predictive 
         distribution of the parameters used in the imputation process is based on the maximum likelihood estimates in the last maximum likelihood iteration. The 
         LIKELIHOOD=AUGMENT option can be used to derive the maximum likelihood estimates by using an augmented data set.
WARNING: The maximum likelihood estimates for the FCS method logistic model for variable EDUCATION_C3 in an iteration process may not exist. The resulting posterior 
         predictive distribution of the parameters used in the imputation process is based on the maximum likelihood estimates in the last maximum likelihood iteration. The 
         LIKELIHOOD=AUGMENT option can be used to derive the maximum likelihood estimates by using an augmented data set.
WARNING: The maximum likelihood estimates for the FCS method logistic model for variable MARITAL_STATUS in an iteration process may not exist. The resulting posterior 
         predictive distribution of the parameters used in the imputation process is based on the maximum likelihood estimates in the last maximum likelihood iteration. The 
         LIKELIHOOD=AUGMENT option can be used to derive the maximum likelihood estimates by using an augmented data set.
WARNING: The maximum likelihood estimates for the FCS method logistic model for variable ALCOHOL_USE in an iteration process may not exist. The resulting posterior 
         predictive distribution of the parameters used in the imputation process is based on the maximum likelihood estimates in the last maximum likelihood iteration. The 
         LIKELIHOOD=AUGMENT option can be used to derive the maximum likelihood estimates by using an augmented data set.
NOTE: The data set DATA.HC338353A_IMPUTED_DATA_20AUG25 has 2010 observations and 271 variables.
NOTE: The PROCEDURE MI printed pages 1-2.
NOTE: PROCEDURE MI used (Total process time):
      real time           17.35 seconds
      cpu time            16.10 seconds
      

145        
146        %macro summary_imputation(vars=);
147        	proc means data = data.&job.imputed_data_&sysdate. nmiss;
148        		by _imputation_;
149        		var &vars.;
150        		output out = a;
151        	run;
152        	proc transpose data = a out=b(drop=_label_ rename=(_name_= Variable));
153        		by _imputation_;
154        		id _stat_;
155        		var &vars.;
156        	run;
157        	proc sort data = b out=c; by Variable; run;
158        	proc print data = c; run;
159        %mend summary_imputation;
160        
161        * Summarize the imputated variables;
162        title 'Imputed variables';
163        %summary_imputation(vars=waz bmi anta10a agg_ment agg_phys height hei2010 povpct cesd10 stai10 parity_v1 pct_mvpa child_prs_bmi_a birthwt_ga_z slpdur
164        				employedyn n_hc current_smoker income_c2
165        				alcohol_use yrsus_c3 education_c3 marital_status);
ERROR: File DATA.HC338353AIMPUTED_DATA_20AUG25.DATA does not exist.
ERROR: No data set open to look up variables.
ERROR: No data set open to look up variables.
ERROR: No data set open to look up variables.
ERROR: No data set open to look up variables.
ERROR: No data set open to look up variables.
ERROR: No data set open to look up variables.
ERROR: No data set open to look up variables.
ERROR: No data set open to look up variables.
ERROR: No data set open to look up variables.
ERROR: No data set open to look up variables.
ERROR: No data set open to look up variables.
ERROR: No data set open to look up variables.
ERROR: No data set open to look up variables.
ERROR: No data set open to look up variables.
                                                                               The SAS System

ERROR: No data set open to look up variables.
ERROR: No data set open to look up variables.
ERROR: No data set open to look up variables.
ERROR: No data set open to look up variables.
ERROR: No data set open to look up variables.
ERROR: No data set open to look up variables.
ERROR: No data set open to look up variables.
ERROR: No data set open to look up variables.
ERROR: No data set open to look up variables.

NOTE: The SAS System stopped processing this step because of errors.
NOTE: Due to ERROR(s) above, SAS set option OBS=0, enabling syntax check mode. This prevents execution of subsequent data modification statements.
WARNING: The data set WORK.A may be incomplete.  When this step was stopped there were 0 observations and 0 variables.
NOTE: PROCEDURE MEANS used (Total process time):
      real time           0.00 seconds
      cpu time            0.00 seconds
      

ERROR: Variable _IMPUTATION_ not found.
ERROR: Variable _STAT_ not found.
ERROR: Variable WAZ not found.
ERROR: Variable BMI not found.
ERROR: Variable ANTA10A not found.
ERROR: Variable AGG_MENT not found.
ERROR: Variable AGG_PHYS not found.
ERROR: Variable HEIGHT not found.
ERROR: Variable HEI2010 not found.
ERROR: Variable POVPCT not found.
ERROR: Variable CESD10 not found.
ERROR: Variable STAI10 not found.
ERROR: Variable PARITY_V1 not found.
ERROR: Variable PCT_MVPA not found.
ERROR: Variable CHILD_PRS_BMI_A not found.
ERROR: Variable BIRTHWT_GA_Z not found.
ERROR: Variable SLPDUR not found.
ERROR: Variable EMPLOYEDYN not found.
ERROR: Variable N_HC not found.
ERROR: Variable CURRENT_SMOKER not found.
ERROR: Variable INCOME_C2 not found.
ERROR: Variable ALCOHOL_USE not found.
ERROR: Variable YRSUS_C3 not found.
ERROR: Variable EDUCATION_C3 not found.
ERROR: Variable MARITAL_STATUS not found.

NOTE: The SAS System stopped processing this step because of errors.
WARNING: The data set WORK.B may be incomplete.  When this step was stopped there were 0 observations and 0 variables.
NOTE: PROCEDURE TRANSPOSE used (Total process time):
      real time           0.00 seconds
      cpu time            0.00 seconds
      


ERROR: Variable VARIABLE not found.

NOTE: The SAS System stopped processing this step because of errors.
WARNING: The data set WORK.C may be incomplete.  When this step was stopped there were 0 observations and 0 variables.
NOTE: PROCEDURE SORT used (Total process time):
                                                                               The SAS System

      real time           0.00 seconds
      cpu time            0.00 seconds
      


NOTE: PROCEDURE PRINT used (Total process time):
      real time           0.00 seconds
      cpu time            0.00 seconds
      

166        
167        proc freq data = db;
168        	table accult_mesa * yrsus_c3 / nopercent nocum norow nocol;
169        run;

NOTE: PROCEDURE FREQ used (Total process time):
      real time           0.00 seconds
      cpu time            0.00 seconds
      

170        
171        proc reg DATA = db plots=none;
172        	MODEL WAZ = accult_mesa centernum YRSV1BIRTH bkgrd1_c7nomiss age income_c2 lang_pref
173        				parity_v1 povpct  marital_status employedyn education_c3 yrsus_c3 n_hc
174        				bmi anta10a height agg_ment agg_phys cesd10 stai10
175        				current_smoker hei2010 alcohol_use pct_mvpa birthwt_ga_z slpdur / vif collin;
176        quit;

NOTE: PROCEDURE REG used (Total process time):
      real time           0.00 seconds
      cpu time            0.00 seconds
      

177        
178        proc means data = db;
179        	var waz centernum YRSV1BIRTH bkgrd1_c7nomiss age income_c3 lang_pref child_prs_bmi_a
180        				parity_v1 povpct accult_mesa marital_status employedyn education_c3 yrsus_c3 n_hc
181        				bmi anta10a height agg_ment agg_phys cesd10 stai10
182        				current_smoker hei2010 alcohol_use pct_mvpa birthwt_ga_z slpdur;
183        run;

NOTE: The SAS System stopped processing this step because of errors.
NOTE: PROCEDURE MEANS used (Total process time):
      real time           0.00 seconds
      cpu time            0.00 seconds
      
184        ods startpage = off;


185        proc means data = data.&job._imputed_data_&sysdate.;
186        	var waz centernum YRSV1BIRTH bkgrd1_c7nomiss age income_c3 lang_pref birthwt_ga_z slpdur
187        				parity_v1 povpct accult_mesa marital_status employedyn education_c3 yrsus_c3 n_hc
188        				bmi anta10a height agg_ment agg_phys cesd10 stai10
189        				current_smoker hei2010 alcohol_use pct_mvpa child_prs_bmi_a;
190        run;

NOTE: The SAS System stopped processing this step because of errors.
                                                                               The SAS System

NOTE: PROCEDURE MEANS used (Total process time):
      real time           0.01 seconds
      cpu time            0.00 seconds
      
191        
192        ods rtf close;
193        


194        proc printto; run;

