                                                                          Variable: child_prs_bmi_a

                                                                              The MI Procedure

                                                                    Variance Information (10 Imputations)
 
                                                                                                          Relative       Fraction
                                                -----------------Variance-----------------                Increase        Missing       Relative
                             Variable                Between         Within          Total       DF    in Variance    Information     Efficiency

                             BIRTHWT_GA_Z           0.001084       0.007921       0.009114   129.64       0.150588       0.134168       0.986761
                             SLPDUR                 0.000624       0.009299       0.009986   168.11       0.073869       0.069765       0.993072
                             HEI2010                0.007408       0.872995       0.881144   195.83       0.009334       0.009267       0.999074
                             CESD10                 0.002779       0.156988       0.160045   192.73       0.019475       0.019183       0.998085
                             STAI10                 0.002520       0.165202       0.167974   193.62       0.016780       0.016563       0.998346
                             PARITY_V1           0.000023102       0.005999       0.006025   197.12       0.004236       0.004222       0.999578
                             PCT_MVPA               0.002706       0.008998       0.011974   73.598       0.330846       0.258710       0.974781


                                                                    Parameter Estimates (10 Imputations)
 
                                                                                                                                             t for H0:
            Variable                   Mean      Std Error    95% Confidence Limits        DF        Minimum        Maximum            Mu0    Mean=Mu0   Pr > |t|

            BIRTHWT_GA_Z           0.512879       0.095466      0.32401      0.70175   129.64       0.466371       0.566164              0        5.37     <.0001
            SLPDUR                 8.315666       0.099930      8.11839      8.51295   168.11       8.271821       8.342102              0       83.21     <.0001
            HEI2010               56.728962       0.938693     54.87772     58.58021   195.83      56.517095      56.820013              0       60.43     <.0001
            CESD10                 6.911888       0.400057      6.12284      7.70094   192.73       6.807381       6.973149              0       17.28     <.0001
            STAI10                17.861136       0.409847     17.05280     18.66947   193.62      17.760393      17.922186              0       43.58     <.0001
            PARITY_V1              1.167164       0.077620      1.01409      1.32024   197.12       1.159204       1.174129              0       15.04     <.0001
            PCT_MVPA               1.371664       0.109428      1.15360      1.58972   73.598       1.273922       1.459899              0       12.53     <.0001
                                                                 Dimensions and variables in imputed dataset

                                           Data Set Name        DATA.HC338353A_IMPUTED_DATA_04NOV25    Observations          2010
                                           Member Type          DATA                                   Variables             272 
                                           Engine               V9                                     Indexes               0   
                                           Created              11/04/2025 14:30:43                    Observation Length    2152
                                           Last Modified        11/04/2025 14:30:43                    Deleted Observations  0   
                                           Protection                                                  Compressed            NO  
                                           Data Set Type                                               Sorted                NO  
                                           Label                Multiply-Imputed Data                                            
                                           Data Representation  WINDOWS_32                                                       
                                           Encoding             wlatin1  Western (Windows)                                       


                                                                     Engine/Host Dependent Information

                           Data Set Page Size          176128                                                                                    
                           Number of Data Set Pages    26                                                                                        
                           First Data Page             1                                                                                         
                           Max Obs per Page            81                                                                                        
                           Obs in First Data Page      64                                                                                        
                           Number of Data Set Repairs  0                                                                                         
                           ExtendObsCounter            YES                                                                                       
                           Filename                    J:\HCHS\STATISTICS\GRAS\QAngarita\FLOR\MS1560\data\hc338353a_imputed_data_04nov25.sas7bdat
                           Release Created             9.0401M8                                                                                  
                           Host Created                W32_WIN+PRO                                                                               
                           Owner Name                  CSCC\acquijanoa                                                                           
                           File Size                   5MB                                                                                       
                           File Size (bytes)           4755456                                                                                   


                                                                 Alphabetic List of Variables and Attributes
 
  # Variable                Type Len Format    Informat Label

 29 ABDOMINAL_OBESITY_NCEP  Num    8                    Abdominal Obesity (waist circ) - NCEP                                                                               
102 ABDOMINAL_OBESITY_      Num    8                    Abdominal Obesity (waist circ) - NCEP                                                                               
    NCEP_V2                                                                                                                                                                 
 48 ACCULT_MESA             Num    8                    Acculturation Score - MESA                                                                                          
115 ACCULT_MESA_V2          Num    8                    Acculturation Score - MESA, Visit 2                                                                                 
 86 ACTICALYN               Num    8                    Actical data available (1=Yes,0=No)                                                                                 
 85 ADHERENTYN              Num    8                    Participant has at least 3 adherent (>=10 hrs) days (1=Yes,0=No)                                                    
  9 AGE                     Num    8                    Age                                                                                                                 
 10 AGEGROUP_C2             Num    8                    1(18-44),2(45+)                                                                                                     
 44 AGEGROUP_C6             Num    8                    6-level Age Sub-groups                                                                                              
 97 AGEGROUP_C6_V2          Num    8                    6-level grouped age of participant at Visit 2                                                                       
233 AGEGRP_CHILD_C4         Num    8                    Children’s age in 4 levels                                                                                          
229 AGE_CHILD_CLINDATE      Num    8                    Child's age in years using CLINDATE                                                                                 
230 AGE_CHILD_CLINDATE_MO   Num    8                    Child's age in months using CLINDATE                                                                                
228 AGE_CHILD_ENROLL        Num    8                    Child's age in years at SOL FLOR enrollment                                                                         
227 AGE_MOM_FLOR            Num    8                    Mother's age in years using CLINDATE                                                                                
 96 AGE_V2                  Num    8                    Age at visit 2 (yrs)                                                                                                
 12 AGG_MENT                Num    8                    Aggregate mental health score norm-based transformed                                                                
 11 AGG_PHYS                Num    8                    Aggregate physical health score norm-based transformed                                                              
 32 ALCOHOL_USE             Num    8                    Alcohol Use (1-Never,2=Former,3=Current)                                                                            
127 ANT10A                  Num    8 BEST12.            waist                                                                                                               
 82 ANTA10A                 Num    8                    Waist Girth (cm) (ANTA10A)                                                                                          
271 ANTHRO_CHILD_COMPLETE   Num    8                    Flag - child anthropometry data are complete                                                                        
130 BABY1YN                 Num    8                    First live birth after V1                                                                                           
                                                                 Dimensions and variables in imputed dataset

                                                                 Alphabetic List of Variables and Attributes
 
  # Variable                Type Len Format    Informat Label

133 BIRTHWT_C3              Num    8                    Birth weight baby 1 (< 2.5kg, 2.5-4.0kg, >4.0kg)                                                                    
129 BIRTHWT_GA_PCT          Num    8 BEST12.   BEST32.  Birth weight for gestational age percentile                                                                         
128 BIRTHWT_GA_Z            Num    8 BEST12.   BEST32.  Birth weight for gestational age Z-score                                                                            
220 BIRTH_ORDER             Num    8                    Birth Order                                                                                                         
 50 BKGRD1_C7               Num    8                    7-level re-classification of Hispanic/Latino Background                                                             
261 BKGRD1_C7NOMISS         Num    8                    7-Level Re-classification of Hispanic/Latino Background (Combining Missing with Mixed/Other)                        
 14 BMI                     Num    8                    BMI (kg/m2)                                                                                                         
 31 BMIGRP_C4               Num    8                    4-level grouped Body Mass Index - WHO                                                                               
 49 BMIGRP_C6               Num    8                    6-level grouped Body Mass Index - WHO                                                                               
237 BMIPCT                  Num    8                    Body Mass Index for age Percentiles - CDC (Child)                                                                   
239 BMIPCT_C3               Num    8                    BMI percentile in 3 levels                                                                                          
236 BMIZ                    Num    8                    Body Mass Index for age Z-Score - CDC (Child)                                                                       
257 BMI_GE30YN              Num    8                    BMI >=30 (obese)                                                                                                    
 92 BMI_V2                  Num    8                    Body Mass Index (kg/m2) at Visit 2                                                                                  
234 BORN_AFTERV2            Num    8                    Baby born after mom’s visit 2                                                                                       
  8 CENTER                  Char   1                    Center                                                                                                              
 51 CENTERNUM               Num    8                    Participant's Field Center - numeric                                                                                
 63 CESD10                  Num    8                    10-item CESD10                                                                                                      
111 CESD10_V2               Num    8                    10-item CES-D summary score at Visit 2                                                                              
231 CHILD_HEIGHT            Num    8                    Height (cm)                                                                                                         
267 CHILD_PRS_BMI_A         Num    8 BEST12.   BEST32.  Child obesity PRS (from adult data)                                                                                 
232 CHILD_WEIGHT            Num    8                    Weight (kg)                                                                                                         
 33 CIGARETTE_USE           Num    8                    Cigarette Use (1-Never,2=Former,3=Current)                                                                          
112 CIGARETTE_USE_V2        Num    8                    Cigarette Use at Visit 2(1-Never,2=Former,3=Current)                                                                
 16 CLINDATE                Num    8 MMDDYY10.          Date of Clinic Visit                                                                                                
223 CLINDATE_FLOR           Num    8 MMDDYY10.          SOL FLOR Clinic Date                                                                                                
 94 CLINDATE_V2             Num    8 MMDDYY10.          Visit 2 clinic date                                                                                                 
 90 CONSENT_V2              Num    8                    Consent in HCHS/SOL Visit 2, based on ICT1, CHK4A1 and CHK31A                                                       
 58 CURRENT_SMOKER          Num    8                    Current Smoker (from CIGARETTE_USE)                                                                                 
107 CURRENT_SMOKER_V2       Num    8                    Current smoker at Visit 2                                                                                           
131 DAYSV1BIRTH             Num    8                    Time between Visit 1 and baby’s birth (days)                                                                        
259 DBP_GE80YN              Num    8                    Diastolic blood pressure >= 80 mm Hg                                                                                
240 DEMB1                   Num    8                    Child sex                                                                                                           
241 DEMB7                   Num    8 BEST12.            Total income                                                                                                        
242 DEMB8                   Num    8 BEST12.            Income < $30,000                                                                                                    
243 DEMB9                   Num    8 BEST12.            Income > $30,000                                                                                                    
244 DEMB10                  Num    8 BEST12.            People supported on income                                                                                          
245 DEMB11                  Num    8 BEST12.            Marital status                                                                                                      
248 DEMB13                  Num    8 BEST12.            Current employment status                                                                                           
249 DEMB14                  Num    8 BEST12.            Number full-time jobs                                                                                               
251 DEMB15                  Num    8 BEST12.            Number part-time jobs                                                                                               
253 DEMB16                  Num    8 BEST12.            Usual work schedule                                                                                                 
246 DEMB12A                 Num    8 BEST12.            Homemaker                                                                                                           
247 DEMB12B                 Num    8 BEST12.            Student                                                                                                             
250 DEMB14A                 Num    8 BEST12.            Average weekly full-time hours                                                                                      
252 DEMB15A                 Num    8 BEST12.            Average weekly part-time hours                                                                                      
 35 DIABETES1               Num    8                    3-level grouped Diabetes ver.1                                                                                      
 36 DIABETES2               Num    8                    3-level grouped Diabetes - ADA Guidelines plus scanned anti-diabetics medication                                    
 39 DIABETES3               Num    8                    3-level grouped Diabetes - ADA Guidelines plus self-reported diabetes diagnosis                                     
 59 DIABETES2_INDICATOR     Num    8                    Diabetes Indicator - ADA                                                                                            
 99 DIABETES3_V2            Num    8                    3-level grouped Diabetes Definition 3 (Lab criteria ADA Guidelines plus self-reported diabetes diagnosis) by Visit 2
 40 DIABETES_C4             Num    8                    4-level grouped diabetes (none/pre/treated/untreated)                                                               
 37 DIABETES_LAB            Num    8                    3-level grouped Diabetes - Lab                                                                                      
                                                                 Dimensions and variables in imputed dataset

                                                                 Alphabetic List of Variables and Attributes
 
  # Variable                Type Len Format    Informat Label

 93 DIABETES_LAB_V2         Num    8                    3-level grouped Diabetes - Lab criteria ADA Guidelines, at Visit 2                                                  
 38 DIABETES_SELF           Num    8                    Diabetes - self report only                                                                                         
 98 DIABETES_SELF_V2        Num    8                    Self-reported having diabetes diagnosis by Visit 2, V1-AFU-V2 cumulative, excluding gestational diabetes            
 41 DIAB_DIAG               Num    8                    Diabetes Diagnosis time                                                                                             
103 DM3_AWARE_V2            Num    8                    Diabetes awareness in Diabetes Definition 3 classification by Visit 2                                               
104 DM3_CONTROL_V2          Num    8                    Diabetes controlled in Diabetes Definition 3 classification at Visit 2                                              
 42 DM_AWARE                Num    8                    Diabetes awareness at baseline                                                                                      
 43 DM_CONTROL              Num    8                    Diabetes controlled: DM Classified at Baseline and A1C < 7%                                                         
 76 ECEA2                   Num    8                    Yearly Household Income Low/High (ECEA2)                                                                            
 77 ECEA3                   Num    8                    Low Income Range (ECEA3)                                                                                            
 78 ECEA4                   Num    8                    High Income Range (ECEA4)                                                                                           
 79 ECEA5                   Num    8                    Number people supported by household income (ECEA5)                                                                 
 60 EDUCATION_C2            Num    8                    Education Status (2 levels)                                                                                         
 61 EDUCATION_C3            Num    8                    Education Status (3 levels)                                                                                         
108 EDUCATION_C3_V2         Num    8                    Education Status at Visit 2(3 levels)                                                                               
 24 EMPLOYED                Num    8                    Employment Status (includes retirees)                                                                               
262 EMPLOYEDYN              Num    8                    Employment Status (1-yes, 0-no)                                                                                     
113 EMPLOYED_V2             Num    8                    Visit 2 4-level employment status                                                                                   
256 FGLUCOSE_GE100YN        Num    8                    Fasting glucose >=100 mg/dL                                                                                         
263 FLOR_DYAD               Num    8                    FLOR participant                                                                                                    
 15 GENDER                  Char   1                    Gender (F=Female, M=Male)                                                                                           
 52 GENDERNUM               Num    8                    Gender (0=Female, 1=Male)                                                                                           
 89 GENDER_V2               Char   1                    Gender (M or F)                                                                                                     
238 HAZ                     Num    8                    Height for age Z-Score - CDC (Child)                                                                                
  7 HEI2010                 Num    8                    HEI total score, 0-100                                                                                              
266 HEI2010_C3              Num    8                    3-level Health Index Score 2010                                                                                     
  3 HEIGHT                  Num    8                    Height (corrected)                                                                                                  
260 HIGHBPYN                Num    8                    Systolic blood pressure >= 120 (mm Hg) or diastolic blood pressure >= 80 (mm Hg)                                    
 27 HIGH_TRIG               Num    8                    High Triglycerides (>=150 mg/dL)                                                                                    
100 HIGH_TRIG_V2            Num    8                    High Triglycerides(>=150 mg/dL)                                                                                     
 53 HOMA_IR                 Num    8                    HOMA index of Insulin Resistance                                                                                    
106 HOMA_IR_V2              Num    8                    HOMA index of Insulin Resistance                                                                                    
 83 HRS_DAY                 Num    8                    hrs/day (average) monitor was worn                                                                                  
 34 HYPERTENSION            Num    8                    Hypertension (BP>=140/90 and Med Use)                                                                               
  2 ID                      Char   8                    HCHS Participant ID                                                                                                 
221 ID_CHILD                Char   8                    Child ID                                                                                                            
222 ID_DAD                  Char   8                    Father Participant ID                                                                                               
 22 INCOME                  Num    8                    Yearly Household Income (ECEA3 and ECEA4)                                                                           
265 INCOME_C2               Num    8                    2-level grouped yearly household income                                                                             
 62 INCOME_C3               Num    8                    3-level grouped yearly household income                                                                             
 23 INCOME_C5               Num    8                    Yearly Household Income (collapsed categories)                                                                      
 91 INCOME_C3_V2            Num    8                    3-level grouped yearly household income at Visit 2                                                                  
 30 INSULIN_FAST            Num    8                    Insulin, fasting (calibrated, converted to mU/L)                                                                    
105 INSULIN_FAST_V2         Num    8                    Fasting Insulin, (mU/L)                                                                                             
 68 LABA67                  Num    8                    Triglycerides (mg/dL) (LABA67)                                                                                      
 66 LABA68                  Num    8                    HDL-cholesterol (mg/dL) (LABA68)                                                                                    
 67 LABA70                  Num    8                    Glucose, fasting (mg/dL) (LABA70)                                                                                   
119 LABA67_V2               Num    8 BEST12.            Triglycerides (mg/dL)                                                                                               
120 LABA68_V2               Num    8 BEST12.            HDL-cholesterol (mg/dL)                                                                                             
121 LABA70_V2               Num    8 BEST12.            Glucose, fasting (mg/dL)                                                                                            
 25 LANG_PREF               Num    8                    Language preference - (1=Span, 2=Eng)                                                                               
110 LANG_PREF_V2            Num    8                    Language preference at Visit 2 - (1=Span,2=Eng)                                                                     
134 LGA                     Num    8                    Large for gestational age (> 90th pctl), baby 1                                                                     
                                                                 Dimensions and variables in imputed dataset

                                                                 Alphabetic List of Variables and Attributes
 
  # Variable                Type Len Format    Informat Label

 28 LOW_HDL                 Num    8                    Low HDL (<40 mg/dl (male), <50 mg/dL (females))                                                                     
101 LOW_HDL_V2              Num    8                    Low HDL (<40 mg/dl (male), <50 mg/dL (females)                                                                      
 21 MARITAL_STATUS          Num    8                    Marital Status (collapsed categories)                                                                               
 18 MED_ANTIDIAB            Num    8                    Antidiabetics                                                                                                       
 19 MED_ANTIHYPERT          Num    8                    Antihypertensives                                                                                                   
 17 MED_LLD                 Num    8                    Lipid lowering drugs/Antihyperlipidemics (LLD)                                                                      
225 MODE1                   Num    8                    Completed Mode 1 of SOL FLOR                                                                                        
226 MODE2                   Num    8                    Completed Mode 2 of SOL FLOR                                                                                        
 84 MV_DAY                  Num    8                    min/day (average) of moderate or vigorous activity (>=1535 counts/min)                                              
 45 N_HC                    Num    8                    Health Insurance Coverage - Current                                                                                 
109 N_HC_V2                 Num    8                    Current Health Insurance Coverage at Visit 2                                                                        
 80 OCEA1                   Num    8                    Retired (OCEA1)                                                                                                     
 81 OCEA5                   Num    8                    Current Employment Status (OCEA5)                                                                                   
268 PAG2008YN               Num    8                    Meets 2008 activity level guidelines (1=Yes,0=No)                                                                   
269 PAG2008YN_BOUT          Num    8                    Meets 2008 activity level guidelines from bouts only (1=Yes,0=No)                                                   
254 PARITY_V1               Num    8                    Number of babies born alive by Visit 1                                                                              
153 PCE3                    Num    8 BEST12.            Pregnancy Result                                                                                                    
155 PCE4                    Num    8 BEST12.            Delivery type                                                                                                       
156 PCE5                    Num    8 BEST12.            Birth Location                                                                                                      
157 PCE6                    Num    8 BEST12.            number of babies in pregnancy                                                                                       
137 PCE0A                   Num    8 MMDDYY10.          Completion Date                                                                                                     
194 PCE10A                  Num    8 BEST12.            Baby 4 Birth                                                                                                        
195 PCE10B                  Num    8 BEST12.            Baby 4 gender                                                                                                       
196 PCE10C                  Num    8 BEST12.            Baby 4 Weight lbs                                                                                                   
197 PCE10C1                 Num    8 BEST12.            Baby 4 Weight oz                                                                                                    
198 PCE10C2                 Num    8 BEST12.            Baby 4 Weight g                                                                                                     
210 PCE10C_G                Num    8                    Baby 4 Weight (g,calculated)                                                                                        
199 PCE10D                  Num    8 BEST12.            Baby 4 approx weight                                                                                                
200 PCE10E                  Num    8 BEST12.            Baby 4 currently breastfeeding                                                                                      
201 PCE10E1                 Num    8 BEST12.            Baby 4 age stopped bf                                                                                               
202 PCE10E2                 Num    8 BEST12.            Baby 4 units age stopped bf                                                                                         
203 PCE10E3                 Num    8 BEST12.            Baby 4 bf long as wanted                                                                                            
204 PCE10E4                 Num    8 BEST12.            Baby 4 age solid foods                                                                                              
205 PCE10E5                 Num    8 BEST12.            Baby 4 units age solid foods                                                                                        
214 PCE10E1_DAYS            Num    8                    Baby 4 age stopped bf (days)                                                                                        
218 PCE10E4_DAYS            Num    8                    Baby 4 age solid foods (days)                                                                                       
138 PCE1A                   Num    8 BEST12.            Pregnancy Number                                                                                                    
139 PCE1C                   Num    8 BEST12.            Received care in the US                                                                                             
140 PCE1D                   Num    8 BEST12.            Hypertension-HBP in this pregnancy                                                                                  
141 PCE1D1                  Num    8 BEST12.            Hypertension-HBP before this pregnancy                                                                              
142 PCE1E                   Num    8 BEST12.            Preeclampsia-toxemia in this pregnancy                                                                              
143 PCE1F                   Num    8 BEST12.            Eclampsia during this pregnancy                                                                                     
144 PCE1G                   Num    8 BEST12.            Diabetes during this pregnancy                                                                                      
145 PCE1G1                  Num    8 BEST12.            Took meds for blood sugar during this pregnancy                                                                     
146 PCE1G2                  Num    8 BEST12.            Had Diabetes Before                                                                                                 
147 PCE1H                   Num    8 BEST12.            Smoked during last 3 months of pregnancy                                                                            
148 PCE1I                   Num    8 BEST12.            Smoked 3 months before pregnancy                                                                                    
149 PCE1J                   Num    8 BEST12.            Weight gained during pregnancy                                                                                      
150 PCE1J1                  Num    8 BEST12.            Weight gained units                                                                                                 
206 PCE1J_KG                Num    8                    Weight gained during pregnancy (kg)                                                                                 
151 PCE2A                   Num    8 BEST12.            Pregnancy Length                                                                                                    
152 PCE2A1                  Num    8 BEST12.            Pregnancy length units                                                                                              
219 PCE2A_WEEKS             Num    8                    Pregnancy Length (weeks)                                                                                            
                                                                 Dimensions and variables in imputed dataset

                                                                 Alphabetic List of Variables and Attributes
 
  # Variable                Type Len Format    Informat Label

154 PCE3A                   Num    8 BEST12.            Number of Babies                                                                                                    
158 PCE7A                   Num    8 BEST12.            Baby 1 Birth                                                                                                        
159 PCE7B                   Num    8 BEST12.            Baby 1 gender                                                                                                       
160 PCE7C                   Num    8 BEST12.            Baby 1 Weight lbs                                                                                                   
161 PCE7C1                  Num    8 BEST12.            Baby 1 Weight oz                                                                                                    
162 PCE7C2                  Num    8 BEST12.            Baby 1 Weight g                                                                                                     
207 PCE7C_G                 Num    8                    Baby 1 Weight (g,calculated)                                                                                        
163 PCE7D                   Num    8 BEST12.            Baby 1 approx weight                                                                                                
164 PCE7E                   Num    8 BEST12.            Baby 1 currently breastfeeding                                                                                      
165 PCE7E1                  Num    8 BEST12.            Baby 1 age stopped bf                                                                                               
166 PCE7E2                  Num    8 BEST12.            Baby 1 units age stopped bf                                                                                         
167 PCE7E3                  Num    8 BEST12.            Baby 1 bf long as wanted                                                                                            
168 PCE7E4                  Num    8 BEST12.            Baby 1 age solid foods                                                                                              
169 PCE7E5                  Num    8 BEST12.            Baby 1 units age solid foods                                                                                        
211 PCE7E1_DAYS             Num    8                    Baby 1 age stopped bf (days)                                                                                        
215 PCE7E4_DAYS             Num    8                    Baby 1 age solid foods (days)                                                                                       
170 PCE8A                   Num    8 BEST12.            Baby 2 Birth                                                                                                        
171 PCE8B                   Num    8 BEST12.            Baby 2 gender                                                                                                       
172 PCE8C                   Num    8 BEST12.            Baby 2 Weight lbs                                                                                                   
173 PCE8C1                  Num    8 BEST12.            Baby 2 Weight oz                                                                                                    
174 PCE8C2                  Num    8 BEST12.            Baby 2 Weight g                                                                                                     
208 PCE8C_G                 Num    8                    Baby 2 Weight (g,calculated)                                                                                        
175 PCE8D                   Num    8 BEST12.            Baby 2 approx weight                                                                                                
176 PCE8E                   Num    8 BEST12.            Baby 2 currently breastfeeding                                                                                      
177 PCE8E1                  Num    8 BEST12.            Baby 2 age stopped bf                                                                                               
178 PCE8E2                  Num    8 BEST12.            Baby 2 units age stopped bf                                                                                         
179 PCE8E3                  Num    8 BEST12.            Baby 2 bf long as wanted                                                                                            
180 PCE8E4                  Num    8 BEST12.            Baby 2 age solid foods                                                                                              
181 PCE8E5                  Num    8 BEST12.            Baby 2 Units age solid foods                                                                                        
212 PCE8E1_DAYS             Num    8                    Baby 2 age stopped bf (days)                                                                                        
216 PCE8E4_DAYS             Num    8                    Baby 2 age solid foods (days)                                                                                       
182 PCE9A                   Num    8 BEST12.            Baby 3 Birth                                                                                                        
183 PCE9B                   Num    8 BEST12.            Baby 3 gender                                                                                                       
184 PCE9C                   Num    8 BEST12.            Baby 3 Weight lbs                                                                                                   
185 PCE9C1                  Num    8 BEST12.            Baby 3 Weight oz                                                                                                    
186 PCE9C2                  Num    8 BEST12.            Baby 3 Weight g                                                                                                     
209 PCE9C_G                 Num    8                    Baby 3 Weight (g,calculated)                                                                                        
187 PCE9D                   Num    8 BEST12.            Baby 3 approx weight                                                                                                
188 PCE9E                   Num    8 BEST12.            Baby 3 currently breastfeeding                                                                                      
189 PCE9E1                  Num    8 BEST12.            Baby 3 age stopped bf                                                                                               
190 PCE9E2                  Num    8 BEST12.            Baby 3 units age stopped bf                                                                                         
191 PCE9E3                  Num    8 BEST12.            Baby 3 bf long as wanted                                                                                            
192 PCE9E4                  Num    8 BEST12.            Baby 3 age solid foods                                                                                              
193 PCE9E5                  Num    8 BEST12.            Baby 3 units age solid foods                                                                                        
213 PCE9E1_DAYS             Num    8                    Baby 3 age stopped bf (days)                                                                                        
217 PCE9E4_DAYS             Num    8                    Baby 3 age solid foods (days)                                                                                       
264 PCT_MVPA                Num    8                    Percentage of time spent in moderate-to-vigorous physical activity                                                  
 74 PIEA4                   Char   2 $2.       $2.      Country/Territory Born (PIEA4)                                                                                      
 75 PIEA7                   Num    8                    Years Lived in Mainland US (PIEA7)                                                                                  
 64 POVPCT                  Num    8                    Household income, percent of poverty                                                                                
 65 POVPCT_C4               Num    8                    Household income, percent of poverty, 4 categories                                                                  
136 PRETERM                 Num    8                    Pregnancy lasted <= 37 weeks                                                                                        
255 PRIMIPARA_V1            Num    8                    FLOR baby is 1st live birth ever (1-yes, 0-no)                                                                      
                                                                 Dimensions and variables in imputed dataset

                                                                 Alphabetic List of Variables and Attributes
 
  # Variable                Type Len Format    Informat Label

272 PRS_BMI_COMPLETE        Num    8                    Flag - child BMI polygenic risk score is complete                                                                   
  5 PSU_ID                  Num    8                    Primary Sampling Unit ID                                                                                            
118 RME19                   Num    8 BEST12.            # Babies born alive-before V1                                                                                       
116 RME12a                  Num    8 BEST12.            Times Pregnant Before V1                                                                                            
117 RME13a                  Num    8 BEST12.            # Pregs of 6+ months-before V1                                                                                      
122 SBP5                    Num    8 BEST12.            average systolic                                                                                                    
123 SBP6                    Num    8 BEST12.            average diastolic                                                                                                   
124 SBP7                    Num    8 BEST12.            average pulse                                                                                                       
 69 SBPA5                   Num    8                    Average Systolic (SBPA5)                                                                                            
 70 SBPA6                   Num    8                    Average Diastolic (SBPA6)                                                                                           
 71 SBPA7                   Num    8                    Average Pulse Rate (SBPA7)                                                                                          
258 SBP_GE120YN             Num    8                    Systolic blood pressure >= 120 mm Hg                                                                                
135 SGA                     Num    8                    Small for gestational age (< 10th pctl) for baby #1                                                                 
 54 SITE_BKGRD              Num    8                    Cross-Classification of Center and Hispanic/Latino Background                                                       
 57 SLPDUR                  Num    8                    Average sleep duration (hours)                                                                                      
270 SLPDUR_LT8HRS           Num    8                    Sleep duration (<8 hours)                                                                                           
 55 SLPDUR_WKDAY            Num    8                    Weekday sleep duration (hours)                                                                                      
 56 SLPDUR_WKEND            Num    8                    Weekend sleep duration (hours)                                                                                      
 20 STAI10                  Num    8                    10-Item State Trait Anxiety Inventory                                                                               
  4 STRAT                   Num    8                    Stratification Variable ID                                                                                          
125 TBE1                    Num    8 BEST12.            Smoke 100 cigarettes in lifetime                                                                                    
126 TBE4                    Num    8 BEST12.            Current smoking status                                                                                              
 72 TBEA1                   Num    8                    Smoke at least 100 cigs in lifetime (TBEA1)                                                                         
 73 TBEA3                   Num    8                    Present Smoking Status (TBEA3)                                                                                      
 13 US_BORN                 Num    8                    Born in mainland US (50 States + DC)                                                                                
235 WAZ                     Num    8                    Weight for age Z-Score - CDC (Child)                                                                                
  6 WEIGHT_FINAL_           Num    8                    Overall Sample Normalized Census 2010 Calibrated Trimmed NonResponse                                                
    NORM_OVERALL                                        Adjusted Final Weights - Year 1-3 (frozen as of 10/27/2011)                                                         
 88 WEIGHT_NORM_OVERALL_V2  Num    8                    HCHS V2 Overall Normalized, Census 2010 Calibrated, Trimmed,                                                        
                                                        Nonresponse Adjusted Weights - (frozen as of 03/06/2018)                                                            
 87 WEIGHT_PA_IPW_OVERALL   Num    8                    Sampling weight (norm_overall) * IPW of actical adherence                                                           
 26 YRSUS                   Num    8                    Years lived in US                                                                                                   
 46 YRSUS_C2                Num    8                    2-level grouped years lived in the US (50 States)                                                                   
 47 YRSUS_C3                Num    8                    Years lived in the US (50 States, 3-levels)                                                                         
114 YRSUS_C3_V2             Num    8                    Years lived in the US at Visit 2 (50 States, 3-level)                                                               
132 YRSV1BIRTH              Num    8                    Time between Visit 1 and baby’s birth (years)                                                                       
224 YRS_BTWN_V1FLOR         Num    8                    Elapsed time in years between visit 1 and FLOR clinic date                                                          
 95 YRS_BTWN_V1V2           Num    8                    Elapsed time between visits 1 and 2 (yrs)                                                                           
  1 _Imputation_            Num    8                    Imputation Number                                                                                                   
