                                                                          Variable: child_prs_bmi_a

                                                                              The MI Procedure

                                                                          Variable Transformations
 
                                                                Variable           _Transform_        Lambda

                                                                BMI                LOG                     .
                                                                ANTA10A            LOG                     .
                                                                AGG_MENT           BOXCOX            2.00000
                                                                AGG_PHYS           BOXCOX            3.00000
                                                                POVPCT             POWER             0.50000


                                                                    Variance Information (10 Imputations)
 
                                                                                                           Relative       Fraction
                                                 -----------------Variance-----------------                Increase        Missing       Relative
                              Variable                Between         Within          Total       DF    in Variance    Information     Efficiency

                              YRSV1BIRTH             0.000594       0.013512       0.014166    180.8       0.048391       0.046608       0.995361
                              BIRTHWT_GA_Z           0.001537       0.008220       0.009911   107.27       0.205694       0.175915       0.982713
                              SLPDUR                 0.000345       0.009022       0.009401    183.7       0.042097       0.040744       0.995942
                            * BMI                 0.000005778       0.000214       0.000221   188.97       0.029680       0.029003       0.997108
                            * ANTA10A             0.000002196       0.000100       0.000102   191.08       0.024150       0.023701       0.997636
                            * AGG_MENT               7.839017    1272.946951    1281.569869    196.5       0.006774       0.006738       0.999327
                            * AGG_PHYS            2745.344034        1229503        1232523   197.52       0.002456       0.002451       0.999755
                              HEIGHT                 0.000808       0.197862       0.198751   197.06       0.004492       0.004476       0.999553
                              HEI2010                0.010604       0.878772       0.890436   194.71       0.013273       0.013137       0.998688
                            * POVPCT                 0.015206       0.074526       0.091252   100.84       0.224444       0.189333       0.981419
                              CESD10                 0.004290       0.155534       0.160253    188.7       0.030343       0.029636       0.997045
                              STAI10                 0.003482       0.166166       0.169997   191.48       0.023053       0.022644       0.997741
                              PARITY_V1           0.000038778       0.005996       0.006039   196.42       0.007114       0.007075       0.999293
                              PCT_MVPA               0.004180       0.008551       0.013149   46.829       0.537784       0.366695       0.964628

                                                                           * Transformed Variables


                                                                     Parameter Estimates (10 Imputations)
 
                                                                                                                                              t for H0:
             Variable                   Mean      Std Error    95% Confidence Limits        DF        Minimum        Maximum            Mu0    Mean=Mu0   Pr > |t|

             YRSV1BIRTH             3.011810       0.119021         2.78         3.25    180.8       2.964751       3.047778              0       25.30     <.0001
             BIRTHWT_GA_Z           0.504194       0.099553         0.31         0.70   107.27       0.458583       0.581015              0        5.06     <.0001
             SLPDUR                 8.289151       0.096961         8.10         8.48    183.7       8.248840       8.314210              0       85.49     <.0001
           * BMI                    3.314142       0.014850         3.28         3.34   188.97       3.310276       3.317636              0      223.18     <.0001
           * ANTA10A                4.515208       0.010122         4.50         4.54   191.08       4.512552       4.517444              0      446.06     <.0001
           * AGG_MENT            1159.843861      35.799021      1089.24      1230.44    196.5    1156.381709    1165.430092              0       32.40     <.0001
           * AGG_PHYS                  52568    1110.190574     50378.70     54757.40   197.52          52453          52642              0       47.35     <.0001
             HEIGHT               157.746544       0.445815       156.87       158.63   197.06     157.691765     157.785396              0      353.84     <.0001
             HEI2010               56.700046       0.943629        54.84        58.56   194.71      56.530592      56.883459              0       60.09     <.0001
           * POVPCT                10.183778       0.302080         9.58        10.78   100.84       9.963051      10.401260              0       33.71     <.0001
             CESD10                 6.960300       0.400317         6.17         7.75    188.7       6.842409       7.066421              0       17.39     <.0001
             STAI10                17.865351       0.412306        17.05        18.68   191.48      17.776470      17.954898              0       43.33     <.0001
             PARITY_V1              1.167662       0.077709         1.01         1.32   196.42       1.159204       1.179104              0       15.03     <.0001

                                                                           * Transformed Variables
                                                                          Variable: child_prs_bmi_a

                                                                              The MI Procedure

                                                                     Parameter Estimates (10 Imputations)
 
                                                                                                                                              t for H0:
             Variable                   Mean      Std Error    95% Confidence Limits        DF        Minimum        Maximum            Mu0    Mean=Mu0   Pr > |t|

             PCT_MVPA               1.483104       0.114670         1.25         1.71   46.829       1.383826       1.581103              0       12.93     <.0001

                                                                           * Transformed Variables
