NOTE: PROCEDURE PRINTTO used (Total process time):
      real time           0.21 seconds
      cpu time            0.03 seconds
      

8          /*********************************************************
9          *                                                         *
10         *  SAS PROGRAM - QC DATASET JOB HC3383 					         *
11         *                                                        *
12         **********************************************************
13         *                                                        *
14         *  PROGRAM NAME: HC338360.sas
15         *
16         *  PROGRAMMER:   Alvaro Quijano (AQ)
17         *
18         *  DESCRIPTION:  Pooled GENMOD fractional logit for child
19         *               BMI-for-age percentile (BMIPCT, 0-100), dist=bin,
20         *               link=logit, GEE with robust (empirical) variance.
21         *               Same covariate sets as job 59 (HC338359).
22         *               SAS may NOTE non-integer events/trials.
23         *
24         * ---------------------------------------------------------
25         *
26         *  JOB NUMBER: HC338360
27         *
28         *  PREVIOUS JOB:
29         *
2                                                          The SAS System                              13:16 Tuesday, March 31, 2026

30         *  LANGUAGE: SAS 9.4
31         *
32         *  VERSION CONTROL:
33         *					31mar26: Create from HC338359 (job 59);
34         *							 fractional binomial probit for BMIPCT.
35         *							 SCALE=DEVIANCE on MODEL (adjusted SEs).
36         					         repeated id added to use robust estimator of the variance
37         *
38         * ----------------------------------------------------------
39         *
40         *  INPUT:
41         *
42         *  OUTPUT:
43         *
44         **********************************************************/
45         options orientation = landscape nodate formchar = "|----|+|---+=|-/\<>*" nonumber PS=59 LS=173;
46         ods escapechar '^';
47         
48         libname data "&homepath.\data";
NOTE: Libref DATA was successfully assigned as follows: 
      Engine:        V9 
      Physical Name: J:\HCHS\STATISTICS\GRAS\QAngarita\FLOR\MS1560\data
49         libname hchstyle 'J:\hchs\sc\styledef\sty904';
NOTE: Libref HCHSTYLE was successfully assigned as follows: 
      Engine:        V9 
      Physical Name: J:\hchs\sc\styledef\sty904
50         
51         %let prg = AQA;
52         %let impdb = data.HC338353_imputed_data_&datefile.;
53         %let lf_margin = 0.7in;
54         %let rg_margin = 0.7in;
55         
56         %include "&homepath.\scripts\HC338390\HC338390.sas";
NOTE: Format BKGRD1_C7NOMISS_FMT has been output.
NOTE: Format PV has been output.
NOTE: Format CENTERNUM_FMT has been output.
NOTE: Format LANG_PREF_FMT has been output.
NOTE: Format MARITAL_STATUS_FMT has been output.
NOTE: Format EDUCATION_C3_FMT has been output.
NOTE: Format N_HC_FMT has been output.
NOTE: Format INCOME_C2_FMT has been output.
NOTE: Format YRSUS_C3_FMT has been output.
NOTE: Format EMPLOYEDYN_FMT has been output.
NOTE: Format ALCOHOL_USE_FMT has been output.
NOTE: Format SLPDUR_LT8HRS_FMT has been output.
NOTE: Format HEI2010_C3_FMT has been output.
NOTE: Format CESD10_FMT has been output.
NOTE: Format STAI10_FMT has been output.
NOTE: Format $STAT has been output.
NOTE: Format PV is already on the library WORK.FORMATS.
NOTE: Format PV has been output.
NOTE: Format YN_FMT has been output.
NOTE: Format BMIPCT_C2_FMT has been output.
NOTE: Format BLANKDOT has been output.
NOTE: Format REFNUM has been output.
NOTE: Format PAREN has been output.
NOTE: Format PCT_BLANK has been output.
                                                                               The SAS System

NOTE: Format AME_FMT has been output.

NOTE: PROCEDURE FORMAT used (Total process time):
      real time           0.03 seconds
      cpu time            0.01 seconds
      

164        %include "&homepath.\scripts\HC338391\HC3383_labels.sas";
267        
268        * Fractional logit: model BMIPCT/100 as binomial proportion with trials=100;
269        data impwork;
270        	set &impdb;
271        	trial_wt = 100;
272        	label trial_wt = "Denominator for fractional binomial (BMIPCT scale 0-100)";
273        run;

NOTE: There were 2270 observations read from the data set DATA.HC338353_IMPUTED_DATA_12NOV25.
NOTE: The data set WORK.IMPWORK has 2270 observations and 273 variables.
NOTE: DATA statement used (Total process time):
      real time           0.06 seconds
      cpu time            0.00 seconds
      

274        
275        title 'Model 1 - Sociodemographics';
276        proc genmod data = impwork;
277        	by _imputation_;
278        	class id centernum(ref="BRONX") bkgrd1_c7nomiss(ref='MEXICAN') marital_status(ref='SINGLE') employedyn(ref="NOT_EMPLOYED")
279        			education_c3(ref='N_HIGHSCHOOL_GED') n_hc(ref="NO") yrsus_c3(ref='US_BORN');
280        	model bmipct / trial_wt = centernum yrs_btwn_v1flor age bkgrd1_c7nomiss n_hc education_c3 parity_v1 employedyn marital_status yrsus_c3
281        		/ dist=bin link=logit;
282        	repeated subject=id / type=ind;
283        	format centernum centernum_fmt. n_hc n_hc_fmt. bkgrd1_c7nomiss bkgrd1_c7nomiss_fmt. marital_status marital_status_fmt.
284        			employedyn employedyn_fmt. yrsus_c3 yrsus_c3_fmt. education_c3 education_c3_fmt.;
285        	ods output GEEEmpPEst=genmod_results_1;
286        run;

NOTE: Non-integer response values have been detected for the Binomial distribution.
NOTE: Class levels for some variables were not printed due to excessive size.
NOTE: Algorithm converged.
NOTE: Algorithm converged.
NOTE: The above message was for the following BY group:
      Imputation Number=1
NOTE: Non-integer response values have been detected for the Binomial distribution.
NOTE: Class levels for some variables were not printed due to excessive size.
NOTE: Algorithm converged.
NOTE: Algorithm converged.
NOTE: The above message was for the following BY group:
      Imputation Number=2
NOTE: Non-integer response values have been detected for the Binomial distribution.
NOTE: Class levels for some variables were not printed due to excessive size.
NOTE: Algorithm converged.
NOTE: Algorithm converged.
NOTE: The above message was for the following BY group:
      Imputation Number=3
NOTE: Non-integer response values have been detected for the Binomial distribution.
NOTE: Class levels for some variables were not printed due to excessive size.
                                                                               The SAS System

NOTE: Algorithm converged.
NOTE: Algorithm converged.
NOTE: The above message was for the following BY group:
      Imputation Number=4
NOTE: Non-integer response values have been detected for the Binomial distribution.
NOTE: Class levels for some variables were not printed due to excessive size.
NOTE: Algorithm converged.
NOTE: Algorithm converged.
NOTE: The above message was for the following BY group:
      Imputation Number=5
NOTE: Non-integer response values have been detected for the Binomial distribution.
NOTE: Class levels for some variables were not printed due to excessive size.
NOTE: Algorithm converged.
NOTE: Algorithm converged.
NOTE: The above message was for the following BY group:
      Imputation Number=6
NOTE: Non-integer response values have been detected for the Binomial distribution.
NOTE: Class levels for some variables were not printed due to excessive size.
NOTE: Algorithm converged.
NOTE: Algorithm converged.
NOTE: The above message was for the following BY group:
      Imputation Number=7
NOTE: Non-integer response values have been detected for the Binomial distribution.
NOTE: Class levels for some variables were not printed due to excessive size.
NOTE: Algorithm converged.
NOTE: Algorithm converged.
NOTE: The above message was for the following BY group:
      Imputation Number=8
NOTE: Non-integer response values have been detected for the Binomial distribution.
NOTE: Class levels for some variables were not printed due to excessive size.
NOTE: Algorithm converged.
NOTE: Algorithm converged.
NOTE: The above message was for the following BY group:
      Imputation Number=9
NOTE: Non-integer response values have been detected for the Binomial distribution.
NOTE: Class levels for some variables were not printed due to excessive size.
NOTE: Algorithm converged.
NOTE: Algorithm converged.
NOTE: The above message was for the following BY group:
      Imputation Number=10
NOTE: The data set WORK.GENMOD_RESULTS_1 has 280 observations and 9 variables.
NOTE: The PROCEDURE GENMOD printed pages 1-30.
NOTE: PROCEDURE GENMOD used (Total process time):
      real time           0.20 seconds
      cpu time            0.09 seconds
      

287        
288        title 'Model 2: Model 1 + (diet, alcohol, smoke, pa, slpdur) ';
289        proc genmod data = impwork;
290        	by _imputation_;
291        	class id centernum(ref="BRONX") bkgrd1_c7nomiss(ref='MEXICAN') marital_status(ref='SINGLE') employedyn(ref="NOT_EMPLOYED")
292        			education_c3(ref='N_HIGHSCHOOL_GED') n_hc(ref="NO") yrsus_c3(ref='US_BORN')
293        			current_smoker(REF="NO") alcohol_use(REF="NEVER")
294        			pag2008yn(ref="YES") hei2010_c3(ref="LOW");
295        	model bmipct / trial_wt = centernum yrs_btwn_v1flor age bkgrd1_c7nomiss n_hc education_c3 parity_v1 employedyn marital_status yrsus_c3
296        			current_smoker hei2010_c3 alcohol_use pag2008yn slpdur / dist=bin link=logit;
                                                                               The SAS System

297        	repeated subject=id / type=ind;
298        	format centernum centernum_fmt. n_hc n_hc_fmt. bkgrd1_c7nomiss bkgrd1_c7nomiss_fmt. marital_status marital_status_fmt.
299        			employedyn employedyn_fmt. yrsus_c3 yrsus_c3_fmt. education_c3 education_c3_fmt.
300        			alcohol_use alcohol_use_fmt. current_smoker yn_fmt.
301        			pag2008yn yn_fmt. hei2010_c3 hei2010_c3_fmt.;
302        	ods output GEEEmpPEst=genmod_results_2;
303        run;

NOTE: Non-integer response values have been detected for the Binomial distribution.
NOTE: Class levels for some variables were not printed due to excessive size.
NOTE: Algorithm converged.
NOTE: Algorithm converged.
NOTE: The above message was for the following BY group:
      Imputation Number=1
NOTE: Non-integer response values have been detected for the Binomial distribution.
NOTE: Class levels for some variables were not printed due to excessive size.
NOTE: Algorithm converged.
NOTE: Algorithm converged.
NOTE: The above message was for the following BY group:
      Imputation Number=2
NOTE: Non-integer response values have been detected for the Binomial distribution.
NOTE: Class levels for some variables were not printed due to excessive size.
NOTE: Algorithm converged.
NOTE: Algorithm converged.
NOTE: The above message was for the following BY group:
      Imputation Number=3
NOTE: Non-integer response values have been detected for the Binomial distribution.
NOTE: Class levels for some variables were not printed due to excessive size.
NOTE: Algorithm converged.
NOTE: Algorithm converged.
NOTE: The above message was for the following BY group:
      Imputation Number=4
NOTE: Non-integer response values have been detected for the Binomial distribution.
NOTE: Class levels for some variables were not printed due to excessive size.
NOTE: Algorithm converged.
NOTE: Algorithm converged.
NOTE: The above message was for the following BY group:
      Imputation Number=5
NOTE: Non-integer response values have been detected for the Binomial distribution.
NOTE: Class levels for some variables were not printed due to excessive size.
NOTE: Algorithm converged.
NOTE: Algorithm converged.
NOTE: The above message was for the following BY group:
      Imputation Number=6
NOTE: Non-integer response values have been detected for the Binomial distribution.
NOTE: Class levels for some variables were not printed due to excessive size.
NOTE: Algorithm converged.
NOTE: Algorithm converged.
NOTE: The above message was for the following BY group:
      Imputation Number=7
NOTE: Non-integer response values have been detected for the Binomial distribution.
NOTE: Class levels for some variables were not printed due to excessive size.
NOTE: Algorithm converged.
NOTE: Algorithm converged.
NOTE: The above message was for the following BY group:
      Imputation Number=8
NOTE: Non-integer response values have been detected for the Binomial distribution.
                                                                               The SAS System

NOTE: Class levels for some variables were not printed due to excessive size.
NOTE: Algorithm converged.
NOTE: Algorithm converged.
NOTE: The above message was for the following BY group:
      Imputation Number=9
NOTE: Non-integer response values have been detected for the Binomial distribution.
NOTE: Class levels for some variables were not printed due to excessive size.
NOTE: Algorithm converged.
NOTE: Algorithm converged.
NOTE: The above message was for the following BY group:
      Imputation Number=10
NOTE: The data set WORK.GENMOD_RESULTS_2 has 390 observations and 9 variables.
NOTE: The PROCEDURE GENMOD printed pages 31-70.
NOTE: PROCEDURE GENMOD used (Total process time):
      real time           0.22 seconds
      cpu time            0.15 seconds
      

304        
305        title 'Model 3: Model 2 + mental health';
306        proc genmod data = impwork;
307        	by _imputation_;
308        	class id centernum(ref="BRONX") bkgrd1_c7nomiss(ref='MEXICAN') marital_status(ref='SINGLE') employedyn(ref="NOT_EMPLOYED")
309        			education_c3(ref='N_HIGHSCHOOL_GED') n_hc(ref="NO") yrsus_c3(ref='US_BORN')
310        			current_smoker(REF="NO") alcohol_use(REF="NEVER")
311        			pag2008yn(ref="YES") hei2010_c3(ref="LOW")
312        			cesd10(ref="NODEPRE") stai10(ref="NOANX");
313        	model bmipct / trial_wt = centernum yrs_btwn_v1flor age bkgrd1_c7nomiss n_hc education_c3 parity_v1 employedyn marital_status yrsus_c3
314        			current_smoker hei2010_c3 alcohol_use pag2008yn slpdur
315        			cesd10 stai10 / dist=bin link=logit;
316        	repeated subject=id / type=ind;
317        	format centernum centernum_fmt. n_hc n_hc_fmt. bkgrd1_c7nomiss bkgrd1_c7nomiss_fmt. marital_status marital_status_fmt.
318        			employedyn employedyn_fmt. yrsus_c3 yrsus_c3_fmt. education_c3 education_c3_fmt.
319        			alcohol_use alcohol_use_fmt. current_smoker yn_fmt.
320        			pag2008yn yn_fmt. hei2010_c3 hei2010_c3_fmt.
321        			cesd10 cesd10_fmt. stai10 stai10_fmt.;
322        	ods output GEEEmpPEst=genmod_results_3;
323        run;

NOTE: Non-integer response values have been detected for the Binomial distribution.
NOTE: Class levels for some variables were not printed due to excessive size.
NOTE: Algorithm converged.
NOTE: Algorithm converged.
NOTE: The above message was for the following BY group:
      Imputation Number=1
NOTE: Non-integer response values have been detected for the Binomial distribution.
NOTE: Class levels for some variables were not printed due to excessive size.
NOTE: Algorithm converged.
NOTE: Algorithm converged.
NOTE: The above message was for the following BY group:
      Imputation Number=2
NOTE: Non-integer response values have been detected for the Binomial distribution.
NOTE: Class levels for some variables were not printed due to excessive size.
NOTE: Algorithm converged.
NOTE: Algorithm converged.
NOTE: The above message was for the following BY group:
      Imputation Number=3
                                                                               The SAS System

NOTE: Non-integer response values have been detected for the Binomial distribution.
NOTE: Class levels for some variables were not printed due to excessive size.
NOTE: Algorithm converged.
NOTE: Algorithm converged.
NOTE: The above message was for the following BY group:
      Imputation Number=4
NOTE: Non-integer response values have been detected for the Binomial distribution.
NOTE: Class levels for some variables were not printed due to excessive size.
NOTE: Algorithm converged.
NOTE: Algorithm converged.
NOTE: The above message was for the following BY group:
      Imputation Number=5
NOTE: Non-integer response values have been detected for the Binomial distribution.
NOTE: Class levels for some variables were not printed due to excessive size.
NOTE: Algorithm converged.
NOTE: Algorithm converged.
NOTE: The above message was for the following BY group:
      Imputation Number=6
NOTE: Non-integer response values have been detected for the Binomial distribution.
NOTE: Class levels for some variables were not printed due to excessive size.
NOTE: Algorithm converged.
NOTE: Algorithm converged.
NOTE: The above message was for the following BY group:
      Imputation Number=7
NOTE: Non-integer response values have been detected for the Binomial distribution.
NOTE: Class levels for some variables were not printed due to excessive size.
NOTE: Algorithm converged.
NOTE: Algorithm converged.
NOTE: The above message was for the following BY group:
      Imputation Number=8
NOTE: Non-integer response values have been detected for the Binomial distribution.
NOTE: Class levels for some variables were not printed due to excessive size.
NOTE: Algorithm converged.
NOTE: Algorithm converged.
NOTE: The above message was for the following BY group:
      Imputation Number=9
NOTE: Non-integer response values have been detected for the Binomial distribution.
NOTE: Class levels for some variables were not printed due to excessive size.
NOTE: Algorithm converged.
NOTE: Algorithm converged.
NOTE: The above message was for the following BY group:
      Imputation Number=10
NOTE: The data set WORK.GENMOD_RESULTS_3 has 430 observations and 9 variables.
NOTE: The PROCEDURE GENMOD printed pages 71-120.
NOTE: PROCEDURE GENMOD used (Total process time):
      real time           0.28 seconds
      cpu time            0.17 seconds
      

324        
325        title 'Model 4: Model 3 + PRS';
326        proc genmod data = impwork;
327        	by _imputation_;
328        	class id centernum(ref="BRONX") bkgrd1_c7nomiss(ref='MEXICAN') marital_status(ref='SINGLE') employedyn(ref="NOT_EMPLOYED")
329        			education_c3(ref='N_HIGHSCHOOL_GED') n_hc(ref="NO") yrsus_c3(ref='US_BORN')
330        			current_smoker(REF="NO") alcohol_use(REF="NEVER") pag2008yn(ref="YES") hei2010_c3(ref="LOW")
331        			cesd10(ref="NODEPRE") stai10(ref="NOANX");
                                                                               The SAS System

332        	model bmipct / trial_wt = centernum yrs_btwn_v1flor age bkgrd1_c7nomiss n_hc education_c3 parity_v1 employedyn marital_status yrsus_c3
333        			current_smoker hei2010_c3 alcohol_use pag2008yn slpdur
334        			cesd10 stai10
335        			child_prs_bmi_a / dist=bin link=logit type3;
336        	repeated subject=id / type=ind;
337        	format centernum centernum_fmt. n_hc n_hc_fmt. bkgrd1_c7nomiss bkgrd1_c7nomiss_fmt. marital_status marital_status_fmt.
338        			employedyn employedyn_fmt. yrsus_c3 yrsus_c3_fmt. education_c3 education_c3_fmt.
339        			alcohol_use alcohol_use_fmt. current_smoker yn_fmt.
340        			pag2008yn yn_fmt. hei2010_c3 hei2010_c3_fmt.
341        			cesd10 cesd10_fmt. stai10 stai10_fmt.;
342        	output out=res xbeta=lin_pred;
343        	ods output GEEEmpPEst=genmod_results_4 ModelANOVA=type3 ;
344        run;

NOTE: Non-integer response values have been detected for the Binomial distribution.
NOTE: Class levels for some variables were not printed due to excessive size.
NOTE: Algorithm converged.
NOTE: Algorithm converged.
NOTE: The above message was for the following BY group:
      Imputation Number=1
NOTE: Non-integer response values have been detected for the Binomial distribution.
NOTE: Class levels for some variables were not printed due to excessive size.
NOTE: Algorithm converged.
NOTE: Algorithm converged.
NOTE: The above message was for the following BY group:
      Imputation Number=2
NOTE: Non-integer response values have been detected for the Binomial distribution.
NOTE: Class levels for some variables were not printed due to excessive size.
NOTE: Algorithm converged.
NOTE: Algorithm converged.
NOTE: The above message was for the following BY group:
      Imputation Number=3
NOTE: Non-integer response values have been detected for the Binomial distribution.
NOTE: Class levels for some variables were not printed due to excessive size.
NOTE: Algorithm converged.
NOTE: Algorithm converged.
NOTE: The above message was for the following BY group:
      Imputation Number=4
NOTE: Non-integer response values have been detected for the Binomial distribution.
NOTE: Class levels for some variables were not printed due to excessive size.
NOTE: Algorithm converged.
NOTE: Algorithm converged.
NOTE: The above message was for the following BY group:
      Imputation Number=5
NOTE: Non-integer response values have been detected for the Binomial distribution.
NOTE: Class levels for some variables were not printed due to excessive size.
NOTE: Algorithm converged.
NOTE: Algorithm converged.
NOTE: The above message was for the following BY group:
      Imputation Number=6
NOTE: Non-integer response values have been detected for the Binomial distribution.
NOTE: Class levels for some variables were not printed due to excessive size.
NOTE: Algorithm converged.
NOTE: Algorithm converged.
NOTE: The above message was for the following BY group:
      Imputation Number=7
NOTE: Non-integer response values have been detected for the Binomial distribution.
                                                                               The SAS System

NOTE: Class levels for some variables were not printed due to excessive size.
NOTE: Algorithm converged.
NOTE: Algorithm converged.
NOTE: The above message was for the following BY group:
      Imputation Number=8
NOTE: Non-integer response values have been detected for the Binomial distribution.
NOTE: Class levels for some variables were not printed due to excessive size.
NOTE: Algorithm converged.
NOTE: Algorithm converged.
NOTE: The above message was for the following BY group:
      Imputation Number=9
NOTE: Non-integer response values have been detected for the Binomial distribution.
NOTE: Class levels for some variables were not printed due to excessive size.
NOTE: Algorithm converged.
NOTE: Algorithm converged.
NOTE: The above message was for the following BY group:
      Imputation Number=10
NOTE: The data set WORK.GENMOD_RESULTS_4 has 440 observations and 9 variables.
WARNING: Output 'ModelANOVA' was not created.  Make sure that the output object name, label, or path is spelled correctly.  Also, verify that the appropriate procedure 
         options are used to produce the requested output object.  For example, verify that the NOPRINT option is not used.
NOTE: The data set WORK.RES has 2270 observations and 274 variables.
NOTE: The PROCEDURE GENMOD printed pages 121-170.
NOTE: PROCEDURE GENMOD used (Total process time):
      real time           3.48 seconds
      cpu time            3.34 seconds
      

345        
346        * Average Marginal Effects (Model 4, logit link): AME = E[p(1-p) * beta_i];
347        * where p = logistic(X*beta) is the mean of BMIPCT/100.;
348        data coef4;
349        	set genmod_results_4;
350        	length ParmName $32 EffectName $50;
351        	ParmName = coalescec(Parm, Parameter);
352        	if missing(Level1) then EffectName = ParmName;
353        	else EffectName = catx('_', ParmName, Level1);
354        run;

NOTE: Numeric values have been converted to character values at the places given by: (Line):(Column).
      351:29   
NOTE: Variable Parameter is uninitialized.
NOTE: There were 440 observations read from the data set WORK.GENMOD_RESULTS_4.
NOTE: The data set WORK.COEF4 has 440 observations and 12 variables.
NOTE: DATA statement used (Total process time):
      real time           0.01 seconds
      cpu time            0.00 seconds
      

355        
356        data res_with_p;
357        	set res;
358        	p = 1/(1+exp(-lin_pred));
359        run;

NOTE: There were 2270 observations read from the data set WORK.RES.
NOTE: The data set WORK.RES_WITH_P has 2270 observations and 275 variables.
NOTE: DATA statement used (Total process time):
                                                                               The SAS System

      real time           0.02 seconds
      cpu time            0.01 seconds
      

360        
361        proc sql;
362        	create table ame_all as
363        	select c.EffectName,
364        		   mean( p * (1 - p) * c.Estimate ) as AME
365        	from res_with_p r
366        	inner join coef4 c
367        		on r._imputation_ = c._imputation_
368        	where upcase(c.ParmName) not in ('SCALE','INTERCEPT')
369        	group by c.EffectName;
NOTE: Table WORK.AME_ALL created, with 43 rows and 2 columns.

370        quit;
NOTE: PROCEDURE SQL used (Total process time):
      real time           0.06 seconds
      cpu time            0.04 seconds
      

371        
372        data ame_all;
373        	set ame_all;
374        	rename EffectName = variable;
375        run;

NOTE: There were 43 observations read from the data set WORK.AME_ALL.
NOTE: The data set WORK.AME_ALL has 43 observations and 2 variables.
NOTE: DATA statement used (Total process time):
      real time           0.00 seconds
      cpu time            0.00 seconds
      

376        
377        %macro process_imputed2(in_db=, out_db=, model=);
378        
379        	* Reshape the dataset to include effect names;
380        	data &in_db.;
381        	    set &in_db.;
382        	    length ParmName $32 EffectName $50;
383        	    /* Harmonize parameter naming with GEEEmpPEst (Parm or Parameter) */
384        	    ParmName = coalescec(Parm, Parameter);
385        	    if missing(Level1) then EffectName = ParmName;
386        	    else EffectName = catx('_', ParmName, Level1);
387        	run;
388        
389        	* Sort the dataset by effect name;
390        	proc sort data = &in_db.; by Effectname; run;
391        
392        	* Combine estimates in the imputated dataset using Rubin method in MiAnalize;
393        	ods output ParameterEstimates = &out_db._p;
394        	proc mianalyze data=&in_db.;
395        	    by EffectName;
396        	    modeleffects Estimate;
397        	    stderr StdErr;
                                                                               The SAS System

398        	run;
399        	ods output close;
400        
401        	data &out_db.;
402        	 	set &out_db._p(keep=EffectName estimate StdErr Probt
403        						rename=(EffectName=variable));
404        		model = "Model &model.";
405        		%labels;
406        		if variable not in ('Scale','Intercept');
407        	run;
408        
409        %mend process_imputed2;
410        
411        * call the macro;
412        %process_imputed2(in_db = genmod_results_1, out_db = mianalize_1, model = 1);

NOTE: Numeric values have been converted to character values at the places given by: (Line):(Column).
      460:161   
NOTE: Variable Parameter is uninitialized.
NOTE: There were 280 observations read from the data set WORK.GENMOD_RESULTS_1.
NOTE: The data set WORK.GENMOD_RESULTS_1 has 280 observations and 12 variables.
NOTE: DATA statement used (Total process time):
      real time           0.00 seconds
      cpu time            0.00 seconds
      


NOTE: There were 280 observations read from the data set WORK.GENMOD_RESULTS_1.
NOTE: The data set WORK.GENMOD_RESULTS_1 has 280 observations and 12 variables.
NOTE: PROCEDURE SORT used (Total process time):
      real time           0.00 seconds
      cpu time            0.00 seconds
      


WARNING: Within-imputation StdErr is zero for variable Estimate in _Imputation_= 1 in the input DATA= data set.
WARNING: Within-imputation StdErr is zero for variable Estimate in _Imputation_= 2 in the input DATA= data set.
WARNING: Within-imputation StdErr is zero for variable Estimate in _Imputation_= 3 in the input DATA= data set.
WARNING: Within-imputation StdErr is zero for variable Estimate in _Imputation_= 4 in the input DATA= data set.
WARNING: Within-imputation StdErr is zero for variable Estimate in _Imputation_= 5 in the input DATA= data set.
WARNING: Within-imputation StdErr is zero for variable Estimate in _Imputation_= 6 in the input DATA= data set.
WARNING: Within-imputation StdErr is zero for variable Estimate in _Imputation_= 7 in the input DATA= data set.
WARNING: Within-imputation StdErr is zero for variable Estimate in _Imputation_= 8 in the input DATA= data set.
WARNING: Within-imputation StdErr is zero for variable Estimate in _Imputation_= 9 in the input DATA= data set.
WARNING: Within-imputation StdErr is zero for variable Estimate in _Imputation_= 10 in the input DATA= data set.
NOTE: The above message was for the following BY group:
      EffectName=BKGRD1_C7NOMISS_MEXICAN
WARNING: Within-imputation StdErr is zero for variable Estimate in _Imputation_= 1 in the input DATA= data set.
WARNING: Within-imputation StdErr is zero for variable Estimate in _Imputation_= 2 in the input DATA= data set.
WARNING: Within-imputation StdErr is zero for variable Estimate in _Imputation_= 3 in the input DATA= data set.
WARNING: Within-imputation StdErr is zero for variable Estimate in _Imputation_= 4 in the input DATA= data set.
WARNING: Within-imputation StdErr is zero for variable Estimate in _Imputation_= 5 in the input DATA= data set.
WARNING: Within-imputation StdErr is zero for variable Estimate in _Imputation_= 6 in the input DATA= data set.
WARNING: Within-imputation StdErr is zero for variable Estimate in _Imputation_= 7 in the input DATA= data set.
WARNING: Within-imputation StdErr is zero for variable Estimate in _Imputation_= 8 in the input DATA= data set.
WARNING: Within-imputation StdErr is zero for variable Estimate in _Imputation_= 9 in the input DATA= data set.
WARNING: Within-imputation StdErr is zero for variable Estimate in _Imputation_= 10 in the input DATA= data set.
                                                                               The SAS System

NOTE: The above message was for the following BY group:
      EffectName=CENTERNUM_BRONX
WARNING: Within-imputation StdErr is zero for variable Estimate in _Imputation_= 1 in the input DATA= data set.
WARNING: Within-imputation StdErr is zero for variable Estimate in _Imputation_= 2 in the input DATA= data set.
WARNING: Within-imputation StdErr is zero for variable Estimate in _Imputation_= 3 in the input DATA= data set.
WARNING: Within-imputation StdErr is zero for variable Estimate in _Imputation_= 4 in the input DATA= data set.
WARNING: Within-imputation StdErr is zero for variable Estimate in _Imputation_= 5 in the input DATA= data set.
WARNING: Within-imputation StdErr is zero for variable Estimate in _Imputation_= 6 in the input DATA= data set.
WARNING: Within-imputation StdErr is zero for variable Estimate in _Imputation_= 7 in the input DATA= data set.
WARNING: Within-imputation StdErr is zero for variable Estimate in _Imputation_= 8 in the input DATA= data set.
WARNING: Within-imputation StdErr is zero for variable Estimate in _Imputation_= 9 in the input DATA= data set.
WARNING: Within-imputation StdErr is zero for variable Estimate in _Imputation_= 10 in the input DATA= data set.
NOTE: The above message was for the following BY group:
      EffectName=EDUCATION_C3_N_HIGHSCHOOL_GED
WARNING: Within-imputation StdErr is zero for variable Estimate in _Imputation_= 1 in the input DATA= data set.
WARNING: Within-imputation StdErr is zero for variable Estimate in _Imputation_= 2 in the input DATA= data set.
WARNING: Within-imputation StdErr is zero for variable Estimate in _Imputation_= 3 in the input DATA= data set.
WARNING: Within-imputation StdErr is zero for variable Estimate in _Imputation_= 4 in the input DATA= data set.
WARNING: Within-imputation StdErr is zero for variable Estimate in _Imputation_= 5 in the input DATA= data set.
WARNING: Within-imputation StdErr is zero for variable Estimate in _Imputation_= 6 in the input DATA= data set.
WARNING: Within-imputation StdErr is zero for variable Estimate in _Imputation_= 7 in the input DATA= data set.
WARNING: Within-imputation StdErr is zero for variable Estimate in _Imputation_= 8 in the input DATA= data set.
WARNING: Within-imputation StdErr is zero for variable Estimate in _Imputation_= 9 in the input DATA= data set.
WARNING: Within-imputation StdErr is zero for variable Estimate in _Imputation_= 10 in the input DATA= data set.
NOTE: The above message was for the following BY group:
      EffectName=EMPLOYEDYN_NOT_EMPLOYED
WARNING: Within-imputation StdErr is zero for variable Estimate in _Imputation_= 1 in the input DATA= data set.
WARNING: Within-imputation StdErr is zero for variable Estimate in _Imputation_= 2 in the input DATA= data set.
WARNING: Within-imputation StdErr is zero for variable Estimate in _Imputation_= 3 in the input DATA= data set.
WARNING: Within-imputation StdErr is zero for variable Estimate in _Imputation_= 4 in the input DATA= data set.
WARNING: Within-imputation StdErr is zero for variable Estimate in _Imputation_= 5 in the input DATA= data set.
WARNING: Within-imputation StdErr is zero for variable Estimate in _Imputation_= 6 in the input DATA= data set.
WARNING: Within-imputation StdErr is zero for variable Estimate in _Imputation_= 7 in the input DATA= data set.
WARNING: Within-imputation StdErr is zero for variable Estimate in _Imputation_= 8 in the input DATA= data set.
WARNING: Within-imputation StdErr is zero for variable Estimate in _Imputation_= 9 in the input DATA= data set.
WARNING: Within-imputation StdErr is zero for variable Estimate in _Imputation_= 10 in the input DATA= data set.
NOTE: The above message was for the following BY group:
      EffectName=MARITAL_STATUS_SINGLE
WARNING: Within-imputation StdErr is zero for variable Estimate in _Imputation_= 1 in the input DATA= data set.
WARNING: Within-imputation StdErr is zero for variable Estimate in _Imputation_= 2 in the input DATA= data set.
WARNING: Within-imputation StdErr is zero for variable Estimate in _Imputation_= 3 in the input DATA= data set.
WARNING: Within-imputation StdErr is zero for variable Estimate in _Imputation_= 4 in the input DATA= data set.
WARNING: Within-imputation StdErr is zero for variable Estimate in _Imputation_= 5 in the input DATA= data set.
WARNING: Within-imputation StdErr is zero for variable Estimate in _Imputation_= 6 in the input DATA= data set.
WARNING: Within-imputation StdErr is zero for variable Estimate in _Imputation_= 7 in the input DATA= data set.
WARNING: Within-imputation StdErr is zero for variable Estimate in _Imputation_= 8 in the input DATA= data set.
WARNING: Within-imputation StdErr is zero for variable Estimate in _Imputation_= 9 in the input DATA= data set.
WARNING: Within-imputation StdErr is zero for variable Estimate in _Imputation_= 10 in the input DATA= data set.
NOTE: The above message was for the following BY group:
      EffectName=N_HC_NO
WARNING: Within-imputation StdErr is zero for variable Estimate in _Imputation_= 1 in the input DATA= data set.
WARNING: Within-imputation StdErr is zero for variable Estimate in _Imputation_= 2 in the input DATA= data set.
WARNING: Within-imputation StdErr is zero for variable Estimate in _Imputation_= 3 in the input DATA= data set.
WARNING: Within-imputation StdErr is zero for variable Estimate in _Imputation_= 4 in the input DATA= data set.
WARNING: Within-imputation StdErr is zero for variable Estimate in _Imputation_= 5 in the input DATA= data set.
WARNING: Within-imputation StdErr is zero for variable Estimate in _Imputation_= 6 in the input DATA= data set.
WARNING: Within-imputation StdErr is zero for variable Estimate in _Imputation_= 7 in the input DATA= data set.
                                                                               The SAS System

WARNING: Within-imputation StdErr is zero for variable Estimate in _Imputation_= 8 in the input DATA= data set.
WARNING: Within-imputation StdErr is zero for variable Estimate in _Imputation_= 9 in the input DATA= data set.
WARNING: Within-imputation StdErr is zero for variable Estimate in _Imputation_= 10 in the input DATA= data set.
NOTE: The above message was for the following BY group:
      EffectName=YRSUS_C3_US_BORN
NOTE: The data set WORK.MIANALIZE_1_P has 28 observations and 13 variables.
NOTE: The PROCEDURE MIANALYZE printed pages 171-198.
NOTE: PROCEDURE MIANALYZE used (Total process time):
      real time           0.03 seconds
      cpu time            0.01 seconds
      

WARNING: Length of character variable model has already been set. 
         Use the LENGTH statement as the very first statement in the DATA STEP to declare the length of a character variable.

NOTE: There were 28 observations read from the data set WORK.MIANALIZE_1_P.
NOTE: The data set WORK.MIANALIZE_1 has 27 observations and 9 variables.
NOTE: DATA statement used (Total process time):
      real time           0.00 seconds
      cpu time            0.00 seconds
      

413        %process_imputed2(in_db = genmod_results_2, out_db = mianalize_2, model = 2);

NOTE: Numeric values have been converted to character values at the places given by: (Line):(Column).
      540:161   
NOTE: Variable Parameter is uninitialized.
NOTE: There were 390 observations read from the data set WORK.GENMOD_RESULTS_2.
NOTE: The data set WORK.GENMOD_RESULTS_2 has 390 observations and 12 variables.
NOTE: DATA statement used (Total process time):
      real time           0.00 seconds
      cpu time            0.00 seconds
      


NOTE: There were 390 observations read from the data set WORK.GENMOD_RESULTS_2.
NOTE: The data set WORK.GENMOD_RESULTS_2 has 390 observations and 12 variables.
NOTE: PROCEDURE SORT used (Total process time):
      real time           0.00 seconds
      cpu time            0.00 seconds
      


WARNING: Within-imputation StdErr is zero for variable Estimate in _Imputation_= 1 in the input DATA= data set.
WARNING: Within-imputation StdErr is zero for variable Estimate in _Imputation_= 2 in the input DATA= data set.
WARNING: Within-imputation StdErr is zero for variable Estimate in _Imputation_= 3 in the input DATA= data set.
WARNING: Within-imputation StdErr is zero for variable Estimate in _Imputation_= 4 in the input DATA= data set.
WARNING: Within-imputation StdErr is zero for variable Estimate in _Imputation_= 5 in the input DATA= data set.
WARNING: Within-imputation StdErr is zero for variable Estimate in _Imputation_= 6 in the input DATA= data set.
WARNING: Within-imputation StdErr is zero for variable Estimate in _Imputation_= 7 in the input DATA= data set.
WARNING: Within-imputation StdErr is zero for variable Estimate in _Imputation_= 8 in the input DATA= data set.
WARNING: Within-imputation StdErr is zero for variable Estimate in _Imputation_= 9 in the input DATA= data set.
WARNING: Within-imputation StdErr is zero for variable Estimate in _Imputation_= 10 in the input DATA= data set.
NOTE: The above message was for the following BY group:
      EffectName=ALCOHOL_USE_NEVER
WARNING: Within-imputation StdErr is zero for variable Estimate in _Imputation_= 1 in the input DATA= data set.
WARNING: Within-imputation StdErr is zero for variable Estimate in _Imputation_= 2 in the input DATA= data set.
                                                                               The SAS System

WARNING: Within-imputation StdErr is zero for variable Estimate in _Imputation_= 3 in the input DATA= data set.
WARNING: Within-imputation StdErr is zero for variable Estimate in _Imputation_= 4 in the input DATA= data set.
WARNING: Within-imputation StdErr is zero for variable Estimate in _Imputation_= 5 in the input DATA= data set.
WARNING: Within-imputation StdErr is zero for variable Estimate in _Imputation_= 6 in the input DATA= data set.
WARNING: Within-imputation StdErr is zero for variable Estimate in _Imputation_= 7 in the input DATA= data set.
WARNING: Within-imputation StdErr is zero for variable Estimate in _Imputation_= 8 in the input DATA= data set.
WARNING: Within-imputation StdErr is zero for variable Estimate in _Imputation_= 9 in the input DATA= data set.
WARNING: Within-imputation StdErr is zero for variable Estimate in _Imputation_= 10 in the input DATA= data set.
NOTE: The above message was for the following BY group:
      EffectName=BKGRD1_C7NOMISS_MEXICAN
WARNING: Within-imputation StdErr is zero for variable Estimate in _Imputation_= 1 in the input DATA= data set.
WARNING: Within-imputation StdErr is zero for variable Estimate in _Imputation_= 2 in the input DATA= data set.
WARNING: Within-imputation StdErr is zero for variable Estimate in _Imputation_= 3 in the input DATA= data set.
WARNING: Within-imputation StdErr is zero for variable Estimate in _Imputation_= 4 in the input DATA= data set.
WARNING: Within-imputation StdErr is zero for variable Estimate in _Imputation_= 5 in the input DATA= data set.
WARNING: Within-imputation StdErr is zero for variable Estimate in _Imputation_= 6 in the input DATA= data set.
WARNING: Within-imputation StdErr is zero for variable Estimate in _Imputation_= 7 in the input DATA= data set.
WARNING: Within-imputation StdErr is zero for variable Estimate in _Imputation_= 8 in the input DATA= data set.
WARNING: Within-imputation StdErr is zero for variable Estimate in _Imputation_= 9 in the input DATA= data set.
WARNING: Within-imputation StdErr is zero for variable Estimate in _Imputation_= 10 in the input DATA= data set.
NOTE: The above message was for the following BY group:
      EffectName=CENTERNUM_BRONX
WARNING: Within-imputation StdErr is zero for variable Estimate in _Imputation_= 1 in the input DATA= data set.
WARNING: Within-imputation StdErr is zero for variable Estimate in _Imputation_= 2 in the input DATA= data set.
WARNING: Within-imputation StdErr is zero for variable Estimate in _Imputation_= 3 in the input DATA= data set.
WARNING: Within-imputation StdErr is zero for variable Estimate in _Imputation_= 4 in the input DATA= data set.
WARNING: Within-imputation StdErr is zero for variable Estimate in _Imputation_= 5 in the input DATA= data set.
WARNING: Within-imputation StdErr is zero for variable Estimate in _Imputation_= 6 in the input DATA= data set.
WARNING: Within-imputation StdErr is zero for variable Estimate in _Imputation_= 7 in the input DATA= data set.
WARNING: Within-imputation StdErr is zero for variable Estimate in _Imputation_= 8 in the input DATA= data set.
WARNING: Within-imputation StdErr is zero for variable Estimate in _Imputation_= 9 in the input DATA= data set.
WARNING: Within-imputation StdErr is zero for variable Estimate in _Imputation_= 10 in the input DATA= data set.
NOTE: The above message was for the following BY group:
      EffectName=CURRENT_SMOKER_NO
WARNING: Within-imputation StdErr is zero for variable Estimate in _Imputation_= 1 in the input DATA= data set.
WARNING: Within-imputation StdErr is zero for variable Estimate in _Imputation_= 2 in the input DATA= data set.
WARNING: Within-imputation StdErr is zero for variable Estimate in _Imputation_= 3 in the input DATA= data set.
WARNING: Within-imputation StdErr is zero for variable Estimate in _Imputation_= 4 in the input DATA= data set.
WARNING: Within-imputation StdErr is zero for variable Estimate in _Imputation_= 5 in the input DATA= data set.
WARNING: Within-imputation StdErr is zero for variable Estimate in _Imputation_= 6 in the input DATA= data set.
WARNING: Within-imputation StdErr is zero for variable Estimate in _Imputation_= 7 in the input DATA= data set.
WARNING: Within-imputation StdErr is zero for variable Estimate in _Imputation_= 8 in the input DATA= data set.
WARNING: Within-imputation StdErr is zero for variable Estimate in _Imputation_= 9 in the input DATA= data set.
WARNING: Within-imputation StdErr is zero for variable Estimate in _Imputation_= 10 in the input DATA= data set.
NOTE: The above message was for the following BY group:
      EffectName=EDUCATION_C3_N_HIGHSCHOOL_GED
WARNING: Within-imputation StdErr is zero for variable Estimate in _Imputation_= 1 in the input DATA= data set.
WARNING: Within-imputation StdErr is zero for variable Estimate in _Imputation_= 2 in the input DATA= data set.
WARNING: Within-imputation StdErr is zero for variable Estimate in _Imputation_= 3 in the input DATA= data set.
WARNING: Within-imputation StdErr is zero for variable Estimate in _Imputation_= 4 in the input DATA= data set.
WARNING: Within-imputation StdErr is zero for variable Estimate in _Imputation_= 5 in the input DATA= data set.
WARNING: Within-imputation StdErr is zero for variable Estimate in _Imputation_= 6 in the input DATA= data set.
WARNING: Within-imputation StdErr is zero for variable Estimate in _Imputation_= 7 in the input DATA= data set.
WARNING: Within-imputation StdErr is zero for variable Estimate in _Imputation_= 8 in the input DATA= data set.
WARNING: Within-imputation StdErr is zero for variable Estimate in _Imputation_= 9 in the input DATA= data set.
WARNING: Within-imputation StdErr is zero for variable Estimate in _Imputation_= 10 in the input DATA= data set.
NOTE: The above message was for the following BY group:
                                                                               The SAS System

      EffectName=EMPLOYEDYN_NOT_EMPLOYED
WARNING: Within-imputation StdErr is zero for variable Estimate in _Imputation_= 1 in the input DATA= data set.
WARNING: Within-imputation StdErr is zero for variable Estimate in _Imputation_= 2 in the input DATA= data set.
WARNING: Within-imputation StdErr is zero for variable Estimate in _Imputation_= 3 in the input DATA= data set.
WARNING: Within-imputation StdErr is zero for variable Estimate in _Imputation_= 4 in the input DATA= data set.
WARNING: Within-imputation StdErr is zero for variable Estimate in _Imputation_= 5 in the input DATA= data set.
WARNING: Within-imputation StdErr is zero for variable Estimate in _Imputation_= 6 in the input DATA= data set.
WARNING: Within-imputation StdErr is zero for variable Estimate in _Imputation_= 7 in the input DATA= data set.
WARNING: Within-imputation StdErr is zero for variable Estimate in _Imputation_= 8 in the input DATA= data set.
WARNING: Within-imputation StdErr is zero for variable Estimate in _Imputation_= 9 in the input DATA= data set.
WARNING: Within-imputation StdErr is zero for variable Estimate in _Imputation_= 10 in the input DATA= data set.
NOTE: The above message was for the following BY group:
      EffectName=HEI2010_C3_LOW
WARNING: Within-imputation StdErr is zero for variable Estimate in _Imputation_= 1 in the input DATA= data set.
WARNING: Within-imputation StdErr is zero for variable Estimate in _Imputation_= 2 in the input DATA= data set.
WARNING: Within-imputation StdErr is zero for variable Estimate in _Imputation_= 3 in the input DATA= data set.
WARNING: Within-imputation StdErr is zero for variable Estimate in _Imputation_= 4 in the input DATA= data set.
WARNING: Within-imputation StdErr is zero for variable Estimate in _Imputation_= 5 in the input DATA= data set.
WARNING: Within-imputation StdErr is zero for variable Estimate in _Imputation_= 6 in the input DATA= data set.
WARNING: Within-imputation StdErr is zero for variable Estimate in _Imputation_= 7 in the input DATA= data set.
WARNING: Within-imputation StdErr is zero for variable Estimate in _Imputation_= 8 in the input DATA= data set.
WARNING: Within-imputation StdErr is zero for variable Estimate in _Imputation_= 9 in the input DATA= data set.
WARNING: Within-imputation StdErr is zero for variable Estimate in _Imputation_= 10 in the input DATA= data set.
NOTE: The above message was for the following BY group:
      EffectName=MARITAL_STATUS_SINGLE
WARNING: Within-imputation StdErr is zero for variable Estimate in _Imputation_= 1 in the input DATA= data set.
WARNING: Within-imputation StdErr is zero for variable Estimate in _Imputation_= 2 in the input DATA= data set.
WARNING: Within-imputation StdErr is zero for variable Estimate in _Imputation_= 3 in the input DATA= data set.
WARNING: Within-imputation StdErr is zero for variable Estimate in _Imputation_= 4 in the input DATA= data set.
WARNING: Within-imputation StdErr is zero for variable Estimate in _Imputation_= 5 in the input DATA= data set.
WARNING: Within-imputation StdErr is zero for variable Estimate in _Imputation_= 6 in the input DATA= data set.
WARNING: Within-imputation StdErr is zero for variable Estimate in _Imputation_= 7 in the input DATA= data set.
WARNING: Within-imputation StdErr is zero for variable Estimate in _Imputation_= 8 in the input DATA= data set.
WARNING: Within-imputation StdErr is zero for variable Estimate in _Imputation_= 9 in the input DATA= data set.
WARNING: Within-imputation StdErr is zero for variable Estimate in _Imputation_= 10 in the input DATA= data set.
NOTE: The above message was for the following BY group:
      EffectName=N_HC_NO
WARNING: Within-imputation StdErr is zero for variable Estimate in _Imputation_= 1 in the input DATA= data set.
WARNING: Within-imputation StdErr is zero for variable Estimate in _Imputation_= 2 in the input DATA= data set.
WARNING: Within-imputation StdErr is zero for variable Estimate in _Imputation_= 3 in the input DATA= data set.
WARNING: Within-imputation StdErr is zero for variable Estimate in _Imputation_= 4 in the input DATA= data set.
WARNING: Within-imputation StdErr is zero for variable Estimate in _Imputation_= 5 in the input DATA= data set.
WARNING: Within-imputation StdErr is zero for variable Estimate in _Imputation_= 6 in the input DATA= data set.
WARNING: Within-imputation StdErr is zero for variable Estimate in _Imputation_= 7 in the input DATA= data set.
WARNING: Within-imputation StdErr is zero for variable Estimate in _Imputation_= 8 in the input DATA= data set.
WARNING: Within-imputation StdErr is zero for variable Estimate in _Imputation_= 9 in the input DATA= data set.
WARNING: Within-imputation StdErr is zero for variable Estimate in _Imputation_= 10 in the input DATA= data set.
NOTE: The above message was for the following BY group:
      EffectName=PAG2008YN_YES
WARNING: Within-imputation StdErr is zero for variable Estimate in _Imputation_= 1 in the input DATA= data set.
WARNING: Within-imputation StdErr is zero for variable Estimate in _Imputation_= 2 in the input DATA= data set.
WARNING: Within-imputation StdErr is zero for variable Estimate in _Imputation_= 3 in the input DATA= data set.
WARNING: Within-imputation StdErr is zero for variable Estimate in _Imputation_= 4 in the input DATA= data set.
WARNING: Within-imputation StdErr is zero for variable Estimate in _Imputation_= 5 in the input DATA= data set.
WARNING: Within-imputation StdErr is zero for variable Estimate in _Imputation_= 6 in the input DATA= data set.
WARNING: Within-imputation StdErr is zero for variable Estimate in _Imputation_= 7 in the input DATA= data set.
WARNING: Within-imputation StdErr is zero for variable Estimate in _Imputation_= 8 in the input DATA= data set.
                                                                               The SAS System

WARNING: Within-imputation StdErr is zero for variable Estimate in _Imputation_= 9 in the input DATA= data set.
WARNING: Within-imputation StdErr is zero for variable Estimate in _Imputation_= 10 in the input DATA= data set.
NOTE: The above message was for the following BY group:
      EffectName=YRSUS_C3_US_BORN
NOTE: The data set WORK.MIANALIZE_2_P has 39 observations and 13 variables.
NOTE: The PROCEDURE MIANALYZE printed pages 199-237.
NOTE: PROCEDURE MIANALYZE used (Total process time):
      real time           0.04 seconds
      cpu time            0.04 seconds
      

WARNING: Length of character variable model has already been set. 
         Use the LENGTH statement as the very first statement in the DATA STEP to declare the length of a character variable.

NOTE: There were 39 observations read from the data set WORK.MIANALIZE_2_P.
NOTE: The data set WORK.MIANALIZE_2 has 38 observations and 9 variables.
NOTE: DATA statement used (Total process time):
      real time           0.01 seconds
      cpu time            0.00 seconds
      

414        %process_imputed2(in_db = genmod_results_3, out_db = mianalize_3, model = 3);

NOTE: Numeric values have been converted to character values at the places given by: (Line):(Column).
      620:161   
NOTE: Variable Parameter is uninitialized.
NOTE: There were 430 observations read from the data set WORK.GENMOD_RESULTS_3.
NOTE: The data set WORK.GENMOD_RESULTS_3 has 430 observations and 12 variables.
NOTE: DATA statement used (Total process time):
      real time           0.00 seconds
      cpu time            0.00 seconds
      


NOTE: There were 430 observations read from the data set WORK.GENMOD_RESULTS_3.
NOTE: The data set WORK.GENMOD_RESULTS_3 has 430 observations and 12 variables.
NOTE: PROCEDURE SORT used (Total process time):
      real time           0.00 seconds
      cpu time            0.01 seconds
      


WARNING: Within-imputation StdErr is zero for variable Estimate in _Imputation_= 1 in the input DATA= data set.
WARNING: Within-imputation StdErr is zero for variable Estimate in _Imputation_= 2 in the input DATA= data set.
WARNING: Within-imputation StdErr is zero for variable Estimate in _Imputation_= 3 in the input DATA= data set.
WARNING: Within-imputation StdErr is zero for variable Estimate in _Imputation_= 4 in the input DATA= data set.
WARNING: Within-imputation StdErr is zero for variable Estimate in _Imputation_= 5 in the input DATA= data set.
WARNING: Within-imputation StdErr is zero for variable Estimate in _Imputation_= 6 in the input DATA= data set.
WARNING: Within-imputation StdErr is zero for variable Estimate in _Imputation_= 7 in the input DATA= data set.
WARNING: Within-imputation StdErr is zero for variable Estimate in _Imputation_= 8 in the input DATA= data set.
WARNING: Within-imputation StdErr is zero for variable Estimate in _Imputation_= 9 in the input DATA= data set.
WARNING: Within-imputation StdErr is zero for variable Estimate in _Imputation_= 10 in the input DATA= data set.
NOTE: The above message was for the following BY group:
      EffectName=ALCOHOL_USE_NEVER
WARNING: Within-imputation StdErr is zero for variable Estimate in _Imputation_= 1 in the input DATA= data set.
WARNING: Within-imputation StdErr is zero for variable Estimate in _Imputation_= 2 in the input DATA= data set.
WARNING: Within-imputation StdErr is zero for variable Estimate in _Imputation_= 3 in the input DATA= data set.
                                                                               The SAS System

WARNING: Within-imputation StdErr is zero for variable Estimate in _Imputation_= 4 in the input DATA= data set.
WARNING: Within-imputation StdErr is zero for variable Estimate in _Imputation_= 5 in the input DATA= data set.
WARNING: Within-imputation StdErr is zero for variable Estimate in _Imputation_= 6 in the input DATA= data set.
WARNING: Within-imputation StdErr is zero for variable Estimate in _Imputation_= 7 in the input DATA= data set.
WARNING: Within-imputation StdErr is zero for variable Estimate in _Imputation_= 8 in the input DATA= data set.
WARNING: Within-imputation StdErr is zero for variable Estimate in _Imputation_= 9 in the input DATA= data set.
WARNING: Within-imputation StdErr is zero for variable Estimate in _Imputation_= 10 in the input DATA= data set.
NOTE: The above message was for the following BY group:
      EffectName=BKGRD1_C7NOMISS_MEXICAN
WARNING: Within-imputation StdErr is zero for variable Estimate in _Imputation_= 1 in the input DATA= data set.
WARNING: Within-imputation StdErr is zero for variable Estimate in _Imputation_= 2 in the input DATA= data set.
WARNING: Within-imputation StdErr is zero for variable Estimate in _Imputation_= 3 in the input DATA= data set.
WARNING: Within-imputation StdErr is zero for variable Estimate in _Imputation_= 4 in the input DATA= data set.
WARNING: Within-imputation StdErr is zero for variable Estimate in _Imputation_= 5 in the input DATA= data set.
WARNING: Within-imputation StdErr is zero for variable Estimate in _Imputation_= 6 in the input DATA= data set.
WARNING: Within-imputation StdErr is zero for variable Estimate in _Imputation_= 7 in the input DATA= data set.
WARNING: Within-imputation StdErr is zero for variable Estimate in _Imputation_= 8 in the input DATA= data set.
WARNING: Within-imputation StdErr is zero for variable Estimate in _Imputation_= 9 in the input DATA= data set.
WARNING: Within-imputation StdErr is zero for variable Estimate in _Imputation_= 10 in the input DATA= data set.
NOTE: The above message was for the following BY group:
      EffectName=CENTERNUM_BRONX
WARNING: Within-imputation StdErr is zero for variable Estimate in _Imputation_= 1 in the input DATA= data set.
WARNING: Within-imputation StdErr is zero for variable Estimate in _Imputation_= 2 in the input DATA= data set.
WARNING: Within-imputation StdErr is zero for variable Estimate in _Imputation_= 3 in the input DATA= data set.
WARNING: Within-imputation StdErr is zero for variable Estimate in _Imputation_= 4 in the input DATA= data set.
WARNING: Within-imputation StdErr is zero for variable Estimate in _Imputation_= 5 in the input DATA= data set.
WARNING: Within-imputation StdErr is zero for variable Estimate in _Imputation_= 6 in the input DATA= data set.
WARNING: Within-imputation StdErr is zero for variable Estimate in _Imputation_= 7 in the input DATA= data set.
WARNING: Within-imputation StdErr is zero for variable Estimate in _Imputation_= 8 in the input DATA= data set.
WARNING: Within-imputation StdErr is zero for variable Estimate in _Imputation_= 9 in the input DATA= data set.
WARNING: Within-imputation StdErr is zero for variable Estimate in _Imputation_= 10 in the input DATA= data set.
NOTE: The above message was for the following BY group:
      EffectName=CESD10_NODEPRE
WARNING: Within-imputation StdErr is zero for variable Estimate in _Imputation_= 1 in the input DATA= data set.
WARNING: Within-imputation StdErr is zero for variable Estimate in _Imputation_= 2 in the input DATA= data set.
WARNING: Within-imputation StdErr is zero for variable Estimate in _Imputation_= 3 in the input DATA= data set.
WARNING: Within-imputation StdErr is zero for variable Estimate in _Imputation_= 4 in the input DATA= data set.
WARNING: Within-imputation StdErr is zero for variable Estimate in _Imputation_= 5 in the input DATA= data set.
WARNING: Within-imputation StdErr is zero for variable Estimate in _Imputation_= 6 in the input DATA= data set.
WARNING: Within-imputation StdErr is zero for variable Estimate in _Imputation_= 7 in the input DATA= data set.
WARNING: Within-imputation StdErr is zero for variable Estimate in _Imputation_= 8 in the input DATA= data set.
WARNING: Within-imputation StdErr is zero for variable Estimate in _Imputation_= 9 in the input DATA= data set.
WARNING: Within-imputation StdErr is zero for variable Estimate in _Imputation_= 10 in the input DATA= data set.
NOTE: The above message was for the following BY group:
      EffectName=CURRENT_SMOKER_NO
WARNING: Within-imputation StdErr is zero for variable Estimate in _Imputation_= 1 in the input DATA= data set.
WARNING: Within-imputation StdErr is zero for variable Estimate in _Imputation_= 2 in the input DATA= data set.
WARNING: Within-imputation StdErr is zero for variable Estimate in _Imputation_= 3 in the input DATA= data set.
WARNING: Within-imputation StdErr is zero for variable Estimate in _Imputation_= 4 in the input DATA= data set.
WARNING: Within-imputation StdErr is zero for variable Estimate in _Imputation_= 5 in the input DATA= data set.
WARNING: Within-imputation StdErr is zero for variable Estimate in _Imputation_= 6 in the input DATA= data set.
WARNING: Within-imputation StdErr is zero for variable Estimate in _Imputation_= 7 in the input DATA= data set.
WARNING: Within-imputation StdErr is zero for variable Estimate in _Imputation_= 8 in the input DATA= data set.
WARNING: Within-imputation StdErr is zero for variable Estimate in _Imputation_= 9 in the input DATA= data set.
WARNING: Within-imputation StdErr is zero for variable Estimate in _Imputation_= 10 in the input DATA= data set.
NOTE: The above message was for the following BY group:
      EffectName=EDUCATION_C3_N_HIGHSCHOOL_GED
                                                                               The SAS System

WARNING: Within-imputation StdErr is zero for variable Estimate in _Imputation_= 1 in the input DATA= data set.
WARNING: Within-imputation StdErr is zero for variable Estimate in _Imputation_= 2 in the input DATA= data set.
WARNING: Within-imputation StdErr is zero for variable Estimate in _Imputation_= 3 in the input DATA= data set.
WARNING: Within-imputation StdErr is zero for variable Estimate in _Imputation_= 4 in the input DATA= data set.
WARNING: Within-imputation StdErr is zero for variable Estimate in _Imputation_= 5 in the input DATA= data set.
WARNING: Within-imputation StdErr is zero for variable Estimate in _Imputation_= 6 in the input DATA= data set.
WARNING: Within-imputation StdErr is zero for variable Estimate in _Imputation_= 7 in the input DATA= data set.
WARNING: Within-imputation StdErr is zero for variable Estimate in _Imputation_= 8 in the input DATA= data set.
WARNING: Within-imputation StdErr is zero for variable Estimate in _Imputation_= 9 in the input DATA= data set.
WARNING: Within-imputation StdErr is zero for variable Estimate in _Imputation_= 10 in the input DATA= data set.
NOTE: The above message was for the following BY group:
      EffectName=EMPLOYEDYN_NOT_EMPLOYED
WARNING: Within-imputation StdErr is zero for variable Estimate in _Imputation_= 1 in the input DATA= data set.
WARNING: Within-imputation StdErr is zero for variable Estimate in _Imputation_= 2 in the input DATA= data set.
WARNING: Within-imputation StdErr is zero for variable Estimate in _Imputation_= 3 in the input DATA= data set.
WARNING: Within-imputation StdErr is zero for variable Estimate in _Imputation_= 4 in the input DATA= data set.
WARNING: Within-imputation StdErr is zero for variable Estimate in _Imputation_= 5 in the input DATA= data set.
WARNING: Within-imputation StdErr is zero for variable Estimate in _Imputation_= 6 in the input DATA= data set.
WARNING: Within-imputation StdErr is zero for variable Estimate in _Imputation_= 7 in the input DATA= data set.
WARNING: Within-imputation StdErr is zero for variable Estimate in _Imputation_= 8 in the input DATA= data set.
WARNING: Within-imputation StdErr is zero for variable Estimate in _Imputation_= 9 in the input DATA= data set.
WARNING: Within-imputation StdErr is zero for variable Estimate in _Imputation_= 10 in the input DATA= data set.
NOTE: The above message was for the following BY group:
      EffectName=HEI2010_C3_LOW
WARNING: Within-imputation StdErr is zero for variable Estimate in _Imputation_= 1 in the input DATA= data set.
WARNING: Within-imputation StdErr is zero for variable Estimate in _Imputation_= 2 in the input DATA= data set.
WARNING: Within-imputation StdErr is zero for variable Estimate in _Imputation_= 3 in the input DATA= data set.
WARNING: Within-imputation StdErr is zero for variable Estimate in _Imputation_= 4 in the input DATA= data set.
WARNING: Within-imputation StdErr is zero for variable Estimate in _Imputation_= 5 in the input DATA= data set.
WARNING: Within-imputation StdErr is zero for variable Estimate in _Imputation_= 6 in the input DATA= data set.
WARNING: Within-imputation StdErr is zero for variable Estimate in _Imputation_= 7 in the input DATA= data set.
WARNING: Within-imputation StdErr is zero for variable Estimate in _Imputation_= 8 in the input DATA= data set.
WARNING: Within-imputation StdErr is zero for variable Estimate in _Imputation_= 9 in the input DATA= data set.
WARNING: Within-imputation StdErr is zero for variable Estimate in _Imputation_= 10 in the input DATA= data set.
NOTE: The above message was for the following BY group:
      EffectName=MARITAL_STATUS_SINGLE
WARNING: Within-imputation StdErr is zero for variable Estimate in _Imputation_= 1 in the input DATA= data set.
WARNING: Within-imputation StdErr is zero for variable Estimate in _Imputation_= 2 in the input DATA= data set.
WARNING: Within-imputation StdErr is zero for variable Estimate in _Imputation_= 3 in the input DATA= data set.
WARNING: Within-imputation StdErr is zero for variable Estimate in _Imputation_= 4 in the input DATA= data set.
WARNING: Within-imputation StdErr is zero for variable Estimate in _Imputation_= 5 in the input DATA= data set.
WARNING: Within-imputation StdErr is zero for variable Estimate in _Imputation_= 6 in the input DATA= data set.
WARNING: Within-imputation StdErr is zero for variable Estimate in _Imputation_= 7 in the input DATA= data set.
WARNING: Within-imputation StdErr is zero for variable Estimate in _Imputation_= 8 in the input DATA= data set.
WARNING: Within-imputation StdErr is zero for variable Estimate in _Imputation_= 9 in the input DATA= data set.
WARNING: Within-imputation StdErr is zero for variable Estimate in _Imputation_= 10 in the input DATA= data set.
NOTE: The above message was for the following BY group:
      EffectName=N_HC_NO
WARNING: Within-imputation StdErr is zero for variable Estimate in _Imputation_= 1 in the input DATA= data set.
WARNING: Within-imputation StdErr is zero for variable Estimate in _Imputation_= 2 in the input DATA= data set.
WARNING: Within-imputation StdErr is zero for variable Estimate in _Imputation_= 3 in the input DATA= data set.
WARNING: Within-imputation StdErr is zero for variable Estimate in _Imputation_= 4 in the input DATA= data set.
WARNING: Within-imputation StdErr is zero for variable Estimate in _Imputation_= 5 in the input DATA= data set.
WARNING: Within-imputation StdErr is zero for variable Estimate in _Imputation_= 6 in the input DATA= data set.
WARNING: Within-imputation StdErr is zero for variable Estimate in _Imputation_= 7 in the input DATA= data set.
WARNING: Within-imputation StdErr is zero for variable Estimate in _Imputation_= 8 in the input DATA= data set.
WARNING: Within-imputation StdErr is zero for variable Estimate in _Imputation_= 9 in the input DATA= data set.
                                                                               The SAS System

WARNING: Within-imputation StdErr is zero for variable Estimate in _Imputation_= 10 in the input DATA= data set.
NOTE: The above message was for the following BY group:
      EffectName=PAG2008YN_YES
WARNING: Within-imputation StdErr is zero for variable Estimate in _Imputation_= 1 in the input DATA= data set.
WARNING: Within-imputation StdErr is zero for variable Estimate in _Imputation_= 2 in the input DATA= data set.
WARNING: Within-imputation StdErr is zero for variable Estimate in _Imputation_= 3 in the input DATA= data set.
WARNING: Within-imputation StdErr is zero for variable Estimate in _Imputation_= 4 in the input DATA= data set.
WARNING: Within-imputation StdErr is zero for variable Estimate in _Imputation_= 5 in the input DATA= data set.
WARNING: Within-imputation StdErr is zero for variable Estimate in _Imputation_= 6 in the input DATA= data set.
WARNING: Within-imputation StdErr is zero for variable Estimate in _Imputation_= 7 in the input DATA= data set.
WARNING: Within-imputation StdErr is zero for variable Estimate in _Imputation_= 8 in the input DATA= data set.
WARNING: Within-imputation StdErr is zero for variable Estimate in _Imputation_= 9 in the input DATA= data set.
WARNING: Within-imputation StdErr is zero for variable Estimate in _Imputation_= 10 in the input DATA= data set.
NOTE: The above message was for the following BY group:
      EffectName=STAI10_NOANX
WARNING: Within-imputation StdErr is zero for variable Estimate in _Imputation_= 1 in the input DATA= data set.
WARNING: Within-imputation StdErr is zero for variable Estimate in _Imputation_= 2 in the input DATA= data set.
WARNING: Within-imputation StdErr is zero for variable Estimate in _Imputation_= 3 in the input DATA= data set.
WARNING: Within-imputation StdErr is zero for variable Estimate in _Imputation_= 4 in the input DATA= data set.
WARNING: Within-imputation StdErr is zero for variable Estimate in _Imputation_= 5 in the input DATA= data set.
WARNING: Within-imputation StdErr is zero for variable Estimate in _Imputation_= 6 in the input DATA= data set.
WARNING: Within-imputation StdErr is zero for variable Estimate in _Imputation_= 7 in the input DATA= data set.
WARNING: Within-imputation StdErr is zero for variable Estimate in _Imputation_= 8 in the input DATA= data set.
WARNING: Within-imputation StdErr is zero for variable Estimate in _Imputation_= 9 in the input DATA= data set.
WARNING: Within-imputation StdErr is zero for variable Estimate in _Imputation_= 10 in the input DATA= data set.
NOTE: The above message was for the following BY group:
      EffectName=YRSUS_C3_US_BORN
NOTE: The data set WORK.MIANALIZE_3_P has 43 observations and 13 variables.
NOTE: The PROCEDURE MIANALYZE printed pages 238-280.
NOTE: PROCEDURE MIANALYZE used (Total process time):
      real time           0.04 seconds
      cpu time            0.01 seconds
      

WARNING: Length of character variable model has already been set. 
         Use the LENGTH statement as the very first statement in the DATA STEP to declare the length of a character variable.

NOTE: There were 43 observations read from the data set WORK.MIANALIZE_3_P.
NOTE: The data set WORK.MIANALIZE_3 has 42 observations and 9 variables.
NOTE: DATA statement used (Total process time):
      real time           0.01 seconds
      cpu time            0.01 seconds
      

415        %process_imputed2(in_db = genmod_results_4, out_db = mianalize_4, model = 4);

NOTE: Numeric values have been converted to character values at the places given by: (Line):(Column).
      700:161   
NOTE: Variable Parameter is uninitialized.
NOTE: There were 440 observations read from the data set WORK.GENMOD_RESULTS_4.
NOTE: The data set WORK.GENMOD_RESULTS_4 has 440 observations and 12 variables.
NOTE: DATA statement used (Total process time):
      real time           0.00 seconds
      cpu time            0.00 seconds
      


                                                                               The SAS System

NOTE: There were 440 observations read from the data set WORK.GENMOD_RESULTS_4.
NOTE: The data set WORK.GENMOD_RESULTS_4 has 440 observations and 12 variables.
NOTE: PROCEDURE SORT used (Total process time):
      real time           0.00 seconds
      cpu time            0.00 seconds
      


WARNING: Within-imputation StdErr is zero for variable Estimate in _Imputation_= 1 in the input DATA= data set.
WARNING: Within-imputation StdErr is zero for variable Estimate in _Imputation_= 2 in the input DATA= data set.
WARNING: Within-imputation StdErr is zero for variable Estimate in _Imputation_= 3 in the input DATA= data set.
WARNING: Within-imputation StdErr is zero for variable Estimate in _Imputation_= 4 in the input DATA= data set.
WARNING: Within-imputation StdErr is zero for variable Estimate in _Imputation_= 5 in the input DATA= data set.
WARNING: Within-imputation StdErr is zero for variable Estimate in _Imputation_= 6 in the input DATA= data set.
WARNING: Within-imputation StdErr is zero for variable Estimate in _Imputation_= 7 in the input DATA= data set.
WARNING: Within-imputation StdErr is zero for variable Estimate in _Imputation_= 8 in the input DATA= data set.
WARNING: Within-imputation StdErr is zero for variable Estimate in _Imputation_= 9 in the input DATA= data set.
WARNING: Within-imputation StdErr is zero for variable Estimate in _Imputation_= 10 in the input DATA= data set.
NOTE: The above message was for the following BY group:
      EffectName=ALCOHOL_USE_NEVER
WARNING: Within-imputation StdErr is zero for variable Estimate in _Imputation_= 1 in the input DATA= data set.
WARNING: Within-imputation StdErr is zero for variable Estimate in _Imputation_= 2 in the input DATA= data set.
WARNING: Within-imputation StdErr is zero for variable Estimate in _Imputation_= 3 in the input DATA= data set.
WARNING: Within-imputation StdErr is zero for variable Estimate in _Imputation_= 4 in the input DATA= data set.
WARNING: Within-imputation StdErr is zero for variable Estimate in _Imputation_= 5 in the input DATA= data set.
WARNING: Within-imputation StdErr is zero for variable Estimate in _Imputation_= 6 in the input DATA= data set.
WARNING: Within-imputation StdErr is zero for variable Estimate in _Imputation_= 7 in the input DATA= data set.
WARNING: Within-imputation StdErr is zero for variable Estimate in _Imputation_= 8 in the input DATA= data set.
WARNING: Within-imputation StdErr is zero for variable Estimate in _Imputation_= 9 in the input DATA= data set.
WARNING: Within-imputation StdErr is zero for variable Estimate in _Imputation_= 10 in the input DATA= data set.
NOTE: The above message was for the following BY group:
      EffectName=BKGRD1_C7NOMISS_MEXICAN
WARNING: Within-imputation StdErr is zero for variable Estimate in _Imputation_= 1 in the input DATA= data set.
WARNING: Within-imputation StdErr is zero for variable Estimate in _Imputation_= 2 in the input DATA= data set.
WARNING: Within-imputation StdErr is zero for variable Estimate in _Imputation_= 3 in the input DATA= data set.
WARNING: Within-imputation StdErr is zero for variable Estimate in _Imputation_= 4 in the input DATA= data set.
WARNING: Within-imputation StdErr is zero for variable Estimate in _Imputation_= 5 in the input DATA= data set.
WARNING: Within-imputation StdErr is zero for variable Estimate in _Imputation_= 6 in the input DATA= data set.
WARNING: Within-imputation StdErr is zero for variable Estimate in _Imputation_= 7 in the input DATA= data set.
WARNING: Within-imputation StdErr is zero for variable Estimate in _Imputation_= 8 in the input DATA= data set.
WARNING: Within-imputation StdErr is zero for variable Estimate in _Imputation_= 9 in the input DATA= data set.
WARNING: Within-imputation StdErr is zero for variable Estimate in _Imputation_= 10 in the input DATA= data set.
NOTE: The above message was for the following BY group:
      EffectName=CENTERNUM_BRONX
WARNING: Within-imputation StdErr is zero for variable Estimate in _Imputation_= 1 in the input DATA= data set.
WARNING: Within-imputation StdErr is zero for variable Estimate in _Imputation_= 2 in the input DATA= data set.
WARNING: Within-imputation StdErr is zero for variable Estimate in _Imputation_= 3 in the input DATA= data set.
WARNING: Within-imputation StdErr is zero for variable Estimate in _Imputation_= 4 in the input DATA= data set.
WARNING: Within-imputation StdErr is zero for variable Estimate in _Imputation_= 5 in the input DATA= data set.
WARNING: Within-imputation StdErr is zero for variable Estimate in _Imputation_= 6 in the input DATA= data set.
WARNING: Within-imputation StdErr is zero for variable Estimate in _Imputation_= 7 in the input DATA= data set.
WARNING: Within-imputation StdErr is zero for variable Estimate in _Imputation_= 8 in the input DATA= data set.
WARNING: Within-imputation StdErr is zero for variable Estimate in _Imputation_= 9 in the input DATA= data set.
WARNING: Within-imputation StdErr is zero for variable Estimate in _Imputation_= 10 in the input DATA= data set.
NOTE: The above message was for the following BY group:
      EffectName=CESD10_NODEPRE
WARNING: Within-imputation StdErr is zero for variable Estimate in _Imputation_= 1 in the input DATA= data set.
                                                                               The SAS System

WARNING: Within-imputation StdErr is zero for variable Estimate in _Imputation_= 2 in the input DATA= data set.
WARNING: Within-imputation StdErr is zero for variable Estimate in _Imputation_= 3 in the input DATA= data set.
WARNING: Within-imputation StdErr is zero for variable Estimate in _Imputation_= 4 in the input DATA= data set.
WARNING: Within-imputation StdErr is zero for variable Estimate in _Imputation_= 5 in the input DATA= data set.
WARNING: Within-imputation StdErr is zero for variable Estimate in _Imputation_= 6 in the input DATA= data set.
WARNING: Within-imputation StdErr is zero for variable Estimate in _Imputation_= 7 in the input DATA= data set.
WARNING: Within-imputation StdErr is zero for variable Estimate in _Imputation_= 8 in the input DATA= data set.
WARNING: Within-imputation StdErr is zero for variable Estimate in _Imputation_= 9 in the input DATA= data set.
WARNING: Within-imputation StdErr is zero for variable Estimate in _Imputation_= 10 in the input DATA= data set.
NOTE: The above message was for the following BY group:
      EffectName=CURRENT_SMOKER_NO
WARNING: Within-imputation StdErr is zero for variable Estimate in _Imputation_= 1 in the input DATA= data set.
WARNING: Within-imputation StdErr is zero for variable Estimate in _Imputation_= 2 in the input DATA= data set.
WARNING: Within-imputation StdErr is zero for variable Estimate in _Imputation_= 3 in the input DATA= data set.
WARNING: Within-imputation StdErr is zero for variable Estimate in _Imputation_= 4 in the input DATA= data set.
WARNING: Within-imputation StdErr is zero for variable Estimate in _Imputation_= 5 in the input DATA= data set.
WARNING: Within-imputation StdErr is zero for variable Estimate in _Imputation_= 6 in the input DATA= data set.
WARNING: Within-imputation StdErr is zero for variable Estimate in _Imputation_= 7 in the input DATA= data set.
WARNING: Within-imputation StdErr is zero for variable Estimate in _Imputation_= 8 in the input DATA= data set.
WARNING: Within-imputation StdErr is zero for variable Estimate in _Imputation_= 9 in the input DATA= data set.
WARNING: Within-imputation StdErr is zero for variable Estimate in _Imputation_= 10 in the input DATA= data set.
NOTE: The above message was for the following BY group:
      EffectName=EDUCATION_C3_N_HIGHSCHOOL_GED
WARNING: Within-imputation StdErr is zero for variable Estimate in _Imputation_= 1 in the input DATA= data set.
WARNING: Within-imputation StdErr is zero for variable Estimate in _Imputation_= 2 in the input DATA= data set.
WARNING: Within-imputation StdErr is zero for variable Estimate in _Imputation_= 3 in the input DATA= data set.
WARNING: Within-imputation StdErr is zero for variable Estimate in _Imputation_= 4 in the input DATA= data set.
WARNING: Within-imputation StdErr is zero for variable Estimate in _Imputation_= 5 in the input DATA= data set.
WARNING: Within-imputation StdErr is zero for variable Estimate in _Imputation_= 6 in the input DATA= data set.
WARNING: Within-imputation StdErr is zero for variable Estimate in _Imputation_= 7 in the input DATA= data set.
WARNING: Within-imputation StdErr is zero for variable Estimate in _Imputation_= 8 in the input DATA= data set.
WARNING: Within-imputation StdErr is zero for variable Estimate in _Imputation_= 9 in the input DATA= data set.
WARNING: Within-imputation StdErr is zero for variable Estimate in _Imputation_= 10 in the input DATA= data set.
NOTE: The above message was for the following BY group:
      EffectName=EMPLOYEDYN_NOT_EMPLOYED
WARNING: Within-imputation StdErr is zero for variable Estimate in _Imputation_= 1 in the input DATA= data set.
WARNING: Within-imputation StdErr is zero for variable Estimate in _Imputation_= 2 in the input DATA= data set.
WARNING: Within-imputation StdErr is zero for variable Estimate in _Imputation_= 3 in the input DATA= data set.
WARNING: Within-imputation StdErr is zero for variable Estimate in _Imputation_= 4 in the input DATA= data set.
WARNING: Within-imputation StdErr is zero for variable Estimate in _Imputation_= 5 in the input DATA= data set.
WARNING: Within-imputation StdErr is zero for variable Estimate in _Imputation_= 6 in the input DATA= data set.
WARNING: Within-imputation StdErr is zero for variable Estimate in _Imputation_= 7 in the input DATA= data set.
WARNING: Within-imputation StdErr is zero for variable Estimate in _Imputation_= 8 in the input DATA= data set.
WARNING: Within-imputation StdErr is zero for variable Estimate in _Imputation_= 9 in the input DATA= data set.
WARNING: Within-imputation StdErr is zero for variable Estimate in _Imputation_= 10 in the input DATA= data set.
NOTE: The above message was for the following BY group:
      EffectName=HEI2010_C3_LOW
WARNING: Within-imputation StdErr is zero for variable Estimate in _Imputation_= 1 in the input DATA= data set.
WARNING: Within-imputation StdErr is zero for variable Estimate in _Imputation_= 2 in the input DATA= data set.
WARNING: Within-imputation StdErr is zero for variable Estimate in _Imputation_= 3 in the input DATA= data set.
WARNING: Within-imputation StdErr is zero for variable Estimate in _Imputation_= 4 in the input DATA= data set.
WARNING: Within-imputation StdErr is zero for variable Estimate in _Imputation_= 5 in the input DATA= data set.
WARNING: Within-imputation StdErr is zero for variable Estimate in _Imputation_= 6 in the input DATA= data set.
WARNING: Within-imputation StdErr is zero for variable Estimate in _Imputation_= 7 in the input DATA= data set.
WARNING: Within-imputation StdErr is zero for variable Estimate in _Imputation_= 8 in the input DATA= data set.
WARNING: Within-imputation StdErr is zero for variable Estimate in _Imputation_= 9 in the input DATA= data set.
WARNING: Within-imputation StdErr is zero for variable Estimate in _Imputation_= 10 in the input DATA= data set.
                                                                               The SAS System

NOTE: The above message was for the following BY group:
      EffectName=MARITAL_STATUS_SINGLE
WARNING: Within-imputation StdErr is zero for variable Estimate in _Imputation_= 1 in the input DATA= data set.
WARNING: Within-imputation StdErr is zero for variable Estimate in _Imputation_= 2 in the input DATA= data set.
WARNING: Within-imputation StdErr is zero for variable Estimate in _Imputation_= 3 in the input DATA= data set.
WARNING: Within-imputation StdErr is zero for variable Estimate in _Imputation_= 4 in the input DATA= data set.
WARNING: Within-imputation StdErr is zero for variable Estimate in _Imputation_= 5 in the input DATA= data set.
WARNING: Within-imputation StdErr is zero for variable Estimate in _Imputation_= 6 in the input DATA= data set.
WARNING: Within-imputation StdErr is zero for variable Estimate in _Imputation_= 7 in the input DATA= data set.
WARNING: Within-imputation StdErr is zero for variable Estimate in _Imputation_= 8 in the input DATA= data set.
WARNING: Within-imputation StdErr is zero for variable Estimate in _Imputation_= 9 in the input DATA= data set.
WARNING: Within-imputation StdErr is zero for variable Estimate in _Imputation_= 10 in the input DATA= data set.
NOTE: The above message was for the following BY group:
      EffectName=N_HC_NO
WARNING: Within-imputation StdErr is zero for variable Estimate in _Imputation_= 1 in the input DATA= data set.
WARNING: Within-imputation StdErr is zero for variable Estimate in _Imputation_= 2 in the input DATA= data set.
WARNING: Within-imputation StdErr is zero for variable Estimate in _Imputation_= 3 in the input DATA= data set.
WARNING: Within-imputation StdErr is zero for variable Estimate in _Imputation_= 4 in the input DATA= data set.
WARNING: Within-imputation StdErr is zero for variable Estimate in _Imputation_= 5 in the input DATA= data set.
WARNING: Within-imputation StdErr is zero for variable Estimate in _Imputation_= 6 in the input DATA= data set.
WARNING: Within-imputation StdErr is zero for variable Estimate in _Imputation_= 7 in the input DATA= data set.
WARNING: Within-imputation StdErr is zero for variable Estimate in _Imputation_= 8 in the input DATA= data set.
WARNING: Within-imputation StdErr is zero for variable Estimate in _Imputation_= 9 in the input DATA= data set.
WARNING: Within-imputation StdErr is zero for variable Estimate in _Imputation_= 10 in the input DATA= data set.
NOTE: The above message was for the following BY group:
      EffectName=PAG2008YN_YES
WARNING: Within-imputation StdErr is zero for variable Estimate in _Imputation_= 1 in the input DATA= data set.
WARNING: Within-imputation StdErr is zero for variable Estimate in _Imputation_= 2 in the input DATA= data set.
WARNING: Within-imputation StdErr is zero for variable Estimate in _Imputation_= 3 in the input DATA= data set.
WARNING: Within-imputation StdErr is zero for variable Estimate in _Imputation_= 4 in the input DATA= data set.
WARNING: Within-imputation StdErr is zero for variable Estimate in _Imputation_= 5 in the input DATA= data set.
WARNING: Within-imputation StdErr is zero for variable Estimate in _Imputation_= 6 in the input DATA= data set.
WARNING: Within-imputation StdErr is zero for variable Estimate in _Imputation_= 7 in the input DATA= data set.
WARNING: Within-imputation StdErr is zero for variable Estimate in _Imputation_= 8 in the input DATA= data set.
WARNING: Within-imputation StdErr is zero for variable Estimate in _Imputation_= 9 in the input DATA= data set.
WARNING: Within-imputation StdErr is zero for variable Estimate in _Imputation_= 10 in the input DATA= data set.
NOTE: The above message was for the following BY group:
      EffectName=STAI10_NOANX
WARNING: Within-imputation StdErr is zero for variable Estimate in _Imputation_= 1 in the input DATA= data set.
WARNING: Within-imputation StdErr is zero for variable Estimate in _Imputation_= 2 in the input DATA= data set.
WARNING: Within-imputation StdErr is zero for variable Estimate in _Imputation_= 3 in the input DATA= data set.
WARNING: Within-imputation StdErr is zero for variable Estimate in _Imputation_= 4 in the input DATA= data set.
WARNING: Within-imputation StdErr is zero for variable Estimate in _Imputation_= 5 in the input DATA= data set.
WARNING: Within-imputation StdErr is zero for variable Estimate in _Imputation_= 6 in the input DATA= data set.
WARNING: Within-imputation StdErr is zero for variable Estimate in _Imputation_= 7 in the input DATA= data set.
WARNING: Within-imputation StdErr is zero for variable Estimate in _Imputation_= 8 in the input DATA= data set.
WARNING: Within-imputation StdErr is zero for variable Estimate in _Imputation_= 9 in the input DATA= data set.
WARNING: Within-imputation StdErr is zero for variable Estimate in _Imputation_= 10 in the input DATA= data set.
NOTE: The above message was for the following BY group:
      EffectName=YRSUS_C3_US_BORN
NOTE: The data set WORK.MIANALIZE_4_P has 44 observations and 13 variables.
NOTE: The PROCEDURE MIANALYZE printed pages 281-324.
NOTE: PROCEDURE MIANALYZE used (Total process time):
      real time           0.03 seconds
      cpu time            0.00 seconds
      

                                                                               The SAS System

WARNING: Length of character variable model has already been set. 
         Use the LENGTH statement as the very first statement in the DATA STEP to declare the length of a character variable.

NOTE: There were 44 observations read from the data set WORK.MIANALIZE_4_P.
NOTE: The data set WORK.MIANALIZE_4 has 43 observations and 9 variables.
NOTE: DATA statement used (Total process time):
      real time           0.01 seconds
      cpu time            0.00 seconds
      

416        
417        * merge datasets;
418        data db_join;
419        	set mianalize_1 mianalize_2 mianalize_3 mianalize_4;
420        run;

NOTE: There were 27 observations read from the data set WORK.MIANALIZE_1.
NOTE: There were 38 observations read from the data set WORK.MIANALIZE_2.
NOTE: There were 42 observations read from the data set WORK.MIANALIZE_3.
NOTE: There were 43 observations read from the data set WORK.MIANALIZE_4.
NOTE: The data set WORK.DB_JOIN has 150 observations and 9 variables.
NOTE: DATA statement used (Total process time):
      real time           0.00 seconds
      cpu time            0.00 seconds
      

421        data db_join;
422        	set db_join;
423        	if std = 99 then estimate = 98;
424        run;

NOTE: There were 150 observations read from the data set WORK.DB_JOIN.
NOTE: The data set WORK.DB_JOIN has 150 observations and 9 variables.
NOTE: DATA statement used (Total process time):
      real time           0.00 seconds
      cpu time            0.00 seconds
      

425        
426        * Merge AMEs (for Model 4) into the dataset for reporting;
427        proc sort data=db_join; by variable; run;

NOTE: There were 150 observations read from the data set WORK.DB_JOIN.
NOTE: The data set WORK.DB_JOIN has 150 observations and 9 variables.
NOTE: PROCEDURE SORT used (Total process time):
      real time           0.00 seconds
      cpu time            0.00 seconds
      

428        proc sort data=ame_all; by variable; run;

NOTE: There were 43 observations read from the data set WORK.AME_ALL.
NOTE: The data set WORK.AME_ALL has 43 observations and 2 variables.
NOTE: PROCEDURE SORT used (Total process time):
      real time           0.00 seconds
      cpu time            0.01 seconds
      
                                                                               The SAS System


429        proc sql;
430        	create table db_join as
431        	select *
432        	from db_join
433        	left join ame_all
434        		on db_join.variable = ame_all.variable
435        	;
WARNING: This CREATE TABLE statement recursively references the target table. A consequence of this is a possible data integrity problem.
WARNING: Variable variable already exists on file WORK.DB_JOIN.
NOTE: Table WORK.DB_JOIN created, with 150 rows and 10 columns.

436        quit;
NOTE: PROCEDURE SQL used (Total process time):
      real time           0.01 seconds
      cpu time            0.00 seconds
      

437        data db_join;
438        	set db_join;
439        	if model ne "Model 4" then AME = .;
440        	else if AME=0 then AME=.;
441        	else AME = 100*AME;
442        run;

NOTE: There were 150 observations read from the data set WORK.DB_JOIN.
NOTE: The data set WORK.DB_JOIN has 150 observations and 10 variables.
NOTE: DATA statement used (Total process time):
      real time           0.00 seconds
      cpu time            0.00 seconds
      

443        
444        proc sql;
445        	select count(distinct(id)) as n into :n_ids
446        	from impwork
447        	where bmipct > .z and trial_wt > 0;
448        quit;
NOTE: The PROCEDURE SQL printed page 325.
NOTE: PROCEDURE SQL used (Total process time):
      real time           0.01 seconds
      cpu time            0.00 seconds
      

449        
450        ods listing close;
451        ods path sashelp.tmplmst(read) hchstyle.hchs_stp(read);
452        ods rtf file = "&homepath\scripts\&job.\&job._Table2_&sysdate..rtf" style = manuscrt bodytitle;
NOTE: Writing RTF Body file: J:\HCHS\STATISTICS\GRAS\QAngarita\FLOR\MS1560\scripts\HC338360\HC338360_Table2_31MAR26.rtf
453        %let fs = 11pt;
454        %let fs_titles = 11pt;
455        %let lft_mgn = 0.3in;
456        %let rgt_mgn = 0.1in;
457        proc report data = db_join;
458        	title j=center height=&fs font='times roman' bold "^S={leftmargin=&lft_mgn rightmargin=&rgt_mgn}Table 2. Maternal preconception socio-behavioral factors and
458      ! child's BMI-for-age percentile (fractional probit), HCHS/SOL FLOR Ancillary Study (n=%qtrim(&n_ids))";
459        	footnote1 J=LEFT HEIGHT=&fs_titles FONT='times roman' "^S={leftmargin=&lft_mgn rightmargin=&rgt_mgn}Abbreviations: FLOR, Family Lifestyle Outcomes Research.";
                                                                               The SAS System

460        	footnote2 J=LEFT HEIGHT=&fs_titles FONT='times roman' "^S={leftmargin=&lft_mgn rightmargin=&rgt_mgn}Model 1: Sociodemographic & acculturation predictors adjusted
460      !  by field center, years between baseline and FLOR visit.";
461        	footnote3 J=LEFT HEIGHT=&fs_titles FONT='times roman' "^S={leftmargin=&lft_mgn rightmargin=&rgt_mgn}Model 2: Model 1 + health behavior predictors adjusted by
461      ! field center and years between baseline and FLOR visit.";
462        	footnote4 J=LEFT HEIGHT=&fs_titles FONT='times roman' "^S={leftmargin=&lft_mgn rightmargin=&rgt_mgn}Model 3: Model 2 + mental health predictors adjusted by field
462      !  center and years between baseline and FLOR visit.";
463        	footnote5 J=LEFT HEIGHT=&fs_titles FONT='times roman' "^S={leftmargin=&lft_mgn rightmargin=&rgt_mgn}Model 4: Model 3 + child's obesity genetic risk score.";
464        	footnote6 J=LEFT HEIGHT=&fs_titles FONT='times roman'
465        		"^S={leftmargin=&lft_mgn rightmargin=&rgt_mgn}^{super 1} Average Marginal Effect: represent the average change in the expected BMI-for-age percentile associated
465      !  with a one-unit increase in each predictor.";
466        	footnote7 J=LEFT HEIGHT=10pt FONT='times roman' "{\line \line Job &job run by &PRG using FLOR data on %sysfunc(today(), date9.) at %qtrim(%sysfunc(time(),
466      ! timeampm.))}";
467        	columns order label model,(estimate STD PV) AME;
468        	define order / order group noprint order = internal;
469        	define label / display group ' ' style(HEADER)=[FONTSIZE = &fs JUST = left] style = [FONTSIZE=&fs width = 2.5in];
470        	define model / across ' ' style = [FONTSIZE=&fs];
471        	define estimate / analysis 'Estimate' style=[fontsize = &fs vjust = bottom];
472        	define std / analysis '(SE)' style=[fontsize = &fs VJUST = bottom];
473        	define pv / analysis ' ' group
474        					style=[fontsize = &fs vjust=bottom just = left]
475        					style(header)=[cellpadding = 0in cellheight=0in cellspacing=0in];
476        	define AME / analysis 'AME^{super 1}' style=[fontsize = &fs vjust = bottom];
477        	FORMAT PV PV. STD paren. ESTIMATE refnum. AME AME_fmt.;
478        	COMPUTE AFTER _PAGE_ / STYLE = [JUST = LEFT font_size = &fs];
479        		LINE "* p <=.10, ** p <=.05, *** p <=.01 ";
480        	ENDCOMP;
481        RUN;

NOTE: PROCEDURE REPORT used (Total process time):
      real time           0.05 seconds
      cpu time            0.03 seconds
      
NOTE: There were 150 observations read from the data set WORK.DB_JOIN.

482        ods rtf close;
483        
484        proc printto;
485        run;

