NOTE: PROCEDURE PRINTTO used (Total process time):
      real time           0.02 seconds
      cpu time            0.01 seconds
      

8          /*********************************************************
9          *                                                         *
10         *  SAS PROGRAM - QC DATASET JOB HC3383 					         *
11         *                                                        *
12         **********************************************************
13         *                                                        *
14         *  PROGRAM NAME: HC338360.sas
15         *
16         *  PROGRAMMER:   Alvaro Quijano (AQ)
17         *
18         *  DESCRIPTION:  Pooled GENMOD fractional logit for child
19         *               BMI-for-age percentile (BMIPCT, 0-100), dist=bin,
20         *               link=logit, GEE with robust (empirical) variance.
21         *               Same covariate sets as job 59 (HC338359).
22         *               SAS may NOTE non-integer events/trials.
23         *
24         * ---------------------------------------------------------
25         *
26         *  JOB NUMBER: HC338360
27         *
28         *  PREVIOUS JOB:
29         *
2                                                          The SAS System                            15:02 Wednesday, April 29, 2026

30         *  LANGUAGE: SAS 9.4
31         *
32         *  VERSION CONTROL:
33         *					31mar26: Create from HC338359 (job 59);
34         *							 fractional binomial probit for BMIPCT.
35         *							 SCALE=DEVIANCE on MODEL (adjusted SEs).
36         					         repeated id added to use robust estimator of the variance
37         *					29apr26: update imputed dataset to 29apr26 and replace
38         *							 current_smoker with cigarette_use (models 2-4).
39         *
40         * ----------------------------------------------------------
41         *
42         *  INPUT:
43         *
44         *  OUTPUT:
45         *
46         **********************************************************/
47         options orientation = landscape nodate formchar = "|----|+|---+=|-/\<>*" nonumber PS=59 LS=173;
48         ods escapechar '^';
49         
50         libname data "&homepath.\data";
NOTE: Libref DATA was successfully assigned as follows: 
      Engine:        V9 
      Physical Name: J:\HCHS\STATISTICS\GRAS\QAngarita\FLOR\MS1560\data
51         libname hchstyle 'J:\hchs\sc\styledef\sty904';
NOTE: Libref HCHSTYLE was successfully assigned as follows: 
      Engine:        V9 
      Physical Name: J:\hchs\sc\styledef\sty904
52         
53         %let prg = AQA;
54         %let impdb = data.HC338353_imputed_data_&datefile.;
55         %let lf_margin = 0.7in;
56         %let rg_margin = 0.7in;
57         
58         %include "&homepath.\scripts\HC338390\HC338390.sas";
NOTE: Format BKGRD1_C7NOMISS_FMT has been output.
NOTE: Format PV has been output.
NOTE: Format CENTERNUM_FMT has been output.
NOTE: Format LANG_PREF_FMT has been output.
NOTE: Format MARITAL_STATUS_FMT has been output.
NOTE: Format EDUCATION_C3_FMT has been output.
NOTE: Format N_HC_FMT has been output.
NOTE: Format INCOME_C2_FMT has been output.
NOTE: Format YRSUS_C3_FMT has been output.
NOTE: Format EMPLOYEDYN_FMT has been output.
NOTE: Format ALCOHOL_USE_FMT has been output.
NOTE: Format CIGARETTE_USE_FMT has been output.
NOTE: Format SLPDUR_LT8HRS_FMT has been output.
NOTE: Format HEI2010_C3_FMT has been output.
NOTE: Format CESD10_FMT has been output.
NOTE: Format STAI10_FMT has been output.
NOTE: Format $STAT has been output.
NOTE: Format PV is already on the library WORK.FORMATS.
NOTE: Format PV has been output.
NOTE: Format YN_FMT has been output.
NOTE: Format BMIPCT_C2_FMT has been output.
NOTE: Format BLANKDOT has been output.
                                                                               The SAS System

NOTE: Format REFNUM has been output.
NOTE: Format PAREN has been output.
NOTE: Format PCT_BLANK has been output.
NOTE: Format AME_FMT has been output.

NOTE: PROCEDURE FORMAT used (Total process time):
      real time           0.02 seconds
      cpu time            0.01 seconds
      

172        %include "&homepath.\scripts\HC338391\HC3383_labels.sas";
279        
280        * Fractional logit: model BMIPCT/100 as binomial proportion with trials=100;
281        data impwork;
282        	set &impdb;
283        	trial_wt = 100;
284        	label trial_wt = "Denominator for fractional binomial (BMIPCT scale 0-100)";
285        run;

NOTE: There were 2270 observations read from the data set DATA.HC338353_IMPUTED_DATA_29APR26.
NOTE: The data set WORK.IMPWORK has 2270 observations and 273 variables.
NOTE: DATA statement used (Total process time):
      real time           0.06 seconds
      cpu time            0.01 seconds
      

286        
287        title 'Model 1 - Sociodemographics';
288        proc genmod data = impwork;
289        	by _imputation_;
290        	class id centernum(ref="BRONX") bkgrd1_c7nomiss(ref='MEXICAN') marital_status(ref='SINGLE') employedyn(ref="NOT_EMPLOYED")
291        			education_c3(ref='N_HIGHSCHOOL_GED') n_hc(ref="NO") yrsus_c3(ref='US_BORN');
292        	model bmipct / trial_wt = centernum yrs_btwn_v1flor age bkgrd1_c7nomiss n_hc education_c3 parity_v1 employedyn marital_status yrsus_c3
293        		/ dist=bin link=logit;
294        	repeated subject=id / type=ind;
295        	format centernum centernum_fmt. n_hc n_hc_fmt. bkgrd1_c7nomiss bkgrd1_c7nomiss_fmt. marital_status marital_status_fmt.
296        			employedyn employedyn_fmt. yrsus_c3 yrsus_c3_fmt. education_c3 education_c3_fmt.;
297        	ods output GEEEmpPEst=genmod_results_1;
298        run;

NOTE: Non-integer response values have been detected for the Binomial distribution.
NOTE: Class levels for some variables were not printed due to excessive size.
NOTE: Algorithm converged.
NOTE: Algorithm converged.
NOTE: The above message was for the following BY group:
      Imputation Number=1
NOTE: Non-integer response values have been detected for the Binomial distribution.
NOTE: Class levels for some variables were not printed due to excessive size.
NOTE: Algorithm converged.
NOTE: Algorithm converged.
NOTE: The above message was for the following BY group:
      Imputation Number=2
NOTE: Non-integer response values have been detected for the Binomial distribution.
NOTE: Class levels for some variables were not printed due to excessive size.
NOTE: Algorithm converged.
NOTE: Algorithm converged.
NOTE: The above message was for the following BY group:
                                                                               The SAS System

      Imputation Number=3
NOTE: Non-integer response values have been detected for the Binomial distribution.
NOTE: Class levels for some variables were not printed due to excessive size.
NOTE: Algorithm converged.
NOTE: Algorithm converged.
NOTE: The above message was for the following BY group:
      Imputation Number=4
NOTE: Non-integer response values have been detected for the Binomial distribution.
NOTE: Class levels for some variables were not printed due to excessive size.
NOTE: Algorithm converged.
NOTE: Algorithm converged.
NOTE: The above message was for the following BY group:
      Imputation Number=5
NOTE: Non-integer response values have been detected for the Binomial distribution.
NOTE: Class levels for some variables were not printed due to excessive size.
NOTE: Algorithm converged.
NOTE: Algorithm converged.
NOTE: The above message was for the following BY group:
      Imputation Number=6
NOTE: Non-integer response values have been detected for the Binomial distribution.
NOTE: Class levels for some variables were not printed due to excessive size.
NOTE: Algorithm converged.
NOTE: Algorithm converged.
NOTE: The above message was for the following BY group:
      Imputation Number=7
NOTE: Non-integer response values have been detected for the Binomial distribution.
NOTE: Class levels for some variables were not printed due to excessive size.
NOTE: Algorithm converged.
NOTE: Algorithm converged.
NOTE: The above message was for the following BY group:
      Imputation Number=8
NOTE: Non-integer response values have been detected for the Binomial distribution.
NOTE: Class levels for some variables were not printed due to excessive size.
NOTE: Algorithm converged.
NOTE: Algorithm converged.
NOTE: The above message was for the following BY group:
      Imputation Number=9
NOTE: Non-integer response values have been detected for the Binomial distribution.
NOTE: Class levels for some variables were not printed due to excessive size.
NOTE: Algorithm converged.
NOTE: Algorithm converged.
NOTE: The above message was for the following BY group:
      Imputation Number=10
NOTE: The data set WORK.GENMOD_RESULTS_1 has 280 observations and 9 variables.
NOTE: The PROCEDURE GENMOD printed pages 1-30.
NOTE: PROCEDURE GENMOD used (Total process time):
      real time           0.17 seconds
      cpu time            0.09 seconds
      

299        
300        title 'Model 2: Model 1 + (diet, alcohol, smoke, pa, slpdur) ';
301        proc genmod data = impwork;
302        	by _imputation_;
303        	class id centernum(ref="BRONX") bkgrd1_c7nomiss(ref='MEXICAN') marital_status(ref='SINGLE') employedyn(ref="NOT_EMPLOYED")
304        			education_c3(ref='N_HIGHSCHOOL_GED') n_hc(ref="NO") yrsus_c3(ref='US_BORN')
305        			cigarette_use(REF="NEVER") alcohol_use(REF="NEVER")
                                                                               The SAS System

306        			pag2008yn(ref="YES") hei2010_c3(ref="LOW");
307        	model bmipct / trial_wt = centernum yrs_btwn_v1flor age bkgrd1_c7nomiss n_hc education_c3 parity_v1 employedyn marital_status yrsus_c3
308        			cigarette_use hei2010_c3 alcohol_use pag2008yn slpdur / dist=bin link=logit;
309        	repeated subject=id / type=ind;
310        	format centernum centernum_fmt. n_hc n_hc_fmt. bkgrd1_c7nomiss bkgrd1_c7nomiss_fmt. marital_status marital_status_fmt.
311        			employedyn employedyn_fmt. yrsus_c3 yrsus_c3_fmt. education_c3 education_c3_fmt.
312        			alcohol_use alcohol_use_fmt. cigarette_use cigarette_use_fmt.
313        			pag2008yn yn_fmt. hei2010_c3 hei2010_c3_fmt.;
314        	ods output GEEEmpPEst=genmod_results_2;
315        run;

NOTE: Non-integer response values have been detected for the Binomial distribution.
NOTE: Class levels for some variables were not printed due to excessive size.
NOTE: Algorithm converged.
NOTE: Algorithm converged.
NOTE: The above message was for the following BY group:
      Imputation Number=1
NOTE: Non-integer response values have been detected for the Binomial distribution.
NOTE: Class levels for some variables were not printed due to excessive size.
NOTE: Algorithm converged.
NOTE: Algorithm converged.
NOTE: The above message was for the following BY group:
      Imputation Number=2
NOTE: Non-integer response values have been detected for the Binomial distribution.
NOTE: Class levels for some variables were not printed due to excessive size.
NOTE: Algorithm converged.
NOTE: Algorithm converged.
NOTE: The above message was for the following BY group:
      Imputation Number=3
NOTE: Non-integer response values have been detected for the Binomial distribution.
NOTE: Class levels for some variables were not printed due to excessive size.
NOTE: Algorithm converged.
NOTE: Algorithm converged.
NOTE: The above message was for the following BY group:
      Imputation Number=4
NOTE: Non-integer response values have been detected for the Binomial distribution.
NOTE: Class levels for some variables were not printed due to excessive size.
NOTE: Algorithm converged.
NOTE: Algorithm converged.
NOTE: The above message was for the following BY group:
      Imputation Number=5
NOTE: Non-integer response values have been detected for the Binomial distribution.
NOTE: Class levels for some variables were not printed due to excessive size.
NOTE: Algorithm converged.
NOTE: Algorithm converged.
NOTE: The above message was for the following BY group:
      Imputation Number=6
NOTE: Non-integer response values have been detected for the Binomial distribution.
NOTE: Class levels for some variables were not printed due to excessive size.
NOTE: Algorithm converged.
NOTE: Algorithm converged.
NOTE: The above message was for the following BY group:
      Imputation Number=7
NOTE: Non-integer response values have been detected for the Binomial distribution.
NOTE: Class levels for some variables were not printed due to excessive size.
NOTE: Algorithm converged.
NOTE: Algorithm converged.
                                                                               The SAS System

NOTE: The above message was for the following BY group:
      Imputation Number=8
NOTE: Non-integer response values have been detected for the Binomial distribution.
NOTE: Class levels for some variables were not printed due to excessive size.
NOTE: Algorithm converged.
NOTE: Algorithm converged.
NOTE: The above message was for the following BY group:
      Imputation Number=9
NOTE: Non-integer response values have been detected for the Binomial distribution.
NOTE: Class levels for some variables were not printed due to excessive size.
NOTE: Algorithm converged.
NOTE: Algorithm converged.
NOTE: The above message was for the following BY group:
      Imputation Number=10
NOTE: The data set WORK.GENMOD_RESULTS_2 has 400 observations and 9 variables.
NOTE: The PROCEDURE GENMOD printed pages 31-70.
NOTE: PROCEDURE GENMOD used (Total process time):
      real time           0.23 seconds
      cpu time            0.12 seconds
      

316        
317        title 'Model 3: Model 2 + mental health';
318        proc genmod data = impwork;
319        	by _imputation_;
320        	class id centernum(ref="BRONX") bkgrd1_c7nomiss(ref='MEXICAN') marital_status(ref='SINGLE') employedyn(ref="NOT_EMPLOYED")
321        			education_c3(ref='N_HIGHSCHOOL_GED') n_hc(ref="NO") yrsus_c3(ref='US_BORN')
322        			cigarette_use(REF="NEVER") alcohol_use(REF="NEVER")
323        			pag2008yn(ref="YES") hei2010_c3(ref="LOW")
324        			cesd10(ref="NODEPRE") stai10(ref="NOANX");
325        	model bmipct / trial_wt = centernum yrs_btwn_v1flor age bkgrd1_c7nomiss n_hc education_c3 parity_v1 employedyn marital_status yrsus_c3
326        			cigarette_use hei2010_c3 alcohol_use pag2008yn slpdur
327        			cesd10 stai10 / dist=bin link=logit;
328        	repeated subject=id / type=ind;
329        	format centernum centernum_fmt. n_hc n_hc_fmt. bkgrd1_c7nomiss bkgrd1_c7nomiss_fmt. marital_status marital_status_fmt.
330        			employedyn employedyn_fmt. yrsus_c3 yrsus_c3_fmt. education_c3 education_c3_fmt.
331        			alcohol_use alcohol_use_fmt. cigarette_use cigarette_use_fmt.
332        			pag2008yn yn_fmt. hei2010_c3 hei2010_c3_fmt.
333        			cesd10 cesd10_fmt. stai10 stai10_fmt.;
334        	ods output GEEEmpPEst=genmod_results_3;
335        run;

NOTE: Non-integer response values have been detected for the Binomial distribution.
NOTE: Class levels for some variables were not printed due to excessive size.
NOTE: Algorithm converged.
NOTE: Algorithm converged.
NOTE: The above message was for the following BY group:
      Imputation Number=1
NOTE: Non-integer response values have been detected for the Binomial distribution.
NOTE: Class levels for some variables were not printed due to excessive size.
NOTE: Algorithm converged.
NOTE: Algorithm converged.
NOTE: The above message was for the following BY group:
      Imputation Number=2
NOTE: Non-integer response values have been detected for the Binomial distribution.
NOTE: Class levels for some variables were not printed due to excessive size.
NOTE: Algorithm converged.
                                                                               The SAS System

NOTE: Algorithm converged.
NOTE: The above message was for the following BY group:
      Imputation Number=3
NOTE: Non-integer response values have been detected for the Binomial distribution.
NOTE: Class levels for some variables were not printed due to excessive size.
NOTE: Algorithm converged.
NOTE: Algorithm converged.
NOTE: The above message was for the following BY group:
      Imputation Number=4
NOTE: Non-integer response values have been detected for the Binomial distribution.
NOTE: Class levels for some variables were not printed due to excessive size.
NOTE: Algorithm converged.
NOTE: Algorithm converged.
NOTE: The above message was for the following BY group:
      Imputation Number=5
NOTE: Non-integer response values have been detected for the Binomial distribution.
NOTE: Class levels for some variables were not printed due to excessive size.
NOTE: Algorithm converged.
NOTE: Algorithm converged.
NOTE: The above message was for the following BY group:
      Imputation Number=6
NOTE: Non-integer response values have been detected for the Binomial distribution.
NOTE: Class levels for some variables were not printed due to excessive size.
NOTE: Algorithm converged.
NOTE: Algorithm converged.
NOTE: The above message was for the following BY group:
      Imputation Number=7
NOTE: Non-integer response values have been detected for the Binomial distribution.
NOTE: Class levels for some variables were not printed due to excessive size.
NOTE: Algorithm converged.
NOTE: Algorithm converged.
NOTE: The above message was for the following BY group:
      Imputation Number=8
NOTE: Non-integer response values have been detected for the Binomial distribution.
NOTE: Class levels for some variables were not printed due to excessive size.
NOTE: Algorithm converged.
NOTE: Algorithm converged.
NOTE: The above message was for the following BY group:
      Imputation Number=9
NOTE: Non-integer response values have been detected for the Binomial distribution.
NOTE: Class levels for some variables were not printed due to excessive size.
NOTE: Algorithm converged.
NOTE: Algorithm converged.
NOTE: The above message was for the following BY group:
      Imputation Number=10
NOTE: The data set WORK.GENMOD_RESULTS_3 has 440 observations and 9 variables.
NOTE: The PROCEDURE GENMOD printed pages 71-120.
NOTE: PROCEDURE GENMOD used (Total process time):
      real time           0.25 seconds
      cpu time            0.18 seconds
      

336        
337        title 'Model 4: Model 3 + PRS';
338        proc genmod data = impwork;
339        	by _imputation_;
340        	class id centernum(ref="BRONX") bkgrd1_c7nomiss(ref='MEXICAN') marital_status(ref='SINGLE') employedyn(ref="NOT_EMPLOYED")
                                                                               The SAS System

341        			education_c3(ref='N_HIGHSCHOOL_GED') n_hc(ref="NO") yrsus_c3(ref='US_BORN')
342        			cigarette_use(REF="NEVER") alcohol_use(REF="NEVER") pag2008yn(ref="YES") hei2010_c3(ref="LOW")
343        			cesd10(ref="NODEPRE") stai10(ref="NOANX");
344        	model bmipct / trial_wt = centernum yrs_btwn_v1flor age bkgrd1_c7nomiss n_hc education_c3 parity_v1 employedyn marital_status yrsus_c3
345        			cigarette_use hei2010_c3 alcohol_use pag2008yn slpdur
346        			cesd10 stai10
347        			child_prs_bmi_a / dist=bin link=logit type3;
348        	repeated subject=id / type=ind;
349        	format centernum centernum_fmt. n_hc n_hc_fmt. bkgrd1_c7nomiss bkgrd1_c7nomiss_fmt. marital_status marital_status_fmt.
350        			employedyn employedyn_fmt. yrsus_c3 yrsus_c3_fmt. education_c3 education_c3_fmt.
351        			alcohol_use alcohol_use_fmt. cigarette_use cigarette_use_fmt.
352        			pag2008yn yn_fmt. hei2010_c3 hei2010_c3_fmt.
353        			cesd10 cesd10_fmt. stai10 stai10_fmt.;
354        	output out=res xbeta=lin_pred;
355        	ods output GEEEmpPEst=genmod_results_4 ModelANOVA=type3 ;
356        run;

NOTE: Non-integer response values have been detected for the Binomial distribution.
NOTE: Class levels for some variables were not printed due to excessive size.
NOTE: Algorithm converged.
NOTE: Algorithm converged.
NOTE: The above message was for the following BY group:
      Imputation Number=1
NOTE: Non-integer response values have been detected for the Binomial distribution.
NOTE: Class levels for some variables were not printed due to excessive size.
NOTE: Algorithm converged.
NOTE: Algorithm converged.
NOTE: The above message was for the following BY group:
      Imputation Number=2
NOTE: Non-integer response values have been detected for the Binomial distribution.
NOTE: Class levels for some variables were not printed due to excessive size.
NOTE: Algorithm converged.
NOTE: Algorithm converged.
NOTE: The above message was for the following BY group:
      Imputation Number=3
NOTE: Non-integer response values have been detected for the Binomial distribution.
NOTE: Class levels for some variables were not printed due to excessive size.
NOTE: Algorithm converged.
NOTE: Algorithm converged.
NOTE: The above message was for the following BY group:
      Imputation Number=4
NOTE: Non-integer response values have been detected for the Binomial distribution.
NOTE: Class levels for some variables were not printed due to excessive size.
NOTE: Algorithm converged.
NOTE: Algorithm converged.
NOTE: The above message was for the following BY group:
      Imputation Number=5
NOTE: Non-integer response values have been detected for the Binomial distribution.
NOTE: Class levels for some variables were not printed due to excessive size.
NOTE: Algorithm converged.
NOTE: Algorithm converged.
NOTE: The above message was for the following BY group:
      Imputation Number=6
NOTE: Non-integer response values have been detected for the Binomial distribution.
NOTE: Class levels for some variables were not printed due to excessive size.
NOTE: Algorithm converged.
NOTE: Algorithm converged.
                                                                               The SAS System

NOTE: The above message was for the following BY group:
      Imputation Number=7
NOTE: Non-integer response values have been detected for the Binomial distribution.
NOTE: Class levels for some variables were not printed due to excessive size.
NOTE: Algorithm converged.
NOTE: Algorithm converged.
NOTE: The above message was for the following BY group:
      Imputation Number=8
NOTE: Non-integer response values have been detected for the Binomial distribution.
NOTE: Class levels for some variables were not printed due to excessive size.
NOTE: Algorithm converged.
NOTE: Algorithm converged.
NOTE: The above message was for the following BY group:
      Imputation Number=9
NOTE: Non-integer response values have been detected for the Binomial distribution.
NOTE: Class levels for some variables were not printed due to excessive size.
NOTE: Algorithm converged.
NOTE: Algorithm converged.
NOTE: The above message was for the following BY group:
      Imputation Number=10
NOTE: The data set WORK.GENMOD_RESULTS_4 has 450 observations and 9 variables.
WARNING: Output 'ModelANOVA' was not created.  Make sure that the output object name, label, or path is spelled correctly.  Also, verify that the appropriate procedure 
         options are used to produce the requested output object.  For example, verify that the NOPRINT option is not used.
NOTE: The data set WORK.RES has 2270 observations and 274 variables.
NOTE: The PROCEDURE GENMOD printed pages 121-170.
NOTE: PROCEDURE GENMOD used (Total process time):
      real time           4.38 seconds
      cpu time            3.73 seconds
      

357        
358        * Average Marginal Effects (Model 4, logit link): AME = E[p(1-p) * beta_i];
359        * where p = logistic(X*beta) is the mean of BMIPCT/100.;
360        data coef4;
361        	set genmod_results_4;
362        	length ParmName $32 EffectName $50;
363        	ParmName = coalescec(Parm, Parameter);
364        	if missing(Level1) then EffectName = ParmName;
365        	else EffectName = catx('_', ParmName, Level1);
366        run;

NOTE: Numeric values have been converted to character values at the places given by: (Line):(Column).
      363:29   
NOTE: Variable Parameter is uninitialized.
NOTE: There were 450 observations read from the data set WORK.GENMOD_RESULTS_4.
NOTE: The data set WORK.COEF4 has 450 observations and 12 variables.
NOTE: DATA statement used (Total process time):
      real time           0.01 seconds
      cpu time            0.00 seconds
      

367        
368        data res_with_p;
369        	set res;
370        	p = 1/(1+exp(-lin_pred));
371        run;

                                                                               The SAS System

NOTE: There were 2270 observations read from the data set WORK.RES.
NOTE: The data set WORK.RES_WITH_P has 2270 observations and 275 variables.
NOTE: DATA statement used (Total process time):
      real time           0.04 seconds
      cpu time            0.01 seconds
      

372        
373        proc sql;
374        	create table ame_all as
375        	select c.EffectName,
376        		   mean( p * (1 - p) * c.Estimate ) as AME
377        	from res_with_p r
378        	inner join coef4 c
379        		on r._imputation_ = c._imputation_
380        	where upcase(c.ParmName) not in ('SCALE','INTERCEPT')
381        	group by c.EffectName;
NOTE: Table WORK.AME_ALL created, with 44 rows and 2 columns.

382        quit;
NOTE: PROCEDURE SQL used (Total process time):
      real time           0.26 seconds
      cpu time            0.09 seconds
      

383        
384        data ame_all;
385        	set ame_all;
386        	rename EffectName = variable;
387        run;

NOTE: There were 44 observations read from the data set WORK.AME_ALL.
NOTE: The data set WORK.AME_ALL has 44 observations and 2 variables.
NOTE: DATA statement used (Total process time):
      real time           0.02 seconds
      cpu time            0.00 seconds
      

388        
389        %macro process_imputed2(in_db=, out_db=, model=);
390        
391        	* Reshape the dataset to include effect names;
392        	data &in_db.;
393        	    set &in_db.;
394        	    length ParmName $32 EffectName $50;
395        	    /* Harmonize parameter naming with GEEEmpPEst (Parm or Parameter) */
396        	    ParmName = coalescec(Parm, Parameter);
397        	    if missing(Level1) then EffectName = ParmName;
398        	    else EffectName = catx('_', ParmName, Level1);
399        	run;
400        
401        	* Sort the dataset by effect name;
402        	proc sort data = &in_db.; by Effectname; run;
403        
404        	* Combine estimates in the imputated dataset using Rubin method in MiAnalize;
405        	ods output ParameterEstimates = &out_db._p;
406        	proc mianalyze data=&in_db.;
                                                                               The SAS System

407        	    by EffectName;
408        	    modeleffects Estimate;
409        	    stderr StdErr;
410        	run;
411        	ods output close;
412        
413        	data &out_db.;
414        	 	set &out_db._p(keep=EffectName estimate StdErr Probt
415        						rename=(EffectName=variable));
416        		model = "Model &model.";
417        		%labels;
418        		if variable not in ('Scale','Intercept');
419        	run;
420        
421        %mend process_imputed2;
422        
423        * call the macro;
424        %process_imputed2(in_db = genmod_results_1, out_db = mianalize_1, model = 1);

NOTE: Numeric values have been converted to character values at the places given by: (Line):(Column).
      473:161   
NOTE: Variable Parameter is uninitialized.
NOTE: There were 280 observations read from the data set WORK.GENMOD_RESULTS_1.
NOTE: The data set WORK.GENMOD_RESULTS_1 has 280 observations and 12 variables.
NOTE: DATA statement used (Total process time):
      real time           0.00 seconds
      cpu time            0.00 seconds
      


NOTE: There were 280 observations read from the data set WORK.GENMOD_RESULTS_1.
NOTE: The data set WORK.GENMOD_RESULTS_1 has 280 observations and 12 variables.
NOTE: PROCEDURE SORT used (Total process time):
      real time           0.00 seconds
      cpu time            0.00 seconds
      


WARNING: Within-imputation StdErr is zero for variable Estimate in _Imputation_= 1 in the input DATA= data set.
WARNING: Within-imputation StdErr is zero for variable Estimate in _Imputation_= 2 in the input DATA= data set.
WARNING: Within-imputation StdErr is zero for variable Estimate in _Imputation_= 3 in the input DATA= data set.
WARNING: Within-imputation StdErr is zero for variable Estimate in _Imputation_= 4 in the input DATA= data set.
WARNING: Within-imputation StdErr is zero for variable Estimate in _Imputation_= 5 in the input DATA= data set.
WARNING: Within-imputation StdErr is zero for variable Estimate in _Imputation_= 6 in the input DATA= data set.
WARNING: Within-imputation StdErr is zero for variable Estimate in _Imputation_= 7 in the input DATA= data set.
WARNING: Within-imputation StdErr is zero for variable Estimate in _Imputation_= 8 in the input DATA= data set.
WARNING: Within-imputation StdErr is zero for variable Estimate in _Imputation_= 9 in the input DATA= data set.
WARNING: Within-imputation StdErr is zero for variable Estimate in _Imputation_= 10 in the input DATA= data set.
NOTE: The above message was for the following BY group:
      EffectName=BKGRD1_C7NOMISS_MEXICAN
WARNING: Within-imputation StdErr is zero for variable Estimate in _Imputation_= 1 in the input DATA= data set.
WARNING: Within-imputation StdErr is zero for variable Estimate in _Imputation_= 2 in the input DATA= data set.
WARNING: Within-imputation StdErr is zero for variable Estimate in _Imputation_= 3 in the input DATA= data set.
WARNING: Within-imputation StdErr is zero for variable Estimate in _Imputation_= 4 in the input DATA= data set.
WARNING: Within-imputation StdErr is zero for variable Estimate in _Imputation_= 5 in the input DATA= data set.
WARNING: Within-imputation StdErr is zero for variable Estimate in _Imputation_= 6 in the input DATA= data set.
WARNING: Within-imputation StdErr is zero for variable Estimate in _Imputation_= 7 in the input DATA= data set.
                                                                               The SAS System

WARNING: Within-imputation StdErr is zero for variable Estimate in _Imputation_= 8 in the input DATA= data set.
WARNING: Within-imputation StdErr is zero for variable Estimate in _Imputation_= 9 in the input DATA= data set.
WARNING: Within-imputation StdErr is zero for variable Estimate in _Imputation_= 10 in the input DATA= data set.
NOTE: The above message was for the following BY group:
      EffectName=CENTERNUM_BRONX
WARNING: Within-imputation StdErr is zero for variable Estimate in _Imputation_= 1 in the input DATA= data set.
WARNING: Within-imputation StdErr is zero for variable Estimate in _Imputation_= 2 in the input DATA= data set.
WARNING: Within-imputation StdErr is zero for variable Estimate in _Imputation_= 3 in the input DATA= data set.
WARNING: Within-imputation StdErr is zero for variable Estimate in _Imputation_= 4 in the input DATA= data set.
WARNING: Within-imputation StdErr is zero for variable Estimate in _Imputation_= 5 in the input DATA= data set.
WARNING: Within-imputation StdErr is zero for variable Estimate in _Imputation_= 6 in the input DATA= data set.
WARNING: Within-imputation StdErr is zero for variable Estimate in _Imputation_= 7 in the input DATA= data set.
WARNING: Within-imputation StdErr is zero for variable Estimate in _Imputation_= 8 in the input DATA= data set.
WARNING: Within-imputation StdErr is zero for variable Estimate in _Imputation_= 9 in the input DATA= data set.
WARNING: Within-imputation StdErr is zero for variable Estimate in _Imputation_= 10 in the input DATA= data set.
NOTE: The above message was for the following BY group:
      EffectName=EDUCATION_C3_N_HIGHSCHOOL_GED
WARNING: Within-imputation StdErr is zero for variable Estimate in _Imputation_= 1 in the input DATA= data set.
WARNING: Within-imputation StdErr is zero for variable Estimate in _Imputation_= 2 in the input DATA= data set.
WARNING: Within-imputation StdErr is zero for variable Estimate in _Imputation_= 3 in the input DATA= data set.
WARNING: Within-imputation StdErr is zero for variable Estimate in _Imputation_= 4 in the input DATA= data set.
WARNING: Within-imputation StdErr is zero for variable Estimate in _Imputation_= 5 in the input DATA= data set.
WARNING: Within-imputation StdErr is zero for variable Estimate in _Imputation_= 6 in the input DATA= data set.
WARNING: Within-imputation StdErr is zero for variable Estimate in _Imputation_= 7 in the input DATA= data set.
WARNING: Within-imputation StdErr is zero for variable Estimate in _Imputation_= 8 in the input DATA= data set.
WARNING: Within-imputation StdErr is zero for variable Estimate in _Imputation_= 9 in the input DATA= data set.
WARNING: Within-imputation StdErr is zero for variable Estimate in _Imputation_= 10 in the input DATA= data set.
NOTE: The above message was for the following BY group:
      EffectName=EMPLOYEDYN_NOT_EMPLOYED
WARNING: Within-imputation StdErr is zero for variable Estimate in _Imputation_= 1 in the input DATA= data set.
WARNING: Within-imputation StdErr is zero for variable Estimate in _Imputation_= 2 in the input DATA= data set.
WARNING: Within-imputation StdErr is zero for variable Estimate in _Imputation_= 3 in the input DATA= data set.
WARNING: Within-imputation StdErr is zero for variable Estimate in _Imputation_= 4 in the input DATA= data set.
WARNING: Within-imputation StdErr is zero for variable Estimate in _Imputation_= 5 in the input DATA= data set.
WARNING: Within-imputation StdErr is zero for variable Estimate in _Imputation_= 6 in the input DATA= data set.
WARNING: Within-imputation StdErr is zero for variable Estimate in _Imputation_= 7 in the input DATA= data set.
WARNING: Within-imputation StdErr is zero for variable Estimate in _Imputation_= 8 in the input DATA= data set.
WARNING: Within-imputation StdErr is zero for variable Estimate in _Imputation_= 9 in the input DATA= data set.
WARNING: Within-imputation StdErr is zero for variable Estimate in _Imputation_= 10 in the input DATA= data set.
NOTE: The above message was for the following BY group:
      EffectName=MARITAL_STATUS_SINGLE
WARNING: Within-imputation StdErr is zero for variable Estimate in _Imputation_= 1 in the input DATA= data set.
WARNING: Within-imputation StdErr is zero for variable Estimate in _Imputation_= 2 in the input DATA= data set.
WARNING: Within-imputation StdErr is zero for variable Estimate in _Imputation_= 3 in the input DATA= data set.
WARNING: Within-imputation StdErr is zero for variable Estimate in _Imputation_= 4 in the input DATA= data set.
WARNING: Within-imputation StdErr is zero for variable Estimate in _Imputation_= 5 in the input DATA= data set.
WARNING: Within-imputation StdErr is zero for variable Estimate in _Imputation_= 6 in the input DATA= data set.
WARNING: Within-imputation StdErr is zero for variable Estimate in _Imputation_= 7 in the input DATA= data set.
WARNING: Within-imputation StdErr is zero for variable Estimate in _Imputation_= 8 in the input DATA= data set.
WARNING: Within-imputation StdErr is zero for variable Estimate in _Imputation_= 9 in the input DATA= data set.
WARNING: Within-imputation StdErr is zero for variable Estimate in _Imputation_= 10 in the input DATA= data set.
NOTE: The above message was for the following BY group:
      EffectName=N_HC_NO
WARNING: Within-imputation StdErr is zero for variable Estimate in _Imputation_= 1 in the input DATA= data set.
WARNING: Within-imputation StdErr is zero for variable Estimate in _Imputation_= 2 in the input DATA= data set.
WARNING: Within-imputation StdErr is zero for variable Estimate in _Imputation_= 3 in the input DATA= data set.
WARNING: Within-imputation StdErr is zero for variable Estimate in _Imputation_= 4 in the input DATA= data set.
                                                                               The SAS System

WARNING: Within-imputation StdErr is zero for variable Estimate in _Imputation_= 5 in the input DATA= data set.
WARNING: Within-imputation StdErr is zero for variable Estimate in _Imputation_= 6 in the input DATA= data set.
WARNING: Within-imputation StdErr is zero for variable Estimate in _Imputation_= 7 in the input DATA= data set.
WARNING: Within-imputation StdErr is zero for variable Estimate in _Imputation_= 8 in the input DATA= data set.
WARNING: Within-imputation StdErr is zero for variable Estimate in _Imputation_= 9 in the input DATA= data set.
WARNING: Within-imputation StdErr is zero for variable Estimate in _Imputation_= 10 in the input DATA= data set.
NOTE: The above message was for the following BY group:
      EffectName=YRSUS_C3_US_BORN
NOTE: The data set WORK.MIANALIZE_1_P has 28 observations and 13 variables.
NOTE: The PROCEDURE MIANALYZE printed pages 171-198.
NOTE: PROCEDURE MIANALYZE used (Total process time):
      real time           0.02 seconds
      cpu time            0.01 seconds
      

WARNING: Length of character variable model has already been set. 
         Use the LENGTH statement as the very first statement in the DATA STEP to declare the length of a character variable.

NOTE: There were 28 observations read from the data set WORK.MIANALIZE_1_P.
NOTE: The data set WORK.MIANALIZE_1 has 27 observations and 9 variables.
NOTE: DATA statement used (Total process time):
      real time           0.00 seconds
      cpu time            0.00 seconds
      

425        %process_imputed2(in_db = genmod_results_2, out_db = mianalize_2, model = 2);

NOTE: Numeric values have been converted to character values at the places given by: (Line):(Column).
      555:161   
NOTE: Variable Parameter is uninitialized.
NOTE: There were 400 observations read from the data set WORK.GENMOD_RESULTS_2.
NOTE: The data set WORK.GENMOD_RESULTS_2 has 400 observations and 12 variables.
NOTE: DATA statement used (Total process time):
      real time           0.01 seconds
      cpu time            0.00 seconds
      


NOTE: There were 400 observations read from the data set WORK.GENMOD_RESULTS_2.
NOTE: The data set WORK.GENMOD_RESULTS_2 has 400 observations and 12 variables.
NOTE: PROCEDURE SORT used (Total process time):
      real time           0.00 seconds
      cpu time            0.00 seconds
      


WARNING: Within-imputation StdErr is zero for variable Estimate in _Imputation_= 1 in the input DATA= data set.
WARNING: Within-imputation StdErr is zero for variable Estimate in _Imputation_= 2 in the input DATA= data set.
WARNING: Within-imputation StdErr is zero for variable Estimate in _Imputation_= 3 in the input DATA= data set.
WARNING: Within-imputation StdErr is zero for variable Estimate in _Imputation_= 4 in the input DATA= data set.
WARNING: Within-imputation StdErr is zero for variable Estimate in _Imputation_= 5 in the input DATA= data set.
WARNING: Within-imputation StdErr is zero for variable Estimate in _Imputation_= 6 in the input DATA= data set.
WARNING: Within-imputation StdErr is zero for variable Estimate in _Imputation_= 7 in the input DATA= data set.
WARNING: Within-imputation StdErr is zero for variable Estimate in _Imputation_= 8 in the input DATA= data set.
WARNING: Within-imputation StdErr is zero for variable Estimate in _Imputation_= 9 in the input DATA= data set.
WARNING: Within-imputation StdErr is zero for variable Estimate in _Imputation_= 10 in the input DATA= data set.
NOTE: The above message was for the following BY group:
                                                                               The SAS System

      EffectName=ALCOHOL_USE_NEVER
WARNING: Within-imputation StdErr is zero for variable Estimate in _Imputation_= 1 in the input DATA= data set.
WARNING: Within-imputation StdErr is zero for variable Estimate in _Imputation_= 2 in the input DATA= data set.
WARNING: Within-imputation StdErr is zero for variable Estimate in _Imputation_= 3 in the input DATA= data set.
WARNING: Within-imputation StdErr is zero for variable Estimate in _Imputation_= 4 in the input DATA= data set.
WARNING: Within-imputation StdErr is zero for variable Estimate in _Imputation_= 5 in the input DATA= data set.
WARNING: Within-imputation StdErr is zero for variable Estimate in _Imputation_= 6 in the input DATA= data set.
WARNING: Within-imputation StdErr is zero for variable Estimate in _Imputation_= 7 in the input DATA= data set.
WARNING: Within-imputation StdErr is zero for variable Estimate in _Imputation_= 8 in the input DATA= data set.
WARNING: Within-imputation StdErr is zero for variable Estimate in _Imputation_= 9 in the input DATA= data set.
WARNING: Within-imputation StdErr is zero for variable Estimate in _Imputation_= 10 in the input DATA= data set.
NOTE: The above message was for the following BY group:
      EffectName=BKGRD1_C7NOMISS_MEXICAN
WARNING: Within-imputation StdErr is zero for variable Estimate in _Imputation_= 1 in the input DATA= data set.
WARNING: Within-imputation StdErr is zero for variable Estimate in _Imputation_= 2 in the input DATA= data set.
WARNING: Within-imputation StdErr is zero for variable Estimate in _Imputation_= 3 in the input DATA= data set.
WARNING: Within-imputation StdErr is zero for variable Estimate in _Imputation_= 4 in the input DATA= data set.
WARNING: Within-imputation StdErr is zero for variable Estimate in _Imputation_= 5 in the input DATA= data set.
WARNING: Within-imputation StdErr is zero for variable Estimate in _Imputation_= 6 in the input DATA= data set.
WARNING: Within-imputation StdErr is zero for variable Estimate in _Imputation_= 7 in the input DATA= data set.
WARNING: Within-imputation StdErr is zero for variable Estimate in _Imputation_= 8 in the input DATA= data set.
WARNING: Within-imputation StdErr is zero for variable Estimate in _Imputation_= 9 in the input DATA= data set.
WARNING: Within-imputation StdErr is zero for variable Estimate in _Imputation_= 10 in the input DATA= data set.
NOTE: The above message was for the following BY group:
      EffectName=CENTERNUM_BRONX
WARNING: Within-imputation StdErr is zero for variable Estimate in _Imputation_= 1 in the input DATA= data set.
WARNING: Within-imputation StdErr is zero for variable Estimate in _Imputation_= 2 in the input DATA= data set.
WARNING: Within-imputation StdErr is zero for variable Estimate in _Imputation_= 3 in the input DATA= data set.
WARNING: Within-imputation StdErr is zero for variable Estimate in _Imputation_= 4 in the input DATA= data set.
WARNING: Within-imputation StdErr is zero for variable Estimate in _Imputation_= 5 in the input DATA= data set.
WARNING: Within-imputation StdErr is zero for variable Estimate in _Imputation_= 6 in the input DATA= data set.
WARNING: Within-imputation StdErr is zero for variable Estimate in _Imputation_= 7 in the input DATA= data set.
WARNING: Within-imputation StdErr is zero for variable Estimate in _Imputation_= 8 in the input DATA= data set.
WARNING: Within-imputation StdErr is zero for variable Estimate in _Imputation_= 9 in the input DATA= data set.
WARNING: Within-imputation StdErr is zero for variable Estimate in _Imputation_= 10 in the input DATA= data set.
NOTE: The above message was for the following BY group:
      EffectName=CIGARETTE_USE_NEVER
WARNING: Within-imputation StdErr is zero for variable Estimate in _Imputation_= 1 in the input DATA= data set.
WARNING: Within-imputation StdErr is zero for variable Estimate in _Imputation_= 2 in the input DATA= data set.
WARNING: Within-imputation StdErr is zero for variable Estimate in _Imputation_= 3 in the input DATA= data set.
WARNING: Within-imputation StdErr is zero for variable Estimate in _Imputation_= 4 in the input DATA= data set.
WARNING: Within-imputation StdErr is zero for variable Estimate in _Imputation_= 5 in the input DATA= data set.
WARNING: Within-imputation StdErr is zero for variable Estimate in _Imputation_= 6 in the input DATA= data set.
WARNING: Within-imputation StdErr is zero for variable Estimate in _Imputation_= 7 in the input DATA= data set.
WARNING: Within-imputation StdErr is zero for variable Estimate in _Imputation_= 8 in the input DATA= data set.
WARNING: Within-imputation StdErr is zero for variable Estimate in _Imputation_= 9 in the input DATA= data set.
WARNING: Within-imputation StdErr is zero for variable Estimate in _Imputation_= 10 in the input DATA= data set.
NOTE: The above message was for the following BY group:
      EffectName=EDUCATION_C3_N_HIGHSCHOOL_GED
WARNING: Within-imputation StdErr is zero for variable Estimate in _Imputation_= 1 in the input DATA= data set.
WARNING: Within-imputation StdErr is zero for variable Estimate in _Imputation_= 2 in the input DATA= data set.
WARNING: Within-imputation StdErr is zero for variable Estimate in _Imputation_= 3 in the input DATA= data set.
WARNING: Within-imputation StdErr is zero for variable Estimate in _Imputation_= 4 in the input DATA= data set.
WARNING: Within-imputation StdErr is zero for variable Estimate in _Imputation_= 5 in the input DATA= data set.
WARNING: Within-imputation StdErr is zero for variable Estimate in _Imputation_= 6 in the input DATA= data set.
WARNING: Within-imputation StdErr is zero for variable Estimate in _Imputation_= 7 in the input DATA= data set.
WARNING: Within-imputation StdErr is zero for variable Estimate in _Imputation_= 8 in the input DATA= data set.
                                                                               The SAS System

WARNING: Within-imputation StdErr is zero for variable Estimate in _Imputation_= 9 in the input DATA= data set.
WARNING: Within-imputation StdErr is zero for variable Estimate in _Imputation_= 10 in the input DATA= data set.
NOTE: The above message was for the following BY group:
      EffectName=EMPLOYEDYN_NOT_EMPLOYED
WARNING: Within-imputation StdErr is zero for variable Estimate in _Imputation_= 1 in the input DATA= data set.
WARNING: Within-imputation StdErr is zero for variable Estimate in _Imputation_= 2 in the input DATA= data set.
WARNING: Within-imputation StdErr is zero for variable Estimate in _Imputation_= 3 in the input DATA= data set.
WARNING: Within-imputation StdErr is zero for variable Estimate in _Imputation_= 4 in the input DATA= data set.
WARNING: Within-imputation StdErr is zero for variable Estimate in _Imputation_= 5 in the input DATA= data set.
WARNING: Within-imputation StdErr is zero for variable Estimate in _Imputation_= 6 in the input DATA= data set.
WARNING: Within-imputation StdErr is zero for variable Estimate in _Imputation_= 7 in the input DATA= data set.
WARNING: Within-imputation StdErr is zero for variable Estimate in _Imputation_= 8 in the input DATA= data set.
WARNING: Within-imputation StdErr is zero for variable Estimate in _Imputation_= 9 in the input DATA= data set.
WARNING: Within-imputation StdErr is zero for variable Estimate in _Imputation_= 10 in the input DATA= data set.
NOTE: The above message was for the following BY group:
      EffectName=HEI2010_C3_LOW
WARNING: Within-imputation StdErr is zero for variable Estimate in _Imputation_= 1 in the input DATA= data set.
WARNING: Within-imputation StdErr is zero for variable Estimate in _Imputation_= 2 in the input DATA= data set.
WARNING: Within-imputation StdErr is zero for variable Estimate in _Imputation_= 3 in the input DATA= data set.
WARNING: Within-imputation StdErr is zero for variable Estimate in _Imputation_= 4 in the input DATA= data set.
WARNING: Within-imputation StdErr is zero for variable Estimate in _Imputation_= 5 in the input DATA= data set.
WARNING: Within-imputation StdErr is zero for variable Estimate in _Imputation_= 6 in the input DATA= data set.
WARNING: Within-imputation StdErr is zero for variable Estimate in _Imputation_= 7 in the input DATA= data set.
WARNING: Within-imputation StdErr is zero for variable Estimate in _Imputation_= 8 in the input DATA= data set.
WARNING: Within-imputation StdErr is zero for variable Estimate in _Imputation_= 9 in the input DATA= data set.
WARNING: Within-imputation StdErr is zero for variable Estimate in _Imputation_= 10 in the input DATA= data set.
NOTE: The above message was for the following BY group:
      EffectName=MARITAL_STATUS_SINGLE
WARNING: Within-imputation StdErr is zero for variable Estimate in _Imputation_= 1 in the input DATA= data set.
WARNING: Within-imputation StdErr is zero for variable Estimate in _Imputation_= 2 in the input DATA= data set.
WARNING: Within-imputation StdErr is zero for variable Estimate in _Imputation_= 3 in the input DATA= data set.
WARNING: Within-imputation StdErr is zero for variable Estimate in _Imputation_= 4 in the input DATA= data set.
WARNING: Within-imputation StdErr is zero for variable Estimate in _Imputation_= 5 in the input DATA= data set.
WARNING: Within-imputation StdErr is zero for variable Estimate in _Imputation_= 6 in the input DATA= data set.
WARNING: Within-imputation StdErr is zero for variable Estimate in _Imputation_= 7 in the input DATA= data set.
WARNING: Within-imputation StdErr is zero for variable Estimate in _Imputation_= 8 in the input DATA= data set.
WARNING: Within-imputation StdErr is zero for variable Estimate in _Imputation_= 9 in the input DATA= data set.
WARNING: Within-imputation StdErr is zero for variable Estimate in _Imputation_= 10 in the input DATA= data set.
NOTE: The above message was for the following BY group:
      EffectName=N_HC_NO
WARNING: Within-imputation StdErr is zero for variable Estimate in _Imputation_= 1 in the input DATA= data set.
WARNING: Within-imputation StdErr is zero for variable Estimate in _Imputation_= 2 in the input DATA= data set.
WARNING: Within-imputation StdErr is zero for variable Estimate in _Imputation_= 3 in the input DATA= data set.
WARNING: Within-imputation StdErr is zero for variable Estimate in _Imputation_= 4 in the input DATA= data set.
WARNING: Within-imputation StdErr is zero for variable Estimate in _Imputation_= 5 in the input DATA= data set.
WARNING: Within-imputation StdErr is zero for variable Estimate in _Imputation_= 6 in the input DATA= data set.
WARNING: Within-imputation StdErr is zero for variable Estimate in _Imputation_= 7 in the input DATA= data set.
WARNING: Within-imputation StdErr is zero for variable Estimate in _Imputation_= 8 in the input DATA= data set.
WARNING: Within-imputation StdErr is zero for variable Estimate in _Imputation_= 9 in the input DATA= data set.
WARNING: Within-imputation StdErr is zero for variable Estimate in _Imputation_= 10 in the input DATA= data set.
NOTE: The above message was for the following BY group:
      EffectName=PAG2008YN_YES
WARNING: Within-imputation StdErr is zero for variable Estimate in _Imputation_= 1 in the input DATA= data set.
WARNING: Within-imputation StdErr is zero for variable Estimate in _Imputation_= 2 in the input DATA= data set.
WARNING: Within-imputation StdErr is zero for variable Estimate in _Imputation_= 3 in the input DATA= data set.
WARNING: Within-imputation StdErr is zero for variable Estimate in _Imputation_= 4 in the input DATA= data set.
WARNING: Within-imputation StdErr is zero for variable Estimate in _Imputation_= 5 in the input DATA= data set.
                                                                               The SAS System

WARNING: Within-imputation StdErr is zero for variable Estimate in _Imputation_= 6 in the input DATA= data set.
WARNING: Within-imputation StdErr is zero for variable Estimate in _Imputation_= 7 in the input DATA= data set.
WARNING: Within-imputation StdErr is zero for variable Estimate in _Imputation_= 8 in the input DATA= data set.
WARNING: Within-imputation StdErr is zero for variable Estimate in _Imputation_= 9 in the input DATA= data set.
WARNING: Within-imputation StdErr is zero for variable Estimate in _Imputation_= 10 in the input DATA= data set.
NOTE: The above message was for the following BY group:
      EffectName=YRSUS_C3_US_BORN
NOTE: The data set WORK.MIANALIZE_2_P has 40 observations and 13 variables.
NOTE: The PROCEDURE MIANALYZE printed pages 199-238.
NOTE: PROCEDURE MIANALYZE used (Total process time):
      real time           0.03 seconds
      cpu time            0.01 seconds
      

WARNING: Length of character variable model has already been set. 
         Use the LENGTH statement as the very first statement in the DATA STEP to declare the length of a character variable.

NOTE: There were 40 observations read from the data set WORK.MIANALIZE_2_P.
NOTE: The data set WORK.MIANALIZE_2 has 39 observations and 9 variables.
NOTE: DATA statement used (Total process time):
      real time           0.01 seconds
      cpu time            0.00 seconds
      

426        %process_imputed2(in_db = genmod_results_3, out_db = mianalize_3, model = 3);

NOTE: Numeric values have been converted to character values at the places given by: (Line):(Column).
      637:161   
NOTE: Variable Parameter is uninitialized.
NOTE: There were 440 observations read from the data set WORK.GENMOD_RESULTS_3.
NOTE: The data set WORK.GENMOD_RESULTS_3 has 440 observations and 12 variables.
NOTE: DATA statement used (Total process time):
      real time           0.00 seconds
      cpu time            0.00 seconds
      


NOTE: There were 440 observations read from the data set WORK.GENMOD_RESULTS_3.
NOTE: The data set WORK.GENMOD_RESULTS_3 has 440 observations and 12 variables.
NOTE: PROCEDURE SORT used (Total process time):
      real time           0.00 seconds
      cpu time            0.00 seconds
      


WARNING: Within-imputation StdErr is zero for variable Estimate in _Imputation_= 1 in the input DATA= data set.
WARNING: Within-imputation StdErr is zero for variable Estimate in _Imputation_= 2 in the input DATA= data set.
WARNING: Within-imputation StdErr is zero for variable Estimate in _Imputation_= 3 in the input DATA= data set.
WARNING: Within-imputation StdErr is zero for variable Estimate in _Imputation_= 4 in the input DATA= data set.
WARNING: Within-imputation StdErr is zero for variable Estimate in _Imputation_= 5 in the input DATA= data set.
WARNING: Within-imputation StdErr is zero for variable Estimate in _Imputation_= 6 in the input DATA= data set.
WARNING: Within-imputation StdErr is zero for variable Estimate in _Imputation_= 7 in the input DATA= data set.
WARNING: Within-imputation StdErr is zero for variable Estimate in _Imputation_= 8 in the input DATA= data set.
WARNING: Within-imputation StdErr is zero for variable Estimate in _Imputation_= 9 in the input DATA= data set.
WARNING: Within-imputation StdErr is zero for variable Estimate in _Imputation_= 10 in the input DATA= data set.
NOTE: The above message was for the following BY group:
      EffectName=ALCOHOL_USE_NEVER
                                                                               The SAS System

WARNING: Within-imputation StdErr is zero for variable Estimate in _Imputation_= 1 in the input DATA= data set.
WARNING: Within-imputation StdErr is zero for variable Estimate in _Imputation_= 2 in the input DATA= data set.
WARNING: Within-imputation StdErr is zero for variable Estimate in _Imputation_= 3 in the input DATA= data set.
WARNING: Within-imputation StdErr is zero for variable Estimate in _Imputation_= 4 in the input DATA= data set.
WARNING: Within-imputation StdErr is zero for variable Estimate in _Imputation_= 5 in the input DATA= data set.
WARNING: Within-imputation StdErr is zero for variable Estimate in _Imputation_= 6 in the input DATA= data set.
WARNING: Within-imputation StdErr is zero for variable Estimate in _Imputation_= 7 in the input DATA= data set.
WARNING: Within-imputation StdErr is zero for variable Estimate in _Imputation_= 8 in the input DATA= data set.
WARNING: Within-imputation StdErr is zero for variable Estimate in _Imputation_= 9 in the input DATA= data set.
WARNING: Within-imputation StdErr is zero for variable Estimate in _Imputation_= 10 in the input DATA= data set.
NOTE: The above message was for the following BY group:
      EffectName=BKGRD1_C7NOMISS_MEXICAN
WARNING: Within-imputation StdErr is zero for variable Estimate in _Imputation_= 1 in the input DATA= data set.
WARNING: Within-imputation StdErr is zero for variable Estimate in _Imputation_= 2 in the input DATA= data set.
WARNING: Within-imputation StdErr is zero for variable Estimate in _Imputation_= 3 in the input DATA= data set.
WARNING: Within-imputation StdErr is zero for variable Estimate in _Imputation_= 4 in the input DATA= data set.
WARNING: Within-imputation StdErr is zero for variable Estimate in _Imputation_= 5 in the input DATA= data set.
WARNING: Within-imputation StdErr is zero for variable Estimate in _Imputation_= 6 in the input DATA= data set.
WARNING: Within-imputation StdErr is zero for variable Estimate in _Imputation_= 7 in the input DATA= data set.
WARNING: Within-imputation StdErr is zero for variable Estimate in _Imputation_= 8 in the input DATA= data set.
WARNING: Within-imputation StdErr is zero for variable Estimate in _Imputation_= 9 in the input DATA= data set.
WARNING: Within-imputation StdErr is zero for variable Estimate in _Imputation_= 10 in the input DATA= data set.
NOTE: The above message was for the following BY group:
      EffectName=CENTERNUM_BRONX
WARNING: Within-imputation StdErr is zero for variable Estimate in _Imputation_= 1 in the input DATA= data set.
WARNING: Within-imputation StdErr is zero for variable Estimate in _Imputation_= 2 in the input DATA= data set.
WARNING: Within-imputation StdErr is zero for variable Estimate in _Imputation_= 3 in the input DATA= data set.
WARNING: Within-imputation StdErr is zero for variable Estimate in _Imputation_= 4 in the input DATA= data set.
WARNING: Within-imputation StdErr is zero for variable Estimate in _Imputation_= 5 in the input DATA= data set.
WARNING: Within-imputation StdErr is zero for variable Estimate in _Imputation_= 6 in the input DATA= data set.
WARNING: Within-imputation StdErr is zero for variable Estimate in _Imputation_= 7 in the input DATA= data set.
WARNING: Within-imputation StdErr is zero for variable Estimate in _Imputation_= 8 in the input DATA= data set.
WARNING: Within-imputation StdErr is zero for variable Estimate in _Imputation_= 9 in the input DATA= data set.
WARNING: Within-imputation StdErr is zero for variable Estimate in _Imputation_= 10 in the input DATA= data set.
NOTE: The above message was for the following BY group:
      EffectName=CESD10_NODEPRE
WARNING: Within-imputation StdErr is zero for variable Estimate in _Imputation_= 1 in the input DATA= data set.
WARNING: Within-imputation StdErr is zero for variable Estimate in _Imputation_= 2 in the input DATA= data set.
WARNING: Within-imputation StdErr is zero for variable Estimate in _Imputation_= 3 in the input DATA= data set.
WARNING: Within-imputation StdErr is zero for variable Estimate in _Imputation_= 4 in the input DATA= data set.
WARNING: Within-imputation StdErr is zero for variable Estimate in _Imputation_= 5 in the input DATA= data set.
WARNING: Within-imputation StdErr is zero for variable Estimate in _Imputation_= 6 in the input DATA= data set.
WARNING: Within-imputation StdErr is zero for variable Estimate in _Imputation_= 7 in the input DATA= data set.
WARNING: Within-imputation StdErr is zero for variable Estimate in _Imputation_= 8 in the input DATA= data set.
WARNING: Within-imputation StdErr is zero for variable Estimate in _Imputation_= 9 in the input DATA= data set.
WARNING: Within-imputation StdErr is zero for variable Estimate in _Imputation_= 10 in the input DATA= data set.
NOTE: The above message was for the following BY group:
      EffectName=CIGARETTE_USE_NEVER
WARNING: Within-imputation StdErr is zero for variable Estimate in _Imputation_= 1 in the input DATA= data set.
WARNING: Within-imputation StdErr is zero for variable Estimate in _Imputation_= 2 in the input DATA= data set.
WARNING: Within-imputation StdErr is zero for variable Estimate in _Imputation_= 3 in the input DATA= data set.
WARNING: Within-imputation StdErr is zero for variable Estimate in _Imputation_= 4 in the input DATA= data set.
WARNING: Within-imputation StdErr is zero for variable Estimate in _Imputation_= 5 in the input DATA= data set.
WARNING: Within-imputation StdErr is zero for variable Estimate in _Imputation_= 6 in the input DATA= data set.
WARNING: Within-imputation StdErr is zero for variable Estimate in _Imputation_= 7 in the input DATA= data set.
WARNING: Within-imputation StdErr is zero for variable Estimate in _Imputation_= 8 in the input DATA= data set.
WARNING: Within-imputation StdErr is zero for variable Estimate in _Imputation_= 9 in the input DATA= data set.
                                                                               The SAS System

WARNING: Within-imputation StdErr is zero for variable Estimate in _Imputation_= 10 in the input DATA= data set.
NOTE: The above message was for the following BY group:
      EffectName=EDUCATION_C3_N_HIGHSCHOOL_GED
WARNING: Within-imputation StdErr is zero for variable Estimate in _Imputation_= 1 in the input DATA= data set.
WARNING: Within-imputation StdErr is zero for variable Estimate in _Imputation_= 2 in the input DATA= data set.
WARNING: Within-imputation StdErr is zero for variable Estimate in _Imputation_= 3 in the input DATA= data set.
WARNING: Within-imputation StdErr is zero for variable Estimate in _Imputation_= 4 in the input DATA= data set.
WARNING: Within-imputation StdErr is zero for variable Estimate in _Imputation_= 5 in the input DATA= data set.
WARNING: Within-imputation StdErr is zero for variable Estimate in _Imputation_= 6 in the input DATA= data set.
WARNING: Within-imputation StdErr is zero for variable Estimate in _Imputation_= 7 in the input DATA= data set.
WARNING: Within-imputation StdErr is zero for variable Estimate in _Imputation_= 8 in the input DATA= data set.
WARNING: Within-imputation StdErr is zero for variable Estimate in _Imputation_= 9 in the input DATA= data set.
WARNING: Within-imputation StdErr is zero for variable Estimate in _Imputation_= 10 in the input DATA= data set.
NOTE: The above message was for the following BY group:
      EffectName=EMPLOYEDYN_NOT_EMPLOYED
WARNING: Within-imputation StdErr is zero for variable Estimate in _Imputation_= 1 in the input DATA= data set.
WARNING: Within-imputation StdErr is zero for variable Estimate in _Imputation_= 2 in the input DATA= data set.
WARNING: Within-imputation StdErr is zero for variable Estimate in _Imputation_= 3 in the input DATA= data set.
WARNING: Within-imputation StdErr is zero for variable Estimate in _Imputation_= 4 in the input DATA= data set.
WARNING: Within-imputation StdErr is zero for variable Estimate in _Imputation_= 5 in the input DATA= data set.
WARNING: Within-imputation StdErr is zero for variable Estimate in _Imputation_= 6 in the input DATA= data set.
WARNING: Within-imputation StdErr is zero for variable Estimate in _Imputation_= 7 in the input DATA= data set.
WARNING: Within-imputation StdErr is zero for variable Estimate in _Imputation_= 8 in the input DATA= data set.
WARNING: Within-imputation StdErr is zero for variable Estimate in _Imputation_= 9 in the input DATA= data set.
WARNING: Within-imputation StdErr is zero for variable Estimate in _Imputation_= 10 in the input DATA= data set.
NOTE: The above message was for the following BY group:
      EffectName=HEI2010_C3_LOW
WARNING: Within-imputation StdErr is zero for variable Estimate in _Imputation_= 1 in the input DATA= data set.
WARNING: Within-imputation StdErr is zero for variable Estimate in _Imputation_= 2 in the input DATA= data set.
WARNING: Within-imputation StdErr is zero for variable Estimate in _Imputation_= 3 in the input DATA= data set.
WARNING: Within-imputation StdErr is zero for variable Estimate in _Imputation_= 4 in the input DATA= data set.
WARNING: Within-imputation StdErr is zero for variable Estimate in _Imputation_= 5 in the input DATA= data set.
WARNING: Within-imputation StdErr is zero for variable Estimate in _Imputation_= 6 in the input DATA= data set.
WARNING: Within-imputation StdErr is zero for variable Estimate in _Imputation_= 7 in the input DATA= data set.
WARNING: Within-imputation StdErr is zero for variable Estimate in _Imputation_= 8 in the input DATA= data set.
WARNING: Within-imputation StdErr is zero for variable Estimate in _Imputation_= 9 in the input DATA= data set.
WARNING: Within-imputation StdErr is zero for variable Estimate in _Imputation_= 10 in the input DATA= data set.
NOTE: The above message was for the following BY group:
      EffectName=MARITAL_STATUS_SINGLE
WARNING: Within-imputation StdErr is zero for variable Estimate in _Imputation_= 1 in the input DATA= data set.
WARNING: Within-imputation StdErr is zero for variable Estimate in _Imputation_= 2 in the input DATA= data set.
WARNING: Within-imputation StdErr is zero for variable Estimate in _Imputation_= 3 in the input DATA= data set.
WARNING: Within-imputation StdErr is zero for variable Estimate in _Imputation_= 4 in the input DATA= data set.
WARNING: Within-imputation StdErr is zero for variable Estimate in _Imputation_= 5 in the input DATA= data set.
WARNING: Within-imputation StdErr is zero for variable Estimate in _Imputation_= 6 in the input DATA= data set.
WARNING: Within-imputation StdErr is zero for variable Estimate in _Imputation_= 7 in the input DATA= data set.
WARNING: Within-imputation StdErr is zero for variable Estimate in _Imputation_= 8 in the input DATA= data set.
WARNING: Within-imputation StdErr is zero for variable Estimate in _Imputation_= 9 in the input DATA= data set.
WARNING: Within-imputation StdErr is zero for variable Estimate in _Imputation_= 10 in the input DATA= data set.
NOTE: The above message was for the following BY group:
      EffectName=N_HC_NO
WARNING: Within-imputation StdErr is zero for variable Estimate in _Imputation_= 1 in the input DATA= data set.
WARNING: Within-imputation StdErr is zero for variable Estimate in _Imputation_= 2 in the input DATA= data set.
WARNING: Within-imputation StdErr is zero for variable Estimate in _Imputation_= 3 in the input DATA= data set.
WARNING: Within-imputation StdErr is zero for variable Estimate in _Imputation_= 4 in the input DATA= data set.
WARNING: Within-imputation StdErr is zero for variable Estimate in _Imputation_= 5 in the input DATA= data set.
WARNING: Within-imputation StdErr is zero for variable Estimate in _Imputation_= 6 in the input DATA= data set.
                                                                               The SAS System

WARNING: Within-imputation StdErr is zero for variable Estimate in _Imputation_= 7 in the input DATA= data set.
WARNING: Within-imputation StdErr is zero for variable Estimate in _Imputation_= 8 in the input DATA= data set.
WARNING: Within-imputation StdErr is zero for variable Estimate in _Imputation_= 9 in the input DATA= data set.
WARNING: Within-imputation StdErr is zero for variable Estimate in _Imputation_= 10 in the input DATA= data set.
NOTE: The above message was for the following BY group:
      EffectName=PAG2008YN_YES
WARNING: Within-imputation StdErr is zero for variable Estimate in _Imputation_= 1 in the input DATA= data set.
WARNING: Within-imputation StdErr is zero for variable Estimate in _Imputation_= 2 in the input DATA= data set.
WARNING: Within-imputation StdErr is zero for variable Estimate in _Imputation_= 3 in the input DATA= data set.
WARNING: Within-imputation StdErr is zero for variable Estimate in _Imputation_= 4 in the input DATA= data set.
WARNING: Within-imputation StdErr is zero for variable Estimate in _Imputation_= 5 in the input DATA= data set.
WARNING: Within-imputation StdErr is zero for variable Estimate in _Imputation_= 6 in the input DATA= data set.
WARNING: Within-imputation StdErr is zero for variable Estimate in _Imputation_= 7 in the input DATA= data set.
WARNING: Within-imputation StdErr is zero for variable Estimate in _Imputation_= 8 in the input DATA= data set.
WARNING: Within-imputation StdErr is zero for variable Estimate in _Imputation_= 9 in the input DATA= data set.
WARNING: Within-imputation StdErr is zero for variable Estimate in _Imputation_= 10 in the input DATA= data set.
NOTE: The above message was for the following BY group:
      EffectName=STAI10_NOANX
WARNING: Within-imputation StdErr is zero for variable Estimate in _Imputation_= 1 in the input DATA= data set.
WARNING: Within-imputation StdErr is zero for variable Estimate in _Imputation_= 2 in the input DATA= data set.
WARNING: Within-imputation StdErr is zero for variable Estimate in _Imputation_= 3 in the input DATA= data set.
WARNING: Within-imputation StdErr is zero for variable Estimate in _Imputation_= 4 in the input DATA= data set.
WARNING: Within-imputation StdErr is zero for variable Estimate in _Imputation_= 5 in the input DATA= data set.
WARNING: Within-imputation StdErr is zero for variable Estimate in _Imputation_= 6 in the input DATA= data set.
WARNING: Within-imputation StdErr is zero for variable Estimate in _Imputation_= 7 in the input DATA= data set.
WARNING: Within-imputation StdErr is zero for variable Estimate in _Imputation_= 8 in the input DATA= data set.
WARNING: Within-imputation StdErr is zero for variable Estimate in _Imputation_= 9 in the input DATA= data set.
WARNING: Within-imputation StdErr is zero for variable Estimate in _Imputation_= 10 in the input DATA= data set.
NOTE: The above message was for the following BY group:
      EffectName=YRSUS_C3_US_BORN
NOTE: The data set WORK.MIANALIZE_3_P has 44 observations and 13 variables.
NOTE: The PROCEDURE MIANALYZE printed pages 239-282.
NOTE: PROCEDURE MIANALYZE used (Total process time):
      real time           0.04 seconds
      cpu time            0.01 seconds
      

WARNING: Length of character variable model has already been set. 
         Use the LENGTH statement as the very first statement in the DATA STEP to declare the length of a character variable.

NOTE: There were 44 observations read from the data set WORK.MIANALIZE_3_P.
NOTE: The data set WORK.MIANALIZE_3 has 43 observations and 9 variables.
NOTE: DATA statement used (Total process time):
      real time           0.01 seconds
      cpu time            0.00 seconds
      

427        %process_imputed2(in_db = genmod_results_4, out_db = mianalize_4, model = 4);

NOTE: Numeric values have been converted to character values at the places given by: (Line):(Column).
      719:161   
NOTE: Variable Parameter is uninitialized.
NOTE: There were 450 observations read from the data set WORK.GENMOD_RESULTS_4.
NOTE: The data set WORK.GENMOD_RESULTS_4 has 450 observations and 12 variables.
NOTE: DATA statement used (Total process time):
      real time           0.00 seconds
      cpu time            0.01 seconds
                                                                               The SAS System

      


NOTE: There were 450 observations read from the data set WORK.GENMOD_RESULTS_4.
NOTE: The data set WORK.GENMOD_RESULTS_4 has 450 observations and 12 variables.
NOTE: PROCEDURE SORT used (Total process time):
      real time           0.01 seconds
      cpu time            0.00 seconds
      


WARNING: Within-imputation StdErr is zero for variable Estimate in _Imputation_= 1 in the input DATA= data set.
WARNING: Within-imputation StdErr is zero for variable Estimate in _Imputation_= 2 in the input DATA= data set.
WARNING: Within-imputation StdErr is zero for variable Estimate in _Imputation_= 3 in the input DATA= data set.
WARNING: Within-imputation StdErr is zero for variable Estimate in _Imputation_= 4 in the input DATA= data set.
WARNING: Within-imputation StdErr is zero for variable Estimate in _Imputation_= 5 in the input DATA= data set.
WARNING: Within-imputation StdErr is zero for variable Estimate in _Imputation_= 6 in the input DATA= data set.
WARNING: Within-imputation StdErr is zero for variable Estimate in _Imputation_= 7 in the input DATA= data set.
WARNING: Within-imputation StdErr is zero for variable Estimate in _Imputation_= 8 in the input DATA= data set.
WARNING: Within-imputation StdErr is zero for variable Estimate in _Imputation_= 9 in the input DATA= data set.
WARNING: Within-imputation StdErr is zero for variable Estimate in _Imputation_= 10 in the input DATA= data set.
NOTE: The above message was for the following BY group:
      EffectName=ALCOHOL_USE_NEVER
WARNING: Within-imputation StdErr is zero for variable Estimate in _Imputation_= 1 in the input DATA= data set.
WARNING: Within-imputation StdErr is zero for variable Estimate in _Imputation_= 2 in the input DATA= data set.
WARNING: Within-imputation StdErr is zero for variable Estimate in _Imputation_= 3 in the input DATA= data set.
WARNING: Within-imputation StdErr is zero for variable Estimate in _Imputation_= 4 in the input DATA= data set.
WARNING: Within-imputation StdErr is zero for variable Estimate in _Imputation_= 5 in the input DATA= data set.
WARNING: Within-imputation StdErr is zero for variable Estimate in _Imputation_= 6 in the input DATA= data set.
WARNING: Within-imputation StdErr is zero for variable Estimate in _Imputation_= 7 in the input DATA= data set.
WARNING: Within-imputation StdErr is zero for variable Estimate in _Imputation_= 8 in the input DATA= data set.
WARNING: Within-imputation StdErr is zero for variable Estimate in _Imputation_= 9 in the input DATA= data set.
WARNING: Within-imputation StdErr is zero for variable Estimate in _Imputation_= 10 in the input DATA= data set.
NOTE: The above message was for the following BY group:
      EffectName=BKGRD1_C7NOMISS_MEXICAN
WARNING: Within-imputation StdErr is zero for variable Estimate in _Imputation_= 1 in the input DATA= data set.
WARNING: Within-imputation StdErr is zero for variable Estimate in _Imputation_= 2 in the input DATA= data set.
WARNING: Within-imputation StdErr is zero for variable Estimate in _Imputation_= 3 in the input DATA= data set.
WARNING: Within-imputation StdErr is zero for variable Estimate in _Imputation_= 4 in the input DATA= data set.
WARNING: Within-imputation StdErr is zero for variable Estimate in _Imputation_= 5 in the input DATA= data set.
WARNING: Within-imputation StdErr is zero for variable Estimate in _Imputation_= 6 in the input DATA= data set.
WARNING: Within-imputation StdErr is zero for variable Estimate in _Imputation_= 7 in the input DATA= data set.
WARNING: Within-imputation StdErr is zero for variable Estimate in _Imputation_= 8 in the input DATA= data set.
WARNING: Within-imputation StdErr is zero for variable Estimate in _Imputation_= 9 in the input DATA= data set.
WARNING: Within-imputation StdErr is zero for variable Estimate in _Imputation_= 10 in the input DATA= data set.
NOTE: The above message was for the following BY group:
      EffectName=CENTERNUM_BRONX
WARNING: Within-imputation StdErr is zero for variable Estimate in _Imputation_= 1 in the input DATA= data set.
WARNING: Within-imputation StdErr is zero for variable Estimate in _Imputation_= 2 in the input DATA= data set.
WARNING: Within-imputation StdErr is zero for variable Estimate in _Imputation_= 3 in the input DATA= data set.
WARNING: Within-imputation StdErr is zero for variable Estimate in _Imputation_= 4 in the input DATA= data set.
WARNING: Within-imputation StdErr is zero for variable Estimate in _Imputation_= 5 in the input DATA= data set.
WARNING: Within-imputation StdErr is zero for variable Estimate in _Imputation_= 6 in the input DATA= data set.
WARNING: Within-imputation StdErr is zero for variable Estimate in _Imputation_= 7 in the input DATA= data set.
WARNING: Within-imputation StdErr is zero for variable Estimate in _Imputation_= 8 in the input DATA= data set.
WARNING: Within-imputation StdErr is zero for variable Estimate in _Imputation_= 9 in the input DATA= data set.
WARNING: Within-imputation StdErr is zero for variable Estimate in _Imputation_= 10 in the input DATA= data set.
                                                                               The SAS System

NOTE: The above message was for the following BY group:
      EffectName=CESD10_NODEPRE
WARNING: Within-imputation StdErr is zero for variable Estimate in _Imputation_= 1 in the input DATA= data set.
WARNING: Within-imputation StdErr is zero for variable Estimate in _Imputation_= 2 in the input DATA= data set.
WARNING: Within-imputation StdErr is zero for variable Estimate in _Imputation_= 3 in the input DATA= data set.
WARNING: Within-imputation StdErr is zero for variable Estimate in _Imputation_= 4 in the input DATA= data set.
WARNING: Within-imputation StdErr is zero for variable Estimate in _Imputation_= 5 in the input DATA= data set.
WARNING: Within-imputation StdErr is zero for variable Estimate in _Imputation_= 6 in the input DATA= data set.
WARNING: Within-imputation StdErr is zero for variable Estimate in _Imputation_= 7 in the input DATA= data set.
WARNING: Within-imputation StdErr is zero for variable Estimate in _Imputation_= 8 in the input DATA= data set.
WARNING: Within-imputation StdErr is zero for variable Estimate in _Imputation_= 9 in the input DATA= data set.
WARNING: Within-imputation StdErr is zero for variable Estimate in _Imputation_= 10 in the input DATA= data set.
NOTE: The above message was for the following BY group:
      EffectName=CIGARETTE_USE_NEVER
WARNING: Within-imputation StdErr is zero for variable Estimate in _Imputation_= 1 in the input DATA= data set.
WARNING: Within-imputation StdErr is zero for variable Estimate in _Imputation_= 2 in the input DATA= data set.
WARNING: Within-imputation StdErr is zero for variable Estimate in _Imputation_= 3 in the input DATA= data set.
WARNING: Within-imputation StdErr is zero for variable Estimate in _Imputation_= 4 in the input DATA= data set.
WARNING: Within-imputation StdErr is zero for variable Estimate in _Imputation_= 5 in the input DATA= data set.
WARNING: Within-imputation StdErr is zero for variable Estimate in _Imputation_= 6 in the input DATA= data set.
WARNING: Within-imputation StdErr is zero for variable Estimate in _Imputation_= 7 in the input DATA= data set.
WARNING: Within-imputation StdErr is zero for variable Estimate in _Imputation_= 8 in the input DATA= data set.
WARNING: Within-imputation StdErr is zero for variable Estimate in _Imputation_= 9 in the input DATA= data set.
WARNING: Within-imputation StdErr is zero for variable Estimate in _Imputation_= 10 in the input DATA= data set.
NOTE: The above message was for the following BY group:
      EffectName=EDUCATION_C3_N_HIGHSCHOOL_GED
WARNING: Within-imputation StdErr is zero for variable Estimate in _Imputation_= 1 in the input DATA= data set.
WARNING: Within-imputation StdErr is zero for variable Estimate in _Imputation_= 2 in the input DATA= data set.
WARNING: Within-imputation StdErr is zero for variable Estimate in _Imputation_= 3 in the input DATA= data set.
WARNING: Within-imputation StdErr is zero for variable Estimate in _Imputation_= 4 in the input DATA= data set.
WARNING: Within-imputation StdErr is zero for variable Estimate in _Imputation_= 5 in the input DATA= data set.
WARNING: Within-imputation StdErr is zero for variable Estimate in _Imputation_= 6 in the input DATA= data set.
WARNING: Within-imputation StdErr is zero for variable Estimate in _Imputation_= 7 in the input DATA= data set.
WARNING: Within-imputation StdErr is zero for variable Estimate in _Imputation_= 8 in the input DATA= data set.
WARNING: Within-imputation StdErr is zero for variable Estimate in _Imputation_= 9 in the input DATA= data set.
WARNING: Within-imputation StdErr is zero for variable Estimate in _Imputation_= 10 in the input DATA= data set.
NOTE: The above message was for the following BY group:
      EffectName=EMPLOYEDYN_NOT_EMPLOYED
WARNING: Within-imputation StdErr is zero for variable Estimate in _Imputation_= 1 in the input DATA= data set.
WARNING: Within-imputation StdErr is zero for variable Estimate in _Imputation_= 2 in the input DATA= data set.
WARNING: Within-imputation StdErr is zero for variable Estimate in _Imputation_= 3 in the input DATA= data set.
WARNING: Within-imputation StdErr is zero for variable Estimate in _Imputation_= 4 in the input DATA= data set.
WARNING: Within-imputation StdErr is zero for variable Estimate in _Imputation_= 5 in the input DATA= data set.
WARNING: Within-imputation StdErr is zero for variable Estimate in _Imputation_= 6 in the input DATA= data set.
WARNING: Within-imputation StdErr is zero for variable Estimate in _Imputation_= 7 in the input DATA= data set.
WARNING: Within-imputation StdErr is zero for variable Estimate in _Imputation_= 8 in the input DATA= data set.
WARNING: Within-imputation StdErr is zero for variable Estimate in _Imputation_= 9 in the input DATA= data set.
WARNING: Within-imputation StdErr is zero for variable Estimate in _Imputation_= 10 in the input DATA= data set.
NOTE: The above message was for the following BY group:
      EffectName=HEI2010_C3_LOW
WARNING: Within-imputation StdErr is zero for variable Estimate in _Imputation_= 1 in the input DATA= data set.
WARNING: Within-imputation StdErr is zero for variable Estimate in _Imputation_= 2 in the input DATA= data set.
WARNING: Within-imputation StdErr is zero for variable Estimate in _Imputation_= 3 in the input DATA= data set.
WARNING: Within-imputation StdErr is zero for variable Estimate in _Imputation_= 4 in the input DATA= data set.
WARNING: Within-imputation StdErr is zero for variable Estimate in _Imputation_= 5 in the input DATA= data set.
WARNING: Within-imputation StdErr is zero for variable Estimate in _Imputation_= 6 in the input DATA= data set.
WARNING: Within-imputation StdErr is zero for variable Estimate in _Imputation_= 7 in the input DATA= data set.
                                                                               The SAS System

WARNING: Within-imputation StdErr is zero for variable Estimate in _Imputation_= 8 in the input DATA= data set.
WARNING: Within-imputation StdErr is zero for variable Estimate in _Imputation_= 9 in the input DATA= data set.
WARNING: Within-imputation StdErr is zero for variable Estimate in _Imputation_= 10 in the input DATA= data set.
NOTE: The above message was for the following BY group:
      EffectName=MARITAL_STATUS_SINGLE
WARNING: Within-imputation StdErr is zero for variable Estimate in _Imputation_= 1 in the input DATA= data set.
WARNING: Within-imputation StdErr is zero for variable Estimate in _Imputation_= 2 in the input DATA= data set.
WARNING: Within-imputation StdErr is zero for variable Estimate in _Imputation_= 3 in the input DATA= data set.
WARNING: Within-imputation StdErr is zero for variable Estimate in _Imputation_= 4 in the input DATA= data set.
WARNING: Within-imputation StdErr is zero for variable Estimate in _Imputation_= 5 in the input DATA= data set.
WARNING: Within-imputation StdErr is zero for variable Estimate in _Imputation_= 6 in the input DATA= data set.
WARNING: Within-imputation StdErr is zero for variable Estimate in _Imputation_= 7 in the input DATA= data set.
WARNING: Within-imputation StdErr is zero for variable Estimate in _Imputation_= 8 in the input DATA= data set.
WARNING: Within-imputation StdErr is zero for variable Estimate in _Imputation_= 9 in the input DATA= data set.
WARNING: Within-imputation StdErr is zero for variable Estimate in _Imputation_= 10 in the input DATA= data set.
NOTE: The above message was for the following BY group:
      EffectName=N_HC_NO
WARNING: Within-imputation StdErr is zero for variable Estimate in _Imputation_= 1 in the input DATA= data set.
WARNING: Within-imputation StdErr is zero for variable Estimate in _Imputation_= 2 in the input DATA= data set.
WARNING: Within-imputation StdErr is zero for variable Estimate in _Imputation_= 3 in the input DATA= data set.
WARNING: Within-imputation StdErr is zero for variable Estimate in _Imputation_= 4 in the input DATA= data set.
WARNING: Within-imputation StdErr is zero for variable Estimate in _Imputation_= 5 in the input DATA= data set.
WARNING: Within-imputation StdErr is zero for variable Estimate in _Imputation_= 6 in the input DATA= data set.
WARNING: Within-imputation StdErr is zero for variable Estimate in _Imputation_= 7 in the input DATA= data set.
WARNING: Within-imputation StdErr is zero for variable Estimate in _Imputation_= 8 in the input DATA= data set.
WARNING: Within-imputation StdErr is zero for variable Estimate in _Imputation_= 9 in the input DATA= data set.
WARNING: Within-imputation StdErr is zero for variable Estimate in _Imputation_= 10 in the input DATA= data set.
NOTE: The above message was for the following BY group:
      EffectName=PAG2008YN_YES
WARNING: Within-imputation StdErr is zero for variable Estimate in _Imputation_= 1 in the input DATA= data set.
WARNING: Within-imputation StdErr is zero for variable Estimate in _Imputation_= 2 in the input DATA= data set.
WARNING: Within-imputation StdErr is zero for variable Estimate in _Imputation_= 3 in the input DATA= data set.
WARNING: Within-imputation StdErr is zero for variable Estimate in _Imputation_= 4 in the input DATA= data set.
WARNING: Within-imputation StdErr is zero for variable Estimate in _Imputation_= 5 in the input DATA= data set.
WARNING: Within-imputation StdErr is zero for variable Estimate in _Imputation_= 6 in the input DATA= data set.
WARNING: Within-imputation StdErr is zero for variable Estimate in _Imputation_= 7 in the input DATA= data set.
WARNING: Within-imputation StdErr is zero for variable Estimate in _Imputation_= 8 in the input DATA= data set.
WARNING: Within-imputation StdErr is zero for variable Estimate in _Imputation_= 9 in the input DATA= data set.
WARNING: Within-imputation StdErr is zero for variable Estimate in _Imputation_= 10 in the input DATA= data set.
NOTE: The above message was for the following BY group:
      EffectName=STAI10_NOANX
WARNING: Within-imputation StdErr is zero for variable Estimate in _Imputation_= 1 in the input DATA= data set.
WARNING: Within-imputation StdErr is zero for variable Estimate in _Imputation_= 2 in the input DATA= data set.
WARNING: Within-imputation StdErr is zero for variable Estimate in _Imputation_= 3 in the input DATA= data set.
WARNING: Within-imputation StdErr is zero for variable Estimate in _Imputation_= 4 in the input DATA= data set.
WARNING: Within-imputation StdErr is zero for variable Estimate in _Imputation_= 5 in the input DATA= data set.
WARNING: Within-imputation StdErr is zero for variable Estimate in _Imputation_= 6 in the input DATA= data set.
WARNING: Within-imputation StdErr is zero for variable Estimate in _Imputation_= 7 in the input DATA= data set.
WARNING: Within-imputation StdErr is zero for variable Estimate in _Imputation_= 8 in the input DATA= data set.
WARNING: Within-imputation StdErr is zero for variable Estimate in _Imputation_= 9 in the input DATA= data set.
WARNING: Within-imputation StdErr is zero for variable Estimate in _Imputation_= 10 in the input DATA= data set.
NOTE: The above message was for the following BY group:
      EffectName=YRSUS_C3_US_BORN
NOTE: The data set WORK.MIANALIZE_4_P has 45 observations and 13 variables.
NOTE: The PROCEDURE MIANALYZE printed pages 283-327.
NOTE: PROCEDURE MIANALYZE used (Total process time):
      real time           0.04 seconds
                                                                               The SAS System

      cpu time            0.01 seconds
      

WARNING: Length of character variable model has already been set. 
         Use the LENGTH statement as the very first statement in the DATA STEP to declare the length of a character variable.

NOTE: There were 45 observations read from the data set WORK.MIANALIZE_4_P.
NOTE: The data set WORK.MIANALIZE_4 has 44 observations and 9 variables.
NOTE: DATA statement used (Total process time):
      real time           0.01 seconds
      cpu time            0.00 seconds
      

428        
429        * merge datasets;
430        data db_join;
431        	set mianalize_1 mianalize_2 mianalize_3 mianalize_4;
432        run;

NOTE: There were 27 observations read from the data set WORK.MIANALIZE_1.
NOTE: There were 39 observations read from the data set WORK.MIANALIZE_2.
NOTE: There were 43 observations read from the data set WORK.MIANALIZE_3.
NOTE: There were 44 observations read from the data set WORK.MIANALIZE_4.
NOTE: The data set WORK.DB_JOIN has 153 observations and 9 variables.
NOTE: DATA statement used (Total process time):
      real time           0.00 seconds
      cpu time            0.00 seconds
      

433        data db_join;
434        	set db_join;
435        	if std = 99 then estimate = 98;
436        run;

NOTE: There were 153 observations read from the data set WORK.DB_JOIN.
NOTE: The data set WORK.DB_JOIN has 153 observations and 9 variables.
NOTE: DATA statement used (Total process time):
      real time           0.00 seconds
      cpu time            0.00 seconds
      

437        
438        * Merge AMEs (for Model 4) into the dataset for reporting;
439        proc sort data=db_join; by variable; run;

NOTE: There were 153 observations read from the data set WORK.DB_JOIN.
NOTE: The data set WORK.DB_JOIN has 153 observations and 9 variables.
NOTE: PROCEDURE SORT used (Total process time):
      real time           0.00 seconds
      cpu time            0.00 seconds
      

440        proc sort data=ame_all; by variable; run;

NOTE: There were 44 observations read from the data set WORK.AME_ALL.
NOTE: The data set WORK.AME_ALL has 44 observations and 2 variables.
NOTE: PROCEDURE SORT used (Total process time):
                                                                               The SAS System

      real time           0.00 seconds
      cpu time            0.00 seconds
      

441        proc sql;
442        	create table db_join as
443        	select *
444        	from db_join
445        	left join ame_all
446        		on db_join.variable = ame_all.variable
447        	;
WARNING: This CREATE TABLE statement recursively references the target table. A consequence of this is a possible data integrity problem.
WARNING: Variable variable already exists on file WORK.DB_JOIN.
NOTE: Table WORK.DB_JOIN created, with 153 rows and 10 columns.

448        quit;
NOTE: PROCEDURE SQL used (Total process time):
      real time           0.00 seconds
      cpu time            0.01 seconds
      

449        data db_join;
450        	set db_join;
451        	if model ne "Model 4" then AME = .;
452        	else if AME=0 then AME=.;
453        	else AME = 100*AME;
454        run;

NOTE: There were 153 observations read from the data set WORK.DB_JOIN.
NOTE: The data set WORK.DB_JOIN has 153 observations and 10 variables.
NOTE: DATA statement used (Total process time):
      real time           0.00 seconds
      cpu time            0.00 seconds
      

455        
456        proc sql;
457        	select count(distinct(id)) as n into :n_ids
458        	from impwork
459        	where bmipct > .z and trial_wt > 0;
460        quit;
NOTE: The PROCEDURE SQL printed page 328.
NOTE: PROCEDURE SQL used (Total process time):
      real time           0.00 seconds
      cpu time            0.00 seconds
      

461        
462        ods listing close;
463        ods path sashelp.tmplmst(read) hchstyle.hchs_stp(read);
464        ods rtf file = "&homepath\scripts\&job.\&job._Table2_&sysdate..rtf" style = manuscrt bodytitle;
NOTE: Writing RTF Body file: J:\HCHS\STATISTICS\GRAS\QAngarita\FLOR\MS1560\scripts\HC338360\HC338360_Table2_29APR26.rtf
465        %let fs = 11pt;
466        %let fs_titles = 11pt;
467        %let lft_mgn = 0.3in;
468        %let rgt_mgn = 0.1in;
469        proc report data = db_join;
                                                                               The SAS System

470        	title j=center height=&fs font='times roman' bold "^S={leftmargin=&lft_mgn rightmargin=&rgt_mgn}Table 2. Maternal preconception socio-behavioral factors and
470      ! child's BMI-for-age percentile (fractional probit), HCHS/SOL FLOR Ancillary Study (n=%qtrim(&n_ids))";
471        	footnote1 J=LEFT HEIGHT=&fs_titles FONT='times roman' "^S={leftmargin=&lft_mgn rightmargin=&rgt_mgn}Abbreviations: FLOR, Family Lifestyle Outcomes Research.";
472        	footnote2 J=LEFT HEIGHT=&fs_titles FONT='times roman' "^S={leftmargin=&lft_mgn rightmargin=&rgt_mgn}Model 1: Sociodemographic & acculturation predictors adjusted
472      !  by field center, years between baseline and FLOR visit.";
473        	footnote3 J=LEFT HEIGHT=&fs_titles FONT='times roman' "^S={leftmargin=&lft_mgn rightmargin=&rgt_mgn}Model 2: Model 1 + health behavior predictors adjusted by
473      ! field center and years between baseline and FLOR visit.";
474        	footnote4 J=LEFT HEIGHT=&fs_titles FONT='times roman' "^S={leftmargin=&lft_mgn rightmargin=&rgt_mgn}Model 3: Model 2 + mental health predictors adjusted by field
474      !  center and years between baseline and FLOR visit.";
475        	footnote5 J=LEFT HEIGHT=&fs_titles FONT='times roman' "^S={leftmargin=&lft_mgn rightmargin=&rgt_mgn}Model 4: Model 3 + child's obesity genetic risk score.";
476        	footnote6 J=LEFT HEIGHT=&fs_titles FONT='times roman'
477        		"^S={leftmargin=&lft_mgn rightmargin=&rgt_mgn}^{super 1} Average Marginal Effect: represent the average change in the expected BMI-for-age percentile associated
477      !  with a one-unit increase in each predictor.";
478        	footnote7 J=LEFT HEIGHT=10pt FONT='times roman' "{\line \line Job &job run by &PRG using FLOR data on %sysfunc(today(), date9.) at %qtrim(%sysfunc(time(),
478      ! timeampm.))}";
479        	columns order label model,(estimate STD PV) AME;
480        	define order / order group noprint order = internal;
481        	define label / display group ' ' style(HEADER)=[FONTSIZE = &fs JUST = left] style = [FONTSIZE=&fs width = 2.5in];
482        	define model / across ' ' style = [FONTSIZE=&fs];
483        	define estimate / analysis 'Estimate' style=[fontsize = &fs vjust = bottom];
484        	define std / analysis '(SE)' style=[fontsize = &fs VJUST = bottom];
485        	define pv / analysis ' ' group
486        					style=[fontsize = &fs vjust=bottom just = left]
487        					style(header)=[cellpadding = 0in cellheight=0in cellspacing=0in];
488        	define AME / analysis 'AME^{super 1}' style=[fontsize = &fs vjust = bottom];
489        	FORMAT PV PV. STD paren. ESTIMATE refnum. AME AME_fmt.;
490        	COMPUTE AFTER _PAGE_ / STYLE = [JUST = LEFT font_size = &fs];
491        		LINE "* p <=.10, ** p <=.05, *** p <=.01 ";
492        	ENDCOMP;
493        RUN;

NOTE: PROCEDURE REPORT used (Total process time):
      real time           0.06 seconds
      cpu time            0.03 seconds
      
NOTE: There were 153 observations read from the data set WORK.DB_JOIN.

494        ods rtf close;
495        
496        proc printto;
497        run;

