NOTE: PROCEDURE PRINTTO used (Total process time):
      real time           0.03 seconds
      cpu time            0.00 seconds
      

5          
6          /*********************************************************
7          *                                                         *
8          *  SAS PROGRAM - QC DATASET JOB HC3383 					         *
9          *                                                        *
10         **********************************************************
11         *                                                        *
12         *  PROGRAM NAME: HC338354a.sas
13         *
14         *  PROGRAMMER: Álvaro Quijano (AQ)
15         *
16         *  DESCRIPTION: Imputation model
17         				
18         *
19         * ---------------------------------------------------------
20         *
21         *  JOB NUMBER: HC338354a
22         *
23         *  PREVIOUS JOB: HC338354
24         *
25         *  LANGUAGE: SAS 9.4
26         *
27         *  VERSION CONTROL:
28         *					04nov25: cc'ed HC338354
29         							 update job to 54a and table's title
2                                                          The SAS System                          14:07 Thursday, November 20, 2025

30         							 update input dataset
31         					12nov25: Update input dataset to *_12nov25
32         					18nov25: update row labels and footnote
33         							 portrait orientation
34         							 LOW is the ref value for HEI2010_C3 now
35         
36         * ----------------------------------------------------------
37         *
38         *  INPUT: HC338353a_imputed_data_ddmmyy;
39         *
40         *  OUTPUT:
41         *
42         **********************************************************/
43         options orientation=portrait nodate formchar = "|----|+|---+=|-/\<>*" nonumber PS=59 LS=173;
44         ods escapechar '^';
45         
46         * Set libraries name;
47         libname data "&homepath.\data";
NOTE: Libref DATA was successfully assigned as follows: 
      Engine:        V9 
      Physical Name: J:\HCHS\STATISTICS\GRAS\QAngarita\FLOR\MS1560\data
48         libname hchstyle 'J:\hchs\sc\styledef\sty904';
NOTE: Libref HCHSTYLE was successfully assigned as follows: 
      Engine:        V9 
      Physical Name: J:\hchs\sc\styledef\sty904
49         
50         * Set macro variables;
51         %let job = HC338354a;
52         %let prg = AQA;
53         %let impdb = data.HC338353a_imputed_data_12nov25;
54         %let lf_margin = 0.7in;
55         %let rg_margin = 0.7in;
56         
57         * Include sas scripts with formats and macros;
58         %include "&homepath.\code\HC338390\HC338390.sas";
NOTE: Format BKGRD1_C7NOMISS_FMT has been output.
NOTE: Format PV has been output.
NOTE: Format CENTERNUM_FMT has been output.
NOTE: Format LANG_PREF_FMT has been output.
NOTE: Format MARITAL_STATUS_FMT has been output.
NOTE: Format EDUCATION_C3_FMT has been output.
NOTE: Format N_HC_FMT has been output.
NOTE: Format INCOME_C2_FMT has been output.
NOTE: Format YRSUS_C3_FMT has been output.
NOTE: Format EMPLOYEDYN_FMT has been output.
NOTE: Format ALCOHOL_USE_FMT has been output.
NOTE: Format SLPDUR_LT8HRS_FMT has been output.
NOTE: Format HEI2010_C3_FMT has been output.
NOTE: Format CESD10_FMT has been output.
NOTE: Format STAI10_FMT has been output.
NOTE: Format $STAT has been output.
NOTE: Format PV is already on the library WORK.FORMATS.
NOTE: Format PV has been output.
NOTE: Format YN_FMT has been output.
NOTE: Format BLANKDOT has been output.
NOTE: Format REFNUM has been output.
NOTE: The NEGPAREN (in)format was specified on the right-hand side of an equal sign, but without a length specification. PROC FORMAT will assume a default length of at 
                                                                               The SAS System

      least 40 for the format being generated. If this is an insufficient width, you can rerun PROC FORMAT with an explicit width for the NEGPAREN (in)format, or provide a 
      sufficient DEFAULT= option.
NOTE: Format PAREN has been output.

NOTE: PROCEDURE FORMAT used (Total process time):
      real time           0.02 seconds
      cpu time            0.01 seconds
      

154        %include "&homepath.\code\HC338391\HC3383_labels.sas";
257        %include "&homepath.\code\HC338391\HC3383_process_imputed.sas";
301        
302        * Fit the models using the imputed data;
303        title 'Model 1 - Sociodemographics';
304        proc genmod data = &impdb;
305        	by _imputation_;
306        	class centernum(ref="BRONX") bkgrd1_c7nomiss(ref='MEXICAN') marital_status(ref='SINGLE') employedyn(ref="NOT_EMPLOYED")
307        			education_c3(ref='N_HIGHSCHOOL_GED') n_hc(ref="NO") yrsus_c3(ref='US_BORN');
308        	model waz = centernum yrs_btwn_v1flor age bkgrd1_c7nomiss n_hc education_c3 parity_v1 employedyn marital_status yrsus_c3 / d=normal;
309        	format centernum centernum_fmt. n_hc n_hc_fmt. bkgrd1_c7nomiss bkgrd1_c7nomiss_fmt. marital_status marital_status_fmt.
310        			employedyn employedyn_fmt. yrsus_c3 yrsus_c3_fmt. education_c3 education_c3_fmt.;
311        	ods output ParameterEstimates=genmod_results_1;
312        run;

NOTE: Algorithm converged.
NOTE: The scale parameter was estimated by maximum likelihood.
NOTE: The above message was for the following BY group:
      Imputation Number=1
NOTE: Algorithm converged.
NOTE: The scale parameter was estimated by maximum likelihood.
NOTE: The above message was for the following BY group:
      Imputation Number=2
NOTE: Algorithm converged.
NOTE: The scale parameter was estimated by maximum likelihood.
NOTE: The above message was for the following BY group:
      Imputation Number=3
NOTE: Algorithm converged.
NOTE: The scale parameter was estimated by maximum likelihood.
NOTE: The above message was for the following BY group:
      Imputation Number=4
NOTE: Algorithm converged.
NOTE: The scale parameter was estimated by maximum likelihood.
NOTE: The above message was for the following BY group:
      Imputation Number=5
NOTE: Algorithm converged.
NOTE: The scale parameter was estimated by maximum likelihood.
NOTE: The above message was for the following BY group:
      Imputation Number=6
NOTE: Algorithm converged.
NOTE: The scale parameter was estimated by maximum likelihood.
NOTE: The above message was for the following BY group:
      Imputation Number=7
NOTE: Algorithm converged.
NOTE: The scale parameter was estimated by maximum likelihood.
NOTE: The above message was for the following BY group:
      Imputation Number=8
NOTE: Algorithm converged.
                                                                               The SAS System

NOTE: The scale parameter was estimated by maximum likelihood.
NOTE: The above message was for the following BY group:
      Imputation Number=9
NOTE: Algorithm converged.
NOTE: The scale parameter was estimated by maximum likelihood.
NOTE: The above message was for the following BY group:
      Imputation Number=10
NOTE: The data set WORK.GENMOD_RESULTS_1 has 290 observations and 10 variables.
NOTE: The PROCEDURE GENMOD printed pages 1-20.
NOTE: PROCEDURE GENMOD used (Total process time):
      real time           0.33 seconds
      cpu time            0.03 seconds
      

313        
314        title 'Model 2: Model 1 + (diet, alcohol, smoke, pa, slpdur) ';
315        proc genmod data = &impdb;
316        	by _imputation_;
317        	class centernum(ref="BRONX") bkgrd1_c7nomiss(ref='MEXICAN') marital_status(ref='SINGLE') employedyn(ref="NOT_EMPLOYED")
318        			education_c3(ref='N_HIGHSCHOOL_GED') n_hc(ref="NO") yrsus_c3(ref='US_BORN')
319        			current_smoker(REF="NO") alcohol_use(REF="NEVER")
320        			pag2008yn(ref="YES") hei2010_c3(ref="LOW");
321        	model waz = centernum yrs_btwn_v1flor age bkgrd1_c7nomiss n_hc education_c3 parity_v1 employedyn marital_status yrsus_c3
322        			current_smoker hei2010_c3 alcohol_use pag2008yn slpdur / dist = normal;
323        	format centernum centernum_fmt. n_hc n_hc_fmt. bkgrd1_c7nomiss bkgrd1_c7nomiss_fmt. marital_status marital_status_fmt.
324        			employedyn employedyn_fmt. yrsus_c3 yrsus_c3_fmt. education_c3 education_c3_fmt.
325        			alcohol_use alcohol_use_fmt. current_smoker yn_fmt.
326        			pag2008yn yn_fmt. hei2010_c3 hei2010_c3_fmt.;
327        	ods output ParameterEstimates=genmod_results_2;
328        run;

NOTE: Algorithm converged.
NOTE: The scale parameter was estimated by maximum likelihood.
NOTE: The above message was for the following BY group:
      Imputation Number=1
NOTE: Algorithm converged.
NOTE: The scale parameter was estimated by maximum likelihood.
NOTE: The above message was for the following BY group:
      Imputation Number=2
NOTE: Algorithm converged.
NOTE: The scale parameter was estimated by maximum likelihood.
NOTE: The above message was for the following BY group:
      Imputation Number=3
NOTE: Algorithm converged.
NOTE: The scale parameter was estimated by maximum likelihood.
NOTE: The above message was for the following BY group:
      Imputation Number=4
NOTE: Algorithm converged.
NOTE: The scale parameter was estimated by maximum likelihood.
NOTE: The above message was for the following BY group:
      Imputation Number=5
NOTE: Algorithm converged.
NOTE: The scale parameter was estimated by maximum likelihood.
NOTE: The above message was for the following BY group:
      Imputation Number=6
NOTE: Algorithm converged.
NOTE: The scale parameter was estimated by maximum likelihood.
                                                                               The SAS System

NOTE: The above message was for the following BY group:
      Imputation Number=7
NOTE: Algorithm converged.
NOTE: The scale parameter was estimated by maximum likelihood.
NOTE: The above message was for the following BY group:
      Imputation Number=8
NOTE: Algorithm converged.
NOTE: The scale parameter was estimated by maximum likelihood.
NOTE: The above message was for the following BY group:
      Imputation Number=9
NOTE: Algorithm converged.
NOTE: The scale parameter was estimated by maximum likelihood.
NOTE: The above message was for the following BY group:
      Imputation Number=10
NOTE: The data set WORK.GENMOD_RESULTS_2 has 400 observations and 10 variables.
NOTE: The PROCEDURE GENMOD printed pages 21-40.
NOTE: PROCEDURE GENMOD used (Total process time):
      real time           0.06 seconds
      cpu time            0.04 seconds
      

329        
330        title 'Model 3: Model 2 + mental health';
331        proc genmod data = &impdb;
332        	by _imputation_;
333        	class centernum(ref="BRONX") bkgrd1_c7nomiss(ref='MEXICAN') marital_status(ref='SINGLE') employedyn(ref="NOT_EMPLOYED")
334        			education_c3(ref='N_HIGHSCHOOL_GED') n_hc(ref="NO") yrsus_c3(ref='US_BORN')
335        			current_smoker(REF="NO") alcohol_use(REF="NEVER")
336        			pag2008yn(ref="YES") hei2010_c3(ref="LOW")
337        			cesd10(ref="NODEPRE") stai10(ref="NOANX");
338        	model waz = centernum yrs_btwn_v1flor age bkgrd1_c7nomiss n_hc education_c3 parity_v1 employedyn marital_status yrsus_c3
339        			current_smoker hei2010_c3 alcohol_use pag2008yn slpdur
340        			cesd10 stai10/ dist = normal;
341        	format centernum centernum_fmt. n_hc n_hc_fmt. bkgrd1_c7nomiss bkgrd1_c7nomiss_fmt. marital_status marital_status_fmt.
342        			employedyn employedyn_fmt. yrsus_c3 yrsus_c3_fmt. education_c3 education_c3_fmt.
343        			alcohol_use alcohol_use_fmt. current_smoker yn_fmt.
344        			pag2008yn yn_fmt. hei2010_c3 hei2010_c3_fmt.
345        			cesd10 cesd10_fmt. stai10 stai10_fmt.;
346        	ods output ParameterEstimates=genmod_results_3;
347        run;

NOTE: Algorithm converged.
NOTE: The scale parameter was estimated by maximum likelihood.
NOTE: The above message was for the following BY group:
      Imputation Number=1
NOTE: Algorithm converged.
NOTE: The scale parameter was estimated by maximum likelihood.
NOTE: The above message was for the following BY group:
      Imputation Number=2
NOTE: Algorithm converged.
NOTE: The scale parameter was estimated by maximum likelihood.
NOTE: The above message was for the following BY group:
      Imputation Number=3
NOTE: Algorithm converged.
NOTE: The scale parameter was estimated by maximum likelihood.
NOTE: The above message was for the following BY group:
      Imputation Number=4
                                                                               The SAS System

NOTE: Algorithm converged.
NOTE: The scale parameter was estimated by maximum likelihood.
NOTE: The above message was for the following BY group:
      Imputation Number=5
NOTE: Algorithm converged.
NOTE: The scale parameter was estimated by maximum likelihood.
NOTE: The above message was for the following BY group:
      Imputation Number=6
NOTE: Algorithm converged.
NOTE: The scale parameter was estimated by maximum likelihood.
NOTE: The above message was for the following BY group:
      Imputation Number=7
NOTE: Algorithm converged.
NOTE: The scale parameter was estimated by maximum likelihood.
NOTE: The above message was for the following BY group:
      Imputation Number=8
NOTE: Algorithm converged.
NOTE: The scale parameter was estimated by maximum likelihood.
NOTE: The above message was for the following BY group:
      Imputation Number=9
NOTE: Algorithm converged.
NOTE: The scale parameter was estimated by maximum likelihood.
NOTE: The above message was for the following BY group:
      Imputation Number=10
NOTE: The data set WORK.GENMOD_RESULTS_3 has 440 observations and 10 variables.
NOTE: The PROCEDURE GENMOD printed pages 41-60.
NOTE: PROCEDURE GENMOD used (Total process time):
      real time           0.08 seconds
      cpu time            0.06 seconds
      

348        
349        title 'Model 4: Model 3 + PRS';
350        proc genmod data = &impdb;
351        	by _imputation_;
352        	class centernum(ref="BRONX") bkgrd1_c7nomiss(ref='MEXICAN') marital_status(ref='SINGLE') employedyn(ref="NOT_EMPLOYED")
353        			education_c3(ref='N_HIGHSCHOOL_GED') n_hc(ref="NO") yrsus_c3(ref='US_BORN')
354        			current_smoker(REF="NO") alcohol_use(REF="NEVER") pag2008yn(ref="YES") hei2010_c3(ref="LOW")
355        			cesd10(ref="NODEPRE") stai10(ref="NOANX");
356        	model waz = centernum yrs_btwn_v1flor age bkgrd1_c7nomiss n_hc education_c3 parity_v1 employedyn marital_status yrsus_c3
357        			current_smoker hei2010_c3 alcohol_use pag2008yn slpdur
358        			cesd10 stai10
359        			child_prs_bmi_a/ dist = normal;
360        	format centernum centernum_fmt. n_hc n_hc_fmt. bkgrd1_c7nomiss bkgrd1_c7nomiss_fmt. marital_status marital_status_fmt.
361        			employedyn employedyn_fmt. yrsus_c3 yrsus_c3_fmt. education_c3 education_c3_fmt.
362        			alcohol_use alcohol_use_fmt. current_smoker yn_fmt.
363        			pag2008yn yn_fmt. hei2010_c3 hei2010_c3_fmt.
364        			cesd10 cesd10_fmt. stai10 stai10_fmt.;
365        	ods output ParameterEstimates=genmod_results_4;
366        run;

NOTE: Algorithm converged.
NOTE: The scale parameter was estimated by maximum likelihood.
NOTE: The above message was for the following BY group:
      Imputation Number=1
NOTE: Algorithm converged.
NOTE: The scale parameter was estimated by maximum likelihood.
                                                                               The SAS System

NOTE: The above message was for the following BY group:
      Imputation Number=2
NOTE: Algorithm converged.
NOTE: The scale parameter was estimated by maximum likelihood.
NOTE: The above message was for the following BY group:
      Imputation Number=3
NOTE: Algorithm converged.
NOTE: The scale parameter was estimated by maximum likelihood.
NOTE: The above message was for the following BY group:
      Imputation Number=4
NOTE: Algorithm converged.
NOTE: The scale parameter was estimated by maximum likelihood.
NOTE: The above message was for the following BY group:
      Imputation Number=5
NOTE: Algorithm converged.
NOTE: The scale parameter was estimated by maximum likelihood.
NOTE: The above message was for the following BY group:
      Imputation Number=6
NOTE: Algorithm converged.
NOTE: The scale parameter was estimated by maximum likelihood.
NOTE: The above message was for the following BY group:
      Imputation Number=7
NOTE: Algorithm converged.
NOTE: The scale parameter was estimated by maximum likelihood.
NOTE: The above message was for the following BY group:
      Imputation Number=8
NOTE: Algorithm converged.
NOTE: The scale parameter was estimated by maximum likelihood.
NOTE: The above message was for the following BY group:
      Imputation Number=9
NOTE: Algorithm converged.
NOTE: The scale parameter was estimated by maximum likelihood.
NOTE: The above message was for the following BY group:
      Imputation Number=10
NOTE: The data set WORK.GENMOD_RESULTS_4 has 450 observations and 10 variables.
NOTE: The PROCEDURE GENMOD printed pages 61-80.
NOTE: PROCEDURE GENMOD used (Total process time):
      real time           0.08 seconds
      cpu time            0.06 seconds
      

367        
368        * Process the imputed estimates;
369        %process_imputed(in_db = genmod_results_1, out_db = mianalize_1, model = 1);

NOTE: There were 290 observations read from the data set WORK.GENMOD_RESULTS_1.
NOTE: The data set WORK.GENMOD_RESULTS_1 has 290 observations and 11 variables.
NOTE: DATA statement used (Total process time):
      real time           0.01 seconds
      cpu time            0.00 seconds
      


NOTE: There were 290 observations read from the data set WORK.GENMOD_RESULTS_1.
NOTE: The data set WORK.GENMOD_RESULTS_1 has 290 observations and 11 variables.
NOTE: PROCEDURE SORT used (Total process time):
      real time           0.00 seconds
                                                                               The SAS System

      cpu time            0.00 seconds
      


WARNING: Within-imputation StdErr is zero for variable Estimate in _Imputation_= 1 in the input DATA= data set.
WARNING: Within-imputation StdErr is zero for variable Estimate in _Imputation_= 2 in the input DATA= data set.
WARNING: Within-imputation StdErr is zero for variable Estimate in _Imputation_= 3 in the input DATA= data set.
WARNING: Within-imputation StdErr is zero for variable Estimate in _Imputation_= 4 in the input DATA= data set.
WARNING: Within-imputation StdErr is zero for variable Estimate in _Imputation_= 5 in the input DATA= data set.
WARNING: Within-imputation StdErr is zero for variable Estimate in _Imputation_= 6 in the input DATA= data set.
WARNING: Within-imputation StdErr is zero for variable Estimate in _Imputation_= 7 in the input DATA= data set.
WARNING: Within-imputation StdErr is zero for variable Estimate in _Imputation_= 8 in the input DATA= data set.
WARNING: Within-imputation StdErr is zero for variable Estimate in _Imputation_= 9 in the input DATA= data set.
WARNING: Within-imputation StdErr is zero for variable Estimate in _Imputation_= 10 in the input DATA= data set.
NOTE: The above message was for the following BY group:
      EffectName=BKGRD1_C7NOMISS_MEXICAN
WARNING: Within-imputation StdErr is zero for variable Estimate in _Imputation_= 1 in the input DATA= data set.
WARNING: Within-imputation StdErr is zero for variable Estimate in _Imputation_= 2 in the input DATA= data set.
WARNING: Within-imputation StdErr is zero for variable Estimate in _Imputation_= 3 in the input DATA= data set.
WARNING: Within-imputation StdErr is zero for variable Estimate in _Imputation_= 4 in the input DATA= data set.
WARNING: Within-imputation StdErr is zero for variable Estimate in _Imputation_= 5 in the input DATA= data set.
WARNING: Within-imputation StdErr is zero for variable Estimate in _Imputation_= 6 in the input DATA= data set.
WARNING: Within-imputation StdErr is zero for variable Estimate in _Imputation_= 7 in the input DATA= data set.
WARNING: Within-imputation StdErr is zero for variable Estimate in _Imputation_= 8 in the input DATA= data set.
WARNING: Within-imputation StdErr is zero for variable Estimate in _Imputation_= 9 in the input DATA= data set.
WARNING: Within-imputation StdErr is zero for variable Estimate in _Imputation_= 10 in the input DATA= data set.
NOTE: The above message was for the following BY group:
      EffectName=CENTERNUM_BRONX
WARNING: Within-imputation StdErr is zero for variable Estimate in _Imputation_= 1 in the input DATA= data set.
WARNING: Within-imputation StdErr is zero for variable Estimate in _Imputation_= 2 in the input DATA= data set.
WARNING: Within-imputation StdErr is zero for variable Estimate in _Imputation_= 3 in the input DATA= data set.
WARNING: Within-imputation StdErr is zero for variable Estimate in _Imputation_= 4 in the input DATA= data set.
WARNING: Within-imputation StdErr is zero for variable Estimate in _Imputation_= 5 in the input DATA= data set.
WARNING: Within-imputation StdErr is zero for variable Estimate in _Imputation_= 6 in the input DATA= data set.
WARNING: Within-imputation StdErr is zero for variable Estimate in _Imputation_= 7 in the input DATA= data set.
WARNING: Within-imputation StdErr is zero for variable Estimate in _Imputation_= 8 in the input DATA= data set.
WARNING: Within-imputation StdErr is zero for variable Estimate in _Imputation_= 9 in the input DATA= data set.
WARNING: Within-imputation StdErr is zero for variable Estimate in _Imputation_= 10 in the input DATA= data set.
NOTE: The above message was for the following BY group:
      EffectName=EDUCATION_C3_N_HIGHSCHOOL_GED
WARNING: Within-imputation StdErr is zero for variable Estimate in _Imputation_= 1 in the input DATA= data set.
WARNING: Within-imputation StdErr is zero for variable Estimate in _Imputation_= 2 in the input DATA= data set.
WARNING: Within-imputation StdErr is zero for variable Estimate in _Imputation_= 3 in the input DATA= data set.
WARNING: Within-imputation StdErr is zero for variable Estimate in _Imputation_= 4 in the input DATA= data set.
WARNING: Within-imputation StdErr is zero for variable Estimate in _Imputation_= 5 in the input DATA= data set.
WARNING: Within-imputation StdErr is zero for variable Estimate in _Imputation_= 6 in the input DATA= data set.
WARNING: Within-imputation StdErr is zero for variable Estimate in _Imputation_= 7 in the input DATA= data set.
WARNING: Within-imputation StdErr is zero for variable Estimate in _Imputation_= 8 in the input DATA= data set.
WARNING: Within-imputation StdErr is zero for variable Estimate in _Imputation_= 9 in the input DATA= data set.
WARNING: Within-imputation StdErr is zero for variable Estimate in _Imputation_= 10 in the input DATA= data set.
NOTE: The above message was for the following BY group:
      EffectName=EMPLOYEDYN_NOT_EMPLOYED
WARNING: Within-imputation StdErr is zero for variable Estimate in _Imputation_= 1 in the input DATA= data set.
WARNING: Within-imputation StdErr is zero for variable Estimate in _Imputation_= 2 in the input DATA= data set.
WARNING: Within-imputation StdErr is zero for variable Estimate in _Imputation_= 3 in the input DATA= data set.
WARNING: Within-imputation StdErr is zero for variable Estimate in _Imputation_= 4 in the input DATA= data set.
WARNING: Within-imputation StdErr is zero for variable Estimate in _Imputation_= 5 in the input DATA= data set.
                                                                               The SAS System

WARNING: Within-imputation StdErr is zero for variable Estimate in _Imputation_= 6 in the input DATA= data set.
WARNING: Within-imputation StdErr is zero for variable Estimate in _Imputation_= 7 in the input DATA= data set.
WARNING: Within-imputation StdErr is zero for variable Estimate in _Imputation_= 8 in the input DATA= data set.
WARNING: Within-imputation StdErr is zero for variable Estimate in _Imputation_= 9 in the input DATA= data set.
WARNING: Within-imputation StdErr is zero for variable Estimate in _Imputation_= 10 in the input DATA= data set.
NOTE: The above message was for the following BY group:
      EffectName=MARITAL_STATUS_SINGLE
WARNING: Within-imputation StdErr is zero for variable Estimate in _Imputation_= 1 in the input DATA= data set.
WARNING: Within-imputation StdErr is zero for variable Estimate in _Imputation_= 2 in the input DATA= data set.
WARNING: Within-imputation StdErr is zero for variable Estimate in _Imputation_= 3 in the input DATA= data set.
WARNING: Within-imputation StdErr is zero for variable Estimate in _Imputation_= 4 in the input DATA= data set.
WARNING: Within-imputation StdErr is zero for variable Estimate in _Imputation_= 5 in the input DATA= data set.
WARNING: Within-imputation StdErr is zero for variable Estimate in _Imputation_= 6 in the input DATA= data set.
WARNING: Within-imputation StdErr is zero for variable Estimate in _Imputation_= 7 in the input DATA= data set.
WARNING: Within-imputation StdErr is zero for variable Estimate in _Imputation_= 8 in the input DATA= data set.
WARNING: Within-imputation StdErr is zero for variable Estimate in _Imputation_= 9 in the input DATA= data set.
WARNING: Within-imputation StdErr is zero for variable Estimate in _Imputation_= 10 in the input DATA= data set.
NOTE: The above message was for the following BY group:
      EffectName=N_HC_NO
WARNING: Within-imputation StdErr is zero for variable Estimate in _Imputation_= 1 in the input DATA= data set.
WARNING: Within-imputation StdErr is zero for variable Estimate in _Imputation_= 2 in the input DATA= data set.
WARNING: Within-imputation StdErr is zero for variable Estimate in _Imputation_= 3 in the input DATA= data set.
WARNING: Within-imputation StdErr is zero for variable Estimate in _Imputation_= 4 in the input DATA= data set.
WARNING: Within-imputation StdErr is zero for variable Estimate in _Imputation_= 5 in the input DATA= data set.
WARNING: Within-imputation StdErr is zero for variable Estimate in _Imputation_= 6 in the input DATA= data set.
WARNING: Within-imputation StdErr is zero for variable Estimate in _Imputation_= 7 in the input DATA= data set.
WARNING: Within-imputation StdErr is zero for variable Estimate in _Imputation_= 8 in the input DATA= data set.
WARNING: Within-imputation StdErr is zero for variable Estimate in _Imputation_= 9 in the input DATA= data set.
WARNING: Within-imputation StdErr is zero for variable Estimate in _Imputation_= 10 in the input DATA= data set.
NOTE: The above message was for the following BY group:
      EffectName=YRSUS_C3_US_BORN
NOTE: The data set WORK.MIANALIZE_1_P has 29 observations and 13 variables.
NOTE: The PROCEDURE MIANALYZE printed pages 81-109.
NOTE: PROCEDURE MIANALYZE used (Total process time):
      real time           0.04 seconds
      cpu time            0.00 seconds
      

WARNING: Length of character variable model has already been set. 
         Use the LENGTH statement as the very first statement in the DATA STEP to declare the length of a character variable.

NOTE: There were 29 observations read from the data set WORK.MIANALIZE_1_P.
NOTE: The data set WORK.MIANALIZE_1 has 27 observations and 9 variables.
NOTE: DATA statement used (Total process time):
      real time           0.01 seconds
      cpu time            0.00 seconds
      

370        %process_imputed(in_db = genmod_results_2, out_db = mianalize_2, model = 2);

NOTE: There were 400 observations read from the data set WORK.GENMOD_RESULTS_2.
NOTE: The data set WORK.GENMOD_RESULTS_2 has 400 observations and 11 variables.
NOTE: DATA statement used (Total process time):
      real time           0.00 seconds
      cpu time            0.00 seconds
      

                                                                               The SAS System


NOTE: There were 400 observations read from the data set WORK.GENMOD_RESULTS_2.
NOTE: The data set WORK.GENMOD_RESULTS_2 has 400 observations and 11 variables.
NOTE: PROCEDURE SORT used (Total process time):
      real time           0.00 seconds
      cpu time            0.00 seconds
      


WARNING: Within-imputation StdErr is zero for variable Estimate in _Imputation_= 1 in the input DATA= data set.
WARNING: Within-imputation StdErr is zero for variable Estimate in _Imputation_= 2 in the input DATA= data set.
WARNING: Within-imputation StdErr is zero for variable Estimate in _Imputation_= 3 in the input DATA= data set.
WARNING: Within-imputation StdErr is zero for variable Estimate in _Imputation_= 4 in the input DATA= data set.
WARNING: Within-imputation StdErr is zero for variable Estimate in _Imputation_= 5 in the input DATA= data set.
WARNING: Within-imputation StdErr is zero for variable Estimate in _Imputation_= 6 in the input DATA= data set.
WARNING: Within-imputation StdErr is zero for variable Estimate in _Imputation_= 7 in the input DATA= data set.
WARNING: Within-imputation StdErr is zero for variable Estimate in _Imputation_= 8 in the input DATA= data set.
WARNING: Within-imputation StdErr is zero for variable Estimate in _Imputation_= 9 in the input DATA= data set.
WARNING: Within-imputation StdErr is zero for variable Estimate in _Imputation_= 10 in the input DATA= data set.
NOTE: The above message was for the following BY group:
      EffectName=ALCOHOL_USE_NEVER
WARNING: Within-imputation StdErr is zero for variable Estimate in _Imputation_= 1 in the input DATA= data set.
WARNING: Within-imputation StdErr is zero for variable Estimate in _Imputation_= 2 in the input DATA= data set.
WARNING: Within-imputation StdErr is zero for variable Estimate in _Imputation_= 3 in the input DATA= data set.
WARNING: Within-imputation StdErr is zero for variable Estimate in _Imputation_= 4 in the input DATA= data set.
WARNING: Within-imputation StdErr is zero for variable Estimate in _Imputation_= 5 in the input DATA= data set.
WARNING: Within-imputation StdErr is zero for variable Estimate in _Imputation_= 6 in the input DATA= data set.
WARNING: Within-imputation StdErr is zero for variable Estimate in _Imputation_= 7 in the input DATA= data set.
WARNING: Within-imputation StdErr is zero for variable Estimate in _Imputation_= 8 in the input DATA= data set.
WARNING: Within-imputation StdErr is zero for variable Estimate in _Imputation_= 9 in the input DATA= data set.
WARNING: Within-imputation StdErr is zero for variable Estimate in _Imputation_= 10 in the input DATA= data set.
NOTE: The above message was for the following BY group:
      EffectName=BKGRD1_C7NOMISS_MEXICAN
WARNING: Within-imputation StdErr is zero for variable Estimate in _Imputation_= 1 in the input DATA= data set.
WARNING: Within-imputation StdErr is zero for variable Estimate in _Imputation_= 2 in the input DATA= data set.
WARNING: Within-imputation StdErr is zero for variable Estimate in _Imputation_= 3 in the input DATA= data set.
WARNING: Within-imputation StdErr is zero for variable Estimate in _Imputation_= 4 in the input DATA= data set.
WARNING: Within-imputation StdErr is zero for variable Estimate in _Imputation_= 5 in the input DATA= data set.
WARNING: Within-imputation StdErr is zero for variable Estimate in _Imputation_= 6 in the input DATA= data set.
WARNING: Within-imputation StdErr is zero for variable Estimate in _Imputation_= 7 in the input DATA= data set.
WARNING: Within-imputation StdErr is zero for variable Estimate in _Imputation_= 8 in the input DATA= data set.
WARNING: Within-imputation StdErr is zero for variable Estimate in _Imputation_= 9 in the input DATA= data set.
WARNING: Within-imputation StdErr is zero for variable Estimate in _Imputation_= 10 in the input DATA= data set.
NOTE: The above message was for the following BY group:
      EffectName=CENTERNUM_BRONX
WARNING: Within-imputation StdErr is zero for variable Estimate in _Imputation_= 1 in the input DATA= data set.
WARNING: Within-imputation StdErr is zero for variable Estimate in _Imputation_= 2 in the input DATA= data set.
WARNING: Within-imputation StdErr is zero for variable Estimate in _Imputation_= 3 in the input DATA= data set.
WARNING: Within-imputation StdErr is zero for variable Estimate in _Imputation_= 4 in the input DATA= data set.
WARNING: Within-imputation StdErr is zero for variable Estimate in _Imputation_= 5 in the input DATA= data set.
WARNING: Within-imputation StdErr is zero for variable Estimate in _Imputation_= 6 in the input DATA= data set.
WARNING: Within-imputation StdErr is zero for variable Estimate in _Imputation_= 7 in the input DATA= data set.
WARNING: Within-imputation StdErr is zero for variable Estimate in _Imputation_= 8 in the input DATA= data set.
WARNING: Within-imputation StdErr is zero for variable Estimate in _Imputation_= 9 in the input DATA= data set.
WARNING: Within-imputation StdErr is zero for variable Estimate in _Imputation_= 10 in the input DATA= data set.
NOTE: The above message was for the following BY group:
      EffectName=CURRENT_SMOKER_NO
                                                                               The SAS System

WARNING: Within-imputation StdErr is zero for variable Estimate in _Imputation_= 1 in the input DATA= data set.
WARNING: Within-imputation StdErr is zero for variable Estimate in _Imputation_= 2 in the input DATA= data set.
WARNING: Within-imputation StdErr is zero for variable Estimate in _Imputation_= 3 in the input DATA= data set.
WARNING: Within-imputation StdErr is zero for variable Estimate in _Imputation_= 4 in the input DATA= data set.
WARNING: Within-imputation StdErr is zero for variable Estimate in _Imputation_= 5 in the input DATA= data set.
WARNING: Within-imputation StdErr is zero for variable Estimate in _Imputation_= 6 in the input DATA= data set.
WARNING: Within-imputation StdErr is zero for variable Estimate in _Imputation_= 7 in the input DATA= data set.
WARNING: Within-imputation StdErr is zero for variable Estimate in _Imputation_= 8 in the input DATA= data set.
WARNING: Within-imputation StdErr is zero for variable Estimate in _Imputation_= 9 in the input DATA= data set.
WARNING: Within-imputation StdErr is zero for variable Estimate in _Imputation_= 10 in the input DATA= data set.
NOTE: The above message was for the following BY group:
      EffectName=EDUCATION_C3_N_HIGHSCHOOL_GED
WARNING: Within-imputation StdErr is zero for variable Estimate in _Imputation_= 1 in the input DATA= data set.
WARNING: Within-imputation StdErr is zero for variable Estimate in _Imputation_= 2 in the input DATA= data set.
WARNING: Within-imputation StdErr is zero for variable Estimate in _Imputation_= 3 in the input DATA= data set.
WARNING: Within-imputation StdErr is zero for variable Estimate in _Imputation_= 4 in the input DATA= data set.
WARNING: Within-imputation StdErr is zero for variable Estimate in _Imputation_= 5 in the input DATA= data set.
WARNING: Within-imputation StdErr is zero for variable Estimate in _Imputation_= 6 in the input DATA= data set.
WARNING: Within-imputation StdErr is zero for variable Estimate in _Imputation_= 7 in the input DATA= data set.
WARNING: Within-imputation StdErr is zero for variable Estimate in _Imputation_= 8 in the input DATA= data set.
WARNING: Within-imputation StdErr is zero for variable Estimate in _Imputation_= 9 in the input DATA= data set.
WARNING: Within-imputation StdErr is zero for variable Estimate in _Imputation_= 10 in the input DATA= data set.
NOTE: The above message was for the following BY group:
      EffectName=EMPLOYEDYN_NOT_EMPLOYED
WARNING: Within-imputation StdErr is zero for variable Estimate in _Imputation_= 1 in the input DATA= data set.
WARNING: Within-imputation StdErr is zero for variable Estimate in _Imputation_= 2 in the input DATA= data set.
WARNING: Within-imputation StdErr is zero for variable Estimate in _Imputation_= 3 in the input DATA= data set.
WARNING: Within-imputation StdErr is zero for variable Estimate in _Imputation_= 4 in the input DATA= data set.
WARNING: Within-imputation StdErr is zero for variable Estimate in _Imputation_= 5 in the input DATA= data set.
WARNING: Within-imputation StdErr is zero for variable Estimate in _Imputation_= 6 in the input DATA= data set.
WARNING: Within-imputation StdErr is zero for variable Estimate in _Imputation_= 7 in the input DATA= data set.
WARNING: Within-imputation StdErr is zero for variable Estimate in _Imputation_= 8 in the input DATA= data set.
WARNING: Within-imputation StdErr is zero for variable Estimate in _Imputation_= 9 in the input DATA= data set.
WARNING: Within-imputation StdErr is zero for variable Estimate in _Imputation_= 10 in the input DATA= data set.
NOTE: The above message was for the following BY group:
      EffectName=HEI2010_C3_LOW
WARNING: Within-imputation StdErr is zero for variable Estimate in _Imputation_= 1 in the input DATA= data set.
WARNING: Within-imputation StdErr is zero for variable Estimate in _Imputation_= 2 in the input DATA= data set.
WARNING: Within-imputation StdErr is zero for variable Estimate in _Imputation_= 3 in the input DATA= data set.
WARNING: Within-imputation StdErr is zero for variable Estimate in _Imputation_= 4 in the input DATA= data set.
WARNING: Within-imputation StdErr is zero for variable Estimate in _Imputation_= 5 in the input DATA= data set.
WARNING: Within-imputation StdErr is zero for variable Estimate in _Imputation_= 6 in the input DATA= data set.
WARNING: Within-imputation StdErr is zero for variable Estimate in _Imputation_= 7 in the input DATA= data set.
WARNING: Within-imputation StdErr is zero for variable Estimate in _Imputation_= 8 in the input DATA= data set.
WARNING: Within-imputation StdErr is zero for variable Estimate in _Imputation_= 9 in the input DATA= data set.
WARNING: Within-imputation StdErr is zero for variable Estimate in _Imputation_= 10 in the input DATA= data set.
NOTE: The above message was for the following BY group:
      EffectName=MARITAL_STATUS_SINGLE
WARNING: Within-imputation StdErr is zero for variable Estimate in _Imputation_= 1 in the input DATA= data set.
WARNING: Within-imputation StdErr is zero for variable Estimate in _Imputation_= 2 in the input DATA= data set.
WARNING: Within-imputation StdErr is zero for variable Estimate in _Imputation_= 3 in the input DATA= data set.
WARNING: Within-imputation StdErr is zero for variable Estimate in _Imputation_= 4 in the input DATA= data set.
WARNING: Within-imputation StdErr is zero for variable Estimate in _Imputation_= 5 in the input DATA= data set.
WARNING: Within-imputation StdErr is zero for variable Estimate in _Imputation_= 6 in the input DATA= data set.
WARNING: Within-imputation StdErr is zero for variable Estimate in _Imputation_= 7 in the input DATA= data set.
WARNING: Within-imputation StdErr is zero for variable Estimate in _Imputation_= 8 in the input DATA= data set.
WARNING: Within-imputation StdErr is zero for variable Estimate in _Imputation_= 9 in the input DATA= data set.
                                                                               The SAS System

WARNING: Within-imputation StdErr is zero for variable Estimate in _Imputation_= 10 in the input DATA= data set.
NOTE: The above message was for the following BY group:
      EffectName=N_HC_NO
WARNING: Within-imputation StdErr is zero for variable Estimate in _Imputation_= 1 in the input DATA= data set.
WARNING: Within-imputation StdErr is zero for variable Estimate in _Imputation_= 2 in the input DATA= data set.
WARNING: Within-imputation StdErr is zero for variable Estimate in _Imputation_= 3 in the input DATA= data set.
WARNING: Within-imputation StdErr is zero for variable Estimate in _Imputation_= 4 in the input DATA= data set.
WARNING: Within-imputation StdErr is zero for variable Estimate in _Imputation_= 5 in the input DATA= data set.
WARNING: Within-imputation StdErr is zero for variable Estimate in _Imputation_= 6 in the input DATA= data set.
WARNING: Within-imputation StdErr is zero for variable Estimate in _Imputation_= 7 in the input DATA= data set.
WARNING: Within-imputation StdErr is zero for variable Estimate in _Imputation_= 8 in the input DATA= data set.
WARNING: Within-imputation StdErr is zero for variable Estimate in _Imputation_= 9 in the input DATA= data set.
WARNING: Within-imputation StdErr is zero for variable Estimate in _Imputation_= 10 in the input DATA= data set.
NOTE: The above message was for the following BY group:
      EffectName=PAG2008YN_YES
WARNING: Within-imputation StdErr is zero for variable Estimate in _Imputation_= 1 in the input DATA= data set.
WARNING: Within-imputation StdErr is zero for variable Estimate in _Imputation_= 2 in the input DATA= data set.
WARNING: Within-imputation StdErr is zero for variable Estimate in _Imputation_= 3 in the input DATA= data set.
WARNING: Within-imputation StdErr is zero for variable Estimate in _Imputation_= 4 in the input DATA= data set.
WARNING: Within-imputation StdErr is zero for variable Estimate in _Imputation_= 5 in the input DATA= data set.
WARNING: Within-imputation StdErr is zero for variable Estimate in _Imputation_= 6 in the input DATA= data set.
WARNING: Within-imputation StdErr is zero for variable Estimate in _Imputation_= 7 in the input DATA= data set.
WARNING: Within-imputation StdErr is zero for variable Estimate in _Imputation_= 8 in the input DATA= data set.
WARNING: Within-imputation StdErr is zero for variable Estimate in _Imputation_= 9 in the input DATA= data set.
WARNING: Within-imputation StdErr is zero for variable Estimate in _Imputation_= 10 in the input DATA= data set.
NOTE: The above message was for the following BY group:
      EffectName=YRSUS_C3_US_BORN
NOTE: The data set WORK.MIANALIZE_2_P has 40 observations and 13 variables.
NOTE: The PROCEDURE MIANALYZE printed pages 110-149.
NOTE: PROCEDURE MIANALYZE used (Total process time):
      real time           0.03 seconds
      cpu time            0.00 seconds
      

WARNING: Length of character variable model has already been set. 
         Use the LENGTH statement as the very first statement in the DATA STEP to declare the length of a character variable.

NOTE: There were 40 observations read from the data set WORK.MIANALIZE_2_P.
NOTE: The data set WORK.MIANALIZE_2 has 38 observations and 9 variables.
NOTE: DATA statement used (Total process time):
      real time           0.01 seconds
      cpu time            0.00 seconds
      

371        %process_imputed(in_db = genmod_results_3, out_db = mianalize_3, model = 3);

NOTE: There were 440 observations read from the data set WORK.GENMOD_RESULTS_3.
NOTE: The data set WORK.GENMOD_RESULTS_3 has 440 observations and 11 variables.
NOTE: DATA statement used (Total process time):
      real time           0.00 seconds
      cpu time            0.00 seconds
      


NOTE: There were 440 observations read from the data set WORK.GENMOD_RESULTS_3.
NOTE: The data set WORK.GENMOD_RESULTS_3 has 440 observations and 11 variables.
NOTE: PROCEDURE SORT used (Total process time):
                                                                               The SAS System

      real time           0.00 seconds
      cpu time            0.01 seconds
      


WARNING: Within-imputation StdErr is zero for variable Estimate in _Imputation_= 1 in the input DATA= data set.
WARNING: Within-imputation StdErr is zero for variable Estimate in _Imputation_= 2 in the input DATA= data set.
WARNING: Within-imputation StdErr is zero for variable Estimate in _Imputation_= 3 in the input DATA= data set.
WARNING: Within-imputation StdErr is zero for variable Estimate in _Imputation_= 4 in the input DATA= data set.
WARNING: Within-imputation StdErr is zero for variable Estimate in _Imputation_= 5 in the input DATA= data set.
WARNING: Within-imputation StdErr is zero for variable Estimate in _Imputation_= 6 in the input DATA= data set.
WARNING: Within-imputation StdErr is zero for variable Estimate in _Imputation_= 7 in the input DATA= data set.
WARNING: Within-imputation StdErr is zero for variable Estimate in _Imputation_= 8 in the input DATA= data set.
WARNING: Within-imputation StdErr is zero for variable Estimate in _Imputation_= 9 in the input DATA= data set.
WARNING: Within-imputation StdErr is zero for variable Estimate in _Imputation_= 10 in the input DATA= data set.
NOTE: The above message was for the following BY group:
      EffectName=ALCOHOL_USE_NEVER
WARNING: Within-imputation StdErr is zero for variable Estimate in _Imputation_= 1 in the input DATA= data set.
WARNING: Within-imputation StdErr is zero for variable Estimate in _Imputation_= 2 in the input DATA= data set.
WARNING: Within-imputation StdErr is zero for variable Estimate in _Imputation_= 3 in the input DATA= data set.
WARNING: Within-imputation StdErr is zero for variable Estimate in _Imputation_= 4 in the input DATA= data set.
WARNING: Within-imputation StdErr is zero for variable Estimate in _Imputation_= 5 in the input DATA= data set.
WARNING: Within-imputation StdErr is zero for variable Estimate in _Imputation_= 6 in the input DATA= data set.
WARNING: Within-imputation StdErr is zero for variable Estimate in _Imputation_= 7 in the input DATA= data set.
WARNING: Within-imputation StdErr is zero for variable Estimate in _Imputation_= 8 in the input DATA= data set.
WARNING: Within-imputation StdErr is zero for variable Estimate in _Imputation_= 9 in the input DATA= data set.
WARNING: Within-imputation StdErr is zero for variable Estimate in _Imputation_= 10 in the input DATA= data set.
NOTE: The above message was for the following BY group:
      EffectName=BKGRD1_C7NOMISS_MEXICAN
WARNING: Within-imputation StdErr is zero for variable Estimate in _Imputation_= 1 in the input DATA= data set.
WARNING: Within-imputation StdErr is zero for variable Estimate in _Imputation_= 2 in the input DATA= data set.
WARNING: Within-imputation StdErr is zero for variable Estimate in _Imputation_= 3 in the input DATA= data set.
WARNING: Within-imputation StdErr is zero for variable Estimate in _Imputation_= 4 in the input DATA= data set.
WARNING: Within-imputation StdErr is zero for variable Estimate in _Imputation_= 5 in the input DATA= data set.
WARNING: Within-imputation StdErr is zero for variable Estimate in _Imputation_= 6 in the input DATA= data set.
WARNING: Within-imputation StdErr is zero for variable Estimate in _Imputation_= 7 in the input DATA= data set.
WARNING: Within-imputation StdErr is zero for variable Estimate in _Imputation_= 8 in the input DATA= data set.
WARNING: Within-imputation StdErr is zero for variable Estimate in _Imputation_= 9 in the input DATA= data set.
WARNING: Within-imputation StdErr is zero for variable Estimate in _Imputation_= 10 in the input DATA= data set.
NOTE: The above message was for the following BY group:
      EffectName=CENTERNUM_BRONX
WARNING: Within-imputation StdErr is zero for variable Estimate in _Imputation_= 1 in the input DATA= data set.
WARNING: Within-imputation StdErr is zero for variable Estimate in _Imputation_= 2 in the input DATA= data set.
WARNING: Within-imputation StdErr is zero for variable Estimate in _Imputation_= 3 in the input DATA= data set.
WARNING: Within-imputation StdErr is zero for variable Estimate in _Imputation_= 4 in the input DATA= data set.
WARNING: Within-imputation StdErr is zero for variable Estimate in _Imputation_= 5 in the input DATA= data set.
WARNING: Within-imputation StdErr is zero for variable Estimate in _Imputation_= 6 in the input DATA= data set.
WARNING: Within-imputation StdErr is zero for variable Estimate in _Imputation_= 7 in the input DATA= data set.
WARNING: Within-imputation StdErr is zero for variable Estimate in _Imputation_= 8 in the input DATA= data set.
WARNING: Within-imputation StdErr is zero for variable Estimate in _Imputation_= 9 in the input DATA= data set.
WARNING: Within-imputation StdErr is zero for variable Estimate in _Imputation_= 10 in the input DATA= data set.
NOTE: The above message was for the following BY group:
      EffectName=CESD10_NODEPRE
WARNING: Within-imputation StdErr is zero for variable Estimate in _Imputation_= 1 in the input DATA= data set.
WARNING: Within-imputation StdErr is zero for variable Estimate in _Imputation_= 2 in the input DATA= data set.
WARNING: Within-imputation StdErr is zero for variable Estimate in _Imputation_= 3 in the input DATA= data set.
WARNING: Within-imputation StdErr is zero for variable Estimate in _Imputation_= 4 in the input DATA= data set.
                                                                               The SAS System

WARNING: Within-imputation StdErr is zero for variable Estimate in _Imputation_= 5 in the input DATA= data set.
WARNING: Within-imputation StdErr is zero for variable Estimate in _Imputation_= 6 in the input DATA= data set.
WARNING: Within-imputation StdErr is zero for variable Estimate in _Imputation_= 7 in the input DATA= data set.
WARNING: Within-imputation StdErr is zero for variable Estimate in _Imputation_= 8 in the input DATA= data set.
WARNING: Within-imputation StdErr is zero for variable Estimate in _Imputation_= 9 in the input DATA= data set.
WARNING: Within-imputation StdErr is zero for variable Estimate in _Imputation_= 10 in the input DATA= data set.
NOTE: The above message was for the following BY group:
      EffectName=CURRENT_SMOKER_NO
WARNING: Within-imputation StdErr is zero for variable Estimate in _Imputation_= 1 in the input DATA= data set.
WARNING: Within-imputation StdErr is zero for variable Estimate in _Imputation_= 2 in the input DATA= data set.
WARNING: Within-imputation StdErr is zero for variable Estimate in _Imputation_= 3 in the input DATA= data set.
WARNING: Within-imputation StdErr is zero for variable Estimate in _Imputation_= 4 in the input DATA= data set.
WARNING: Within-imputation StdErr is zero for variable Estimate in _Imputation_= 5 in the input DATA= data set.
WARNING: Within-imputation StdErr is zero for variable Estimate in _Imputation_= 6 in the input DATA= data set.
WARNING: Within-imputation StdErr is zero for variable Estimate in _Imputation_= 7 in the input DATA= data set.
WARNING: Within-imputation StdErr is zero for variable Estimate in _Imputation_= 8 in the input DATA= data set.
WARNING: Within-imputation StdErr is zero for variable Estimate in _Imputation_= 9 in the input DATA= data set.
WARNING: Within-imputation StdErr is zero for variable Estimate in _Imputation_= 10 in the input DATA= data set.
NOTE: The above message was for the following BY group:
      EffectName=EDUCATION_C3_N_HIGHSCHOOL_GED
WARNING: Within-imputation StdErr is zero for variable Estimate in _Imputation_= 1 in the input DATA= data set.
WARNING: Within-imputation StdErr is zero for variable Estimate in _Imputation_= 2 in the input DATA= data set.
WARNING: Within-imputation StdErr is zero for variable Estimate in _Imputation_= 3 in the input DATA= data set.
WARNING: Within-imputation StdErr is zero for variable Estimate in _Imputation_= 4 in the input DATA= data set.
WARNING: Within-imputation StdErr is zero for variable Estimate in _Imputation_= 5 in the input DATA= data set.
WARNING: Within-imputation StdErr is zero for variable Estimate in _Imputation_= 6 in the input DATA= data set.
WARNING: Within-imputation StdErr is zero for variable Estimate in _Imputation_= 7 in the input DATA= data set.
WARNING: Within-imputation StdErr is zero for variable Estimate in _Imputation_= 8 in the input DATA= data set.
WARNING: Within-imputation StdErr is zero for variable Estimate in _Imputation_= 9 in the input DATA= data set.
WARNING: Within-imputation StdErr is zero for variable Estimate in _Imputation_= 10 in the input DATA= data set.
NOTE: The above message was for the following BY group:
      EffectName=EMPLOYEDYN_NOT_EMPLOYED
WARNING: Within-imputation StdErr is zero for variable Estimate in _Imputation_= 1 in the input DATA= data set.
WARNING: Within-imputation StdErr is zero for variable Estimate in _Imputation_= 2 in the input DATA= data set.
WARNING: Within-imputation StdErr is zero for variable Estimate in _Imputation_= 3 in the input DATA= data set.
WARNING: Within-imputation StdErr is zero for variable Estimate in _Imputation_= 4 in the input DATA= data set.
WARNING: Within-imputation StdErr is zero for variable Estimate in _Imputation_= 5 in the input DATA= data set.
WARNING: Within-imputation StdErr is zero for variable Estimate in _Imputation_= 6 in the input DATA= data set.
WARNING: Within-imputation StdErr is zero for variable Estimate in _Imputation_= 7 in the input DATA= data set.
WARNING: Within-imputation StdErr is zero for variable Estimate in _Imputation_= 8 in the input DATA= data set.
WARNING: Within-imputation StdErr is zero for variable Estimate in _Imputation_= 9 in the input DATA= data set.
WARNING: Within-imputation StdErr is zero for variable Estimate in _Imputation_= 10 in the input DATA= data set.
NOTE: The above message was for the following BY group:
      EffectName=HEI2010_C3_LOW
WARNING: Within-imputation StdErr is zero for variable Estimate in _Imputation_= 1 in the input DATA= data set.
WARNING: Within-imputation StdErr is zero for variable Estimate in _Imputation_= 2 in the input DATA= data set.
WARNING: Within-imputation StdErr is zero for variable Estimate in _Imputation_= 3 in the input DATA= data set.
WARNING: Within-imputation StdErr is zero for variable Estimate in _Imputation_= 4 in the input DATA= data set.
WARNING: Within-imputation StdErr is zero for variable Estimate in _Imputation_= 5 in the input DATA= data set.
WARNING: Within-imputation StdErr is zero for variable Estimate in _Imputation_= 6 in the input DATA= data set.
WARNING: Within-imputation StdErr is zero for variable Estimate in _Imputation_= 7 in the input DATA= data set.
WARNING: Within-imputation StdErr is zero for variable Estimate in _Imputation_= 8 in the input DATA= data set.
WARNING: Within-imputation StdErr is zero for variable Estimate in _Imputation_= 9 in the input DATA= data set.
WARNING: Within-imputation StdErr is zero for variable Estimate in _Imputation_= 10 in the input DATA= data set.
NOTE: The above message was for the following BY group:
      EffectName=MARITAL_STATUS_SINGLE
WARNING: Within-imputation StdErr is zero for variable Estimate in _Imputation_= 1 in the input DATA= data set.
                                                                               The SAS System

WARNING: Within-imputation StdErr is zero for variable Estimate in _Imputation_= 2 in the input DATA= data set.
WARNING: Within-imputation StdErr is zero for variable Estimate in _Imputation_= 3 in the input DATA= data set.
WARNING: Within-imputation StdErr is zero for variable Estimate in _Imputation_= 4 in the input DATA= data set.
WARNING: Within-imputation StdErr is zero for variable Estimate in _Imputation_= 5 in the input DATA= data set.
WARNING: Within-imputation StdErr is zero for variable Estimate in _Imputation_= 6 in the input DATA= data set.
WARNING: Within-imputation StdErr is zero for variable Estimate in _Imputation_= 7 in the input DATA= data set.
WARNING: Within-imputation StdErr is zero for variable Estimate in _Imputation_= 8 in the input DATA= data set.
WARNING: Within-imputation StdErr is zero for variable Estimate in _Imputation_= 9 in the input DATA= data set.
WARNING: Within-imputation StdErr is zero for variable Estimate in _Imputation_= 10 in the input DATA= data set.
NOTE: The above message was for the following BY group:
      EffectName=N_HC_NO
WARNING: Within-imputation StdErr is zero for variable Estimate in _Imputation_= 1 in the input DATA= data set.
WARNING: Within-imputation StdErr is zero for variable Estimate in _Imputation_= 2 in the input DATA= data set.
WARNING: Within-imputation StdErr is zero for variable Estimate in _Imputation_= 3 in the input DATA= data set.
WARNING: Within-imputation StdErr is zero for variable Estimate in _Imputation_= 4 in the input DATA= data set.
WARNING: Within-imputation StdErr is zero for variable Estimate in _Imputation_= 5 in the input DATA= data set.
WARNING: Within-imputation StdErr is zero for variable Estimate in _Imputation_= 6 in the input DATA= data set.
WARNING: Within-imputation StdErr is zero for variable Estimate in _Imputation_= 7 in the input DATA= data set.
WARNING: Within-imputation StdErr is zero for variable Estimate in _Imputation_= 8 in the input DATA= data set.
WARNING: Within-imputation StdErr is zero for variable Estimate in _Imputation_= 9 in the input DATA= data set.
WARNING: Within-imputation StdErr is zero for variable Estimate in _Imputation_= 10 in the input DATA= data set.
NOTE: The above message was for the following BY group:
      EffectName=PAG2008YN_YES
WARNING: Within-imputation StdErr is zero for variable Estimate in _Imputation_= 1 in the input DATA= data set.
WARNING: Within-imputation StdErr is zero for variable Estimate in _Imputation_= 2 in the input DATA= data set.
WARNING: Within-imputation StdErr is zero for variable Estimate in _Imputation_= 3 in the input DATA= data set.
WARNING: Within-imputation StdErr is zero for variable Estimate in _Imputation_= 4 in the input DATA= data set.
WARNING: Within-imputation StdErr is zero for variable Estimate in _Imputation_= 5 in the input DATA= data set.
WARNING: Within-imputation StdErr is zero for variable Estimate in _Imputation_= 6 in the input DATA= data set.
WARNING: Within-imputation StdErr is zero for variable Estimate in _Imputation_= 7 in the input DATA= data set.
WARNING: Within-imputation StdErr is zero for variable Estimate in _Imputation_= 8 in the input DATA= data set.
WARNING: Within-imputation StdErr is zero for variable Estimate in _Imputation_= 9 in the input DATA= data set.
WARNING: Within-imputation StdErr is zero for variable Estimate in _Imputation_= 10 in the input DATA= data set.
NOTE: The above message was for the following BY group:
      EffectName=STAI10_NOANX
WARNING: Within-imputation StdErr is zero for variable Estimate in _Imputation_= 1 in the input DATA= data set.
WARNING: Within-imputation StdErr is zero for variable Estimate in _Imputation_= 2 in the input DATA= data set.
WARNING: Within-imputation StdErr is zero for variable Estimate in _Imputation_= 3 in the input DATA= data set.
WARNING: Within-imputation StdErr is zero for variable Estimate in _Imputation_= 4 in the input DATA= data set.
WARNING: Within-imputation StdErr is zero for variable Estimate in _Imputation_= 5 in the input DATA= data set.
WARNING: Within-imputation StdErr is zero for variable Estimate in _Imputation_= 6 in the input DATA= data set.
WARNING: Within-imputation StdErr is zero for variable Estimate in _Imputation_= 7 in the input DATA= data set.
WARNING: Within-imputation StdErr is zero for variable Estimate in _Imputation_= 8 in the input DATA= data set.
WARNING: Within-imputation StdErr is zero for variable Estimate in _Imputation_= 9 in the input DATA= data set.
WARNING: Within-imputation StdErr is zero for variable Estimate in _Imputation_= 10 in the input DATA= data set.
NOTE: The above message was for the following BY group:
      EffectName=YRSUS_C3_US_BORN
NOTE: The data set WORK.MIANALIZE_3_P has 44 observations and 13 variables.
NOTE: The PROCEDURE MIANALYZE printed pages 150-193.
NOTE: PROCEDURE MIANALYZE used (Total process time):
      real time           0.02 seconds
      cpu time            0.00 seconds
      

WARNING: Length of character variable model has already been set. 
         Use the LENGTH statement as the very first statement in the DATA STEP to declare the length of a character variable.

                                                                               The SAS System

NOTE: There were 44 observations read from the data set WORK.MIANALIZE_3_P.
NOTE: The data set WORK.MIANALIZE_3 has 42 observations and 9 variables.
NOTE: DATA statement used (Total process time):
      real time           0.00 seconds
      cpu time            0.01 seconds
      

372        %process_imputed(in_db = genmod_results_4, out_db = mianalize_4, model = 4);

NOTE: There were 450 observations read from the data set WORK.GENMOD_RESULTS_4.
NOTE: The data set WORK.GENMOD_RESULTS_4 has 450 observations and 11 variables.
NOTE: DATA statement used (Total process time):
      real time           0.00 seconds
      cpu time            0.00 seconds
      


NOTE: There were 450 observations read from the data set WORK.GENMOD_RESULTS_4.
NOTE: The data set WORK.GENMOD_RESULTS_4 has 450 observations and 11 variables.
NOTE: PROCEDURE SORT used (Total process time):
      real time           0.00 seconds
      cpu time            0.00 seconds
      


WARNING: Within-imputation StdErr is zero for variable Estimate in _Imputation_= 1 in the input DATA= data set.
WARNING: Within-imputation StdErr is zero for variable Estimate in _Imputation_= 2 in the input DATA= data set.
WARNING: Within-imputation StdErr is zero for variable Estimate in _Imputation_= 3 in the input DATA= data set.
WARNING: Within-imputation StdErr is zero for variable Estimate in _Imputation_= 4 in the input DATA= data set.
WARNING: Within-imputation StdErr is zero for variable Estimate in _Imputation_= 5 in the input DATA= data set.
WARNING: Within-imputation StdErr is zero for variable Estimate in _Imputation_= 6 in the input DATA= data set.
WARNING: Within-imputation StdErr is zero for variable Estimate in _Imputation_= 7 in the input DATA= data set.
WARNING: Within-imputation StdErr is zero for variable Estimate in _Imputation_= 8 in the input DATA= data set.
WARNING: Within-imputation StdErr is zero for variable Estimate in _Imputation_= 9 in the input DATA= data set.
WARNING: Within-imputation StdErr is zero for variable Estimate in _Imputation_= 10 in the input DATA= data set.
NOTE: The above message was for the following BY group:
      EffectName=ALCOHOL_USE_NEVER
WARNING: Within-imputation StdErr is zero for variable Estimate in _Imputation_= 1 in the input DATA= data set.
WARNING: Within-imputation StdErr is zero for variable Estimate in _Imputation_= 2 in the input DATA= data set.
WARNING: Within-imputation StdErr is zero for variable Estimate in _Imputation_= 3 in the input DATA= data set.
WARNING: Within-imputation StdErr is zero for variable Estimate in _Imputation_= 4 in the input DATA= data set.
WARNING: Within-imputation StdErr is zero for variable Estimate in _Imputation_= 5 in the input DATA= data set.
WARNING: Within-imputation StdErr is zero for variable Estimate in _Imputation_= 6 in the input DATA= data set.
WARNING: Within-imputation StdErr is zero for variable Estimate in _Imputation_= 7 in the input DATA= data set.
WARNING: Within-imputation StdErr is zero for variable Estimate in _Imputation_= 8 in the input DATA= data set.
WARNING: Within-imputation StdErr is zero for variable Estimate in _Imputation_= 9 in the input DATA= data set.
WARNING: Within-imputation StdErr is zero for variable Estimate in _Imputation_= 10 in the input DATA= data set.
NOTE: The above message was for the following BY group:
      EffectName=BKGRD1_C7NOMISS_MEXICAN
WARNING: Within-imputation StdErr is zero for variable Estimate in _Imputation_= 1 in the input DATA= data set.
WARNING: Within-imputation StdErr is zero for variable Estimate in _Imputation_= 2 in the input DATA= data set.
WARNING: Within-imputation StdErr is zero for variable Estimate in _Imputation_= 3 in the input DATA= data set.
WARNING: Within-imputation StdErr is zero for variable Estimate in _Imputation_= 4 in the input DATA= data set.
WARNING: Within-imputation StdErr is zero for variable Estimate in _Imputation_= 5 in the input DATA= data set.
WARNING: Within-imputation StdErr is zero for variable Estimate in _Imputation_= 6 in the input DATA= data set.
WARNING: Within-imputation StdErr is zero for variable Estimate in _Imputation_= 7 in the input DATA= data set.
WARNING: Within-imputation StdErr is zero for variable Estimate in _Imputation_= 8 in the input DATA= data set.
                                                                               The SAS System

WARNING: Within-imputation StdErr is zero for variable Estimate in _Imputation_= 9 in the input DATA= data set.
WARNING: Within-imputation StdErr is zero for variable Estimate in _Imputation_= 10 in the input DATA= data set.
NOTE: The above message was for the following BY group:
      EffectName=CENTERNUM_BRONX
WARNING: Within-imputation StdErr is zero for variable Estimate in _Imputation_= 1 in the input DATA= data set.
WARNING: Within-imputation StdErr is zero for variable Estimate in _Imputation_= 2 in the input DATA= data set.
WARNING: Within-imputation StdErr is zero for variable Estimate in _Imputation_= 3 in the input DATA= data set.
WARNING: Within-imputation StdErr is zero for variable Estimate in _Imputation_= 4 in the input DATA= data set.
WARNING: Within-imputation StdErr is zero for variable Estimate in _Imputation_= 5 in the input DATA= data set.
WARNING: Within-imputation StdErr is zero for variable Estimate in _Imputation_= 6 in the input DATA= data set.
WARNING: Within-imputation StdErr is zero for variable Estimate in _Imputation_= 7 in the input DATA= data set.
WARNING: Within-imputation StdErr is zero for variable Estimate in _Imputation_= 8 in the input DATA= data set.
WARNING: Within-imputation StdErr is zero for variable Estimate in _Imputation_= 9 in the input DATA= data set.
WARNING: Within-imputation StdErr is zero for variable Estimate in _Imputation_= 10 in the input DATA= data set.
NOTE: The above message was for the following BY group:
      EffectName=CESD10_NODEPRE
WARNING: Within-imputation StdErr is zero for variable Estimate in _Imputation_= 1 in the input DATA= data set.
WARNING: Within-imputation StdErr is zero for variable Estimate in _Imputation_= 2 in the input DATA= data set.
WARNING: Within-imputation StdErr is zero for variable Estimate in _Imputation_= 3 in the input DATA= data set.
WARNING: Within-imputation StdErr is zero for variable Estimate in _Imputation_= 4 in the input DATA= data set.
WARNING: Within-imputation StdErr is zero for variable Estimate in _Imputation_= 5 in the input DATA= data set.
WARNING: Within-imputation StdErr is zero for variable Estimate in _Imputation_= 6 in the input DATA= data set.
WARNING: Within-imputation StdErr is zero for variable Estimate in _Imputation_= 7 in the input DATA= data set.
WARNING: Within-imputation StdErr is zero for variable Estimate in _Imputation_= 8 in the input DATA= data set.
WARNING: Within-imputation StdErr is zero for variable Estimate in _Imputation_= 9 in the input DATA= data set.
WARNING: Within-imputation StdErr is zero for variable Estimate in _Imputation_= 10 in the input DATA= data set.
NOTE: The above message was for the following BY group:
      EffectName=CURRENT_SMOKER_NO
WARNING: Within-imputation StdErr is zero for variable Estimate in _Imputation_= 1 in the input DATA= data set.
WARNING: Within-imputation StdErr is zero for variable Estimate in _Imputation_= 2 in the input DATA= data set.
WARNING: Within-imputation StdErr is zero for variable Estimate in _Imputation_= 3 in the input DATA= data set.
WARNING: Within-imputation StdErr is zero for variable Estimate in _Imputation_= 4 in the input DATA= data set.
WARNING: Within-imputation StdErr is zero for variable Estimate in _Imputation_= 5 in the input DATA= data set.
WARNING: Within-imputation StdErr is zero for variable Estimate in _Imputation_= 6 in the input DATA= data set.
WARNING: Within-imputation StdErr is zero for variable Estimate in _Imputation_= 7 in the input DATA= data set.
WARNING: Within-imputation StdErr is zero for variable Estimate in _Imputation_= 8 in the input DATA= data set.
WARNING: Within-imputation StdErr is zero for variable Estimate in _Imputation_= 9 in the input DATA= data set.
WARNING: Within-imputation StdErr is zero for variable Estimate in _Imputation_= 10 in the input DATA= data set.
NOTE: The above message was for the following BY group:
      EffectName=EDUCATION_C3_N_HIGHSCHOOL_GED
WARNING: Within-imputation StdErr is zero for variable Estimate in _Imputation_= 1 in the input DATA= data set.
WARNING: Within-imputation StdErr is zero for variable Estimate in _Imputation_= 2 in the input DATA= data set.
WARNING: Within-imputation StdErr is zero for variable Estimate in _Imputation_= 3 in the input DATA= data set.
WARNING: Within-imputation StdErr is zero for variable Estimate in _Imputation_= 4 in the input DATA= data set.
WARNING: Within-imputation StdErr is zero for variable Estimate in _Imputation_= 5 in the input DATA= data set.
WARNING: Within-imputation StdErr is zero for variable Estimate in _Imputation_= 6 in the input DATA= data set.
WARNING: Within-imputation StdErr is zero for variable Estimate in _Imputation_= 7 in the input DATA= data set.
WARNING: Within-imputation StdErr is zero for variable Estimate in _Imputation_= 8 in the input DATA= data set.
WARNING: Within-imputation StdErr is zero for variable Estimate in _Imputation_= 9 in the input DATA= data set.
WARNING: Within-imputation StdErr is zero for variable Estimate in _Imputation_= 10 in the input DATA= data set.
NOTE: The above message was for the following BY group:
      EffectName=EMPLOYEDYN_NOT_EMPLOYED
WARNING: Within-imputation StdErr is zero for variable Estimate in _Imputation_= 1 in the input DATA= data set.
WARNING: Within-imputation StdErr is zero for variable Estimate in _Imputation_= 2 in the input DATA= data set.
WARNING: Within-imputation StdErr is zero for variable Estimate in _Imputation_= 3 in the input DATA= data set.
WARNING: Within-imputation StdErr is zero for variable Estimate in _Imputation_= 4 in the input DATA= data set.
WARNING: Within-imputation StdErr is zero for variable Estimate in _Imputation_= 5 in the input DATA= data set.
                                                                               The SAS System

WARNING: Within-imputation StdErr is zero for variable Estimate in _Imputation_= 6 in the input DATA= data set.
WARNING: Within-imputation StdErr is zero for variable Estimate in _Imputation_= 7 in the input DATA= data set.
WARNING: Within-imputation StdErr is zero for variable Estimate in _Imputation_= 8 in the input DATA= data set.
WARNING: Within-imputation StdErr is zero for variable Estimate in _Imputation_= 9 in the input DATA= data set.
WARNING: Within-imputation StdErr is zero for variable Estimate in _Imputation_= 10 in the input DATA= data set.
NOTE: The above message was for the following BY group:
      EffectName=HEI2010_C3_LOW
WARNING: Within-imputation StdErr is zero for variable Estimate in _Imputation_= 1 in the input DATA= data set.
WARNING: Within-imputation StdErr is zero for variable Estimate in _Imputation_= 2 in the input DATA= data set.
WARNING: Within-imputation StdErr is zero for variable Estimate in _Imputation_= 3 in the input DATA= data set.
WARNING: Within-imputation StdErr is zero for variable Estimate in _Imputation_= 4 in the input DATA= data set.
WARNING: Within-imputation StdErr is zero for variable Estimate in _Imputation_= 5 in the input DATA= data set.
WARNING: Within-imputation StdErr is zero for variable Estimate in _Imputation_= 6 in the input DATA= data set.
WARNING: Within-imputation StdErr is zero for variable Estimate in _Imputation_= 7 in the input DATA= data set.
WARNING: Within-imputation StdErr is zero for variable Estimate in _Imputation_= 8 in the input DATA= data set.
WARNING: Within-imputation StdErr is zero for variable Estimate in _Imputation_= 9 in the input DATA= data set.
WARNING: Within-imputation StdErr is zero for variable Estimate in _Imputation_= 10 in the input DATA= data set.
NOTE: The above message was for the following BY group:
      EffectName=MARITAL_STATUS_SINGLE
WARNING: Within-imputation StdErr is zero for variable Estimate in _Imputation_= 1 in the input DATA= data set.
WARNING: Within-imputation StdErr is zero for variable Estimate in _Imputation_= 2 in the input DATA= data set.
WARNING: Within-imputation StdErr is zero for variable Estimate in _Imputation_= 3 in the input DATA= data set.
WARNING: Within-imputation StdErr is zero for variable Estimate in _Imputation_= 4 in the input DATA= data set.
WARNING: Within-imputation StdErr is zero for variable Estimate in _Imputation_= 5 in the input DATA= data set.
WARNING: Within-imputation StdErr is zero for variable Estimate in _Imputation_= 6 in the input DATA= data set.
WARNING: Within-imputation StdErr is zero for variable Estimate in _Imputation_= 7 in the input DATA= data set.
WARNING: Within-imputation StdErr is zero for variable Estimate in _Imputation_= 8 in the input DATA= data set.
WARNING: Within-imputation StdErr is zero for variable Estimate in _Imputation_= 9 in the input DATA= data set.
WARNING: Within-imputation StdErr is zero for variable Estimate in _Imputation_= 10 in the input DATA= data set.
NOTE: The above message was for the following BY group:
      EffectName=N_HC_NO
WARNING: Within-imputation StdErr is zero for variable Estimate in _Imputation_= 1 in the input DATA= data set.
WARNING: Within-imputation StdErr is zero for variable Estimate in _Imputation_= 2 in the input DATA= data set.
WARNING: Within-imputation StdErr is zero for variable Estimate in _Imputation_= 3 in the input DATA= data set.
WARNING: Within-imputation StdErr is zero for variable Estimate in _Imputation_= 4 in the input DATA= data set.
WARNING: Within-imputation StdErr is zero for variable Estimate in _Imputation_= 5 in the input DATA= data set.
WARNING: Within-imputation StdErr is zero for variable Estimate in _Imputation_= 6 in the input DATA= data set.
WARNING: Within-imputation StdErr is zero for variable Estimate in _Imputation_= 7 in the input DATA= data set.
WARNING: Within-imputation StdErr is zero for variable Estimate in _Imputation_= 8 in the input DATA= data set.
WARNING: Within-imputation StdErr is zero for variable Estimate in _Imputation_= 9 in the input DATA= data set.
WARNING: Within-imputation StdErr is zero for variable Estimate in _Imputation_= 10 in the input DATA= data set.
NOTE: The above message was for the following BY group:
      EffectName=PAG2008YN_YES
WARNING: Within-imputation StdErr is zero for variable Estimate in _Imputation_= 1 in the input DATA= data set.
WARNING: Within-imputation StdErr is zero for variable Estimate in _Imputation_= 2 in the input DATA= data set.
WARNING: Within-imputation StdErr is zero for variable Estimate in _Imputation_= 3 in the input DATA= data set.
WARNING: Within-imputation StdErr is zero for variable Estimate in _Imputation_= 4 in the input DATA= data set.
WARNING: Within-imputation StdErr is zero for variable Estimate in _Imputation_= 5 in the input DATA= data set.
WARNING: Within-imputation StdErr is zero for variable Estimate in _Imputation_= 6 in the input DATA= data set.
WARNING: Within-imputation StdErr is zero for variable Estimate in _Imputation_= 7 in the input DATA= data set.
WARNING: Within-imputation StdErr is zero for variable Estimate in _Imputation_= 8 in the input DATA= data set.
WARNING: Within-imputation StdErr is zero for variable Estimate in _Imputation_= 9 in the input DATA= data set.
WARNING: Within-imputation StdErr is zero for variable Estimate in _Imputation_= 10 in the input DATA= data set.
NOTE: The above message was for the following BY group:
      EffectName=STAI10_NOANX
WARNING: Within-imputation StdErr is zero for variable Estimate in _Imputation_= 1 in the input DATA= data set.
WARNING: Within-imputation StdErr is zero for variable Estimate in _Imputation_= 2 in the input DATA= data set.
                                                                               The SAS System

WARNING: Within-imputation StdErr is zero for variable Estimate in _Imputation_= 3 in the input DATA= data set.
WARNING: Within-imputation StdErr is zero for variable Estimate in _Imputation_= 4 in the input DATA= data set.
WARNING: Within-imputation StdErr is zero for variable Estimate in _Imputation_= 5 in the input DATA= data set.
WARNING: Within-imputation StdErr is zero for variable Estimate in _Imputation_= 6 in the input DATA= data set.
WARNING: Within-imputation StdErr is zero for variable Estimate in _Imputation_= 7 in the input DATA= data set.
WARNING: Within-imputation StdErr is zero for variable Estimate in _Imputation_= 8 in the input DATA= data set.
WARNING: Within-imputation StdErr is zero for variable Estimate in _Imputation_= 9 in the input DATA= data set.
WARNING: Within-imputation StdErr is zero for variable Estimate in _Imputation_= 10 in the input DATA= data set.
NOTE: The above message was for the following BY group:
      EffectName=YRSUS_C3_US_BORN
NOTE: The data set WORK.MIANALIZE_4_P has 45 observations and 13 variables.
NOTE: The PROCEDURE MIANALYZE printed pages 194-238.
NOTE: PROCEDURE MIANALYZE used (Total process time):
      real time           0.21 seconds
      cpu time            0.01 seconds
      

WARNING: Length of character variable model has already been set. 
         Use the LENGTH statement as the very first statement in the DATA STEP to declare the length of a character variable.

NOTE: There were 45 observations read from the data set WORK.MIANALIZE_4_P.
NOTE: The data set WORK.MIANALIZE_4 has 43 observations and 9 variables.
NOTE: DATA statement used (Total process time):
      real time           0.01 seconds
      cpu time            0.00 seconds
      

373        
374        * Merge datasets from different models;
375        data db_join;
376        	set mianalize_1 mianalize_2 mianalize_3 mianalize_4;
377        run;

NOTE: There were 27 observations read from the data set WORK.MIANALIZE_1.
NOTE: There were 38 observations read from the data set WORK.MIANALIZE_2.
NOTE: There were 42 observations read from the data set WORK.MIANALIZE_3.
NOTE: There were 43 observations read from the data set WORK.MIANALIZE_4.
NOTE: The data set WORK.DB_JOIN has 150 observations and 9 variables.
NOTE: DATA statement used (Total process time):
      real time           0.00 seconds
      cpu time            0.00 seconds
      

378        
379        * Edit dataset to include reference values;
380        data db_join;
381        	set db_join;
382        	* Add ref levels;
383        	if std =99 then estimate = 98;
384        run;

NOTE: There were 150 observations read from the data set WORK.DB_JOIN.
NOTE: The data set WORK.DB_JOIN has 150 observations and 9 variables.
NOTE: DATA statement used (Total process time):
      real time           0.14 seconds
      cpu time            0.00 seconds
      
                                                                               The SAS System


385        
386        * Obtain ids and save it in a macro variable ;
387        proc sql;
388        	select count(distinct(id)) as n into:n_ids
389        	from &impdb;
390        quit;
NOTE: The PROCEDURE SQL printed page 239.
NOTE: PROCEDURE SQL used (Total process time):
      real time           0.25 seconds
      cpu time            0.00 seconds
      

391        
392        * Print final report;
393        ods listing close;
394        ods path sashelp.tmplmst(read) hchstyle.hchs_stp(read);
395        ods rtf file = "&homepath\code\&job.\&job._Table2_&sysdate..rtf" style = manuscrt bodytitle;
NOTE: Writing RTF Body file: J:\HCHS\STATISTICS\GRAS\QAngarita\FLOR\MS1560\code\HC338354a\HC338354a_Table2_20NOV25.rtf
396        %let fs = 11pt;
397        %let fs_body = 11pt;
398        %let fs_titles = 11pt;
399        %let lft_mgn = 0.3in;
400        %let rgt_mgn = 0.1in;
401        proc report data = db_join;
402        	title j=center height=&fs font='times roman' bold "^S={leftmargin=&lft_mgn rightmargin=&rgt_mgn}Table 2a. Maternal preconception socio-behavioral factors and
402      ! child’s weight-for-age z-score, HCHS/SOL FLOR Ancillary Study (n=%qtrim(&n_ids))";
403        	footnote1 J=left HEIGHT=&fs_titles FONT='times roman' "^S={leftmargin=&lft_mgn rightmargin=&rgt_mgn}Abbreviations: CI, confidence interval; FLOR, Family
403      ! Lifestyle Outcomes Research; PA, physical activity.";
404        	footnote2 J=left HEIGHT=&fs_titles FONT='times roman' "^S={leftmargin=&lft_mgn rightmargin=&rgt_mgn}Model 1: Sociodemographic & acculturation predictors adjusted
404      !  by field center, years between baseline and FLOR visit.";
405        	footnote3 J=left HEIGHT=&fs_titles FONT='times roman' "^S={leftmargin=&lft_mgn rightmargin=&rgt_mgn}Model 2: Model 1 + health behavior predictors adjusted by
405      ! field center and years between baseline and FLOR visit.";
406        	footnote4 J=left HEIGHT=&fs_titles FONT='times roman' "^S={leftmargin=&lft_mgn rightmargin=&rgt_mgn}Model 3: Model 2 + mental health predictors adjusted by field
406      !  center and years between baseline and FLOR visit.";
407        	footnote5 J=left HEIGHT=&fs_titles FONT='times roman' "^S={leftmargin=&lft_mgn rightmargin=&rgt_mgn}Model 4: Model 3 + child’s obesity genetic risk score.";
408        	footnote6 J=LEFT HEIGHT=10pt FONT='times roman' "{\line \line Job &job run by &PRG using FLOR data on %sysfunc(today(), date9.) at %qtrim(%sysfunc(time(),
408      ! timeampm.))}";
409        	columns order label model,(estimate STD PV);
410        	define order / order group noprint order = internal;
411        	define label / display group ' ' style(HEADER)=[FONTSIZE = &fs JUST = left] style = [FONTSIZE=&fs width = 2.5in];
412        	define model / across ' ' style = [FONTSIZE=&fs];
413        	define estimate / analysis 'Beta' style=[fontsize = &fs vjust = bottom];
414        	define std / analysis '(SE)' style=[fontsize = &fs VJUST = bottom];
415        	define pv / analysis ' ' group
416        					style=[fontsize = &fs vjust=bottom just = left]
417        					style(header)=[cellpadding = 0in cellheight=0in cellspacing=0in];
418        	FORMAT PV PV. STD paren. ESTIMATE refnum.;
419        	COMPUTE AFTER _PAGE_ / STYLE = [JUST = LEFT font_size = &fs];
420        		LINE "* p <=.10, ** p <=.05, *** p <=.01 ";
421        	ENDCOMP;
422        RUN;

NOTE: PROCEDURE REPORT used (Total process time):
      real time           0.05 seconds
      cpu time            0.03 seconds
      
                                                                               The SAS System

NOTE: There were 150 observations read from the data set WORK.DB_JOIN.

423        ods rtf close;
424        
425        
426        proc printto; run;

