1                                                          The SAS System                                16:32 Monday, March 9, 2026

NOTE: Copyright (c) 2023 by SAS Institute Inc., Cary, NC, USA. 
NOTE: SAS (r) Proprietary Software 9.4 (TS1M8) 
      Licensed to UNIVERSITY OF NORTH CAROLINA CHAPEL HILL - SFA T&R, Site 70022629.
NOTE: This session is executing on the W32_WIN+PRO  platform.



NOTE: Analytical products:
      
      SAS/STAT 15.3
      SAS/ETS 15.3
      SAS/OR 15.3
      SAS/IML 15.3
      SAS/QC 15.3

NOTE: Additional host information:

 W32_WIN+PRO WIN 10.0.22631  Workstation

NOTE: SAS initialization used:
      real time           0.84 seconds
      cpu time            0.06 seconds
      
1          %let homepath=J:\HCHS\STATISTICS\GRAS\QAngarita\FLOR\MS1560;
2          
3          proc printto log="&homepath.\scripts\HC338354a\HC338354a_&sysdate..log" print=
4          	"&homepath.\scripts\HC338354a\HC338354a_&sysdate..lst" new;
5          run;

NOTE: PROCEDURE PRINTTO used (Total process time):
      real time           0.00 seconds
      cpu time            0.00 seconds
      

ERROR: Errors printed on page 45.

NOTE: SAS Institute Inc., SAS Campus Drive, Cary, NC USA 27513-2414
NOTE: The SAS System used:
      real time           4.07 seconds
      cpu time            1.49 seconds
      
