NOTE: PROCEDURE PRINTTO used (Total process time):
      real time           0.04 seconds
      cpu time            0.01 seconds
      

7          
8          /*********************************************************
9          *                                                        *
10         *  SAS PROGRAM - JOB HC33839905 			  			 *
11         *                                                        *
12         **********************************************************
13         *                                                        *
14         *  PROGRAM NAME: HC33839905.sas
15         *
16         *  PROGRAMMER: Alvaro Quijano (AQ)
17         *
18         *  DESCRIPTION: Histograms of child BMIPCT and BMIZ for
19         *               the FLOR MS1560 analytic cohort only
20         *               (KEEP_MS1560=1; n=227), same source file
21         *               that feeds HC338353 / jobs 54 & 59.
22         *
2                                                          The SAS System                               17:01 Monday, March 30, 2026

23         * ---------------------------------------------------------
24         *
25         *  JOB NUMBER: HC338399 (subjob 05)
26         *
27         *  PREVIOUS JOB:
28         *
29         *  LANGUAGE: SAS 9.4
30         *
31         *  VERSION CONTROL:
32         *					30mar26: Create file.
33         *					30mar26: Add BMIZ; restrict to FLOR cohort
34         *							 (KEEP_MS1560) on HC338351_flor.
35         *
36         * ----------------------------------------------------------
37         *
38         *  INPUT: data.HC338351_flor_12nov25 (KEEP_MS1560=1)
39         *
40         *  OUTPUT: &homepath.\scripts\&job.\&subjob._bmipct_bmiz_hist_&sysdate..rtf
41         *
42         **********************************************************/
43         options orientation = landscape nodate formchar = "|----|+|---+=|-/\<>*" nonumber
44         	PS=59 LS=173;
45         ods escapechar '^';
46         
47         libname data "&homepath.\data";
NOTE: Libref DATA was successfully assigned as follows: 
      Engine:        V9 
      Physical Name: J:\HCHS\STATISTICS\GRAS\QAngarita\FLOR\MS1560\data
48         
49         %put JOB=&job.;
JOB=HC338399
50         %put SUBJOB=&subjob.;
SUBJOB=HC33839905
51         %let prg = AQA;
52         * Same FLOR analytic file used as input to HC338353 (imputation for jobs 54 / 59);
53         %let flordb = data.HC338351_flor_12nov25;
54         
55         data _flor_ms1560;
56         	set &flordb;
57         	where keep_ms1560 = 1;
58         	keep id bmipct bmiz;
59         run;

NOTE: There were 227 observations read from the data set DATA.HC338351_FLOR_12NOV25.
      WHERE keep_ms1560=1;
NOTE: The data set WORK._FLOR_MS1560 has 227 observations and 3 variables.
NOTE: DATA statement used (Total process time):
      real time           0.04 seconds
      cpu time            0.01 seconds
      

60         
61         proc sql noprint;
62         	select count(distinct id) into :n_flor trimmed
63         	from _flor_ms1560;
64         quit;
NOTE: PROCEDURE SQL used (Total process time):
                                                                               The SAS System

      real time           0.01 seconds
      cpu time            0.00 seconds
      

65         %put NOTE: FLOR MS1560 analytic cohort (KEEP_MS1560=1) distinct children: &n_flor;
NOTE: FLOR MS1560 analytic cohort (KEEP_MS1560=1) distinct children: 227
66         
67         ods listing close;
68         ods graphics on / width=640px height=480px;
69         
70         ods rtf file="&homepath.\scripts\&job.\&subjob._bmipct_bmiz_hist_&sysdate..rtf"
71         	style=statistical bodytitle;
NOTE: Writing RTF Body file: J:\HCHS\STATISTICS\GRAS\QAngarita\FLOR\MS1560\scripts\HC338399\HC33839905_bmipct_bmiz_hist_30MAR26.rtf
72         
73         * --- BMIPCT ---;
74         title j=center font='Times New Roman' height=11pt
75         	"Child BMI-for-age percentile (CDC), FLOR MS1560 analytic cohort";
76         title2 j=center font='Times New Roman' height=10pt
77         	"KEEP_MS1560=1 (complete child anthropometry); n = &n_flor children";
78         footnote j=left font='Times New Roman' height=9pt
79         	"Source: HC338351_flor_12nov25, same cohort imputed in HC338353 (jobs 54 / 59 use HC338353_imputed_data_12nov25).";
80         footnote2 j=left font='Times New Roman' height=9pt
81         	"Job &subjob (job &job) by &prg on %sysfunc(today(), date9.) at %qtrim(%sysfunc(time(), timeampm.))";
82         
83         proc sgplot data=_flor_ms1560;
84         	where bmipct > .z;
85         	histogram bmipct / binwidth=5 scale=percent;
86         	xaxis label="BMI-for-age percentile" labelattrs=(family='Times New Roman' size=10pt);
87         	yaxis label="Percent of children" labelattrs=(family='Times New Roman' size=10pt);
88         run;

NOTE: PROCEDURE SGPLOT used (Total process time):
      real time           1.82 seconds
      cpu time            0.14 seconds
      
NOTE: This SAS session is using a registry in WORK.  All changes will be lost at the end of this session.
NOTE: There were 227 observations read from the data set WORK._FLOR_MS1560.
      WHERE bmipct>.Z;

89         
90         ods rtf startpage=now;
91         
92         * --- BMIZ ---;
93         title j=center font='Times New Roman' height=11pt
94         	"Child BMI-for-age z-score (CDC), FLOR MS1560 analytic cohort";
95         title2 j=center font='Times New Roman' height=10pt
96         	"KEEP_MS1560=1 (complete child anthropometry); n = &n_flor children";
97         
98         proc sgplot data=_flor_ms1560;
99         	where bmiz > .z;
100        	histogram bmiz / binwidth=0.25 scale=percent;
101        	xaxis label="BMI-for-age z-score" labelattrs=(family='Times New Roman' size=10pt);
102        	yaxis label="Percent of children" labelattrs=(family='Times New Roman' size=10pt);
103        run;

NOTE: PROCEDURE SGPLOT used (Total process time):
      real time           0.47 seconds
                                                                               The SAS System

      cpu time            0.04 seconds
      
NOTE: There were 227 observations read from the data set WORK._FLOR_MS1560.
      WHERE bmiz>.Z;

104        
105        ods rtf close;
106        ods graphics off;
107        ods listing;
108        
109        proc printto;
110        run;

