NOTE: PROCEDURE PRINTTO used (Total process time):
      real time           0.02 seconds
      cpu time            0.01 seconds
      

5          
6          /*********************************************************
7          *                                                         *
8          *  SAS PROGRAM - QC DATASET JOB HC3383 					         *
9          *                                                        *
10         **********************************************************
11         *                                                        *
12         *  PROGRAM NAME: HC338351.sas
13         *
14         *  PROGRAMMER: Álvaro Quijano (AQ)
15         *
16         *  DESCRIPTION:
17         				
18         *
19         * ---------------------------------------------------------
20         *
21         *  JOB NUMBER: HC338351
22         *
23         *  PREVIOUS JOB:
24         *
25         *  LANGUAGE: SAS 9.4
26         *
27         *  VERSION CONTROL:
28         					21APR25 - (HC338351) Start file
29         					22APR25 - add the new derived variables cesd10 and accult_mesa
2                                                          The SAS System                                 17:59 Tuesday, May 6, 2025

30         					05MAY25 - Include the #_all dataset
31         
32         * ----------------------------------------------------------
33         *
34         *  INPUT:
35         *
36         *  OUTPUT:
37         *
38         **********************************************************/
39         options orientation = landscape nodate formchar = "|----|+|---+=|-/\<>*" nonumber PS=59 LS=173;
40         
41         * Set libraries name;
42         libname invv1 "J:\HCHS\SC\Sasdata\INV_Use\Consolidated";
NOTE: Libref INVV1 was successfully assigned as follows: 
      Engine:        V9 
      Physical Name: J:\HCHS\SC\Sasdata\INV_Use\Consolidated
43         libname invv2 "J:\HCHS\SC\Sasdata\Visit2\INV_Use\Consolidated";
NOTE: Libref INVV2 was successfully assigned as follows: 
      Engine:        V9 
      Physical Name: J:\HCHS\SC\Sasdata\Visit2\INV_Use\Consolidated
44         libname flor "J:\HCHS\SC\Sasdata\Ancillary\SOL FLOR\INV_Use\Datasets";
NOTE: Libref FLOR was successfully assigned as follows: 
      Engine:        V9 
      Physical Name: J:\HCHS\SC\Sasdata\Ancillary\SOL FLOR\INV_Use\Datasets
45         libname confid 'J:\HCHS\SC\Confid\Sasdata\Visit2\Internal_Use';
NOTE: Libref CONFID was successfully assigned as follows: 
      Engine:        V9 
      Physical Name: J:\HCHS\SC\Confid\Sasdata\Visit2\Internal_Use
46         libname output "&homepath.\data";
NOTE: Libref OUTPUT was successfully assigned as follows: 
      Engine:        V9 
      Physical Name: J:\HCHS\STATISTICS\GRAS\QAngarita\FLOR\MS1560\data
47         libname hc3383 "J:\HCHS\SC\Review\HC3383";
NOTE: Libref HC3383 was successfully assigned as follows: 
      Engine:        V9 
      Physical Name: J:\HCHS\SC\Review\HC3383
48         
49         * Set macro variables;
50         %let pw = los_shch;
51         %let job = HC338351;
52         %let output_dataset = output.HC338351_flor_&sysdate.;
53         %let output_dataset2 = output.HC338351_all_&sysdate.;
54         
55         * Create the dataset HC338351;
56         data complete_dt;
57         	merge invv1.PART_DERV_INV4(keep = STRAT PSU_ID WEIGHT_FINAL_NORM_OVERALL ID CENTER CENTERNUM CLINDATE AGE
58         				AGEGROUP_C2 AGEGROUP_C6 GENDER GENDERNUM EDUCATION_C2 EDUCATION_C3
59         		    	INCOME INCOME_C3 INCOME_C5 POVPCT POVPCT_C4 EMPLOYED YRSUS_C3 HIGH_TRIG LOW_HDL
60         				ABDOMINAL_OBESITY_NCEP MARITAL_STATUS BKGRD1_C7 SITE_BKGRD US_BORN YRSUS YRSUS_C2
61         				LANG_PREF ACCULT_MESA BMI BMIGRP_C4 BMIGRP_C6 HEIGHT INSULIN_FAST
62         		   		HOMA_IR CIGARETTE_USE CURRENT_SMOKER DIABETES_SELF DIABETES1 DIABETES2
63         		    	DIABETES2_INDICATOR DIABETES_LAB DIABETES3 DIAB_DIAG DM_AWARE DM_CONTROL
64         		    	DIABETES_C4 HYPERTENSION MED_ANTIDIAB MED_ANTIHYPERT MED_LLD CESD10 STAI10 HEI2010 /* ALCOHOL_USE N_HC*/
65         				AGG_MENT AGG_PHYS pw = &pw)
66         		invv1.laba_inv4(pw=&pw keep = id laba67 laba68 laba70)
67         		invv1.sbpa_inv4(pw=&pw keep = id sbpa5 sbpa6 sbpa7)
68         		invv1.tbea_inv4(pw=&pw keep = id tbea1 tbea3)
                                                                               The SAS System

69         		invv1.piea_inv4(pw=&pw keep = id piea4 piea7)
70         		invv1.ecea_inv4(pw=&pw keep = id ecea2 ecea3 ecea4 ecea5)
71         		invv1.ocea_inv4(pw=&pw keep = id ocea1 ocea5)
72         		invv1.anta_inv4(pw=&pw keep = id anta10a)
73         		invv1.pa_derv_inv4(pw=&pw keep = id weight_pa_ipw_overall acticalyn adherentyn mv_day hrs_day)
74         		invv2.part_derv_v2_inv3(pw=&pw keep = id age_v2 accult_mesa_v2 cesd10_v2 CLINDATE_V2 YRS_BTWN_V1V2  WEIGHT_NORM_OVERALL_V2 CONSENT_V2
75         				GENDER_V2 AGEGROUP_C6_V2 EMPLOYED_V2 EDUCATION_C3_V2 INCOME_C3_V2  LANG_PREF_V2 YRSUS_C3_V2
76          				BMI_V2 ABDOMINAL_OBESITY_NCEP_V2 CIGARETTE_USE_V2 INSULIN_FAST_V2 HIGH_TRIG_V2 LOW_HDL_V2 HOMA_IR_V2
77         				CURRENT_SMOKER_V2 DIABETES_SELF_V2 DIABETES_LAB_V2 DIABETES3_V2 DM3_AWARE_V2 DM3_CONTROL_V2 /*n_hc_v2*/)
78         		invv2.rme_v2_inv3(pw=&pw keep = id rme12A rme13A rme19)
79         		invv2.lab_derv_v2_inv3(pw=&pw keep = id laba67 laba68 laba70 rename=(laba67 = LABA67_v2 laba68 = LABA68_v2 laba70 = LABA70_v2))
80         		invv2.sbp_v2_inv3(pw=&pw keep = id sbp5 sbp6 sbp7)
81         		invv2.tbe_v2_inv3(pw=&pw keep = id tbe1 tbe4)
82         		invv2.ant_v2_inv3(pw=&pw keep = id ant10a)
83         		flor.flor_part_derv_inv2(in=in_flor pw=&pw keep = id id_child id_dad MODE1 MODE2 AGE_CHILD_ENROLL AGE_CHILD_CLINDATE AGE_CHILD_CLINDATE_MO
84         				AGEGRP_CHILD_C4 CLINDATE_FLOR AGE_MOM_FLOR HEIGHT WEIGHT YRS_BTWN_V1FLOR BMIZ WAZ HAZ BMIPCT BMIPCT_C3 BORN_AFTERV2 rename=(HEIGHT=CHILD_HEIGHT
84       ! WEIGHT=CHILD_WEIGHT))
85         		flor.demb_inv2(keep = id demb1 demb7-demb11 demb12A demb12B demb13 demb14 demb14A demb15 demb15A demb16)
86         		;
87         	by id ;
88         	
89            * FLOR_DYAD;
90            if IN_FLOR then FLOR_DYAD = 1; else FLOR_DYAD = 0;
91         
92            * AGE;
93            If BORN_AFTERV2 = 1 then AGE = AGE_V2;
94         
95            * MARITAL_STATUS;
96            If BORN_AFTERV2 = 1 then do;
97               If DEMB11 = 1 then MARITAL_STATUS = 1;
98               Else if DEMB11 in (2,6) then MARITAL_STATUS = 2;
99               Else if DEMB11 in (3,4,5) then MARITAL_STATUS = 3;
100           end;
101        
102           * LABA67;
103           If BORN_AFTERV2 = 1 then LABA67 = LABA67_V2;
104        
105           * LABA68;
106           If BORN_AFTERV2 = 1 then LABA68 = LABA68_V2;
107        
108           * LABA70;
109           If BORN_AFTERV2 = 1 then LABA70 = LABA70_V2;
110        
111           * SBPA5;
112           If BORN_AFTERV2 = 1 then SBPA5 = SBP5;
113        
114           * SBPA6;
115           If BORN_AFTERV2 = 1 then SBPA6 = SBP6;
116        
117           * SBPA7;
118           If BORN_AFTERV2 = 1 then SBPA7 = SBP7;
119        
120           * TBEA1;
121           If BORN_AFTERV2 = 1 then TBEA1 = TBE1;
122        
123           * TBEA3;
124           If BORN_AFTERV2 = 1 then TBEA3 = TBE4;
                                                                               The SAS System

125        
126           * ANTA10A;
127           If BORN_AFTERV2 = 1 then ANTA10A = ANT10A;
128        
129           * AGEGROUP_C6;
130           If BORN_AFTERV2 = 1 then AGEGROUP_C6 = AGEGROUP_C6_V2;
131        
132           * EMPLOYED;
133           If BORN_AFTERV2 = 1 then EMPLOYED = EMPLOYED_V2;
134        
135           * EDUCATION_C3;
136           If BORN_AFTERV2 = 1 then EDUCATION_C3 = EDUCATION_C3_V2; /*and ^missing(EDUCATION_C3_V2)*/
137        
138           * INCOME_C3;
139           If BORN_AFTERV2 = 1 then INCOME_C3 = INCOME_C3_V2;
140        
141           * LANG_PREF;
142           If BORN_AFTERV2 = 1 then LANG_PREF = LANG_PREF_V2;
143        
144           * YRSUS_C3;
145           If BORN_AFTERV2 = 1 then YRSUS_C3 = YRSUS_C3_V2;
146        
147           * BMI;
148           If BORN_AFTERV2 = 1 then BMI = BMI_V2;
149        
150           * ABDOMINAL_OBESITY_NCEP;
151          If BORN_AFTERV2 = 1 then ABDOMINAL_OBESITY_NCEP = ABDOMINAL_OBESITY_NCEP_V2;
152        
153           * CIGARETTE_USE;
154          If BORN_AFTERV2 = 1 then CIGARETTE_USE = CIGARETTE_USE_V2;
155        
156           * INSULIN_FAST;
157          If BORN_AFTERV2 = 1 then INSULIN_FAST = INSULIN_FAST_V2;
158        
159           * HIGH_TRIG;
160          If BORN_AFTERV2 = 1 then HIGH_TRIG = HIGH_TRIG_V2;
161        
162           * LOW_HDL;
163          If BORN_AFTERV2 = 1 then LOW_HDL = LOW_HDL_V2;
164        
165           * HOMA_IR;
166          If BORN_AFTERV2 = 1 then HOMA_IR = HOMA_IR_V2;
167        
168           * CURRENT_SMOKER;
169          If BORN_AFTERV2 = 1 then CURRENT_SMOKER = CURRENT_SMOKER_V2;
170        
171           * DIABETES_SELF;
172          If BORN_AFTERV2 = 1 then DIABETES_SELF = DIABETES_SELF_V2;
173        
174           * DIABETES_LAB;
175          If BORN_AFTERV2 = 1 then DIABETES_LAB = DIABETES_LAB_V2;
176        
177           * DIABETES3;
178          If BORN_AFTERV2 = 1 then DIABETES3 = DIABETES3_V2;
179        
180           * DM_AWARE;
181          If BORN_AFTERV2 = 1 then DM_AWARE = DM3_AWARE_V2;
                                                                               The SAS System

182        
183           * DM_CONTROL;
184          If BORN_AFTERV2 = 1 then DM_CONTROL = DM3_CONTROL_V2;
185        
186           * ACCULT_MESA;
187          IF BORN_AFTERV2 = 1 and ^missing(ACCULT_MESA_V2) THEN ACCULT_MESA = ACCULT_MESA_V2;
188        
189          * CESD10;
190          IF BORN_AFTERV2 = 1 and ^missing(CESD10_V2) THEN CESD10 = CESD10_V2;
191        
192          * N_HC;
193          *IF BORN_AFTERV2 = 1 and ^missing(N_HC_V2) THEN N_HC = N_HC_V2;
194        
195        
196           * PARITY_V1;
197           If RME12A=0 then PARITY_V1=0;
198           If RME12A>0 then PARITY_V1 = RME19;
199        
200           * PRIMIPARA_V1;
201           If PARITY_V1 = 0 THEN PRIMIPARA_V1 = 1;
202           If PARITY_V1 > 0 THEN PRIMIPARA_V1 = 0;
203        
204           * FGLUCOSE_GE100YN;
205           if LABA70 >=100 then FGLUCOSE_GE100YN=1;
206           if LABA70 gt .z and  LABA70< 100 then FGLUCOSE_GE100YN=0;
207        
208           * BMI_GE30YN;
209           if BMI >=30 then BMI_GE30YN=1 ;
210           if BMI <30 and BMI gt .z then BMI_GE30YN=0;
211        
212           * SBP_GE120YN;
213           if SBPA5 >= 120 then SBP_GE120YN=1;
214           if SBPA5 < 120 and SBPA5 gt .z then SBP_GE120YN=0;
215        
216           * DBP_GE80YN;
217           if SBPA6 >=80 then DBP_GE80YN=1;
218           if SBPA6 < 80 and SBPA6 gt .z then DBP_GE80YN=0;
219        
220           * HIGHBPYN;
221           if SBP_GE120YN = 1 or DBP_GE80YN = 1 then HIGHBPYN=1;
222           if SBP_GE120YN = 0 and DBP_GE80YN = 0 then HIGHBPYN=0;
223        
224           * BKGRD1_C7NOMISS;
225           If 0 <= BKGRD1_C7 <= 6 then BKGRD1_C7NOMISS = BKGRD1_C7;
226           If BKGRD1_C7 le .z then BKGRD1_C7NOMISS = 6;
227        
228           * EMPLOYEDYN;
229           if EMPLOYED in (1,2) then EMPLOYEDYN=0;
230           if EMPLOYED in (3,4) then EMPLOYEDYN=1;
231        
232          * YRS_BTWN_V1FLOR;
233           If BORN_AFTERV2 = 1 then do;
234              YRS_BTWN_V1FLOR = (CLINDATE_FLOR - CLINDATE_V2) / 365.25;
235           End;
236        
237           label
238           PARITY_V1	= 'Number of babies born alive by Visit 1'
                                                                               The SAS System

239           PRIMIPARA_V1	= 'FLOR baby is 1st live birth ever (1-yes, 0-no)'
240           FGLUCOSE_GE100YN	= 'Fasting glucose >=100 mg/dL'
241           BMI_GE30YN	= 'BMI >=30 (obese)'
242           SBP_GE120YN	= 'Systolic blood pressure >= 120 mm Hg'
243           DBP_GE80YN	= 'Diastolic blood pressure >= 80 mm Hg'
244           HIGHBPYN	= 'Systolic blood pressure >= 120 (mm Hg) or diastolic blood pressure >= 80 (mm Hg)'
245           BKGRD1_C7NOMISS	= '7-Level Re-classification of Hispanic/Latino Background (Combining Missing with Mixed/Other)'
246           EMPLOYEDYN	= 'Employment Status (1-yes, 0-no)'
247           FLOR_DYAD  = 'FLOR participant'
248           YRS_BTWN_V1FLOR = 'Elapsed time in years between visit 1 and FLOR clinic date'
249           AGE = 'Age'
250        	MARITAL_STATUS = 'Marital Status (collapsed categories)'
251        	LABA67 = 'Triglycerides (mg/dL) (LABA67)'
252        	LABA68 = 'HDL-cholesterol (mg/dL) (LABA68)'
253        	LABA70 = 'Glucose, fasting (mg/dL) (LABA70)'
254        	SBPA5 = 'Average Systolic (SBPA5)'
255        	SBPA6 = 'Average Diastolic (SBPA6)'
256        	SBPA7 = 'Average Pulse Rate (SBPA7)'
257        	TBEA1 = 'Smoke at least 100 cigs in lifetime (TBEA1)'
258        	TBEA3 = 'Present Smoking Status (TBEA3)'
259        	ANTA10A = 'Waist Girth (cm) (ANTA10A)'
260        	AGEGROUP_C6 = '6-level Age Sub-groups'
261        	EMPLOYED = 'Employment Status (includes retirees)'
262        	EDUCATION_C3 = 'Education Status (3 levels)'
263        	INCOME_C3 = '3-level grouped yearly household income'
264        	LANG_PREF = 'Language preference - (1=Span, 2=Eng)'
265        	YRSUS_C3 = 'Years lived in the US (50 States, 3-levels)'
266        	BMI = 'BMI (kg/m2)'
267        	ABDOMINAL_OBESITY_NCEP = 'Abdominal Obesity (waist circ) - NCEP'
268        	CIGARETTE_USE = 'Cigarette Use (1-Never,2=Former,3=Current)'
269        	INSULIN_FAST = 'Insulin, fasting (calibrated, converted to mU/L)'
270        	HIGH_TRIG = 'High Triglycerides (>=150 mg/dL)'
271        	LOW_HDL = 'Low HDL (<40 mg/dl (male), <50 mg/dL (females))'
272        	HOMA_IR = 'HOMA index of Insulin Resistance'
273        	CURRENT_SMOKER = 'Current Smoker (from CIGARETTE_USE)'
274        	DIABETES_SELF = 'Diabetes - self report only'
275        	DIABETES_LAB = '3-level grouped Diabetes - Lab'
276        	DIABETES3 = '3-level grouped Diabetes - ADA Guidelines plus self-reported diabetes diagnosis'
277        	DM_AWARE = 'Diabetes awareness at baseline'
278        	DM_CONTROL = 'Diabetes controlled: DM Classified at Baseline and A1C < 7%'
279        	ACCULT_MESA = "Acculturation Score - MESA"
280        	CESD10 = "10-item CESD10"	
281        	N_HC = "Health Insurance Coverage - Current"
282        ;
283        run;

NOTE: Variable N_HC is uninitialized.
NOTE: There were 16415 observations read from the data set INVV1.PART_DERV_INV4.
NOTE: There were 16288 observations read from the data set INVV1.LABA_INV4.
NOTE: There were 16412 observations read from the data set INVV1.SBPA_INV4.
NOTE: There were 16346 observations read from the data set INVV1.TBEA_INV4.
NOTE: There were 16414 observations read from the data set INVV1.PIEA_INV4.
NOTE: There were 16352 observations read from the data set INVV1.ECEA_INV4.
NOTE: There were 16130 observations read from the data set INVV1.OCEA_INV4.
NOTE: There were 16389 observations read from the data set INVV1.ANTA_INV4.
NOTE: There were 16415 observations read from the data set INVV1.PA_DERV_INV4.
NOTE: There were 11623 observations read from the data set INVV2.PART_DERV_V2_INV3.
                                                                               The SAS System

NOTE: There were 7204 observations read from the data set INVV2.RME_V2_INV3.
NOTE: There were 11588 observations read from the data set INVV2.LAB_DERV_V2_INV3.
NOTE: There were 11614 observations read from the data set INVV2.SBP_V2_INV3.
NOTE: There were 11611 observations read from the data set INVV2.TBE_V2_INV3.
NOTE: There were 11609 observations read from the data set INVV2.ANT_V2_INV3.
NOTE: There were 291 observations read from the data set FLOR.FLOR_PART_DERV_INV2.
NOTE: There were 291 observations read from the data set FLOR.DEMB_INV2.
NOTE: The data set WORK.COMPLETE_DT has 16415 observations and 163 variables.
NOTE: DATA statement used (Total process time):
      real time           1.44 seconds
      cpu time            0.09 seconds
      

284        
285        * Create dataset for flor participants;
286        data &output_dataset(label="MS #1560 Analysis File (ONLY FLOR participants) created in &job on &sysdate.");
287        	merge complete_dt hc3383.hc338301_flor(keep=id pce: BIRTHWT_GA_Z BIRTHWT_GA_PCT BABY1YN DAYSV1BIRTH YRSV1BIRTH BIRTHWT_C3 LGA SGA PRETERM BIRTH_ORDER); * no
287      ! access to conf data. It uses the analytic file to bring those variables;
288        	by id;
289        	if flor_dyad;
290        run;

NOTE: There were 16415 observations read from the data set WORK.COMPLETE_DT.
NOTE: There were 291 observations read from the data set HC3383.HC338301_FLOR.
NOTE: The data set OUTPUT.HC338351_FLOR_06MAY25 has 291 observations and 256 variables.
NOTE: DATA statement used (Total process time):
      real time           0.07 seconds
      cpu time            0.00 seconds
      

291        
292        
293        
294        * Create dataset for all participants with a baby, even those w/o participation in flor;
295        proc sql;
296        	create table output_dataset2 as
297        	select *
298        	from complete_dt
299        	where id in (select distinct(id)
300        				  from hc3383.hc338301_all);
NOTE: Table WORK.OUTPUT_DATASET2 created, with 550 rows and 163 columns.

301        quit;
NOTE: PROCEDURE SQL used (Total process time):
      real time           0.17 seconds
      cpu time            0.01 seconds
      

302        
303        data &output_dataset2(label="All 1st live singleton births between V1 & V2 created in &job on &sysdate.");
304        	merge output_dataset2 hc3383.hc338301_all(keep=id pce: BIRTHWT_GA_Z BIRTHWT_GA_PCT BABY1YN DAYSV1BIRTH YRSV1BIRTH BIRTHWT_C3 LGA SGA PRETERM BIRTH_ORDER);
305        	by id;
306        	if missing(born_afterv2) then born_afterv2 = 0;
307        run;

NOTE: There were 550 observations read from the data set WORK.OUTPUT_DATASET2.
NOTE: There were 550 observations read from the data set HC3383.HC338301_ALL.
                                                                               The SAS System

NOTE: The data set OUTPUT.HC338351_ALL_06MAY25 has 550 observations and 256 variables.
NOTE: DATA statement used (Total process time):
      real time           0.06 seconds
      cpu time            0.00 seconds
      

308        
309        * Sort the dataset by id;
310        proc sort data = &output_dataset; by id; run;

NOTE: There were 291 observations read from the data set OUTPUT.HC338351_FLOR_06MAY25.
NOTE: The data set OUTPUT.HC338351_FLOR_06MAY25 has 291 observations and 256 variables.
NOTE: PROCEDURE SORT used (Total process time):
      real time           0.06 seconds
      cpu time            0.00 seconds
      

311        proc sort data = &output_dataset2; by id; run;

NOTE: There were 550 observations read from the data set OUTPUT.HC338351_ALL_06MAY25.
NOTE: The data set OUTPUT.HC338351_ALL_06MAY25 has 550 observations and 256 variables.
NOTE: PROCEDURE SORT used (Total process time):
      real time           0.08 seconds
      cpu time            0.01 seconds
      

312        
313        * print the contents;
314        ods rtf file = "&homepath.\code\&job\contents_flor_&sysdate..rtf";
NOTE: Writing RTF Body file: J:\HCHS\STATISTICS\GRAS\QAngarita\FLOR\MS1560\code\HC338351\contents_flor_06MAY25.rtf
315        	
315      !  proc contents data = &output_dataset;
316        		ods noproctitle;
317        	run;

NOTE: PROCEDURE CONTENTS used (Total process time):
      real time           0.06 seconds
      cpu time            0.04 seconds
      
NOTE: The PROCEDURE CONTENTS printed pages 1-6.

318        ods rtf close;
319        
320        * print the contents;
321        ods rtf file = "&homepath.\code\&job\contents_all_&sysdate..rtf";
NOTE: Writing RTF Body file: J:\HCHS\STATISTICS\GRAS\QAngarita\FLOR\MS1560\code\HC338351\contents_all_06MAY25.rtf
322        	
322      !  proc contents data = &output_dataset2;
323        		ods noproctitle;
324        	run;

NOTE: PROCEDURE CONTENTS used (Total process time):
      real time           0.06 seconds
      cpu time            0.06 seconds
      
NOTE: The PROCEDURE CONTENTS printed pages 7-12.

                                                                               The SAS System

325        ods rtf close;
326        
327        proc printto; run;

