1                                                          The SAS System                                 18:20 Monday, May 12, 2025

NOTE: Copyright (c) 2023 by SAS Institute Inc., Cary, NC, USA. 
NOTE: SAS (r) Proprietary Software 9.4 (TS1M8) 
      Licensed to UNIVERSITY OF NORTH CAROLINA CHAPEL HILL - SFA T&R, Site 70022629.
NOTE: This session is executing on the W32_WIN+PRO  platform.



NOTE: Analytical products:
      
      SAS/STAT 15.3
      SAS/ETS 15.3
      SAS/OR 15.3
      SAS/IML 15.3
      SAS/QC 15.3

NOTE: Additional host information:

 W32_WIN+PRO WIN 10.0.22631  Workstation

NOTE: SAS initialization used:
      real time           0.29 seconds
      cpu time            0.06 seconds
      
1          %let homepath = J:\HCHS\STATISTICS\GRAS\QAngarita\FLOR\MS1560;
2          proc printto log="&homepath.\code\HC338351\HC338351_&sysdate..log"
3          	print = "&homepath.\code\HC338351\HC338351_&sysdate..lst" new;
4          run;

NOTE: PROCEDURE PRINTTO used (Total process time):
      real time           0.46 seconds
      cpu time            0.01 seconds
      

5          
6          /*********************************************************
7          *                                                         *
8          *  SAS PROGRAM - QC DATASET JOB HC3383 					         *
9          *                                                        *
10         **********************************************************
11         *                                                        *
12         *  PROGRAM NAME: HC338351.sas
13         *
14         *  PROGRAMMER: Álvaro Quijano (AQ)
15         *
16         *  DESCRIPTION:
17         				
18         *
19         * ---------------------------------------------------------
20         *
21         *  JOB NUMBER: HC338351
22         *
23         *  PREVIOUS JOB:
24         *
25         *  LANGUAGE: SAS 9.4
26         *
27         *  VERSION CONTROL:
28         					21APR25 - (HC338351) Start file
29         					22APR25 - add the new derived variables cesd10 and accult_mesa
2                                                          The SAS System                                 18:20 Monday, May 12, 2025

30         					05MAY25 - Include the #_all dataset
31         					08may25 - Updated to include the updates in cont#1(n_hc (v1 and v2) and alcohol_use variables)
32         
33         * ----------------------------------------------------------
34         *
35         *  INPUT:
36         *
37         *  OUTPUT:
38         *
39         **********************************************************/
40         options orientation = landscape nodate formchar = "|----|+|---+=|-/\<>*" nonumber PS=59 LS=173;
41         
42         * Set libraries name;
43         libname invv1 "J:\HCHS\SC\Sasdata\INV_Use\Consolidated";
NOTE: Libref INVV1 was successfully assigned as follows: 
      Engine:        V9 
      Physical Name: J:\HCHS\SC\Sasdata\INV_Use\Consolidated
44         libname invv2 "J:\HCHS\SC\Sasdata\Visit2\INV_Use\Consolidated";
NOTE: Libref INVV2 was successfully assigned as follows: 
      Engine:        V9 
      Physical Name: J:\HCHS\SC\Sasdata\Visit2\INV_Use\Consolidated
45         libname flor "J:\HCHS\SC\Sasdata\Ancillary\SOL FLOR\INV_Use\Datasets";
NOTE: Libref FLOR was successfully assigned as follows: 
      Engine:        V9 
      Physical Name: J:\HCHS\SC\Sasdata\Ancillary\SOL FLOR\INV_Use\Datasets
46         libname confid 'J:\HCHS\SC\Confid\Sasdata\Visit2\Internal_Use';
NOTE: Libref CONFID was successfully assigned as follows: 
      Engine:        V9 
      Physical Name: J:\HCHS\SC\Confid\Sasdata\Visit2\Internal_Use
47         libname output "&homepath.\data";
NOTE: Libref OUTPUT was successfully assigned as follows: 
      Engine:        V9 
      Physical Name: J:\HCHS\STATISTICS\GRAS\QAngarita\FLOR\MS1560\data
48         libname hc3383 "J:\HCHS\SC\Review\HC3383";
NOTE: Libref HC3383 was successfully assigned as follows: 
      Engine:        V9 
      Physical Name: J:\HCHS\SC\Review\HC3383
49         
50         * Set macro variables;
51         %let pw = los_shch;
52         %let job = HC338351;
53         %let output_dataset = output.HC338351_flor_&sysdate.;
54         %let output_dataset2 = output.HC338351_all_&sysdate.;
55         
56         * Create the dataset HC338351;
57         data complete_dt;
58         	merge invv1.PART_DERV_INV4(keep = STRAT PSU_ID WEIGHT_FINAL_NORM_OVERALL ID CENTER CENTERNUM CLINDATE AGE
59         				AGEGROUP_C2 AGEGROUP_C6 GENDER GENDERNUM EDUCATION_C2 EDUCATION_C3
60         		    	INCOME INCOME_C3 INCOME_C5 POVPCT POVPCT_C4 EMPLOYED YRSUS_C3 HIGH_TRIG LOW_HDL
61         				ABDOMINAL_OBESITY_NCEP MARITAL_STATUS BKGRD1_C7 SITE_BKGRD US_BORN YRSUS YRSUS_C2
62         				LANG_PREF ACCULT_MESA BMI BMIGRP_C4 BMIGRP_C6 HEIGHT INSULIN_FAST
63         		   		HOMA_IR CIGARETTE_USE CURRENT_SMOKER DIABETES_SELF DIABETES1 DIABETES2
64         		    	DIABETES2_INDICATOR DIABETES_LAB DIABETES3 DIAB_DIAG DM_AWARE DM_CONTROL
65         		    	DIABETES_C4 HYPERTENSION MED_ANTIDIAB MED_ANTIHYPERT MED_LLD CESD10 STAI10 HEI2010 ALCOHOL_USE N_HC
66         				AGG_MENT AGG_PHYS pw = &pw)
67         		invv1.laba_inv4(pw=&pw keep = id laba67 laba68 laba70)
68         		invv1.sbpa_inv4(pw=&pw keep = id sbpa5 sbpa6 sbpa7)
                                                                               The SAS System

69         		invv1.tbea_inv4(pw=&pw keep = id tbea1 tbea3)
70         		invv1.piea_inv4(pw=&pw keep = id piea4 piea7)
71         		invv1.ecea_inv4(pw=&pw keep = id ecea2 ecea3 ecea4 ecea5)
72         		invv1.ocea_inv4(pw=&pw keep = id ocea1 ocea5)
73         		invv1.anta_inv4(pw=&pw keep = id anta10a)
74         		invv1.pa_derv_inv4(pw=&pw keep = id weight_pa_ipw_overall acticalyn adherentyn mv_day hrs_day)
75         		invv2.part_derv_v2_inv3(pw=&pw keep = id age_v2 accult_mesa_v2 cesd10_v2 CLINDATE_V2 YRS_BTWN_V1V2  WEIGHT_NORM_OVERALL_V2 CONSENT_V2
76         				GENDER_V2 AGEGROUP_C6_V2 EMPLOYED_V2 EDUCATION_C3_V2 INCOME_C3_V2  LANG_PREF_V2 YRSUS_C3_V2
77          				BMI_V2 ABDOMINAL_OBESITY_NCEP_V2 CIGARETTE_USE_V2 INSULIN_FAST_V2 HIGH_TRIG_V2 LOW_HDL_V2 HOMA_IR_V2
78         				CURRENT_SMOKER_V2 DIABETES_SELF_V2 DIABETES_LAB_V2 DIABETES3_V2 DM3_AWARE_V2 DM3_CONTROL_V2 n_hc_v2)
79         		invv2.rme_v2_inv3(pw=&pw keep = id rme12A rme13A rme19)
80         		invv2.lab_derv_v2_inv3(pw=&pw keep = id laba67 laba68 laba70 rename=(laba67 = LABA67_v2 laba68 = LABA68_v2 laba70 = LABA70_v2))
81         		invv2.sbp_v2_inv3(pw=&pw keep = id sbp5 sbp6 sbp7)
82         		invv2.tbe_v2_inv3(pw=&pw keep = id tbe1 tbe4)
83         		invv2.ant_v2_inv3(pw=&pw keep = id ant10a)
84         		flor.flor_part_derv_inv2(in=in_flor pw=&pw keep = id id_child id_dad MODE1 MODE2 AGE_CHILD_ENROLL AGE_CHILD_CLINDATE AGE_CHILD_CLINDATE_MO
85         				AGEGRP_CHILD_C4 CLINDATE_FLOR AGE_MOM_FLOR HEIGHT WEIGHT YRS_BTWN_V1FLOR BMIZ WAZ HAZ BMIPCT BMIPCT_C3 BORN_AFTERV2 rename=(HEIGHT=CHILD_HEIGHT
85       ! WEIGHT=CHILD_WEIGHT))
86         		flor.demb_inv2(keep = id demb1 demb7-demb11 demb12A demb12B demb13 demb14 demb14A demb15 demb15A demb16)
87         		;
88         	by id ;
89         	
90            * FLOR_DYAD;
91            if IN_FLOR then FLOR_DYAD = 1; else FLOR_DYAD = 0;
92         
93            * AGE;
94            If BORN_AFTERV2 = 1 then AGE = AGE_V2;
95         
96            * MARITAL_STATUS;
97            If BORN_AFTERV2 = 1 then do;
98               If DEMB11 = 1 then MARITAL_STATUS = 1;
99               Else if DEMB11 in (2,6) then MARITAL_STATUS = 2;
100              Else if DEMB11 in (3,4,5) then MARITAL_STATUS = 3;
101           end;
102        
103           * LABA67;
104           If BORN_AFTERV2 = 1 then LABA67 = LABA67_V2;
105        
106           * LABA68;
107           If BORN_AFTERV2 = 1 then LABA68 = LABA68_V2;
108        
109           * LABA70;
110           If BORN_AFTERV2 = 1 then LABA70 = LABA70_V2;
111        
112           * SBPA5;
113           If BORN_AFTERV2 = 1 then SBPA5 = SBP5;
114        
115           * SBPA6;
116           If BORN_AFTERV2 = 1 then SBPA6 = SBP6;
117        
118           * SBPA7;
119           If BORN_AFTERV2 = 1 then SBPA7 = SBP7;
120        
121           * TBEA1;
122           If BORN_AFTERV2 = 1 then TBEA1 = TBE1;
123        
124           * TBEA3;
                                                                               The SAS System

125           If BORN_AFTERV2 = 1 then TBEA3 = TBE4;
126        
127           * ANTA10A;
128           If BORN_AFTERV2 = 1 then ANTA10A = ANT10A;
129        
130           * AGEGROUP_C6;
131           If BORN_AFTERV2 = 1 then AGEGROUP_C6 = AGEGROUP_C6_V2;
132        
133           * EMPLOYED;
134           If BORN_AFTERV2 = 1 then EMPLOYED = EMPLOYED_V2;
135        
136           * EDUCATION_C3;
137           If BORN_AFTERV2 = 1 and ^MISSING(EDUCATION_C3_V2) then EDUCATION_C3 = EDUCATION_C3_V2;
138        
139           * INCOME_C3;
140           If BORN_AFTERV2 = 1 then INCOME_C3 = INCOME_C3_V2;
141        
142           * LANG_PREF;
143           If BORN_AFTERV2 = 1 then LANG_PREF = LANG_PREF_V2;
144        
145           * YRSUS_C3;
146           If BORN_AFTERV2 = 1 then YRSUS_C3 = YRSUS_C3_V2;
147        
148           * BMI;
149           If BORN_AFTERV2 = 1 then BMI = BMI_V2;
150        
151           * ABDOMINAL_OBESITY_NCEP;
152          If BORN_AFTERV2 = 1 then ABDOMINAL_OBESITY_NCEP = ABDOMINAL_OBESITY_NCEP_V2;
153        
154           * CIGARETTE_USE;
155          If BORN_AFTERV2 = 1 then CIGARETTE_USE = CIGARETTE_USE_V2;
156        
157           * INSULIN_FAST;
158          If BORN_AFTERV2 = 1 then INSULIN_FAST = INSULIN_FAST_V2;
159        
160           * HIGH_TRIG;
161          If BORN_AFTERV2 = 1 then HIGH_TRIG = HIGH_TRIG_V2;
162        
163           * LOW_HDL;
164          If BORN_AFTERV2 = 1 then LOW_HDL = LOW_HDL_V2;
165        
166           * HOMA_IR;
167          If BORN_AFTERV2 = 1 then HOMA_IR = HOMA_IR_V2;
168        
169           * CURRENT_SMOKER;
170          If BORN_AFTERV2 = 1 then CURRENT_SMOKER = CURRENT_SMOKER_V2;
171        
172           * DIABETES_SELF;
173          If BORN_AFTERV2 = 1 then DIABETES_SELF = DIABETES_SELF_V2;
174        
175           * DIABETES_LAB;
176          If BORN_AFTERV2 = 1 then DIABETES_LAB = DIABETES_LAB_V2;
177        
178           * DIABETES3;
179          If BORN_AFTERV2 = 1 then DIABETES3 = DIABETES3_V2;
180        
181           * DM_AWARE;
                                                                               The SAS System

182          If BORN_AFTERV2 = 1 then DM_AWARE = DM3_AWARE_V2;
183        
184           * DM_CONTROL;
185          If BORN_AFTERV2 = 1 then DM_CONTROL = DM3_CONTROL_V2;
186        
187           * ACCULT_MESA;
188          IF BORN_AFTERV2 = 1 and ^missing(ACCULT_MESA_V2) THEN ACCULT_MESA = ACCULT_MESA_V2;
189        
190          * CESD10;
191          IF BORN_AFTERV2 = 1 and ^missing(CESD10_V2) THEN CESD10 = CESD10_V2;
192        
193          * N_HC;
194          IF BORN_AFTERV2 = 1 and ^missing(N_HC_V2) THEN N_HC = N_HC_V2;
195        
196        
197           * PARITY_V1;
198           If RME12A=0 then PARITY_V1=0;
199           If RME12A>0 then PARITY_V1 = RME19;
200        
201           * PRIMIPARA_V1;
202           If PARITY_V1 = 0 THEN PRIMIPARA_V1 = 1;
203           If PARITY_V1 > 0 THEN PRIMIPARA_V1 = 0;
204        
205           * FGLUCOSE_GE100YN;
206           if LABA70 >=100 then FGLUCOSE_GE100YN=1;
207           if LABA70 gt .z and  LABA70< 100 then FGLUCOSE_GE100YN=0;
208        
209           * BMI_GE30YN;
210           if BMI >=30 then BMI_GE30YN=1 ;
211           if BMI <30 and BMI gt .z then BMI_GE30YN=0;
212        
213           * SBP_GE120YN;
214           if SBPA5 >= 120 then SBP_GE120YN=1;
215           if SBPA5 < 120 and SBPA5 gt .z then SBP_GE120YN=0;
216        
217           * DBP_GE80YN;
218           if SBPA6 >=80 then DBP_GE80YN=1;
219           if SBPA6 < 80 and SBPA6 gt .z then DBP_GE80YN=0;
220        
221           * HIGHBPYN;
222           if SBP_GE120YN = 1 or DBP_GE80YN = 1 then HIGHBPYN=1;
223           if SBP_GE120YN = 0 and DBP_GE80YN = 0 then HIGHBPYN=0;
224        
225           * BKGRD1_C7NOMISS;
226           If 0 <= BKGRD1_C7 <= 6 then BKGRD1_C7NOMISS = BKGRD1_C7;
227           If BKGRD1_C7 le .z then BKGRD1_C7NOMISS = 6;
228        
229           * EMPLOYEDYN;
230           if EMPLOYED in (1,2) then EMPLOYEDYN=0;
231           if EMPLOYED in (3,4) then EMPLOYEDYN=1;
232        
233          * YRS_BTWN_V1FLOR;
234           If BORN_AFTERV2 = 1 then do;
235              YRS_BTWN_V1FLOR = (CLINDATE_FLOR - CLINDATE_V2) / 365.25;
236           End;
237        
238           label
                                                                               The SAS System

239           PARITY_V1	= 'Number of babies born alive by Visit 1'
240           PRIMIPARA_V1	= 'FLOR baby is 1st live birth ever (1-yes, 0-no)'
241           FGLUCOSE_GE100YN	= 'Fasting glucose >=100 mg/dL'
242           BMI_GE30YN	= 'BMI >=30 (obese)'
243           SBP_GE120YN	= 'Systolic blood pressure >= 120 mm Hg'
244           DBP_GE80YN	= 'Diastolic blood pressure >= 80 mm Hg'
245           HIGHBPYN	= 'Systolic blood pressure >= 120 (mm Hg) or diastolic blood pressure >= 80 (mm Hg)'
246           BKGRD1_C7NOMISS	= '7-Level Re-classification of Hispanic/Latino Background (Combining Missing with Mixed/Other)'
247           EMPLOYEDYN	= 'Employment Status (1-yes, 0-no)'
248           FLOR_DYAD  = 'FLOR participant'
249           YRS_BTWN_V1FLOR = 'Elapsed time in years between visit 1 and FLOR clinic date'
250           AGE = 'Age'
251        	MARITAL_STATUS = 'Marital Status (collapsed categories)'
252        	LABA67 = 'Triglycerides (mg/dL) (LABA67)'
253        	LABA68 = 'HDL-cholesterol (mg/dL) (LABA68)'
254        	LABA70 = 'Glucose, fasting (mg/dL) (LABA70)'
255        	SBPA5 = 'Average Systolic (SBPA5)'
256        	SBPA6 = 'Average Diastolic (SBPA6)'
257        	SBPA7 = 'Average Pulse Rate (SBPA7)'
258        	TBEA1 = 'Smoke at least 100 cigs in lifetime (TBEA1)'
259        	TBEA3 = 'Present Smoking Status (TBEA3)'
260        	ANTA10A = 'Waist Girth (cm) (ANTA10A)'
261        	AGEGROUP_C6 = '6-level Age Sub-groups'
262        	EMPLOYED = 'Employment Status (includes retirees)'
263        	EDUCATION_C3 = 'Education Status (3 levels)'
264        	INCOME_C3 = '3-level grouped yearly household income'
265        	LANG_PREF = 'Language preference - (1=Span, 2=Eng)'
266        	YRSUS_C3 = 'Years lived in the US (50 States, 3-levels)'
267        	BMI = 'BMI (kg/m2)'
268        	ABDOMINAL_OBESITY_NCEP = 'Abdominal Obesity (waist circ) - NCEP'
269        	CIGARETTE_USE = 'Cigarette Use (1-Never,2=Former,3=Current)'
270        	INSULIN_FAST = 'Insulin, fasting (calibrated, converted to mU/L)'
271        	HIGH_TRIG = 'High Triglycerides (>=150 mg/dL)'
272        	LOW_HDL = 'Low HDL (<40 mg/dl (male), <50 mg/dL (females))'
273        	HOMA_IR = 'HOMA index of Insulin Resistance'
274        	CURRENT_SMOKER = 'Current Smoker (from CIGARETTE_USE)'
275        	DIABETES_SELF = 'Diabetes - self report only'
276        	DIABETES_LAB = '3-level grouped Diabetes - Lab'
277        	DIABETES3 = '3-level grouped Diabetes - ADA Guidelines plus self-reported diabetes diagnosis'
278        	DM_AWARE = 'Diabetes awareness at baseline'
279        	DM_CONTROL = 'Diabetes controlled: DM Classified at Baseline and A1C < 7%'
280        	ACCULT_MESA = "Acculturation Score - MESA"
281        	CESD10 = "10-item CESD10"	
282        	N_HC = "Health Insurance Coverage - Current"
283        ;
284        run;

NOTE: There were 16415 observations read from the data set INVV1.PART_DERV_INV4.
NOTE: There were 16288 observations read from the data set INVV1.LABA_INV4.
NOTE: There were 16412 observations read from the data set INVV1.SBPA_INV4.
NOTE: There were 16346 observations read from the data set INVV1.TBEA_INV4.
NOTE: There were 16414 observations read from the data set INVV1.PIEA_INV4.
NOTE: There were 16352 observations read from the data set INVV1.ECEA_INV4.
NOTE: There were 16130 observations read from the data set INVV1.OCEA_INV4.
NOTE: There were 16389 observations read from the data set INVV1.ANTA_INV4.
NOTE: There were 16415 observations read from the data set INVV1.PA_DERV_INV4.
NOTE: There were 11623 observations read from the data set INVV2.PART_DERV_V2_INV3.
                                                                               The SAS System

NOTE: There were 7204 observations read from the data set INVV2.RME_V2_INV3.
NOTE: There were 11588 observations read from the data set INVV2.LAB_DERV_V2_INV3.
NOTE: There were 11614 observations read from the data set INVV2.SBP_V2_INV3.
NOTE: There were 11611 observations read from the data set INVV2.TBE_V2_INV3.
NOTE: There were 11609 observations read from the data set INVV2.ANT_V2_INV3.
NOTE: There were 291 observations read from the data set FLOR.FLOR_PART_DERV_INV2.
NOTE: There were 291 observations read from the data set FLOR.DEMB_INV2.
NOTE: The data set WORK.COMPLETE_DT has 16415 observations and 166 variables.
NOTE: DATA statement used (Total process time):
      real time           1.72 seconds
      cpu time            0.06 seconds
      

285        
286        * Create dataset for flor participants;
287        data &output_dataset(label="MS #1560 Analysis File (ONLY FLOR participants) created in &job on &sysdate.");
288        	merge complete_dt hc3383.hc338301_flor(keep=id pce: BIRTHWT_GA_Z BIRTHWT_GA_PCT BABY1YN DAYSV1BIRTH YRSV1BIRTH BIRTHWT_C3 LGA SGA PRETERM BIRTH_ORDER); * no
288      ! access to conf data. It uses the analytic file to bring those variables;
289        	by id;
290        	if flor_dyad;
291        run;

NOTE: There were 16415 observations read from the data set WORK.COMPLETE_DT.
NOTE: There were 291 observations read from the data set HC3383.HC338301_FLOR.
NOTE: The data set OUTPUT.HC338351_FLOR_12MAY25 has 291 observations and 259 variables.
NOTE: DATA statement used (Total process time):
      real time           0.91 seconds
      cpu time            0.00 seconds
      

292        
293        
294        
295        * Create dataset for all participants with a baby, even those w/o participation in flor;
296        proc sql;
297        	create table output_dataset2 as
298        	select *
299        	from complete_dt
300        	where id in (select distinct(id)
301        				  from hc3383.hc338301_all);
NOTE: Table WORK.OUTPUT_DATASET2 created, with 550 rows and 166 columns.

302        quit;
NOTE: PROCEDURE SQL used (Total process time):
      real time           0.48 seconds
      cpu time            0.00 seconds
      

303        
304        data &output_dataset2(label="All 1st live singleton births between V1 & V2 created in &job on &sysdate.");
305        	merge output_dataset2 hc3383.hc338301_all(keep=id pce: BIRTHWT_GA_Z BIRTHWT_GA_PCT BABY1YN DAYSV1BIRTH YRSV1BIRTH BIRTHWT_C3 LGA SGA PRETERM BIRTH_ORDER);
306        	by id;
307        	if missing(born_afterv2) then born_afterv2 = 0;
308        run;

NOTE: There were 550 observations read from the data set WORK.OUTPUT_DATASET2.
NOTE: There were 550 observations read from the data set HC3383.HC338301_ALL.
                                                                               The SAS System

NOTE: The data set OUTPUT.HC338351_ALL_12MAY25 has 550 observations and 259 variables.
NOTE: DATA statement used (Total process time):
      real time           0.09 seconds
      cpu time            0.01 seconds
      

309        
310        * Sort the dataset by id;
311        proc sort data = &output_dataset; by id; run;

NOTE: There were 291 observations read from the data set OUTPUT.HC338351_FLOR_12MAY25.
NOTE: The data set OUTPUT.HC338351_FLOR_12MAY25 has 291 observations and 259 variables.
NOTE: PROCEDURE SORT used (Total process time):
      real time           0.06 seconds
      cpu time            0.00 seconds
      

312        proc sort data = &output_dataset2; by id; run;

NOTE: There were 550 observations read from the data set OUTPUT.HC338351_ALL_12MAY25.
NOTE: The data set OUTPUT.HC338351_ALL_12MAY25 has 550 observations and 259 variables.
NOTE: PROCEDURE SORT used (Total process time):
      real time           0.07 seconds
      cpu time            0.00 seconds
      

313        
314        * print the contents;
315        ods rtf file = "&homepath.\code\&job\contents_flor_&sysdate..rtf";
NOTE: Writing RTF Body file: J:\HCHS\STATISTICS\GRAS\QAngarita\FLOR\MS1560\code\HC338351\contents_flor_12MAY25.rtf
316        	
316      !  proc contents data = &output_dataset;
317        		ods noproctitle;
318        	run;

NOTE: PROCEDURE CONTENTS used (Total process time):
      real time           0.07 seconds
      cpu time            0.06 seconds
      
NOTE: The PROCEDURE CONTENTS printed pages 1-6.

319        ods rtf close;
320        
321        * print the contents;
322        ods rtf file = "&homepath.\code\&job\contents_all_&sysdate..rtf";
NOTE: Writing RTF Body file: J:\HCHS\STATISTICS\GRAS\QAngarita\FLOR\MS1560\code\HC338351\contents_all_12MAY25.rtf
323        	
323      !  proc contents data = &output_dataset2;
324        		ods noproctitle;
325        	run;

NOTE: PROCEDURE CONTENTS used (Total process time):
      real time           0.06 seconds
      cpu time            0.04 seconds
      
NOTE: The PROCEDURE CONTENTS printed pages 7-12.

                                                                               The SAS System

326        ods rtf close;
327        
328        proc printto; run;

NOTE: PROCEDURE PRINTTO used (Total process time):
      real time           0.00 seconds
      cpu time            0.00 seconds
      

NOTE: SAS Institute Inc., SAS Campus Drive, Cary, NC USA 27513-2414
NOTE: The SAS System used:
      real time           4.55 seconds
      cpu time            0.29 seconds
      
