NOTE: PROCEDURE PRINTTO used (Total process time):
      real time           0.20 seconds
      cpu time            0.01 seconds
      

5          
6          /*********************************************************
7          *                                                         *
8          *  SAS PROGRAM - QC DATASET JOB HC3383 					         *
9          *                                                        *
10         **********************************************************
11         *                                                        *
12         *  PROGRAM NAME: HC338351.sas
13         *
14         *  PROGRAMMER: Álvaro Quijano (AQ)
15         *
16         *  DESCRIPTION:
17         				
18         *
19         * ---------------------------------------------------------
20         *
21         *  JOB NUMBER: HC338351
22         *
23         *  PREVIOUS JOB:
24         *
25         *  LANGUAGE: SAS 9.4
26         *
27         *  VERSION CONTROL:
28         					21apr25 - (HC338351) Start file
29         					22apr25 - add the new derived variables cesd10 and accult_mesa
2                                                          The SAS System                                 10:18 Monday, June 2, 2025

30         					05may25 - Include the #_all dataset
31         					08may25 - Updated to include the updates in cont#1(n_hc (v1 and v2) and alcohol_use variables)
32         					12may25 - Includes SC file (already QC'ed) as the starting point
33         					02jun25 - Include child_prs_bmi_a data
34         
35         * ----------------------------------------------------------
36         *
37         *  INPUT:
38         *
39         *  OUTPUT:
40         *
41         **********************************************************/
42         options orientation = landscape nodate formchar = "|----|+|---+=|-/\<>*" nonumber PS=59 LS=173;
43         
44         * Set libraries name;
45         libname invv1 "J:\HCHS\SC\Sasdata\INV_Use\Consolidated";
NOTE: Libref INVV1 was successfully assigned as follows: 
      Engine:        V9 
      Physical Name: J:\HCHS\SC\Sasdata\INV_Use\Consolidated
46         libname invv2 "J:\HCHS\SC\Sasdata\Visit2\INV_Use\Consolidated";
NOTE: Libref INVV2 was successfully assigned as follows: 
      Engine:        V9 
      Physical Name: J:\HCHS\SC\Sasdata\Visit2\INV_Use\Consolidated
47         libname flor "J:\HCHS\SC\Sasdata\Ancillary\SOL FLOR\INV_Use\Datasets";
NOTE: Libref FLOR was successfully assigned as follows: 
      Engine:        V9 
      Physical Name: J:\HCHS\SC\Sasdata\Ancillary\SOL FLOR\INV_Use\Datasets
48         libname confid 'J:\HCHS\SC\Confid\Sasdata\Visit2\Internal_Use';
NOTE: Libref CONFID was successfully assigned as follows: 
      Engine:        V9 
      Physical Name: J:\HCHS\SC\Confid\Sasdata\Visit2\Internal_Use
49         libname output "&homepath.\data";
NOTE: Libref OUTPUT was successfully assigned as follows: 
      Engine:        V9 
      Physical Name: J:\HCHS\STATISTICS\GRAS\QAngarita\FLOR\MS1560\data
50         libname hc3383 "J:\HCHS\SC\Review\HC3383";
NOTE: Libref HC3383 was successfully assigned as follows: 
      Engine:        V9 
      Physical Name: J:\HCHS\SC\Review\HC3383
51         libname floriu "J:\HCHS\SC\Sasdata\Ancillary\SOL FLOR\Internal_Use";
NOTE: Libref FLORIU was successfully assigned as follows: 
      Engine:        V9 
      Physical Name: J:\HCHS\SC\Sasdata\Ancillary\SOL FLOR\Internal_Use
52         
53         * include macros;
54         %include "J:\HCHS\STATISTICS\GRAS\QAngarita\FLOR\MS1560\code\HC338391\HC3383_anonymize_db.sas";
NOTE: Libref ENCRP was successfully assigned as follows: 
      Engine:        V9 
      Physical Name: J:\HCHS\SC\SASDATA\Encrypted_IDs
NOTE: Libref TRANSID was successfully assigned as follows: 
      Engine:        V9 
      Physical Name: J:\HCHS\SC\SASDATA\Transfer_IDS
132        
133        * Set macro variables;
134        %let pw = los_shch;
135        %let job = HC338351;
136        
                                                                               The SAS System

137        * Define the output dataset names;
138        %let output_dataset = output.HC338351_flor_&sysdate.;
139        %let output_dataset2 = output.HC338351_all_&sysdate.;
140        
141        * Mask the subject's IDs in the IU dataset;
142        %anonymize_db(data = floriu.flor_grs_child_iu2(keep=subjectid child_prs_bmi_a),
143        				out = flor_grs_child_iu2);

NOTE: Input data set is already sorted; it has been copied to the output data set.
NOTE: There were 12 observations read from the data set TRANSID.TRANSFER_IDS.
NOTE: The data set WORK.TRANSFER_IDS has 12 observations and 5 variables.
NOTE: PROCEDURE SORT used (Total process time):
      real time           0.01 seconds
      cpu time            0.00 seconds
      


NOTE: There were 12 observations read from the data set WORK.TRANSFER_IDS.
NOTE: There were 16415 observations read from the data set ENCRP.MASTER_ENCRYPTION_FILE_INV3V1.
NOTE: The data set WORK.TRANSFER0 has 12 observations and 2 variables.
NOTE: DATA statement used (Total process time):
      real time           0.03 seconds
      cpu time            0.01 seconds
      


NOTE: There were 16415 observations read from the data set ENCRP.MASTER_ENCRYPTION_FILE_INV3V1.
NOTE: There were 12 observations read from the data set WORK.TRANSFER0.
NOTE: The data set WORK.ENCRYPTO has 16427 observations and 2 variables.
NOTE: DATA statement used (Total process time):
      real time           0.00 seconds
      cpu time            0.01 seconds
      


NOTE: There were 16427 observations read from the data set WORK.ENCRYPTO.
NOTE: The data set WORK.ENCRYPT has 16427 observations and 2 variables.
NOTE: PROCEDURE SORT used (Total process time):
      real time           0.01 seconds
      cpu time            0.00 seconds
      


NOTE: There were 201 observations read from the data set FLORIU.FLOR_GRS_CHILD_IU2.
NOTE: The data set WORK.DATASET has 201 observations and 2 variables.
NOTE: DATA statement used (Total process time):
      real time           0.01 seconds
      cpu time            0.00 seconds
      


NOTE: There were 16427 observations read from the data set WORK.ENCRYPT.
NOTE: There were 201 observations read from the data set WORK.DATASET.
NOTE: The data set WORK.FLOR_GRS_CHILD_IU2 has 201 observations and 2 variables.
NOTE: DATA statement used (Total process time):
      real time           0.00 seconds
      cpu time            0.00 seconds
                                                                               The SAS System

      


NOTE: There were 201 observations read from the data set WORK.FLOR_GRS_CHILD_IU2.
NOTE: The data set WORK.FLOR_GRS_CHILD_IU2 has 201 observations and 2 variables.
NOTE: PROCEDURE SORT used (Total process time):
      real time           0.00 seconds
      cpu time            0.00 seconds
      

144        
145        data output_dataset2;
146        	merge hc3383.hc338301_all
147        			flor_grs_child_iu2;
148        	by id;
149        	
150        	* Recode the missingness in income_c3 for the imputation procedure ;
151        	IF INCOME_C3 = 3 THEN INCOME_C2 = .;
152        	ELSE INCOME_C2 = INCOME_C3;
153        	LABEL INCOME_C2 = "2-level grouped yearly household income";
154        
155        	* PCT_MVPA;
156        	PCT_MVPA = MV_DAY / HRS_DAY;
157        	label PCT_MVPA = "Percentage of time spent in moderate-to-vigorous physical activity";
158        run;

NOTE: Missing values were generated as a result of performing an operation on missing values.
      Each place is given by: (Number of times) at (Line):(Column).
      152 at 156:20   
NOTE: There were 550 observations read from the data set HC3383.HC338301_ALL.
NOTE: There were 201 observations read from the data set WORK.FLOR_GRS_CHILD_IU2.
NOTE: The data set WORK.OUTPUT_DATASET2 has 550 observations and 262 variables.
NOTE: DATA statement used (Total process time):
      real time           0.03 seconds
      cpu time            0.00 seconds
      

159        
160        * Create dataset for flor participants;
161        data &output_dataset;
162        	set &output_dataset2;
163        
164        	if flor_dyad;
165        run;

NOTE: There were 550 observations read from the data set OUTPUT.HC338351_ALL_02JUN25.
NOTE: The data set OUTPUT.HC338351_FLOR_02JUN25 has 291 observations and 262 variables.
NOTE: DATA statement used (Total process time):
      real time           1.85 seconds
      cpu time            0.00 seconds
      

166        
167        * Sort the dataset by id;
168        proc sort data = &output_dataset; by id; run;

NOTE: There were 291 observations read from the data set OUTPUT.HC338351_FLOR_02JUN25.
                                                                               The SAS System

NOTE: The data set OUTPUT.HC338351_FLOR_02JUN25 has 291 observations and 262 variables.
NOTE: PROCEDURE SORT used (Total process time):
      real time           0.06 seconds
      cpu time            0.00 seconds
      

169        proc sort data = &output_dataset2; by id; run;

NOTE: Input data set is already sorted, no sorting done.
NOTE: PROCEDURE SORT used (Total process time):
      real time           0.00 seconds
      cpu time            0.00 seconds
      

170        
171        * print the contents;
172        ods rtf file = "&homepath.\code\&job\contents_flor_&sysdate..rtf";
NOTE: Writing RTF Body file: J:\HCHS\STATISTICS\GRAS\QAngarita\FLOR\MS1560\code\HC338351\contents_flor_02JUN25.rtf
173        	
173      !  proc contents data = &output_dataset;
174        		ods noproctitle;
175        	run;

NOTE: PROCEDURE CONTENTS used (Total process time):
      real time           1.59 seconds
      cpu time            0.04 seconds
      
NOTE: The PROCEDURE CONTENTS printed pages 1-6.

176        ods rtf close;
177        
178        * print the contents;
179        ods rtf file = "&homepath.\code\&job\contents_all_&sysdate..rtf";
NOTE: Writing RTF Body file: J:\HCHS\STATISTICS\GRAS\QAngarita\FLOR\MS1560\code\HC338351\contents_all_02JUN25.rtf
180        	
180      !  proc contents data = &output_dataset2;
181        		ods noproctitle;
182        	run;

NOTE: PROCEDURE CONTENTS used (Total process time):
      real time           0.06 seconds
      cpu time            0.04 seconds
      
NOTE: The PROCEDURE CONTENTS printed pages 7-12.

183        ods rtf close;
184        
185        proc printto; run;

