NOTE: PROCEDURE PRINTTO used (Total process time):
      real time           0.02 seconds
      cpu time            0.00 seconds
      

5          
6          /*********************************************************
7          *                                                         *
8          *  SAS PROGRAM - QC DATASET JOB HC3383 					         *
9          *                                                        *
10         **********************************************************
11         *                                                        *
12         *  PROGRAM NAME: HC338351.sas
13         *
14         *  PROGRAMMER: Álvaro Quijano (AQ)
15         *
16         *  DESCRIPTION:
17         				
18         *
19         * ---------------------------------------------------------
20         *
21         *  JOB NUMBER: HC338351
22         *
23         *  PREVIOUS JOB:
24         *
25         *  LANGUAGE: SAS 9.4
26         *
27         *  VERSION CONTROL:
28         					21apr25 - (HC338351) Start file
29         					22apr25 - add the new derived variables cesd10 and accult_mesa
2                                                          The SAS System                                14:27 Monday, June 23, 2025

30         					05may25 - Include the #_all dataset
31         					08may25 - Updated to include the updates in cont#1(n_hc (v1 and v2) and alcohol_use variables)
32         					12may25 - Includes SC file (already QC'ed) as the starting point
33         					02jun25 - Include child_prs_bmi_a data
34         					06jun25 - Include birthweight from pce_derv
35         					23jun25 - Add cont#2 changes
36         
37         * ----------------------------------------------------------
38         *
39         *  INPUT:
40         *
41         *  OUTPUT:
42         *
43         **********************************************************/
44         options orientation = landscape nodate formchar = "|----|+|---+=|-/\<>*" nonumber PS=59 LS=173;
45         
46         * Set libraries name;
47         libname invv1 "J:\HCHS\SC\Sasdata\INV_Use\Consolidated";
NOTE: Libref INVV1 was successfully assigned as follows: 
      Engine:        V9 
      Physical Name: J:\HCHS\SC\Sasdata\INV_Use\Consolidated
48         libname invv2 "J:\HCHS\SC\Sasdata\Visit2\INV_Use\Consolidated";
NOTE: Libref INVV2 was successfully assigned as follows: 
      Engine:        V9 
      Physical Name: J:\HCHS\SC\Sasdata\Visit2\INV_Use\Consolidated
49         libname flor "J:\HCHS\SC\Sasdata\Ancillary\SOL FLOR\INV_Use\Datasets";
NOTE: Libref FLOR was successfully assigned as follows: 
      Engine:        V9 
      Physical Name: J:\HCHS\SC\Sasdata\Ancillary\SOL FLOR\INV_Use\Datasets
50         libname confid 'J:\HCHS\SC\Confid\Sasdata\Visit2\Internal_Use';
NOTE: Libref CONFID was successfully assigned as follows: 
      Engine:        V9 
      Physical Name: J:\HCHS\SC\Confid\Sasdata\Visit2\Internal_Use
51         libname output "&homepath.\data";
NOTE: Libref OUTPUT was successfully assigned as follows: 
      Engine:        V9 
      Physical Name: J:\HCHS\STATISTICS\GRAS\QAngarita\FLOR\MS1560\data
52         libname hc3383 "J:\HCHS\SC\Review\HC3383";
NOTE: Libref HC3383 was successfully assigned as follows: 
      Engine:        V9 
      Physical Name: J:\HCHS\SC\Review\HC3383
53         libname floriu "J:\HCHS\SC\Sasdata\Ancillary\SOL FLOR\Internal_Use";
NOTE: Libref FLORIU was successfully assigned as follows: 
      Engine:        V9 
      Physical Name: J:\HCHS\SC\Sasdata\Ancillary\SOL FLOR\Internal_Use
54         
55         * include macros;
56         %include "J:\HCHS\STATISTICS\GRAS\QAngarita\FLOR\MS1560\code\HC338391\HC3383_anonymize_db.sas";
NOTE: Libref ENCRP was successfully assigned as follows: 
      Engine:        V9 
      Physical Name: J:\HCHS\SC\SASDATA\Encrypted_IDs
NOTE: Libref TRANSID was successfully assigned as follows: 
      Engine:        V9 
      Physical Name: J:\HCHS\SC\SASDATA\Transfer_IDS
134        
135        * Set macro variables;
136        %let pw = los_shch;
                                                                               The SAS System

137        %let job = HC338351;
138        
139        * Define the output dataset names;
140        %let output_dataset = output.HC338351_flor_&sysdate.;
141        %let output_dataset2 = output.HC338351_all_&sysdate.;
142        
143        * Mask the subject's IDs in the IU dataset;
144        %anonymize_db(data = floriu.flor_grs_child_iu2(keep=subjectid child_prs_bmi_a),
145        				out = flor_grs_child_iu2);

NOTE: Input data set is already sorted; it has been copied to the output data set.
NOTE: There were 12 observations read from the data set TRANSID.TRANSFER_IDS.
NOTE: The data set WORK.TRANSFER_IDS has 12 observations and 5 variables.
NOTE: PROCEDURE SORT used (Total process time):
      real time           0.01 seconds
      cpu time            0.00 seconds
      


NOTE: There were 12 observations read from the data set WORK.TRANSFER_IDS.
NOTE: There were 16415 observations read from the data set ENCRP.MASTER_ENCRYPTION_FILE_INV3V1.
NOTE: The data set WORK.TRANSFER0 has 12 observations and 2 variables.
NOTE: DATA statement used (Total process time):
      real time           0.02 seconds
      cpu time            0.00 seconds
      


NOTE: There were 16415 observations read from the data set ENCRP.MASTER_ENCRYPTION_FILE_INV3V1.
NOTE: There were 12 observations read from the data set WORK.TRANSFER0.
NOTE: The data set WORK.ENCRYPTO has 16427 observations and 2 variables.
NOTE: DATA statement used (Total process time):
      real time           0.01 seconds
      cpu time            0.00 seconds
      


NOTE: There were 16427 observations read from the data set WORK.ENCRYPTO.
NOTE: The data set WORK.ENCRYPT has 16427 observations and 2 variables.
NOTE: PROCEDURE SORT used (Total process time):
      real time           0.01 seconds
      cpu time            0.00 seconds
      


NOTE: There were 201 observations read from the data set FLORIU.FLOR_GRS_CHILD_IU2.
NOTE: The data set WORK.DATASET has 201 observations and 2 variables.
NOTE: DATA statement used (Total process time):
      real time           0.00 seconds
      cpu time            0.00 seconds
      


NOTE: There were 16427 observations read from the data set WORK.ENCRYPT.
NOTE: There were 201 observations read from the data set WORK.DATASET.
NOTE: The data set WORK.FLOR_GRS_CHILD_IU2 has 201 observations and 2 variables.
NOTE: DATA statement used (Total process time):
                                                                               The SAS System

      real time           0.00 seconds
      cpu time            0.00 seconds
      


NOTE: There were 201 observations read from the data set WORK.FLOR_GRS_CHILD_IU2.
NOTE: The data set WORK.FLOR_GRS_CHILD_IU2 has 201 observations and 2 variables.
NOTE: PROCEDURE SORT used (Total process time):
      real time           0.00 seconds
      cpu time            0.00 seconds
      

146        
147        data &output_dataset2;
148        	merge hc3383.hc338301_all(in=in_a)
149        			flor_grs_child_iu2
150        			invv2.pce_derv_v2_inv3(keep=id baby1yn daysv1birth yrsv1birth birthwt_ga_Z where=(baby1yn=1))
151        			invv1.part_derv_inv5(keep=id slpdur slpdur_wkday slpdur_wkend)
152        			;
153        	by id;
154        	
155        	* Recode the missingness in income_c3 for the imputation procedure ;
156        	IF INCOME_C3 = 3 THEN INCOME_C2 = .;
157        	ELSE INCOME_C2 = INCOME_C3;
158        	LABEL INCOME_C2 = "2-level grouped yearly household income";
159        
160        	* PCT_MVPA;
161        	PCT_MVPA = mv_day / hrs_day;
162        	label PCT_MVPA = "Percentage of time spent in moderate-to-vigorous physical activity";
163        
164        	* HEI2010_C3;
165        	if hei2010 <= 50.1 then HEI2010_C3=1;
166        	else if hei2010 > 50.1 and hei2010 <= 62.5 then HEI2010_C3=2;
167        	else if hei2010 > 62.5 then HEI2010_C3=3;
168        	label HEI2010_C3="3-level Health Index Score 2010";
169        
170        	if in_a;
171        run;

NOTE: Missing values were generated as a result of performing an operation on missing values.
      Each place is given by: (Number of times) at (Line):(Column).
      16017 at 161:20   
NOTE: There were 550 observations read from the data set HC3383.HC338301_ALL.
NOTE: There were 201 observations read from the data set WORK.FLOR_GRS_CHILD_IU2.
NOTE: There were 551 observations read from the data set INVV2.PCE_DERV_V2_INV3.
      WHERE baby1yn=1;
NOTE: There were 16415 observations read from the data set INVV1.PART_DERV_INV5.
NOTE: The data set OUTPUT.HC338351_ALL_23JUN25 has 550 observations and 266 variables.
NOTE: DATA statement used (Total process time):
      real time           0.60 seconds
      cpu time            0.01 seconds
      

172        
173        * Create dataset for flor participants;
174        data &output_dataset;
175        	set &output_dataset2;
                                                                               The SAS System

176        
177        	if flor_dyad;
178        run;

NOTE: There were 550 observations read from the data set OUTPUT.HC338351_ALL_23JUN25.
NOTE: The data set OUTPUT.HC338351_FLOR_23JUN25 has 291 observations and 266 variables.
NOTE: DATA statement used (Total process time):
      real time           0.05 seconds
      cpu time            0.00 seconds
      

179        
180        * Sort the dataset by id;
181        proc sort data = &output_dataset; by id; run;

NOTE: There were 291 observations read from the data set OUTPUT.HC338351_FLOR_23JUN25.
NOTE: The data set OUTPUT.HC338351_FLOR_23JUN25 has 291 observations and 266 variables.
NOTE: PROCEDURE SORT used (Total process time):
      real time           0.06 seconds
      cpu time            0.00 seconds
      

182        proc sort data = &output_dataset2; by id; run;

NOTE: There were 550 observations read from the data set OUTPUT.HC338351_ALL_23JUN25.
NOTE: The data set OUTPUT.HC338351_ALL_23JUN25 has 550 observations and 266 variables.
NOTE: PROCEDURE SORT used (Total process time):
      real time           0.07 seconds
      cpu time            0.00 seconds
      

183        
184        * print the contents;
185        ods rtf file = "&homepath.\code\&job\contents_flor_&sysdate..rtf";
NOTE: Writing RTF Body file: J:\HCHS\STATISTICS\GRAS\QAngarita\FLOR\MS1560\code\HC338351\contents_flor_23JUN25.rtf
186        	
186      !  proc contents data = &output_dataset;
187        		ods noproctitle;
188        	run;

NOTE: PROCEDURE CONTENTS used (Total process time):
      real time           0.07 seconds
      cpu time            0.06 seconds
      
NOTE: The PROCEDURE CONTENTS printed pages 1-6.

189        ods rtf close;
190        
191        * print the contents;
192        ods rtf file = "&homepath.\code\&job\contents_all_&sysdate..rtf";
NOTE: Writing RTF Body file: J:\HCHS\STATISTICS\GRAS\QAngarita\FLOR\MS1560\code\HC338351\contents_all_23JUN25.rtf
193        	
193      !  proc contents data = &output_dataset2;
194        		ods noproctitle;
195        	run;

NOTE: PROCEDURE CONTENTS used (Total process time):
                                                                               The SAS System

      real time           0.07 seconds
      cpu time            0.04 seconds
      
NOTE: The PROCEDURE CONTENTS printed pages 7-12.

196        ods rtf close;
197        
198        proc printto; run;

