NOTE: PROCEDURE PRINTTO used (Total process time):
      real time           0.02 seconds
      cpu time            0.00 seconds
      

5          
6          /*********************************************************
7          *                                                         *
8          *  SAS PROGRAM - QC DATASET JOB HC3383 					         *
9          *                                                        *
10         **********************************************************
11         *                                                        *
12         *  PROGRAM NAME: HC338351.sas
13         *
14         *  PROGRAMMER: Álvaro Quijano (AQ)
15         *
16         *  DESCRIPTION:
17         				
18         *
19         * ---------------------------------------------------------
20         *
21         *  JOB NUMBER: HC338351
22         *
23         *  PREVIOUS JOB:
24         *
25         *  LANGUAGE: SAS 9.4
26         *
27         *  VERSION CONTROL:
28         					21apr25 - (HC338351) Start file
29         					22apr25 - add the new derived variables cesd10 and accult_mesa
2                                                          The SAS System                                11:36 Friday, June 13, 2025

30         					05may25 - Include the #_all dataset
31         					08may25 - Updated to include the updates in cont#1(n_hc (v1 and v2) and alcohol_use variables)
32         					12may25 - Includes SC file (already QC'ed) as the starting point
33         					02jun25 - Include child_prs_bmi_a data
34         					06jun25 - Include birthweight from pce_derv
35         
36         * ----------------------------------------------------------
37         *
38         *  INPUT:
39         *
40         *  OUTPUT:
41         *
42         **********************************************************/
43         options orientation = landscape nodate formchar = "|----|+|---+=|-/\<>*" nonumber PS=59 LS=173;
44         
45         * Set libraries name;
46         libname invv1 "J:\HCHS\SC\Sasdata\INV_Use\Consolidated";
NOTE: Libref INVV1 was successfully assigned as follows: 
      Engine:        V9 
      Physical Name: J:\HCHS\SC\Sasdata\INV_Use\Consolidated
47         libname invv2 "J:\HCHS\SC\Sasdata\Visit2\INV_Use\Consolidated";
NOTE: Libref INVV2 was successfully assigned as follows: 
      Engine:        V9 
      Physical Name: J:\HCHS\SC\Sasdata\Visit2\INV_Use\Consolidated
48         libname flor "J:\HCHS\SC\Sasdata\Ancillary\SOL FLOR\INV_Use\Datasets";
NOTE: Libref FLOR was successfully assigned as follows: 
      Engine:        V9 
      Physical Name: J:\HCHS\SC\Sasdata\Ancillary\SOL FLOR\INV_Use\Datasets
49         libname confid 'J:\HCHS\SC\Confid\Sasdata\Visit2\Internal_Use';
NOTE: Libref CONFID was successfully assigned as follows: 
      Engine:        V9 
      Physical Name: J:\HCHS\SC\Confid\Sasdata\Visit2\Internal_Use
50         libname output "&homepath.\data";
NOTE: Libref OUTPUT was successfully assigned as follows: 
      Engine:        V9 
      Physical Name: J:\HCHS\STATISTICS\GRAS\QAngarita\FLOR\MS1560\data
51         libname hc3383 "J:\HCHS\SC\Review\HC3383";
NOTE: Libref HC3383 was successfully assigned as follows: 
      Engine:        V9 
      Physical Name: J:\HCHS\SC\Review\HC3383
52         libname floriu "J:\HCHS\SC\Sasdata\Ancillary\SOL FLOR\Internal_Use";
NOTE: Libref FLORIU was successfully assigned as follows: 
      Engine:        V9 
      Physical Name: J:\HCHS\SC\Sasdata\Ancillary\SOL FLOR\Internal_Use
53         
54         * include macros;
55         %include "J:\HCHS\STATISTICS\GRAS\QAngarita\FLOR\MS1560\code\HC338391\HC3383_anonymize_db.sas";
NOTE: Libref ENCRP was successfully assigned as follows: 
      Engine:        V9 
      Physical Name: J:\HCHS\SC\SASDATA\Encrypted_IDs
NOTE: Libref TRANSID was successfully assigned as follows: 
      Engine:        V9 
      Physical Name: J:\HCHS\SC\SASDATA\Transfer_IDS
133        
134        * Set macro variables;
135        %let pw = los_shch;
136        %let job = HC338351;
                                                                               The SAS System

137        
138        * Define the output dataset names;
139        %let output_dataset = output.HC338351_flor_&sysdate.;
140        %let output_dataset2 = output.HC338351_all_&sysdate.;
141        
142        * Mask the subject's IDs in the IU dataset;
143        %anonymize_db(data = floriu.flor_grs_child_iu2(keep=subjectid child_prs_bmi_a),
144        				out = flor_grs_child_iu2);

NOTE: Input data set is already sorted; it has been copied to the output data set.
NOTE: There were 12 observations read from the data set TRANSID.TRANSFER_IDS.
NOTE: The data set WORK.TRANSFER_IDS has 12 observations and 5 variables.
NOTE: PROCEDURE SORT used (Total process time):
      real time           0.02 seconds
      cpu time            0.00 seconds
      


NOTE: There were 12 observations read from the data set WORK.TRANSFER_IDS.
NOTE: There were 16415 observations read from the data set ENCRP.MASTER_ENCRYPTION_FILE_INV3V1.
NOTE: The data set WORK.TRANSFER0 has 12 observations and 2 variables.
NOTE: DATA statement used (Total process time):
      real time           0.05 seconds
      cpu time            0.00 seconds
      


NOTE: There were 16415 observations read from the data set ENCRP.MASTER_ENCRYPTION_FILE_INV3V1.
NOTE: There were 12 observations read from the data set WORK.TRANSFER0.
NOTE: The data set WORK.ENCRYPTO has 16427 observations and 2 variables.
NOTE: DATA statement used (Total process time):
      real time           0.02 seconds
      cpu time            0.00 seconds
      


NOTE: There were 16427 observations read from the data set WORK.ENCRYPTO.
NOTE: The data set WORK.ENCRYPT has 16427 observations and 2 variables.
NOTE: PROCEDURE SORT used (Total process time):
      real time           0.02 seconds
      cpu time            0.00 seconds
      


NOTE: There were 201 observations read from the data set FLORIU.FLOR_GRS_CHILD_IU2.
NOTE: The data set WORK.DATASET has 201 observations and 2 variables.
NOTE: DATA statement used (Total process time):
      real time           0.02 seconds
      cpu time            0.00 seconds
      


NOTE: There were 16427 observations read from the data set WORK.ENCRYPT.
NOTE: There were 201 observations read from the data set WORK.DATASET.
NOTE: The data set WORK.FLOR_GRS_CHILD_IU2 has 201 observations and 2 variables.
NOTE: DATA statement used (Total process time):
      real time           0.03 seconds
                                                                               The SAS System

      cpu time            0.00 seconds
      


NOTE: There were 201 observations read from the data set WORK.FLOR_GRS_CHILD_IU2.
NOTE: The data set WORK.FLOR_GRS_CHILD_IU2 has 201 observations and 2 variables.
NOTE: PROCEDURE SORT used (Total process time):
      real time           0.03 seconds
      cpu time            0.00 seconds
      

145        
146        data &output_dataset2;
147        	merge hc3383.hc338301_all
148        			flor_grs_child_iu2
149        			invv2.pce_derv_v2_inv3(keep=id baby1yn DAYSV1BIRTH YRSV1BIRTH BIRTHWT_GA_Z where=(baby1yn=1));
150        	by id;
151        	
152        	* Recode the missingness in income_c3 for the imputation procedure ;
153        	IF INCOME_C3 = 3 THEN INCOME_C2 = .;
154        	ELSE INCOME_C2 = INCOME_C3;
155        	LABEL INCOME_C2 = "2-level grouped yearly household income";
156        
157        	* PCT_MVPA;
158        	PCT_MVPA = mv_day / hrs_day;
159        	label pct_mvpa = "Percentage of time spent in moderate-to-vigorous physical activity";
160        run;

NOTE: Missing values were generated as a result of performing an operation on missing values.
      Each place is given by: (Number of times) at (Line):(Column).
      159 at 158:20   
NOTE: There were 550 observations read from the data set HC3383.HC338301_ALL.
NOTE: There were 201 observations read from the data set WORK.FLOR_GRS_CHILD_IU2.
NOTE: There were 551 observations read from the data set INVV2.PCE_DERV_V2_INV3.
      WHERE baby1yn=1;
NOTE: The data set OUTPUT.HC338351_ALL_13JUN25 has 557 observations and 262 variables.
NOTE: DATA statement used (Total process time):
      real time           0.06 seconds
      cpu time            0.01 seconds
      

161        
162        * Create dataset for flor participants;
163        data &output_dataset;
164        	set &output_dataset2;
165        
166        	if flor_dyad;
167        run;

NOTE: There were 557 observations read from the data set OUTPUT.HC338351_ALL_13JUN25.
NOTE: The data set OUTPUT.HC338351_FLOR_13JUN25 has 291 observations and 262 variables.
NOTE: DATA statement used (Total process time):
      real time           0.05 seconds
      cpu time            0.00 seconds
      

168        
                                                                               The SAS System

169        * Sort the dataset by id;
170        proc sort data = &output_dataset; by id; run;

NOTE: There were 291 observations read from the data set OUTPUT.HC338351_FLOR_13JUN25.
NOTE: The data set OUTPUT.HC338351_FLOR_13JUN25 has 291 observations and 262 variables.
NOTE: PROCEDURE SORT used (Total process time):
      real time           0.04 seconds
      cpu time            0.00 seconds
      

171        proc sort data = &output_dataset2; by id; run;

NOTE: There were 557 observations read from the data set OUTPUT.HC338351_ALL_13JUN25.
NOTE: The data set OUTPUT.HC338351_ALL_13JUN25 has 557 observations and 262 variables.
NOTE: PROCEDURE SORT used (Total process time):
      real time           0.06 seconds
      cpu time            0.01 seconds
      

172        
173        * print the contents;
174        ods rtf file = "&homepath.\code\&job\contents_flor_&sysdate..rtf";
NOTE: Writing RTF Body file: J:\HCHS\STATISTICS\GRAS\QAngarita\FLOR\MS1560\code\HC338351\contents_flor_13JUN25.rtf
175        	
175      !  proc contents data = &output_dataset;
176        		ods noproctitle;
177        	run;

NOTE: PROCEDURE CONTENTS used (Total process time):
      real time           0.07 seconds
      cpu time            0.06 seconds
      
NOTE: The PROCEDURE CONTENTS printed pages 1-6.

178        ods rtf close;
179        
180        * print the contents;
181        ods rtf file = "&homepath.\code\&job\contents_all_&sysdate..rtf";
NOTE: Writing RTF Body file: J:\HCHS\STATISTICS\GRAS\QAngarita\FLOR\MS1560\code\HC338351\contents_all_13JUN25.rtf
182        	
182      !  proc contents data = &output_dataset2;
183        		ods noproctitle;
184        	run;

NOTE: PROCEDURE CONTENTS used (Total process time):
      real time           0.06 seconds
      cpu time            0.03 seconds
      
NOTE: The PROCEDURE CONTENTS printed pages 7-12.

185        ods rtf close;
186        
187        proc printto; run;

