                                                                          Variable: child_prs_bmi_a

                                                                              The MI Procedure

                                                                          Variable Transformations
 
                                                                Variable           _Transform_        Lambda

                                                                BMI                LOG                     .
                                                                ANTA10A            LOG                     .
                                                                AGG_MENT           BOXCOX            2.00000
                                                                AGG_PHYS           BOXCOX            3.00000
                                                                POVPCT             POWER             0.50000


                                                                    Variance Information (10 Imputations)
 
                                                                                                           Relative       Fraction
                                                 -----------------Variance-----------------                Increase        Missing       Relative
                              Variable                Between         Within          Total       DF    in Variance    Information     Efficiency

                              BIRTHWT_GA_Z           0.000854       0.008113       0.009052   146.41       0.115744       0.105872       0.989524
                              SLPDUR                 0.000450       0.009235       0.009731   178.29       0.053660       0.051474       0.994879
                            * BMI                 0.000001385       0.000210       0.000211   196.38       0.007256       0.007216       0.999279
                            * ANTA10A             0.000000729    0.000098558    0.000099360   196.15       0.008131       0.008080       0.999193
                            * AGG_MENT               7.194637    1270.576994    1278.491095   196.64       0.006229       0.006199       0.999381
                            * AGG_PHYS                  17597        1244144        1263501   194.01       0.015559       0.015372       0.998465
                              HEIGHT                 0.001264       0.197524       0.198914   196.44       0.007037       0.006999       0.999301
                              HEI2010                0.015513       0.882041       0.899104   192.77       0.019346       0.019057       0.998098
                            * POVPCT                 0.008059       0.073998       0.082862   144.38       0.119798       0.109245       0.989194
                              CESD10                 0.002336       0.154546       0.157116   193.67       0.016625       0.016411       0.998362
                              STAI10                 0.003574       0.165368       0.169300   191.22       0.023772       0.023337       0.997672
                              PARITY_V1           0.000016776       0.005970       0.005988   197.38       0.003091       0.003084       0.999692
                              PCT_MVPA               0.001699       0.008324       0.010193   100.82       0.224515       0.189384       0.981414

                                                                           * Transformed Variables


                                                                     Parameter Estimates (10 Imputations)
 
                                                                                                                                              t for H0:
             Variable                   Mean      Std Error    95% Confidence Limits        DF        Minimum        Maximum            Mu0    Mean=Mu0   Pr > |t|

             BIRTHWT_GA_Z           0.482280       0.095144         0.29         0.67   146.41       0.455117       0.539238              0        5.07     <.0001
             SLPDUR                 8.305378       0.098643         8.11         8.50   178.29       8.266977       8.329721              0       84.20     <.0001
           * BMI                    3.313764       0.014541         3.29         3.34   196.38       3.311801       3.315289              0      227.89     <.0001
           * ANTA10A                4.514802       0.009968         4.50         4.53   196.15       4.513553       4.516333              0      452.93     <.0001
           * AGG_MENT            1160.304521      35.755994      1089.79      1230.82   196.64    1156.698179    1164.876678              0       32.45     <.0001
           * AGG_PHYS                  52575    1124.055661     50358.47     54792.35   194.01          52395          52788              0       46.77     <.0001
             HEIGHT               157.740611       0.445998       156.86       158.62   196.44     157.681738     157.801987              0      353.68     <.0001
             HEI2010               56.709655       0.948211        54.84        58.58   192.77      56.557944      56.916493              0       59.81     <.0001
           * POVPCT                10.226028       0.287858         9.66        10.79   144.38      10.060053      10.368249              0       35.52     <.0001
             CESD10                 6.921617       0.396378         6.14         7.70   193.67       6.838027       6.980901              0       17.46     <.0001
             STAI10                17.830680       0.411460        17.02        18.64   191.22      17.741861      17.950432              0       43.34     <.0001
             PARITY_V1              1.165672       0.077383         1.01         1.32   197.38       1.159204       1.174129              0       15.06     <.0001
             PCT_MVPA               1.462013       0.100959         1.26         1.66   100.82       1.386798       1.526267              0       14.48     <.0001

                                                                           * Transformed Variables
