NOTE: PROCEDURE PRINTTO used (Total process time):
      real time           0.09 seconds
      cpu time            0.00 seconds
      

5          
6          /*********************************************************
7          *                                                         *
8          *  SAS PROGRAM - QC DATASET JOB HC3383 					         *
9          *                                                        *
10         **********************************************************
11         *                                                        *
12         *  PROGRAM NAME: HC338353a.sas
13         *
14         *  PROGRAMMER: Álvaro Quijano (AQ)
15         *
16         *  DESCRIPTION: Imputation model (it does not impute child_prs_bmi_a)
17         				
18         *
19         * ---------------------------------------------------------
20         *
21         *  JOB NUMBER: HC338353a
22         *
2                                                          The SAS System                         12:25 Wednesday, November 12, 2025

23         *  PREVIOUS JOB:
24         *
25         *  LANGUAGE: SAS 9.4
26         *
27         *  VERSION CONTROL:
28         					02jun25: Insert child_prs_bmi_a in the imputation model
29         							 Exclude observations with missing child_prs_bmi_a
30         					23jun25: add birthwt_ga_z and slpdur to the model
31         					20aug25: Update input dataset (&data)
32         							 Use YRSV1BIRTH instead yrs_btwn_v1flor
33         					04nov25: update input dataset to *_04nov25
34         							 drop anthropometrics, physical and mental health scores (agg_ment agg_phys)
35         							 drop lang_pref, povpct and income_c2
36         							 use yrs_btwn_v1flor instead of yrsv1birth
37         					12nov25: update input dataset to *_12nov25
38         							 update prs_bmi_complete to prs_complete
39         	
40         * ----------------------------------------------------------
41         *
42         *  INPUT: 	HC338351_flor_ddmmyy
43         *
44         *  OUTPUT:
45         *
46         **********************************************************/
47         options orientation = landscape nodate formchar = "|----|+|---+=|-/\<>*" nonumber PS=59 LS=173;
48         ods escapechar '^';
49         
50         
51         * Set libraries name;
52         libname data "&homepath.\data";
NOTE: Libref DATA was successfully assigned as follows: 
      Engine:        V9 
      Physical Name: J:\HCHS\STATISTICS\GRAS\QAngarita\FLOR\MS1560\data
53         libname hchstyle 'J:\hchs\sc\styledef\sty904';
NOTE: Libref HCHSTYLE was successfully assigned as follows: 
      Engine:        V9 
      Physical Name: J:\hchs\sc\styledef\sty904
54         
55         * Set macro variables;
56         %let job = HC338353a;
57         %let prg = AQA;
58         %let data = data.HC338351_flor_12nov25;
59         %let lf_margin = 0.7in;
60         %let rg_margin = 0.7in;
61         
62         ods listing gpath = "&homepath.\code\&job.\gplot";
63         ods path sashelp.tmplmst(read) hchstyle.hchs_stp(read);
64         ods rtf file = "&homepath\code\&job.\&job._mi_&sysdate..rtf" bodytitle style=manuscrt;
NOTE: Writing RTF Body file: J:\HCHS\STATISTICS\GRAS\QAngarita\FLOR\MS1560\code\HC338353a\HC338353a_mi_12NOV25.rtf
65         
66         * Transform variables to plot;
67         data db;
68         	set &data.;
69         run;

NOTE: There were 291 observations read from the data set DATA.HC338351_FLOR_12NOV25.
NOTE: The data set WORK.DB has 291 observations and 271 variables.
                                                                               The SAS System

NOTE: DATA statement used (Total process time):
      real time           0.02 seconds
      cpu time            0.00 seconds
      

70         
71         * Plot the continuous variables;
72         %macro histogram_density(var=);
73         	proc sgplot data = db;
74         		histogram &var.;
75         		density &var. / type = normal;
76         	run;
77         %mend histogram_density;
78         
79         title 'Variable: Weight-for-age (WAZ)';
80         %histogram_density(var = waz);

NOTE: PROCEDURE SGPLOT used (Total process time):
      real time           1.31 seconds
      cpu time            0.06 seconds
      
NOTE: Listing image output written to J:\HCHS\STATISTICS\GRAS\QAngarita\FLOR\MS1560\code\HC338353a\gplot\SGPlot.png.
NOTE: This SAS session is using a registry in WORK.  All changes will be lost at the end of this session.
NOTE: There were 291 observations read from the data set WORK.DB.

81         
82         * title 'Variable: Body Mass Index in log-scale (log_BMI)';
83         * %histogram_density(var = log_bmi);
84         
85         * title 'Variable: Waist girth in original scale (anta10a)';
86         * %histogram_density(var = anta10a);
87         
88         * title 'Variable: Waist girth in log scale (log_anta10a)';
89         * %histogram_density(var = log_anta10a);
90         
91         * title 'Variable: height';
92         * %histogram_density(var = height);
93         	
94         * title 'Variable: agg_ment';
95         * %histogram_density(var = agg_ment_sq);
96         
97         * title 'Variable: agg_phys';
98         * %histogram_density(var = agg_phys_cub);
99         
100        title 'Variable: hei2010';
101        %histogram_density(var = hei2010);

NOTE: PROCEDURE SGPLOT used (Total process time):
      real time           0.30 seconds
      cpu time            0.04 seconds
      
NOTE: Listing image output written to J:\HCHS\STATISTICS\GRAS\QAngarita\FLOR\MS1560\code\HC338353a\gplot\SGPlot1.png.
NOTE: There were 291 observations read from the data set WORK.DB.

102        
103        title 'Variable: parity_v1';
104        %histogram_density(var = parity_v1);
                                                                               The SAS System


NOTE: PROCEDURE SGPLOT used (Total process time):
      real time           0.57 seconds
      cpu time            0.03 seconds
      
NOTE: Listing image output written to J:\HCHS\STATISTICS\GRAS\QAngarita\FLOR\MS1560\code\HC338353a\gplot\SGPlot2.png.
NOTE: There were 291 observations read from the data set WORK.DB.

105        
106        title 'Variable: pct_mvpa';
107        %histogram_density(var = pct_mvpa);

NOTE: PROCEDURE SGPLOT used (Total process time):
      real time           0.75 seconds
      cpu time            0.03 seconds
      
NOTE: Listing image output written to J:\HCHS\STATISTICS\GRAS\QAngarita\FLOR\MS1560\code\HC338353a\gplot\SGPlot3.png.
NOTE: There were 291 observations read from the data set WORK.DB.

108        
109        title 'Variable: child_prs_bmi_a';
110        %histogram_density(var = child_prs_bmi_a);

NOTE: PROCEDURE SGPLOT used (Total process time):
      real time           0.22 seconds
      cpu time            0.01 seconds
      
NOTE: Listing image output written to J:\HCHS\STATISTICS\GRAS\QAngarita\FLOR\MS1560\code\HC338353a\gplot\SGPlot4.png.
NOTE: There were 291 observations read from the data set WORK.DB.

111        
112        * Impute variables of interest;
113        proc mi data=db out=data.&job._imputed_data_&sysdate. nimpute=10 seed=3383
114        	/* Var:  1 2 3 4 5 6 7 8 9 0 1 2 3 4 5 6 7 8 9 0 1 2 					*/
115        	minimum= . . . . . . . 0 . . . . 0 . . . . . . . . .
116        	maximum= . . . . . . . . . . . . . . . . . . . . . .;
117           ods exclude modelinfo fcsmodel misspattern;
118           class centernum bkgrd1_c7nomiss employedyn n_hc current_smoker /* binary variables */
119        			alcohol_use yrsus_c3 education_c3 marital_status pag2008yn;
120           fcs reg(waz cesd10 stai10 child_prs_bmi_a birthwt_ga_z hei2010 slpdur)
121        	   regpmm(parity_v1);
122           fcs logistic(employedyn n_hc current_smoker pag2008yn / link=logit likelihood=augment)
123        	   logistic(alcohol_use yrsus_c3 education_c3 marital_status / likelihood=augment);	
124        	var waz centernum bkgrd1_c7nomiss yrs_btwn_v1flor age birthwt_ga_z slpdur /* 1-7 */
125        		hei2010 cesd10 stai10 parity_v1 pag2008yn child_prs_bmi_a /* 8-13 */
126        		employedyn n_hc current_smoker /* 14-16 */
127        		alcohol_use yrsus_c3 education_c3 marital_status /* nominal/ordinal variables */
128        		;
129        	where prs_complete;
130        run;

NOTE: The data set DATA.HC338353A_IMPUTED_DATA_12NOV25 has 2010 observations and 272 variables.
NOTE: The PROCEDURE MI printed page 1.
NOTE: PROCEDURE MI used (Total process time):
      real time           11.59 seconds
      cpu time            9.37 seconds
      
                                                                               The SAS System


131        
132        * Creates a macro to summarize imputation;
133        %macro summary_imputation(vars=);
134        	proc means data = data.&job._imputed_data_&sysdate. nmiss;
135        		by _imputation_;
136        		var &vars.;
137        		output out = a;
138        	run;
139        	proc transpose data = a out=b(drop=_label_ rename=(_name_= Variable));
140        		by _imputation_;
141        		id _stat_;
142        		var &vars.;
143        	run;
144        	proc sort data = b out=c; by Variable; run;
145        	proc print data = c; run;
146        %mend summary_imputation;
147        
148        * Summarize the imputed variables;
149        title 'Imputed variables';
150        %summary_imputation(vars=waz birthwt_ga_z slpdur hei2010 cesd10 stai10 parity_v1 pag2008yn child_prs_bmi_a
151        				employedyn n_hc current_smoker alcohol_use yrsus_c3 education_c3 marital_status);

NOTE: There were 2010 observations read from the data set DATA.HC338353A_IMPUTED_DATA_12NOV25.
NOTE: The data set WORK.A has 50 observations and 20 variables.
NOTE: The PROCEDURE MEANS printed pages 2-6.
NOTE: PROCEDURE MEANS used (Total process time):
      real time           0.05 seconds
      cpu time            0.00 seconds
      


NOTE: There were 50 observations read from the data set WORK.A.
NOTE: The data set WORK.B has 160 observations and 7 variables.
NOTE: PROCEDURE TRANSPOSE used (Total process time):
      real time           0.01 seconds
      cpu time            0.00 seconds
      


NOTE: There were 160 observations read from the data set WORK.B.
NOTE: The data set WORK.C has 160 observations and 7 variables.
NOTE: PROCEDURE SORT used (Total process time):
      real time           0.01 seconds
      cpu time            0.00 seconds
      


NOTE: There were 160 observations read from the data set WORK.C.
NOTE: The PROCEDURE PRINT printed pages 7-9.
NOTE: PROCEDURE PRINT used (Total process time):
      real time           0.03 seconds
      cpu time            0.03 seconds
      

152        
153        * categorize hei2010 and slpdur - 12nov25;
                                                                               The SAS System

154        data data.&job._imputed_data_&sysdate.;
155        	set data.&job._imputed_data_&sysdate.;
156        
157        	* SLPDUR_L8HRS;
158        	if missing(SLPDUR) then SLPDUR_LT8HRS = .;
159        	else if SLPDUR < 8 then SLPDUR_LT8HRS = 1;
160        	else SLPDUR_LT8HRS = 0;
161        	label SLPDUR_LT8HRS = 'Sleep duration (<8 hours)';
162        
163        	* HEI2010_C3;
164        	if HEI2010 <= 50.1 then HEI2010_C3 = 1;
165        	else if HEI2010 > 50.1 and HEI2010 <= 62.5 then HEI2010_C3 = 2;
166        	else if HEI2010 > 62.5 then HEI2010_C3 = 3;
167        	label HEI2010_C3 = '3-level Health Index Score 2010';
168        
169        run;

NOTE: There were 2010 observations read from the data set DATA.HC338353A_IMPUTED_DATA_12NOV25.
NOTE: The data set DATA.HC338353A_IMPUTED_DATA_12NOV25 has 2010 observations and 272 variables.
NOTE: DATA statement used (Total process time):
      real time           0.12 seconds
      cpu time            0.01 seconds
      

170        
171        * Print contents;
172        title 'Dimensions and variables in imputed dataset';
173        proc contents data = data.&job._imputed_data_&sysdate.;
174        	ods noproctitle;
175        run;

NOTE: PROCEDURE CONTENTS used (Total process time):
      real time           0.05 seconds
      cpu time            0.03 seconds
      
NOTE: The PROCEDURE CONTENTS printed pages 10-15.

176        
177        ods rtf close;
178        
179        proc printto; run;

