NOTE: PROCEDURE PRINTTO used (Total process time):
      real time           0.04 seconds
      cpu time            0.03 seconds
      

7          /*********************************************************
8          *                                                         *
9          *  SAS PROGRAM - QC DATASET JOB HC3383 					         *
10         *                                                        *
11         **********************************************************
12         *                                                        *
13         *  PROGRAM NAME: HC338353a.sas
14         *
15         *  PROGRAMMER: Álvaro Quijano (AQ)
16         *
17         *  DESCRIPTION: Imputation model (it does not impute child_prs_bmi_a)
18         				
19         *
20         * ---------------------------------------------------------
21         *
22         *  JOB NUMBER: HC338353a
23         *
24         *  PREVIOUS JOB:
25         *
26         *  LANGUAGE: SAS 9.4
27         *
28         *  VERSION CONTROL:
29         					02jun25: Insert child_prs_bmi_a in the imputation model
2                                                          The SAS System                            14:01 Wednesday, April 29, 2026

30         							 Exclude observations with missing child_prs_bmi_a
31         					23jun25: add birthwt_ga_z and slpdur to the model
32         					20aug25: Update input dataset (&data)
33         							 Use YRSV1BIRTH instead yrs_btwn_v1flor
34         					04nov25: update input dataset to *_04nov25
35         							 drop anthropometrics, physical and mental health scores (agg_ment agg_phys)
36         							 drop lang_pref, povpct and income_c2
37         							 use yrs_btwn_v1flor instead of yrsv1birth
38         					12nov25: update input dataset to *_12nov25
39         							 update prs_bmi_complete to prs_complete
40         	
41         					29apr26: add cigarette_use in the imputation model (exclude current_smoker)
42         			     			 add bmiz in the imputation model
43         
44         * ----------------------------------------------------------
45         *
46         *  INPUT: 	HC338351_flor_ddmmyy
47         *
48         *  OUTPUT:
49         *
50         **********************************************************/
51         options orientation = landscape nodate formchar = "|----|+|---+=|-/\<>*" nonumber PS=59 LS=173;
52         ods escapechar '^';
53         
54         
55         * Set libraries name;
56         libname data "&homepath.\data";
NOTE: Libref DATA was successfully assigned as follows: 
      Engine:        V9 
      Physical Name: J:\HCHS\STATISTICS\GRAS\QAngarita\FLOR\MS1560\data
57         libname hchstyle 'J:\hchs\sc\styledef\sty904';
NOTE: Libref HCHSTYLE was successfully assigned as follows: 
      Engine:        V9 
      Physical Name: J:\hchs\sc\styledef\sty904
58         
59         * Set macro variables;
60         %let prg = AQA;
61         %let data = data.HC338351_flor_12nov25;
62         %let lf_margin = 0.7in;
63         %let rg_margin = 0.7in;
64         
65         ods listing gpath = "&homepath.\scripts\&job.\gplot";
66         ods path sashelp.tmplmst(read) hchstyle.hchs_stp(read);
67         ods rtf file = "&homepath\scripts\&job.\&job._mi_&sysdate..rtf" bodytitle style=manuscrt;
NOTE: Writing RTF Body file: J:\HCHS\STATISTICS\GRAS\QAngarita\FLOR\MS1560\scripts\HC338353a\HC338353a_mi_29APR26.rtf
68         
69         * Transform variables to plot;
70         data db;
71         	set &data.;
72         run;

NOTE: There were 291 observations read from the data set DATA.HC338351_FLOR_12NOV25.
NOTE: The data set WORK.DB has 291 observations and 271 variables.
NOTE: DATA statement used (Total process time):
      real time           0.02 seconds
      cpu time            0.00 seconds
      
                                                                               The SAS System


73         
74         * Plot the continuous variables;
75         %macro histogram_density(var=);
76         	proc sgplot data = db;
77         		histogram &var.;
78         		density &var. / type = normal;
79         	run;
80         %mend histogram_density;
81         
82         title 'Variable: Weight-for-age (WAZ)';
83         %histogram_density(var = waz);

NOTE: PROCEDURE SGPLOT used (Total process time):
      real time           1.54 seconds
      cpu time            0.10 seconds
      
NOTE: Listing image output written to J:\HCHS\STATISTICS\GRAS\QAngarita\FLOR\MS1560\scripts\HC338353a\gplot\SGPlot.png.
NOTE: There were 291 observations read from the data set WORK.DB.

84         
85         title 'Variable: hei2010';
86         %histogram_density(var = hei2010);

NOTE: PROCEDURE SGPLOT used (Total process time):
      real time           0.33 seconds
      cpu time            0.04 seconds
      
NOTE: Listing image output written to J:\HCHS\STATISTICS\GRAS\QAngarita\FLOR\MS1560\scripts\HC338353a\gplot\SGPlot1.png.
NOTE: There were 291 observations read from the data set WORK.DB.

87         
88         title 'Variable: parity_v1';
89         %histogram_density(var = parity_v1);

NOTE: PROCEDURE SGPLOT used (Total process time):
      real time           0.34 seconds
      cpu time            0.03 seconds
      
NOTE: Listing image output written to J:\HCHS\STATISTICS\GRAS\QAngarita\FLOR\MS1560\scripts\HC338353a\gplot\SGPlot2.png.
NOTE: There were 291 observations read from the data set WORK.DB.

90         
91         title 'Variable: pct_mvpa';
92         %histogram_density(var = pct_mvpa);

NOTE: PROCEDURE SGPLOT used (Total process time):
      real time           0.21 seconds
      cpu time            0.04 seconds
      
NOTE: Listing image output written to J:\HCHS\STATISTICS\GRAS\QAngarita\FLOR\MS1560\scripts\HC338353a\gplot\SGPlot3.png.
NOTE: There were 291 observations read from the data set WORK.DB.

93         
94         title 'Variable: child_prs_bmi_a';
95         %histogram_density(var = child_prs_bmi_a);

                                                                               The SAS System

NOTE: PROCEDURE SGPLOT used (Total process time):
      real time           0.31 seconds
      cpu time            0.06 seconds
      
NOTE: Listing image output written to J:\HCHS\STATISTICS\GRAS\QAngarita\FLOR\MS1560\scripts\HC338353a\gplot\SGPlot4.png.
NOTE: There were 291 observations read from the data set WORK.DB.

96         
97         title 'Variable: bmiz';
98         %histogram_density(var = bmiz);

NOTE: PROCEDURE SGPLOT used (Total process time):
      real time           0.19 seconds
      cpu time            0.04 seconds
      
NOTE: Listing image output written to J:\HCHS\STATISTICS\GRAS\QAngarita\FLOR\MS1560\scripts\HC338353a\gplot\SGPlot5.png.
NOTE: There were 291 observations read from the data set WORK.DB.

99         
100        * Impute variables of interest;
101        proc mi data=db out=data.&job._imputed_data_&sysdate. nimpute=10 seed=3383
102        	/* Var:  1 2 3 4 5 6 7 8 9 0 1 2 3 4 5 6 7 8 9 0 1  					*/
103        	minimum= . . . . . . . 0 . . . . 0 . . . . . . . .
104        	maximum= . . . . . . . . . . . . . . . . . . . . . ;
105           ods exclude modelinfo fcsmodel misspattern;
106           class centernum bkgrd1_c7nomiss employedyn n_hc /* binary variables */
107        			cigarette_use alcohol_use yrsus_c3 education_c3 marital_status pag2008yn;
108           fcs reg(waz cesd10 stai10 child_prs_bmi_a birthwt_ga_z hei2010 slpdur)
109        	   regpmm(parity_v1);
110           fcs logistic(employedyn n_hc pag2008yn / link=logit likelihood=augment)
111        	   logistic(cigarette_use alcohol_use yrsus_c3 education_c3 marital_status / likelihood=augment);	
112        	var waz centernum bkgrd1_c7nomiss yrs_btwn_v1flor age birthwt_ga_z slpdur /* 1-7 */
113        		hei2010 cesd10 stai10 parity_v1 pag2008yn child_prs_bmi_a /* 8-13 */
114        		employedyn n_hc cigarette_use /* 14-16 */
115        		alcohol_use yrsus_c3 education_c3 marital_status /* nominal/ordinal variables */
116        		bmiz
117        		;
118        	where prs_complete;
119        run;

NOTE: The data set DATA.HC338353A_IMPUTED_DATA_29APR26 has 2010 observations and 272 variables.
NOTE: The PROCEDURE MI printed page 1.
NOTE: PROCEDURE MI used (Total process time):
      real time           12.26 seconds
      cpu time            10.34 seconds
      

120        
121        * Creates a macro to summarize imputation;
122        %macro summary_imputation(vars=);
123        	proc means data = data.&job._imputed_data_&sysdate. nmiss;
124        		by _imputation_;
125        		var &vars.;
126        		output out = a;
127        	run;
128        	proc transpose data = a out=b(drop=_label_ rename=(_name_= Variable));
129        		by _imputation_;
                                                                               The SAS System

130        		id _stat_;
131        		var &vars.;
132        	run;
133        	proc sort data = b out=c; by Variable; run;
134        	proc print data = c; run;
135        %mend summary_imputation;
136        
137        * Summarize the imputed variables;
138        title 'Imputed variables';
139        %summary_imputation(vars=waz birthwt_ga_z slpdur hei2010 cesd10 stai10 parity_v1 pag2008yn child_prs_bmi_a
140        				employedyn n_hc current_smoker alcohol_use yrsus_c3 education_c3 marital_status);

NOTE: There were 2010 observations read from the data set DATA.HC338353A_IMPUTED_DATA_29APR26.
NOTE: The data set WORK.A has 50 observations and 20 variables.
NOTE: The PROCEDURE MEANS printed pages 2-6.
NOTE: PROCEDURE MEANS used (Total process time):
      real time           0.06 seconds
      cpu time            0.01 seconds
      


NOTE: There were 50 observations read from the data set WORK.A.
NOTE: The data set WORK.B has 160 observations and 7 variables.
NOTE: PROCEDURE TRANSPOSE used (Total process time):
      real time           0.01 seconds
      cpu time            0.00 seconds
      


NOTE: There were 160 observations read from the data set WORK.B.
NOTE: The data set WORK.C has 160 observations and 7 variables.
NOTE: PROCEDURE SORT used (Total process time):
      real time           0.01 seconds
      cpu time            0.00 seconds
      


NOTE: There were 160 observations read from the data set WORK.C.
NOTE: The PROCEDURE PRINT printed pages 7-9.
NOTE: PROCEDURE PRINT used (Total process time):
      real time           0.03 seconds
      cpu time            0.03 seconds
      

141        
142        * categorize hei2010 and slpdur - 12nov25;
143        data data.&job._imputed_data_&sysdate.;
144        	set data.&job._imputed_data_&sysdate.;
145        
146        	* SLPDUR_L8HRS;
147        	if missing(SLPDUR) then SLPDUR_LT8HRS = .;
148        	else if SLPDUR < 8 then SLPDUR_LT8HRS = 1;
149        	else SLPDUR_LT8HRS = 0;
150        	label SLPDUR_LT8HRS = 'Sleep duration (<8 hours)';
151        
152        	* HEI2010_C3;
153        	if HEI2010 <= 50.1 then HEI2010_C3 = 1;
                                                                               The SAS System

154        	else if HEI2010 > 50.1 and HEI2010 <= 62.5 then HEI2010_C3 = 2;
155        	else if HEI2010 > 62.5 then HEI2010_C3 = 3;
156        	label HEI2010_C3 = '3-level Health Index Score 2010';
157        
158        run;

NOTE: There were 2010 observations read from the data set DATA.HC338353A_IMPUTED_DATA_29APR26.
NOTE: The data set DATA.HC338353A_IMPUTED_DATA_29APR26 has 2010 observations and 272 variables.
NOTE: DATA statement used (Total process time):
      real time           0.17 seconds
      cpu time            0.00 seconds
      

159        
160        * Print contents;
161        title 'Dimensions and variables in imputed dataset';
162        proc contents data = data.&job._imputed_data_&sysdate.;
163        	ods noproctitle;
164        run;

NOTE: PROCEDURE CONTENTS used (Total process time):
      real time           0.06 seconds
      cpu time            0.06 seconds
      
NOTE: The PROCEDURE CONTENTS printed pages 10-15.

165        
166        ods rtf close;
167        
168        proc printto; run;

