                                                                           Variable: birthwt_ga_z

                                                                              The MI Procedure

                                                                          Variable Transformations
 
                                                                Variable           _Transform_        Lambda

                                                                AGG_MENT           BOXCOX            2.00000
                                                                AGG_PHYS           BOXCOX            3.00000
                                                                POVPCT             POWER             0.50000


                                                                    Variance Information (10 Imputations)
 
                                                                                                           Relative       Fraction
                                                 -----------------Variance-----------------                Increase        Missing       Relative
                              Variable                Between         Within          Total       DF    in Variance    Information     Efficiency

                              WAZ                    0.003403       0.005664       0.009407   42.808       0.660919       0.418047       0.959873
                              YRSV1BIRTH             0.000362       0.010284       0.010682   265.93       0.038687       0.037543       0.996260
                              BIRTHWT_GA_Z           0.001068       0.006213       0.007388   144.11       0.189129       0.163736       0.983890
                            * AGG_MENT               5.257600     850.091641     855.875001   285.66       0.006803       0.006767       0.999324
                            * AGG_PHYS            5201.374617         856465         862187   285.71       0.006680       0.006646       0.999336
                            * POVPCT                 0.005393       0.053369       0.059301   201.22       0.111150       0.102026       0.989900
                              CESD10                 0.000644       0.103185       0.103893   285.64       0.006863       0.006827       0.999318
                              STAI10                 0.001041       0.110355       0.111500   284.11       0.010379       0.010296       0.998971
                              PARITY_V1           0.000014302       0.004941       0.004957   287.01       0.003184       0.003176       0.999682
                              CHILD_PRS_BMI_A        0.000328       0.000539       0.000900   42.267       0.669340       0.421274       0.959576

                                                                           * Transformed Variables


                                                                     Parameter Estimates (10 Imputations)
 
                                                                                                                                              t for H0:
             Variable                   Mean      Std Error    95% Confidence Limits        DF        Minimum        Maximum            Mu0    Mean=Mu0   Pr > |t|

             WAZ                    0.664146       0.096992         0.47         0.86   42.808       0.559057       0.734909              0        6.85     <.0001
             YRSV1BIRTH             3.147460       0.103354         2.94         3.35   265.93       3.117648       3.177888              0       30.45     <.0001
             BIRTHWT_GA_Z           0.426371       0.085951         0.26         0.60   144.11       0.378587       0.480133              0        4.96     <.0001
           * AGG_MENT            1181.536265      29.255341      1123.95      1239.12   285.66    1178.236358    1186.788499              0       40.39     <.0001
           * AGG_PHYS                  51506     928.540084     49678.63     53333.93   285.71          51387          51632              0       55.47     <.0001
           * POVPCT                10.357255       0.243518         9.88        10.84   201.22      10.236782      10.426884              0       42.53     <.0001
             CESD10                 6.763025       0.322325         6.13         7.40   285.64       6.713774       6.797947              0       20.98     <.0001
             STAI10                17.562724       0.333917        16.91        18.22   284.11      17.515397      17.615770              0       52.60     <.0001
             PARITY_V1              1.195533       0.070404         1.06         1.33   287.01       1.189003       1.199313              0       16.98     <.0001
             CHILD_PRS_BMI_A        0.491209       0.029995         0.43         0.55   42.267       0.461818       0.513934              0       16.38     <.0001

                                                                           * Transformed Variables
                                                                              Imputed variables

---------------------------------------------------------------------------- Imputation Number=1 ----------------------------------------------------------------------------

                                                                             The MEANS Procedure

                                                                                                                              N
                                              Variable           Label                                                     Miss
                                              ---------------------------------------------------------------------------------
                                              WAZ                Weight for age Z-Score - CDC (Child)                         0
                                              BIRTHWT_GA_Z       Birth weight for gestational age Z-score                     0
                                              SLPDUR_LT8HRS      Sleep duration (<8 hours)                                    0
                                              AGG_MENT           Aggregate mental health score norm-based transformed         0
                                              AGG_PHYS           Aggregate physical health score norm-based transformed       0
                                              HEI2010_C3         3-level Health Index Score 2010                              0
                                              POVPCT             Household income, percent of poverty                         0
                                              CESD10             10-item CESD10                                               0
                                              STAI10             10-Item State Trait Anxiety Inventory                        0
                                              PARITY_V1          Number of babies born alive by Visit 1                       0
                                              MVPA_LT1P5         Less than 1.5% of time spent in MVPA                         0
                                              CHILD_PRS_BMI_A    Child obesity PRS (from adult data)                          0
                                              EMPLOYEDYN         Employment Status (1-yes, 0-no)                              0
                                              N_HC               Health Insurance Coverage - Current                          0
                                              CURRENT_SMOKER     Current Smoker (from CIGARETTE_USE)                          0
                                              INCOME_C2          2-level grouped yearly household income                      0
                                              ALCOHOL_USE        Alcohol Use (1-Never,2=Former,3=Current)                     0
                                              YRSUS_C3           Years lived in the US (50 States, 3-levels)                  0
                                              EDUCATION_C3       Education Status (3 levels)                                  0
                                              MARITAL_STATUS     Marital Status (collapsed categories)                        0
                                              ---------------------------------------------------------------------------------


---------------------------------------------------------------------------- Imputation Number=2 ----------------------------------------------------------------------------

                                                                                                                              N
                                              Variable           Label                                                     Miss
                                              ---------------------------------------------------------------------------------
                                              WAZ                Weight for age Z-Score - CDC (Child)                         0
                                              BIRTHWT_GA_Z       Birth weight for gestational age Z-score                     0
                                              SLPDUR_LT8HRS      Sleep duration (<8 hours)                                    0
                                              AGG_MENT           Aggregate mental health score norm-based transformed         0
                                              AGG_PHYS           Aggregate physical health score norm-based transformed       0
                                              HEI2010_C3         3-level Health Index Score 2010                              0
                                              POVPCT             Household income, percent of poverty                         0
                                              CESD10             10-item CESD10                                               0
                                              STAI10             10-Item State Trait Anxiety Inventory                        0
                                              PARITY_V1          Number of babies born alive by Visit 1                       0
                                              MVPA_LT1P5         Less than 1.5% of time spent in MVPA                         0
                                              CHILD_PRS_BMI_A    Child obesity PRS (from adult data)                          0
                                              EMPLOYEDYN         Employment Status (1-yes, 0-no)                              0
                                              N_HC               Health Insurance Coverage - Current                          0
                                              CURRENT_SMOKER     Current Smoker (from CIGARETTE_USE)                          0
                                              INCOME_C2          2-level grouped yearly household income                      0
                                              ALCOHOL_USE        Alcohol Use (1-Never,2=Former,3=Current)                     0
                                              YRSUS_C3           Years lived in the US (50 States, 3-levels)                  0
                                              EDUCATION_C3       Education Status (3 levels)                                  0
                                              MARITAL_STATUS     Marital Status (collapsed categories)                        0
                                              ---------------------------------------------------------------------------------
                                                                              Imputed variables

---------------------------------------------------------------------------- Imputation Number=3 ----------------------------------------------------------------------------

                                                                             The MEANS Procedure

                                                                                                                              N
                                              Variable           Label                                                     Miss
                                              ---------------------------------------------------------------------------------
                                              WAZ                Weight for age Z-Score - CDC (Child)                         0
                                              BIRTHWT_GA_Z       Birth weight for gestational age Z-score                     0
                                              SLPDUR_LT8HRS      Sleep duration (<8 hours)                                    0
                                              AGG_MENT           Aggregate mental health score norm-based transformed         0
                                              AGG_PHYS           Aggregate physical health score norm-based transformed       0
                                              HEI2010_C3         3-level Health Index Score 2010                              0
                                              POVPCT             Household income, percent of poverty                         0
                                              CESD10             10-item CESD10                                               0
                                              STAI10             10-Item State Trait Anxiety Inventory                        0
                                              PARITY_V1          Number of babies born alive by Visit 1                       0
                                              MVPA_LT1P5         Less than 1.5% of time spent in MVPA                         0
                                              CHILD_PRS_BMI_A    Child obesity PRS (from adult data)                          0
                                              EMPLOYEDYN         Employment Status (1-yes, 0-no)                              0
                                              N_HC               Health Insurance Coverage - Current                          0
                                              CURRENT_SMOKER     Current Smoker (from CIGARETTE_USE)                          0
                                              INCOME_C2          2-level grouped yearly household income                      0
                                              ALCOHOL_USE        Alcohol Use (1-Never,2=Former,3=Current)                     0
                                              YRSUS_C3           Years lived in the US (50 States, 3-levels)                  0
                                              EDUCATION_C3       Education Status (3 levels)                                  0
                                              MARITAL_STATUS     Marital Status (collapsed categories)                        0
                                              ---------------------------------------------------------------------------------


---------------------------------------------------------------------------- Imputation Number=4 ----------------------------------------------------------------------------

                                                                                                                              N
                                              Variable           Label                                                     Miss
                                              ---------------------------------------------------------------------------------
                                              WAZ                Weight for age Z-Score - CDC (Child)                         0
                                              BIRTHWT_GA_Z       Birth weight for gestational age Z-score                     0
                                              SLPDUR_LT8HRS      Sleep duration (<8 hours)                                    0
                                              AGG_MENT           Aggregate mental health score norm-based transformed         0
                                              AGG_PHYS           Aggregate physical health score norm-based transformed       0
                                              HEI2010_C3         3-level Health Index Score 2010                              0
                                              POVPCT             Household income, percent of poverty                         0
                                              CESD10             10-item CESD10                                               0
                                              STAI10             10-Item State Trait Anxiety Inventory                        0
                                              PARITY_V1          Number of babies born alive by Visit 1                       0
                                              MVPA_LT1P5         Less than 1.5% of time spent in MVPA                         0
                                              CHILD_PRS_BMI_A    Child obesity PRS (from adult data)                          0
                                              EMPLOYEDYN         Employment Status (1-yes, 0-no)                              0
                                              N_HC               Health Insurance Coverage - Current                          0
                                              CURRENT_SMOKER     Current Smoker (from CIGARETTE_USE)                          0
                                              INCOME_C2          2-level grouped yearly household income                      0
                                              ALCOHOL_USE        Alcohol Use (1-Never,2=Former,3=Current)                     0
                                              YRSUS_C3           Years lived in the US (50 States, 3-levels)                  0
                                              EDUCATION_C3       Education Status (3 levels)                                  0
                                              MARITAL_STATUS     Marital Status (collapsed categories)                        0
                                              ---------------------------------------------------------------------------------
                                                                              Imputed variables

---------------------------------------------------------------------------- Imputation Number=5 ----------------------------------------------------------------------------

                                                                             The MEANS Procedure

                                                                                                                              N
                                              Variable           Label                                                     Miss
                                              ---------------------------------------------------------------------------------
                                              WAZ                Weight for age Z-Score - CDC (Child)                         0
                                              BIRTHWT_GA_Z       Birth weight for gestational age Z-score                     0
                                              SLPDUR_LT8HRS      Sleep duration (<8 hours)                                    0
                                              AGG_MENT           Aggregate mental health score norm-based transformed         0
                                              AGG_PHYS           Aggregate physical health score norm-based transformed       0
                                              HEI2010_C3         3-level Health Index Score 2010                              0
                                              POVPCT             Household income, percent of poverty                         0
                                              CESD10             10-item CESD10                                               0
                                              STAI10             10-Item State Trait Anxiety Inventory                        0
                                              PARITY_V1          Number of babies born alive by Visit 1                       0
                                              MVPA_LT1P5         Less than 1.5% of time spent in MVPA                         0
                                              CHILD_PRS_BMI_A    Child obesity PRS (from adult data)                          0
                                              EMPLOYEDYN         Employment Status (1-yes, 0-no)                              0
                                              N_HC               Health Insurance Coverage - Current                          0
                                              CURRENT_SMOKER     Current Smoker (from CIGARETTE_USE)                          0
                                              INCOME_C2          2-level grouped yearly household income                      0
                                              ALCOHOL_USE        Alcohol Use (1-Never,2=Former,3=Current)                     0
                                              YRSUS_C3           Years lived in the US (50 States, 3-levels)                  0
                                              EDUCATION_C3       Education Status (3 levels)                                  0
                                              MARITAL_STATUS     Marital Status (collapsed categories)                        0
                                              ---------------------------------------------------------------------------------


---------------------------------------------------------------------------- Imputation Number=6 ----------------------------------------------------------------------------

                                                                                                                              N
                                              Variable           Label                                                     Miss
                                              ---------------------------------------------------------------------------------
                                              WAZ                Weight for age Z-Score - CDC (Child)                         0
                                              BIRTHWT_GA_Z       Birth weight for gestational age Z-score                     0
                                              SLPDUR_LT8HRS      Sleep duration (<8 hours)                                    0
                                              AGG_MENT           Aggregate mental health score norm-based transformed         0
                                              AGG_PHYS           Aggregate physical health score norm-based transformed       0
                                              HEI2010_C3         3-level Health Index Score 2010                              0
                                              POVPCT             Household income, percent of poverty                         0
                                              CESD10             10-item CESD10                                               0
                                              STAI10             10-Item State Trait Anxiety Inventory                        0
                                              PARITY_V1          Number of babies born alive by Visit 1                       0
                                              MVPA_LT1P5         Less than 1.5% of time spent in MVPA                         0
                                              CHILD_PRS_BMI_A    Child obesity PRS (from adult data)                          0
                                              EMPLOYEDYN         Employment Status (1-yes, 0-no)                              0
                                              N_HC               Health Insurance Coverage - Current                          0
                                              CURRENT_SMOKER     Current Smoker (from CIGARETTE_USE)                          0
                                              INCOME_C2          2-level grouped yearly household income                      0
                                              ALCOHOL_USE        Alcohol Use (1-Never,2=Former,3=Current)                     0
                                              YRSUS_C3           Years lived in the US (50 States, 3-levels)                  0
                                              EDUCATION_C3       Education Status (3 levels)                                  0
                                              MARITAL_STATUS     Marital Status (collapsed categories)                        0
                                              ---------------------------------------------------------------------------------
                                                                              Imputed variables

---------------------------------------------------------------------------- Imputation Number=7 ----------------------------------------------------------------------------

                                                                             The MEANS Procedure

                                                                                                                              N
                                              Variable           Label                                                     Miss
                                              ---------------------------------------------------------------------------------
                                              WAZ                Weight for age Z-Score - CDC (Child)                         0
                                              BIRTHWT_GA_Z       Birth weight for gestational age Z-score                     0
                                              SLPDUR_LT8HRS      Sleep duration (<8 hours)                                    0
                                              AGG_MENT           Aggregate mental health score norm-based transformed         0
                                              AGG_PHYS           Aggregate physical health score norm-based transformed       0
                                              HEI2010_C3         3-level Health Index Score 2010                              0
                                              POVPCT             Household income, percent of poverty                         0
                                              CESD10             10-item CESD10                                               0
                                              STAI10             10-Item State Trait Anxiety Inventory                        0
                                              PARITY_V1          Number of babies born alive by Visit 1                       0
                                              MVPA_LT1P5         Less than 1.5% of time spent in MVPA                         0
                                              CHILD_PRS_BMI_A    Child obesity PRS (from adult data)                          0
                                              EMPLOYEDYN         Employment Status (1-yes, 0-no)                              0
                                              N_HC               Health Insurance Coverage - Current                          0
                                              CURRENT_SMOKER     Current Smoker (from CIGARETTE_USE)                          0
                                              INCOME_C2          2-level grouped yearly household income                      0
                                              ALCOHOL_USE        Alcohol Use (1-Never,2=Former,3=Current)                     0
                                              YRSUS_C3           Years lived in the US (50 States, 3-levels)                  0
                                              EDUCATION_C3       Education Status (3 levels)                                  0
                                              MARITAL_STATUS     Marital Status (collapsed categories)                        0
                                              ---------------------------------------------------------------------------------


---------------------------------------------------------------------------- Imputation Number=8 ----------------------------------------------------------------------------

                                                                                                                              N
                                              Variable           Label                                                     Miss
                                              ---------------------------------------------------------------------------------
                                              WAZ                Weight for age Z-Score - CDC (Child)                         0
                                              BIRTHWT_GA_Z       Birth weight for gestational age Z-score                     0
                                              SLPDUR_LT8HRS      Sleep duration (<8 hours)                                    0
                                              AGG_MENT           Aggregate mental health score norm-based transformed         0
                                              AGG_PHYS           Aggregate physical health score norm-based transformed       0
                                              HEI2010_C3         3-level Health Index Score 2010                              0
                                              POVPCT             Household income, percent of poverty                         0
                                              CESD10             10-item CESD10                                               0
                                              STAI10             10-Item State Trait Anxiety Inventory                        0
                                              PARITY_V1          Number of babies born alive by Visit 1                       0
                                              MVPA_LT1P5         Less than 1.5% of time spent in MVPA                         0
                                              CHILD_PRS_BMI_A    Child obesity PRS (from adult data)                          0
                                              EMPLOYEDYN         Employment Status (1-yes, 0-no)                              0
                                              N_HC               Health Insurance Coverage - Current                          0
                                              CURRENT_SMOKER     Current Smoker (from CIGARETTE_USE)                          0
                                              INCOME_C2          2-level grouped yearly household income                      0
                                              ALCOHOL_USE        Alcohol Use (1-Never,2=Former,3=Current)                     0
                                              YRSUS_C3           Years lived in the US (50 States, 3-levels)                  0
                                              EDUCATION_C3       Education Status (3 levels)                                  0
                                              MARITAL_STATUS     Marital Status (collapsed categories)                        0
                                              ---------------------------------------------------------------------------------
                                                                              Imputed variables

---------------------------------------------------------------------------- Imputation Number=9 ----------------------------------------------------------------------------

                                                                             The MEANS Procedure

                                                                                                                              N
                                              Variable           Label                                                     Miss
                                              ---------------------------------------------------------------------------------
                                              WAZ                Weight for age Z-Score - CDC (Child)                         0
                                              BIRTHWT_GA_Z       Birth weight for gestational age Z-score                     0
                                              SLPDUR_LT8HRS      Sleep duration (<8 hours)                                    0
                                              AGG_MENT           Aggregate mental health score norm-based transformed         0
                                              AGG_PHYS           Aggregate physical health score norm-based transformed       0
                                              HEI2010_C3         3-level Health Index Score 2010                              0
                                              POVPCT             Household income, percent of poverty                         0
                                              CESD10             10-item CESD10                                               0
                                              STAI10             10-Item State Trait Anxiety Inventory                        0
                                              PARITY_V1          Number of babies born alive by Visit 1                       0
                                              MVPA_LT1P5         Less than 1.5% of time spent in MVPA                         0
                                              CHILD_PRS_BMI_A    Child obesity PRS (from adult data)                          0
                                              EMPLOYEDYN         Employment Status (1-yes, 0-no)                              0
                                              N_HC               Health Insurance Coverage - Current                          0
                                              CURRENT_SMOKER     Current Smoker (from CIGARETTE_USE)                          0
                                              INCOME_C2          2-level grouped yearly household income                      0
                                              ALCOHOL_USE        Alcohol Use (1-Never,2=Former,3=Current)                     0
                                              YRSUS_C3           Years lived in the US (50 States, 3-levels)                  0
                                              EDUCATION_C3       Education Status (3 levels)                                  0
                                              MARITAL_STATUS     Marital Status (collapsed categories)                        0
                                              ---------------------------------------------------------------------------------


--------------------------------------------------------------------------- Imputation Number=10 ----------------------------------------------------------------------------

                                                                                                                              N
                                              Variable           Label                                                     Miss
                                              ---------------------------------------------------------------------------------
                                              WAZ                Weight for age Z-Score - CDC (Child)                         0
                                              BIRTHWT_GA_Z       Birth weight for gestational age Z-score                     0
                                              SLPDUR_LT8HRS      Sleep duration (<8 hours)                                    0
                                              AGG_MENT           Aggregate mental health score norm-based transformed         0
                                              AGG_PHYS           Aggregate physical health score norm-based transformed       0
                                              HEI2010_C3         3-level Health Index Score 2010                              0
                                              POVPCT             Household income, percent of poverty                         0
                                              CESD10             10-item CESD10                                               0
                                              STAI10             10-Item State Trait Anxiety Inventory                        0
                                              PARITY_V1          Number of babies born alive by Visit 1                       0
                                              MVPA_LT1P5         Less than 1.5% of time spent in MVPA                         0
                                              CHILD_PRS_BMI_A    Child obesity PRS (from adult data)                          0
                                              EMPLOYEDYN         Employment Status (1-yes, 0-no)                              0
                                              N_HC               Health Insurance Coverage - Current                          0
                                              CURRENT_SMOKER     Current Smoker (from CIGARETTE_USE)                          0
                                              INCOME_C2          2-level grouped yearly household income                      0
                                              ALCOHOL_USE        Alcohol Use (1-Never,2=Former,3=Current)                     0
                                              YRSUS_C3           Years lived in the US (50 States, 3-levels)                  0
                                              EDUCATION_C3       Education Status (3 levels)                                  0
                                              MARITAL_STATUS     Marital Status (collapsed categories)                        0
                                              ---------------------------------------------------------------------------------
                                                                              Imputed variables

                                         Obs    _Imputation_    Variable            N          MIN      MAX        MEAN       STD

                                           1          1         AGG_MENT           291      6.9465    70.5632    47.2028    11.3936
                                           2          2         AGG_MENT           291      9.2882    70.5632    47.2483    11.3593
                                           3          3         AGG_MENT           291      9.2882    70.5632    47.4289    11.2029
                                           4          4         AGG_MENT           291      9.2882    70.5632    47.3218    11.1521
                                           5          5         AGG_MENT           291      9.2882    70.5632    47.2916    11.2745
                                           6          6         AGG_MENT           291      9.2882    70.5632    47.3278    11.1514
                                           7          7         AGG_MENT           291      9.2882    70.5632    47.3294    11.1548
                                           8          8         AGG_MENT           291      9.2882    70.5632    47.3460    11.1594
                                           9          9         AGG_MENT           291      9.2882    70.5632    47.3627    11.1470
                                          10         10         AGG_MENT           291      9.2882    70.5632    47.2885    11.1682
                                          11          1         AGG_PHYS           291     33.1724    65.0295    53.0133     6.0052
                                          12          2         AGG_PHYS           291     33.1724    65.0295    53.0180     6.0132
                                          13          3         AGG_PHYS           291     33.1724    65.0295    52.9673     6.0177
                                          14          4         AGG_PHYS           291     33.1724    65.0295    52.9849     6.0444
                                          15          5         AGG_PHYS           291     33.1724    65.0295    53.0108     5.9958
                                          16          6         AGG_PHYS           291     33.1724    65.8755    53.0481     6.0412
                                          17          7         AGG_PHYS           291     33.1724    65.0295    52.9961     5.9980
                                          18          8         AGG_PHYS           291     33.1724    65.0295    53.0080     6.0076
                                          19          9         AGG_PHYS           291     33.1724    65.0295    53.0442     6.0237
                                          20         10         AGG_PHYS           291     33.1724    65.0295    53.0071     6.0098
                                          21          1         ALCOHOL_USE        291      1.0000     3.0000     2.2715     0.7869
                                          22          2         ALCOHOL_USE        291      1.0000     3.0000     2.2715     0.7869
                                          23          3         ALCOHOL_USE        291      1.0000     3.0000     2.2715     0.7869
                                          24          4         ALCOHOL_USE        291      1.0000     3.0000     2.2715     0.7869
                                          25          5         ALCOHOL_USE        291      1.0000     3.0000     2.2680     0.7859
                                          26          6         ALCOHOL_USE        291      1.0000     3.0000     2.2715     0.7869
                                          27          7         ALCOHOL_USE        291      1.0000     3.0000     2.2680     0.7859
                                          28          8         ALCOHOL_USE        291      1.0000     3.0000     2.2715     0.7869
                                          29          9         ALCOHOL_USE        291      1.0000     3.0000     2.2715     0.7869
                                          30         10         ALCOHOL_USE        291      1.0000     3.0000     2.2646     0.7892
                                          31          1         BIRTHWT_GA_Z       291     -4.5566     4.3570     0.3786     1.4196
                                          32          2         BIRTHWT_GA_Z       291     -4.5566     4.3570     0.4361     1.3443
                                          33          3         BIRTHWT_GA_Z       291     -4.5566     4.8806     0.4801     1.3342
                                          34          4         BIRTHWT_GA_Z       291     -4.5566     4.3570     0.4382     1.3189
                                          35          5         BIRTHWT_GA_Z       291     -4.5566     4.3570     0.4109     1.3417
                                          36          6         BIRTHWT_GA_Z       291     -4.5566     4.3570     0.3975     1.3309
                                          37          7         BIRTHWT_GA_Z       291     -4.5566     4.3570     0.3938     1.3638
                                          38          8         BIRTHWT_GA_Z       291     -4.5566     4.3570     0.4141     1.3326
                                          39          9         BIRTHWT_GA_Z       291     -4.5566     4.3570     0.4547     1.3223
                                          40         10         BIRTHWT_GA_Z       291     -4.5566     4.3570     0.4597     1.3346
                                          41          1         CESD10             291      0.0000    26.0000     6.7851     5.4751
                                          42          2         CESD10             291      0.0000    26.0000     6.7329     5.4703
                                          43          3         CESD10             291      0.0000    26.0000     6.7709     5.4765
                                          44          4         CESD10             291      0.0000    26.0000     6.7702     5.4717
                                          45          5         CESD10             291      0.0000    26.0000     6.7979     5.4910
                                          46          6         CESD10             291      0.0000    26.0000     6.7711     5.5111
                                          47          7         CESD10             291      0.0000    26.0000     6.7452     5.4469
                                          48          8         CESD10             291      0.0000    26.0000     6.7643     5.4603
                                          49          9         CESD10             291      0.0000    26.0000     6.7138     5.4716
                                          50         10         CESD10             291      0.0000    26.0000     6.7789     5.5219
                                          51          1         CHILD_PRS_BMI_A    291     -0.7255     1.3740     0.5109     0.4097
                                          52          2         CHILD_PRS_BMI_A    291     -0.7255     1.6172     0.4824     0.3971
                                          53          3         CHILD_PRS_BMI_A    291     -0.7709     1.7544     0.4925     0.3952
                                          54          4         CHILD_PRS_BMI_A    291     -0.7255     1.8824     0.4944     0.4021
                                          55          5         CHILD_PRS_BMI_A    291     -0.7255     1.4899     0.4890     0.3790
                                                                              Imputed variables

                                         Obs    _Imputation_    Variable            N        MIN        MAX        MEAN       STD

                                          56          6         CHILD_PRS_BMI_A    291    -0.72550    1.36610    0.46182    0.38195
                                          57          7         CHILD_PRS_BMI_A    291    -0.72550    1.85475    0.51393    0.38450
                                          58          8         CHILD_PRS_BMI_A    291    -0.72550    1.85425    0.49783    0.39820
                                          59          9         CHILD_PRS_BMI_A    291    -0.72550    1.58767    0.50659    0.38433
                                          60         10         CHILD_PRS_BMI_A    291    -0.94261    1.60523    0.46279    0.42581
                                          61          1         CURRENT_SMOKER     291     0.00000    1.00000    0.11340    0.31763
                                          62          2         CURRENT_SMOKER     291     0.00000    1.00000    0.11340    0.31763
                                          63          3         CURRENT_SMOKER     291     0.00000    1.00000    0.11340    0.31763
                                          64          4         CURRENT_SMOKER     291     0.00000    1.00000    0.11684    0.32178
                                          65          5         CURRENT_SMOKER     291     0.00000    1.00000    0.11684    0.32178
                                          66          6         CURRENT_SMOKER     291     0.00000    1.00000    0.11684    0.32178
                                          67          7         CURRENT_SMOKER     291     0.00000    1.00000    0.11684    0.32178
                                          68          8         CURRENT_SMOKER     291     0.00000    1.00000    0.11340    0.31763
                                          69          9         CURRENT_SMOKER     291     0.00000    1.00000    0.11340    0.31763
                                          70         10         CURRENT_SMOKER     291     0.00000    1.00000    0.11684    0.32178
                                          71          1         EDUCATION_C3       291     1.00000    3.00000    2.12715    0.81430
                                          72          2         EDUCATION_C3       291     1.00000    3.00000    2.12371    0.81271
                                          73          3         EDUCATION_C3       291     1.00000    3.00000    2.12715    0.81430
                                          74          4         EDUCATION_C3       291     1.00000    3.00000    2.12715    0.81430
                                          75          5         EDUCATION_C3       291     1.00000    3.00000    2.12715    0.81430
                                          76          6         EDUCATION_C3       291     1.00000    3.00000    2.12715    0.81430
                                          77          7         EDUCATION_C3       291     1.00000    3.00000    2.12371    0.81271
                                          78          8         EDUCATION_C3       291     1.00000    3.00000    2.12371    0.81271
                                          79          9         EDUCATION_C3       291     1.00000    3.00000    2.12715    0.81430
                                          80         10         EDUCATION_C3       291     1.00000    3.00000    2.12715    0.81430
                                          81          1         EMPLOYEDYN         291     0.00000    1.00000    0.52234    0.50036
                                          82          2         EMPLOYEDYN         291     0.00000    1.00000    0.51890    0.50050
                                          83          3         EMPLOYEDYN         291     0.00000    1.00000    0.52234    0.50036
                                          84          4         EMPLOYEDYN         291     0.00000    1.00000    0.51546    0.50062
                                          85          5         EMPLOYEDYN         291     0.00000    1.00000    0.52234    0.50036
                                          86          6         EMPLOYEDYN         291     0.00000    1.00000    0.51546    0.50062
                                          87          7         EMPLOYEDYN         291     0.00000    1.00000    0.51203    0.50072
                                          88          8         EMPLOYEDYN         291     0.00000    1.00000    0.51546    0.50062
                                          89          9         EMPLOYEDYN         291     0.00000    1.00000    0.51203    0.50072
                                          90         10         EMPLOYEDYN         291     0.00000    1.00000    0.52234    0.50036
                                          91          1         HEI2010_C3         291     1.00000    3.00000    2.00344    0.82000
                                          92          2         HEI2010_C3         291     1.00000    3.00000    2.00344    0.82000
                                          93          3         HEI2010_C3         291     1.00000    3.00000    1.99656    0.82000
                                          94          4         HEI2010_C3         291     1.00000    3.00000    2.00000    0.81790
                                          95          5         HEI2010_C3         291     1.00000    3.00000    1.99656    0.82000
                                          96          6         HEI2010_C3         291     1.00000    3.00000    1.99656    0.82000
                                          97          7         HEI2010_C3         291     1.00000    3.00000    1.99656    0.82000
                                          98          8         HEI2010_C3         291     1.00000    3.00000    1.99656    0.82000
                                          99          9         HEI2010_C3         291     1.00000    3.00000    2.00000    0.81790
                                         100         10         HEI2010_C3         291     1.00000    3.00000    2.00000    0.81790
                                         101          1         INCOME_C2          291     1.00000    2.00000    1.30241    0.46009
                                         102          2         INCOME_C2          291     1.00000    2.00000    1.30584    0.46156
                                         103          3         INCOME_C2          291     1.00000    2.00000    1.28866    0.45392
                                         104          4         INCOME_C2          291     1.00000    2.00000    1.30584    0.46156
                                         105          5         INCOME_C2          291     1.00000    2.00000    1.29553    0.45707
                                         106          6         INCOME_C2          291     1.00000    2.00000    1.30241    0.46009
                                         107          7         INCOME_C2          291     1.00000    2.00000    1.29553    0.45707
                                         108          8         INCOME_C2          291     1.00000    2.00000    1.31271    0.46440
                                         109          9         INCOME_C2          291     1.00000    2.00000    1.30241    0.46009
                                         110         10         INCOME_C2          291     1.00000    2.00000    1.31271    0.46440
                                                                              Imputed variables

                                            Obs    _Imputation_    Variable           N       MIN      MAX       MEAN      STD

                                            111          1         MARITAL_STATUS    291     1.0000      3      1.591     0.5882
                                            112          2         MARITAL_STATUS    291     1.0000      3      1.591     0.5882
                                            113          3         MARITAL_STATUS    291     1.0000      3      1.591     0.5882
                                            114          4         MARITAL_STATUS    291     1.0000      3      1.591     0.5882
                                            115          5         MARITAL_STATUS    291     1.0000      3      1.591     0.5882
                                            116          6         MARITAL_STATUS    291     1.0000      3      1.591     0.5882
                                            117          7         MARITAL_STATUS    291     1.0000      3      1.591     0.5882
                                            118          8         MARITAL_STATUS    291     1.0000      3      1.591     0.5882
                                            119          9         MARITAL_STATUS    291     1.0000      3      1.591     0.5882
                                            120         10         MARITAL_STATUS    291     1.0000      3      1.591     0.5882
                                            121          1         MVPA_LT1P5        291     0.0000      1      0.643     0.4801
                                            122          2         MVPA_LT1P5        291     0.0000      1      0.680     0.4671
                                            123          3         MVPA_LT1P5        291     0.0000      1      0.653     0.4769
                                            124          4         MVPA_LT1P5        291     0.0000      1      0.649     0.4780
                                            125          5         MVPA_LT1P5        291     0.0000      1      0.643     0.4801
                                            126          6         MVPA_LT1P5        291     0.0000      1      0.629     0.4839
                                            127          7         MVPA_LT1P5        291     0.0000      1      0.670     0.4710
                                            128          8         MVPA_LT1P5        291     0.0000      1      0.639     0.4811
                                            129          9         MVPA_LT1P5        291     0.0000      1      0.632     0.4830
                                            130         10         MVPA_LT1P5        291     0.0000      1      0.663     0.4734
                                            131          1         N_HC              291     0.0000      1      0.471     0.5000
                                            132          2         N_HC              291     0.0000      1      0.478     0.5004
                                            133          3         N_HC              291     0.0000      1      0.474     0.5002
                                            134          4         N_HC              291     0.0000      1      0.471     0.5000
                                            135          5         N_HC              291     0.0000      1      0.474     0.5002
                                            136          6         N_HC              291     0.0000      1      0.471     0.5000
                                            137          7         N_HC              291     0.0000      1      0.471     0.5000
                                            138          8         N_HC              291     0.0000      1      0.474     0.5002
                                            139          9         N_HC              291     0.0000      1      0.471     0.5000
                                            140         10         N_HC              291     0.0000      1      0.467     0.4998
                                            141          1         PARITY_V1         291     0.0000      6      1.199     1.2041
                                            142          2         PARITY_V1         291     0.0000      6      1.192     1.1995
                                            143          3         PARITY_V1         291     0.0000      6      1.192     1.1995
                                            144          4         PARITY_V1         291     0.0000      6      1.189     1.2014
                                            145          5         PARITY_V1         291     0.0000      6      1.199     1.1955
                                            146          6         PARITY_V1         291     0.0000      6      1.196     1.1975
                                            147          7         PARITY_V1         291     0.0000      6      1.199     1.1983
                                            148          8         PARITY_V1         291     0.0000      6      1.196     1.1975
                                            149          9         PARITY_V1         291     0.0000      6      1.192     1.1995
                                            150         10         PARITY_V1         291     0.0000      6      1.199     1.1983
                                            151          1         POVPCT            291     2.5604    715    121.159    97.6534
                                            152          2         POVPCT            291     0.8428    715    124.107    97.4638
                                            153          3         POVPCT            291     1.6865    715    120.608    95.9856
                                            154          4         POVPCT            291    15.0000    715    123.558    98.4110
                                            155          5         POVPCT            291     5.1195    715    122.003    96.1607
                                            156          6         POVPCT            291     8.6344    715    123.194    95.8100
                                            157          7         POVPCT            291     0.5671    715    121.370    95.4979
                                            158          8         POVPCT            291    15.0000    715    123.845    97.6800
                                            159          9         POVPCT            291    15.0000    715    123.700    96.3710
                                            160         10         POVPCT            291     6.8829    715    124.003    96.3543
                                            161          1         SLPDUR_LT8HRS     291     0.0000      1      0.375     0.4848
                                            162          2         SLPDUR_LT8HRS     291     0.0000      1      0.378     0.4857
                                            163          3         SLPDUR_LT8HRS     291     0.0000      1      0.368     0.4830
                                            164          4         SLPDUR_LT8HRS     291     0.0000      1      0.385     0.4874
                                            165          5         SLPDUR_LT8HRS     291     0.0000      1      0.381     0.4866
                                                                              Imputed variables

                                          Obs    _Imputation_    Variable          N          MIN      MAX        MEAN       STD

                                          166          6         SLPDUR_LT8HRS    291      0.0000     1.0000     0.3780    0.48572
                                          167          7         SLPDUR_LT8HRS    291      0.0000     1.0000     0.3780    0.48572
                                          168          8         SLPDUR_LT8HRS    291      0.0000     1.0000     0.3643    0.48205
                                          169          9         SLPDUR_LT8HRS    291      0.0000     1.0000     0.3711    0.48394
                                          170         10         SLPDUR_LT8HRS    291      0.0000     1.0000     0.3677    0.48301
                                          171          1         STAI10           291     10.0000    33.0000    17.5742    5.66222
                                          172          2         STAI10           291     10.0000    33.0000    17.5820    5.64235
                                          173          3         STAI10           291     10.0000    33.0000    17.6158    5.65796
                                          174          4         STAI10           291     10.0000    33.0000    17.5449    5.65654
                                          175          5         STAI10           291      6.8848    33.0000    17.5889    5.69097
                                          176          6         STAI10           291     10.0000    33.0000    17.5299    5.64361
                                          177          7         STAI10           291     10.0000    33.0000    17.5154    5.61904
                                          178          8         STAI10           291     10.0000    33.0000    17.5800    5.66441
                                          179          9         STAI10           291      3.1217    33.0000    17.5256    5.72606
                                          180         10         STAI10           291      9.9697    33.0000    17.5705    5.70463
                                          181          1         WAZ              291     -2.9502     4.6253     0.6758    1.29857
                                          182          2         WAZ              291     -3.4942     4.6253     0.5591    1.32439
                                          183          3         WAZ              291     -2.9026     4.6253     0.7294    1.27744
                                          184          4         WAZ              291     -4.2444     4.6253     0.6038    1.36302
                                          185          5         WAZ              291     -2.2716     4.6253     0.7162    1.24557
                                          186          6         WAZ              291     -3.0905     4.6253     0.6193    1.30097
                                          187          7         WAZ              291     -2.2716     4.6253     0.6540    1.22815
                                          188          8         WAZ              291     -2.5413     4.6253     0.7020    1.27694
                                          189          9         WAZ              291     -3.6100     4.6253     0.7349    1.26680
                                          190         10         WAZ              291     -2.3420     4.6253     0.6471    1.25078
                                          191          1         YRSUS_C3         291      1.0000     3.0000     1.7973    0.79446
                                          192          2         YRSUS_C3         291      1.0000     3.0000     1.7938    0.79574
                                          193          3         YRSUS_C3         291      1.0000     3.0000     1.7938    0.79574
                                          194          4         YRSUS_C3         291      1.0000     3.0000     1.7904    0.79267
                                          195          5         YRSUS_C3         291      1.0000     3.0000     1.7973    0.79446
                                          196          6         YRSUS_C3         291      1.0000     3.0000     1.7904    0.79267
                                          197          7         YRSUS_C3         291      1.0000     3.0000     1.7938    0.79140
                                          198          8         YRSUS_C3         291      1.0000     3.0000     1.8007    0.79750
                                          199          9         YRSUS_C3         291      1.0000     3.0000     1.7938    0.79574
                                          200         10         YRSUS_C3         291      1.0000     3.0000     1.7938    0.79140
