                                                                  Dataset used to retrieve tertiles values

                                                                           The CONTENTS Procedure

                      Data Set Name        HC3383.HC338301_FLOR                                                              Observations          291 
                      Member Type          DATA                                                                              Variables             259 
                      Engine               V9                                                                                Indexes               0   
                      Created              05/08/2025 11:58:13                                                               Observation Length    2048
                      Last Modified        05/08/2025 11:58:13                                                               Deleted Observations  0   
                      Protection                                                                                             Compressed            NO  
                      Data Set Type                                                                                          Sorted                YES 
                      Label                MS #1560 Analysis File (ONLY FLOR participants) created in HC338301 on 08MAY25                              
                      Data Representation  WINDOWS_32                                                                                                  
                      Encoding             wlatin1  Western (Windows)                                                                                  
 
 
 
 
 
 
 
 
 
 
 
 
 
 
 
 
 
 
 
 
 
 
 
 
 
 
 
 
 
 
 
 
 
 
 
 
 
 
 
 
 
 
 
 
                                                23JUN25, 12:32 -- HC33839901 (job: HC338399) by aqa using  hc338301_flor data
                                                                          Retrieved tertiles values

                                                                                  pctl_      pctl_
                                                                          Obs      33_3      66_67

                                                                           1     50.0961    62.5086
 
 
 
 
 
 
 
 
 
 
 
 
 
 
 
 
 
 
 
 
 
 
 
 
 
 
 
 
 
 
 
 
 
 
 
 
 
 
 
 
 
 
 
 
 
 
 
 
 
 
 
 
                                                23JUN25, 12:32 -- HC33839901 (job: HC338399) by aqa using  hc338301_flor data
