1                                                          The SAS System                                15:02 Sunday, March 8, 2026

NOTE: Copyright (c) 2023 by SAS Institute Inc., Cary, NC, USA. 
NOTE: SAS (r) Proprietary Software 9.4 (TS1M8) 
      Licensed to UNIVERSITY OF NORTH CAROLINA CHAPEL HILL - SFA T&R, Site 70022629.
NOTE: This session is executing on the W32_WIN+PRO  platform.



NOTE: Analytical products:
      
      SAS/STAT 15.3
      SAS/ETS 15.3
      SAS/OR 15.3
      SAS/IML 15.3
      SAS/QC 15.3

NOTE: Additional host information:

 W32_WIN+PRO WIN 10.0.22631  Workstation

NOTE: SAS initialization used:
      real time           4.49 seconds
      cpu time            0.15 seconds
      
1          %let homepath=J:\HCHS\STATISTICS\GRAS\QAngarita\FLOR\MS1560;
2          %LET req=HC3383;
3          %LET job=&req.02;
4          
5          proc printto log="&homepath.\scripts\&job.\&job._&sysdate..log" print=
6              "&homepath.\scripts\&job.\&job._&sysdate..lst" new;
7          run;

NOTE: SAS Institute Inc., SAS Campus Drive, Cary, NC USA 27513-2414
NOTE: The SAS System used:
      real time           21.69 seconds
      cpu time            1.74 seconds
      
